--------- beginning of system
04-14 10:47:58.267  2635  3130 D ActivityManager: freezing 5490 com.android.angle
--------- beginning of main
04-14 10:47:58.277  2635  3185 D InetDiagMessage: Destroyed 0 sockets, proto=IPPROTO_TCP, family=AF_INET, states=14
04-14 10:47:58.283  2635  3185 D InetDiagMessage: Destroyed 0 sockets, proto=IPPROTO_TCP, family=AF_INET6, states=14
04-14 10:47:58.283  2635  3185 D InetDiagMessage: Destroyed live tcp sockets for uids={10128} in 13ms
04-14 10:47:58.309  2635  5750 I ActivityManager: Force stopping com.benschwank.blop appid=10608 user=0: from pid 20307
04-14 10:47:58.311  2635  5750 I ActivityManager: Killing 20197:com.benschwank.blop/u0a608 (adj 0): stop com.benschwank.blop due to from pid 20307
04-14 10:47:58.313  2635  5750 D CompatChangeReporter: Compat change id reported: 151861875; UID 10608; state: ENABLED
04-14 10:47:58.313  2635  5750 W ActivityTaskManager: Force removing ActivityRecord{48544023 u0 com.benschwank.blop/org.qtproject.qt.android.bindings.QtActivity t3527 f}}: app died, no saved state
04-14 10:47:58.314  2635  2679 I SensorService: checkAndReportAmbientLightSensorStateChangeLocked new 1 old 1 force 0
04-14 10:47:58.315  2635  5750 D NtPopUpViewImpl: PopUpView: onAppFocusChanged: newTask=null, showDimmer=false
04-14 10:47:58.315  3364  3454 V WindowManagerShell: Transition requested (#3320): android.os.BinderProxy@f8b4854 TransitionRequestInfo { type = CLOSE, triggerTask = TaskInfo{userId=0 taskId=3527 effectiveUid=10608 displayId=0 isRunning=false baseIntent=Intent { act=android.intent.action.MAIN cat=[android.intent.category.LAUNCHER] flg=0x10200000 cmp=com.benschwank.blop/org.qtproject.qt.android.bindings.QtActivity } baseActivity=null topActivity=null origActivity=null realActivity=ComponentInfo{com.benschwank.blop/org.qtproject.qt.android.bindings.QtActivity} numActivities=0 lastActiveTime=229026020 supportsMultiWindow=true resizeMode=1 isResizeable=true minWidth=-1 minHeight=-1 defaultMinSize=220 token=WCT{android.window.IWindowContainerToken$Stub$Proxy@34f93fd} topActivityType=1 pictureInPictureParams=null shouldDockBigOverlays=false launchIntoPipHostTaskId=-1 lastParentTaskIdBeforePip=-1 displayCutoutSafeInsets=Rect(0, 0 - 0, 0) topActivityInfo=null launchCookies=[android.os.BinderProxy@82c4c8f] positionInParent=Point(0, 0) parentTaskId=-1 isFocused=true isVisible=true isVisibleRequested=true isTopActivityNoDisplay=false isSleeping=false locusId=null displayAreaFeatureId=1 isTopActivityTransparent=false isActivityStackTransparent=true lastNonFullscreenBounds=Rect(279, 701 - 802, 1781) capturedLink=null capturedLinkTimestamp=0 requestedVisibleTypes=-9 topActivityRequestOpenInBrowserEducationTimestamp=0 appCompatTaskInfo=AppCompatTaskInfo { topActivityInSizeCompat=false eligibleForLetterboxEducation= false isLetterboxEducationEnabled= false isLetterboxDoubleTapEnabled= false eligibleForUserAspectRatioButton= false topActivityBoundsLetterboxed= false isFromLetterboxDoubleTap= false topActivityLetterboxVerticalPosition= -1 topActivityLetterboxHorizontalPosition= -1 topActivityLetterboxWidth=-1 topActivityLetterboxHeight=-1 topActivityAppBounds=Rect(0, 0 - 0, 0) isUserFullscreenOverrideEnabled=false isSystemFullscreenOverrideEnabled=false hasMinAspectRatioOverride=false topActivityLetterboxBounds=null cameraCompatTaskInfo=CameraCompatTaskInfo { freeformCameraCompatMode=undefined}} topActivityMainWindowFrame=null}, pipChange = null, remoteTransition = null, displayChange = null, flags = 0, debugId = 3320 }
04-14 10:47:58.316  4824  4882 V OsAgent : broadcastSystemEvent - 7
04-14 10:47:58.317  2635  5750 D NtMemoryManager: mIsHighPressureScene: false : com.nothing.launcher
04-14 10:47:58.317  2635  5750 D NtProcessManager: Top app: com.nothing.launcher
04-14 10:47:58.317  3744  3790 I DynamicDDSService: handleMessage(ACTIVITY_INVOKE{appInfo=com.nothing.launcher isFullScreen=}true)
04-14 10:47:58.318 23549 23549 D VRI[SearchLauncher]: visibilityChanged oldVisibility=false newVisibility=true
04-14 10:47:58.319  2635  5750 V NtGameModeImpl: onAppFocusChanged: pkg=com.nothing.launcher, uid=10182, category=-1, launchMode= 1
04-14 10:47:58.319  2635  5750 D NtPopUpViewImpl: PopUpView: onAppFocusChanged: newTask=Task{4ddd84a #3232 type=home I=com.nothing.launcher/com.android.searchlauncher.SearchLauncher}, showDimmer=false
04-14 10:47:58.319  2635  5750 D NtKafkaEventHelper: onActivityRecordChanged: info com.nothing.launcher:10182:4960
04-14 10:47:58.324  2635  3253 D BackgroundInstallControlService: Package event received: 0
04-14 10:47:58.325  4960  4960 D ViewRootImpl: Skipping stats log for color mode
04-14 10:47:58.327  2635  3253 D BackgroundInstallControlService: Package event received: 0
04-14 10:47:58.327  2635  3253 D BackgroundInstallControlService: Package event received: 0
04-14 10:47:58.328  2635  2695 D OomAdjuster: set group = 5
04-14 10:47:58.328  2635  2695 D OomAdjuster: set cpuset: 5
04-14 10:47:58.329  2635  3150 W InputDispatcher: channel 'd758de1 com.benschwank.blop/org.qtproject.qt.android.bindings.QtActivity' ~ Consumer closed input channel or an error occurred.  events=0x9
04-14 10:47:58.330  2635  3150 E InputDispatcher: channel 'd758de1 com.benschwank.blop/org.qtproject.qt.android.bindings.QtActivity' ~ Channel is unrecoverably broken and will be disposed!
04-14 10:47:58.330  2635  3150 I WindowManager: WINDOW DIED Window{d758de1 u0 com.benschwank.blop/org.qtproject.qt.android.bindings.QtActivity}
04-14 10:47:58.332  2635  3010 I ImeTracker: com.benschwank.blop:b87ee24f: onRequestHide at ORIGIN_SERVER reason HIDE_REMOVE_CLIENT fromUser false
04-14 10:47:58.332  2635  3010 I ImeTracker: com.benschwank.blop:b87ee24f: onCancelled at PHASE_SERVER_SHOULD_HIDE
04-14 10:47:58.333  2635  5548 I WindowManager: WIN DEATH: Window{d758de1 u0 com.benschwank.blop/org.qtproject.qt.android.bindings.QtActivity EXITING}
04-14 10:47:58.333  1335  1335 I Zygote  : Process 20197 exited due to signal 9 (Killed)
04-14 10:47:58.334  4824  4882 V OsAgent : broadcastSystemEvent - 7
04-14 10:47:58.335  4824  4882 V OsAgent : broadcastSystemEvent - 7
04-14 10:47:58.335  4824  4882 V OsAgent : broadcastSystemEvent - 7
04-14 10:47:58.335  4824  4882 V OsAgent : broadcastSystemEvent - 7
04-14 10:47:58.335  4824  4882 V OsAgent : broadcastSystemEvent - 7
04-14 10:47:58.335  4824  4882 V OsAgent : broadcastSystemEvent - 7
04-14 10:47:58.335  4824  4882 V OsAgent : broadcastSystemEvent - 7
04-14 10:47:58.336  3328  5945 D TopAppSceneDetector: currentFocusApp=com.nothing.launcher
04-14 10:47:58.336 21131 21131 I Finsky  : [2] Memory trim requested to level 40
04-14 10:47:58.336 21131 21131 I Finsky  : [2] Flushing in-memory image cache
04-14 10:47:58.338  1602  1602 I BpBinder: onLastStrongRef automatically unlinking death recipients: 
04-14 10:47:58.339  2635  5750 I AppsFilter: interaction: PackageSetting{3998d0d com.pavelrekun.rekado/10004} -> PackageSetting{3ac2159 com.benschwank.blop/10608} BLOCKED
04-14 10:47:58.339  2635  5750 W ActivityManager: Invalid packageName: com.benschwank.blop
04-14 10:47:58.340  3328  5945 D NearbyDetector: onTopActivityChanged: top class name: com.android.searchlauncher.SearchLauncher
04-14 10:47:58.340  3328  5945 D NearbyDetector: onTopActivityChanged: top class name: com.google.android.finsky.activities.MainActivity
04-14 10:47:58.341  3328  5945 D GameSceneDetector: Failed to call isBoostTypeGame: java.lang.NoSuchMethodException: android.util.BoostFramework.perfGetFeedback []
04-14 10:47:58.341  3328  5945 D GameSceneDetector: onTopChanged=com.nothing.launcher, isBoostTypeGame=false, isCategoryGame=false, isTopGame=false
04-14 10:47:58.341  3328  5945 D SceneManager: TopAPP=com.nothing.launcher
04-14 10:47:58.341  3328  5945 D ThermalMitigationStrategy: onForegroundAppChange: app changed, should update buffer rate info next time
04-14 10:47:58.344  2635  2690 I libprocessgroup: Removed cgroup /sys/fs/cgroup/apps/uid_10608/pid_20197
04-14 10:47:58.344  2635  2681 V WindowManager: Unknown focus tokens, dropping reportFocusChanged
04-14 10:47:58.347  2635  3008 V ActivityManager: Got obituary of 20197:com.benschwank.blop
04-14 10:47:58.347  4960  4960 I NT-AIWidgetAIWidgetController: Lifecycle onStateChanged event=ON_START
04-14 10:47:58.347  4960  4960 I NT-AIWidgetAIWidgetInputMonitor: Lifecycle onStateChanged event=ON_START
04-14 10:47:58.347  4824  4882 V OsAgent : broadcastSystemEvent - 7
04-14 10:47:58.347  4824  4882 V OsAgent : broadcastSystemEvent - 7
04-14 10:47:58.347  2635  3253 D BackgroundInstallControlService: Package event received: 0
04-14 10:47:58.348  2635  3253 D BackgroundInstallControlService: Package event received: 0
04-14 10:47:58.349 23549 23549 I bvhy    : onStart
04-14 10:47:58.351  4960  4960 I NT-AIWidgetAIWidgetController: Lifecycle onStateChanged event=ON_RESUME
04-14 10:47:58.351  4960  4960 I NT-AIWidgetAIWidgetInputMonitor: Lifecycle onStateChanged event=ON_RESUME
04-14 10:47:58.351  1602  6953 I BpBinder: onLastStrongRef automatically unlinking death recipients: 
04-14 10:47:58.351 23549 23549 I btds    : (REDACTED) [%s] onStart()
04-14 10:47:58.351 23549 23549 I btfz    : Reloading theme data
04-14 10:47:58.352 23549 23549 I bvhy    : onResume
04-14 10:47:58.351  3364  3454 D WindowManagerShell: setLauncherKeepClearAreaHeight: visible=true, height=210
04-14 10:47:58.355  2635  3558 D ActivityCustomizationUtil: uid = 10182
04-14 10:47:58.356  2635  2681 W ActivityManager: setHasOverlayUi called on unknown pid: 20197
04-14 10:47:58.357  2635  3067 D OomAdjuster: process : com.reddit.frontpage, pid = 16877, isTop = false, uid = 10254, hasActivity = false
04-14 10:47:58.357  2635  3067 D OomAdjuster: process : com.reddit.frontpage is not top!
04-14 10:47:58.360  4960  4960 D BaseDepthController: setSurface:
04-14 10:47:58.360  4960  4960 D BaseDepthController: 	mWaitingOnSurfaceValidity: false
04-14 10:47:58.360  4960  4960 D BaseDepthController: 	mBaseSurface: Surface(name=com.nothing.launcher/com.android.searchlauncher.SearchLauncher)/@0xd605385
04-14 10:47:58.361  2635  3067 D ActivityManager: sync unfroze 16877 com.reddit.frontpage for 6
04-14 10:47:58.372  3700  3700 D CarrierSvcBindHelper: onHandleForceStop: [com.benschwank.blop]
04-14 10:47:58.374  3700  3700 D CarrierSvcBindHelper: No carrier app for: 0
04-14 10:47:58.374  3700  3700 D CarrierSvcBindHelper: No carrier app for: 1
04-14 10:47:58.375  2635  3067 W JobServiceContext: Sending onNetworkChanged for a job that isn't started. JobStatus{fbb7c9d androidx.work.systemjobscheduler:u0a254/1593 @androidx.work.systemjobscheduler@com.reddit.frontpage/androidx.work.impl.background.systemjob.SystemJobService u=0 s=10254 TIME=-6s3ms:none NET READY}
04-14 10:47:58.379  2635  3558 D ConnectivityService: requestNetwork for uid/pid:10254/16877 activeRequest: null callbackRequest: 30373 [NetworkRequest [ REQUEST id=30374, [ Capabilities: INTERNET&NOT_RESTRICTED&TRUSTED&NOT_VCN_MANAGED&NOT_BANDWIDTH_CONSTRAINED Uid: 10254 RequestorUid: 10254 RequestorPkg: com.reddit.frontpage UnderlyingNetworks: Null] ]] callback flags: 0 order: 2147483647 isUidTracked: false declaredMethods: AVAIL|LOST|NC
04-14 10:47:58.380  4960  4960 I NT-TopTaskTracker: Found recent activity taskId = 3232
04-14 10:47:58.380  4960  4960 I NTWidget-Host: Call HostView Resume at onUpdate: WidgetId = 1,position = 1
04-14 10:47:58.380  3364  4469 V WindowManagerShell: onTransitionReady(transaction=11317239044666)
04-14 10:47:58.381  3364  3454 V WindowManagerShell: onTransitionReady (#3320) android.os.BinderProxy@f8b4854: {id=3320 t=CLOSE f=0x0 trk=0 isSameTaskSwitch=false r=[0@Point(0, 0)] c=[
04-14 10:47:58.381  3364  3454 V WindowManagerShell:         {m=TO_FRONT f=SHOW_WALLPAPER|MOVE_TO_TOP leash=Surface(name=Task=3231)/@0xe9ffb43 sb=Rect(0, 0 - 1080, 2412) eb=Rect(0, 0 - 1080, 2412) epz=Point(1080, 2412) d=0 taskParent=-1 ntPopUpView={mIsTryEnterWindowingMode=false mIsEnterWindowingModeLandscape=false mIsChangingWindowformBounds=false mStartPos=Point(0, 0) mEndPos=Point(0, 0) mStartScale=0.0 mEndScale=0.0 mStartCornerRadius=0.0 mEndCornerRadius=0.0 mAppBounds=Rect(0, 0 - 0, 0) mWindowCrop=Rect(0, 0 - 0, 0) mStartDragOrChangingBounds=Rect(0, 0 - 0, 0) mEndDragOrChangingBounds=Rect(0, 0 - 0, 0) mBottomLeftCornerLeash=null mBottomRightCornerLeash=null mDragBarLeash=null mCornerHintSize=60x60 mDragBarSize=189x42}},
04-14 10:47:58.381  3364  3454 V WindowManagerShell:         {m=CLOSE f=NONE leash=Surface(name=Task=3527)/@0x17e95c0 sb=Rect(0, 0 - 1080, 2412) eb=Rect(0, 0 - 1080, 2412) epz=Point(1080, 2412) d=0 taskParent=-1 ntPopUpView={mIsTryEnterWindowingMode=false mIsEnterWindowingModeLandscape=false mIsChangingWindowformBounds=false mStartPos=Point(0, 0) mEndPos=Point(0, 0) mStartScale=0.0 mEndScale=0.0 mStartCornerRadius=0.0 mEndCornerRadius=0.0 mAppBounds=Rect(0, 0 - 0, 0) mWindowCrop=Rect(0, 0 - 0, 0) mStartDragOrChangingBounds=Rect(0, 0 - 0, 0) mEndDragOrChangingBounds=Rect(0, 0 - 0, 0) mBottomLeftCornerLeash=null mBottomRightCornerLeash=null mDragBarLeash=null mCornerHintSize=60x60 mDragBarSize=189x42}},
04-14 10:47:58.381  3364  3454 V WindowManagerShell:         {m=TO_FRONT f=IS_WALLPAPER leash=Surface(name=WallpaperWindowToken{b8cb725 showWhenLocked=false})/@0x70672f9 sb=Rect(0, 0 - 1080, 2412) eb=Rect(0, 0 - 1080, 2412) epz=Point(1080, 2412) d=0 ntPopUpView={mIsTryEnterWindowingMode=false mIsEnterWindowingModeLandscape=false mIsChangingWindowformBounds=false mStartPos=Point(0, 0) mEndPos=Point(0, 0) mStartScale=0.0 mEndScale=0.0 mStartCornerRadius=0.0 mEndCornerRadius=0.0 mAppBounds=Rect(0, 0 - 0, 0) mWindowCrop=Rect(0, 0 - 0, 0) mStartDragOrChangingBounds=Rect(0, 0 - 0, 0) mEndDragOrChangingBounds=Rect(0, 0 - 0, 0) mBottomLeftCornerLeash=null mBottomRightCornerLeash=null mDragBarLeash=null mCornerHintSize=0x0 mDragBarSize=0x0}}
04-14 10:47:58.381  3364  3454 V WindowManagerShell:     ]}
04-14 10:47:58.381  3364  3454 V WindowManagerShell: Playing animation for (#3320) android.os.BinderProxy@f8b4854@0
04-14 10:47:58.381  3364  3454 V ShellRecents: RecentsTransitionHandler.startAnimation: no controller found
04-14 10:47:58.381  3364  3454 V WindowManagerShell: Transition doesn't have explicit remote, search filters for match for {id=3320 t=CLOSE f=0x0 trk=0 isSameTaskSwitch=false r=[0@Point(0, 0)] c=[{m=TO_FRONT f=SHOW_WALLPAPER|MOVE_TO_TOP leash=Surface(name=Task=3231)/@0xe9ffb43 sb=Rect(0, 0 - 1080, 2412) eb=Rect(0, 0 - 1080, 2412) epz=Point(1080, 2412) d=0 taskParent=-1 ntPopUpView={mIsTryEnterWindowingMode=false mIsEnterWindowingModeLandscape=false mIsChangingWindowformBounds=false mStartPos=Point(0, 0) mEndPos=Point(0, 0) mStartScale=0.0 mEndScale=0.0 mStartCornerRadius=0.0 mEndCornerRadius=0.0 mAppBounds=Rect(0, 0 - 0, 0) mWindowCrop=Rect(0, 0 - 0, 0) mStartDragOrChangingBounds=Rect(0, 0 - 0, 0) mEndDragOrChangingBounds=Rect(0, 0 - 0, 0) mBottomLeftCornerLeash=null mBottomRightCornerLeash=null mDragBarLeash=null mCornerHintSize=60x60 mDragBarSize=189x42}},{m=CLOSE f=NONE leash=Surface(name=Task=3527)/@0x17e95c0 sb=Rect(0, 0 - 1080, 2412) eb=Rect(0, 0 - 1080, 2412) epz=Point(1080, 2412) d=0 taskParent=-1 ntPopUpView={mIsTryEnterWindowingMode=false mIsEnterWindowingModeLandscape=false mIsChangingWindowformBounds=false mStartPos=Point(0, 0) mEndPos=Point(0, 0) mStartScale=0.0 mEndScale=0.0 mStartCornerRadius=0.0 mEndCornerRadius=0.0 mAppBounds=Rect(0, 0 - 0, 0) mWindowCrop=Rect(0, 0 - 0, 0) mStartDragOrChangingBounds=Rect(0, 0 - 0, 0) mEndDragOrChangingBounds=Rect(0, 0 - 0, 0) mBottomLeftCornerLeash=null mBottomRightCornerLeash=null mDragBarLeash=null mCornerHintSize=60x60 mDragBarSize=189x42}},{m=TO_FRONT f=IS_WALLPAPER leash=Surface(name=WallpaperWindowToken{b8cb725 showWhenLocked=false})/@0x70672f9 sb=Rect(0, 0 - 1080, 2412) eb=Rect(0, 0 - 1080, 2412) epz=Point(1080, 2412) d=0 ntPopUpView={mIsTryEnterWindowingMode=false mIsEnterWindowingModeLandscape=false mIsChangingWindowformBounds=false mStartPos=Point(0, 0) mEndPos=Point(0, 0) mStartScale=0.0 mEndScale=0.0 mStartCornerRadius=0.0 mEndCornerRadius=0.0 mAppBounds=Rect(0, 0 - 0, 0) mWindowCrop=Rect(0, 0 - 0, 0) mStartDragOrChangingBounds=Rect(0, 0 - 0, 0) mEndDragOrChangingBounds=Rect(0, 0 - 0, 0) mBottomLeftCornerLeash=null mBottomRightCornerLeash=null mDragBarLeash=null mCornerHintSize=0x0 mDragBarSize=0x0}}]}
04-14 10:47:58.381  3364  3454 V WindowManagerShell:  Checking filter Pair{{types=[] flags=0x0] notFlags=0x100 checks=[{atype=home independent=true modes=[OPEN,TO_FRONT] flags=NONE mustBeTask=false order=TOP topActivity=ComponentInfo{com.nothing.launcher/com.android.searchlauncher.SearchLauncher} launchCookie=null windowingMode=undefined},{atype=standard independent=true modes=[CLOSE,TO_BACK] flags=NONE mustBeTask=false order=ANY topActivity=null launchCookie=null windowingMode=undefined},{NOT atype=undefined independent=true modes=[] flags=NONE mustBeTask=true order=ANY topActivity=null launchCookie=null customAnim=true windowingMode=undefined}]} RemoteTransition { remoteTransition = android.window.IRemoteTransition$Stub$Proxy@37ddca6, appThread = android.app.IApplicationThread$Stub$Proxy@435b6e7, debugName = QuickstepLaunchHome }}
04-14 10:47:58.381  3364  3454 D RemoteTransitionHandler: Found filterPair{{types=[] flags=0x0] notFlags=0x100 checks=[{atype=home independent=true modes=[OPEN,TO_FRONT] flags=NONE mustBeTask=false order=TOP topActivity=ComponentInfo{com.nothing.launcher/com.android.searchlauncher.SearchLauncher} launchCookie=null windowingMode=undefined},{atype=standard independent=true modes=[CLOSE,TO_BACK] flags=NONE mustBeTask=false order=ANY topActivity=null launchCookie=null windowingMode=undefined},{NOT atype=undefined independent=true modes=[] flags=NONE mustBeTask=true order=ANY topActivity=null launchCookie=null customAnim=true windowingMode=undefined}]} RemoteTransition { remoteTransition = android.window.IRemoteTransition$Stub$Proxy@37ddca6, appThread = android.app.IApplicationThread$Stub$Proxy@435b6e7, debugName = QuickstepLaunchHome }}
04-14 10:47:58.381  3364  3454 V WindowManagerShell:  Delegate animation for (#3320) to RemoteTransition { remoteTransition = android.window.IRemoteTransition$Stub$Proxy@37ddca6, appThread = android.app.IApplicationThread$Stub$Proxy@435b6e7, debugName = QuickstepLaunchHome }
04-14 10:47:58.382  2635  3172 D WifiNetworkFactory: got request NetworkRequest [ REQUEST id=30374, [ Capabilities: INTERNET&NOT_RESTRICTED&TRUSTED&NOT_VCN_MANAGED&NOT_BANDWIDTH_CONSTRAINED Uid: 10254 RequestorUid: 10254 RequestorPkg: com.reddit.frontpage UnderlyingNetworks: Null] ]
04-14 10:47:58.382  2635  3172 D UntrustedWifiNetworkFactory: got request NetworkRequest [ REQUEST id=30374, [ Capabilities: INTERNET&NOT_RESTRICTED&TRUSTED&NOT_VCN_MANAGED&NOT_BANDWIDTH_CONSTRAINED Uid: 10254 RequestorUid: 10254 RequestorPkg: com.reddit.frontpage UnderlyingNetworks: Null] ]
04-14 10:47:58.383  2635  3185 D ConnectivityService: NetReassign [30374 : null  153] [c 1] [a 1] [i 0]
04-14 10:47:58.385  2635  5750 I SensorService: [NothSensor] com.google.android.gms Calling batch handle 11 flags 0 rate 20000000 timeout 0
04-14 10:47:58.385  1418  1418 I sensors-hal: batch:205, android.sensor.accelerometer/11, period=20000000, max_latency=0
04-14 10:47:58.385  1418  1418 I sensors-hal: set_config:61, sample_period_ns is adjusted to 20000000 based on min/max delay_ns
04-14 10:47:58.385  1418  1418 I sensors-hal: send_sensor_config_request:398, resampler is used, set resampler config
04-14 10:47:58.385  1418  1418 I sensors-hal: send_sync_sensor_request:344, send sync request
04-14 10:47:58.385  1418  1418 I sensors-hal: send_sync_sensor_request:370, wait for notification of response
04-14 10:47:58.387  2635  3172 D OemPaidWifiNetworkFactory: got request NetworkRequest [ REQUEST id=30374, [ Capabilities: INTERNET&NOT_RESTRICTED&TRUSTED&NOT_VCN_MANAGED&NOT_BANDWIDTH_CONSTRAINED Uid: 10254 RequestorUid: 10254 RequestorPkg: com.reddit.frontpage UnderlyingNetworks: Null] ]
04-14 10:47:58.387  2635  3172 D MultiInternetWifiNetworkFactory: got request NetworkRequest [ REQUEST id=30374, [ Capabilities: INTERNET&NOT_RESTRICTED&TRUSTED&NOT_VCN_MANAGED&NOT_BANDWIDTH_CONSTRAINED Uid: 10254 RequestorUid: 10254 RequestorPkg: com.reddit.frontpage UnderlyingNetworks: Null] ]
04-14 10:47:58.388  1418 16706 I sensors-hal: ssc_conn_resp_cb:649, resp_value = 0
04-14 10:47:58.388  1418  1418 I sensors-hal: send_sync_sensor_request:376, takes 2 ms to receive the response with 0
04-14 10:47:58.388  1418  1418 I sensors-hal: batch:214, android.sensor.accelerometer/11, period=20000000, max_latency=0 request completed
04-14 10:47:58.388  1418  1418 I sensors-hal: flush:234, android.sensor.accelerometer/11
04-14 10:47:58.388  2635  4257 W ActivityManager: Permission Denial: Accessing service com.steadfastinnovation.android.projectpapyrus/com.steadfastinnovation.mediarouter.provider.SecondaryDisplayMediaRouteProviderService from pid=7696, uid=10124 that is not exported from uid 10456
04-14 10:47:58.388  1418  1418 I sensors-hal: send_sync_sensor_request:344, send sync request
04-14 10:47:58.388  1418  1418 I sensors-hal: send_sync_sensor_request:370, wait for notification of response
04-14 10:47:58.389  1418 16706 I sensors-hal: ssc_conn_resp_cb:649, resp_value = 0
04-14 10:47:58.389  1418  1418 I sensors-hal: send_sync_sensor_request:376, takes 0 ms to receive the response with 0
04-14 10:47:58.389  1418  1418 I sensors-hal: flush:240, android.sensor.accelerometer/11 completed
04-14 10:47:58.392  4960  4960 I NotificationListener: Handling notification state refresh for com.arenti.smartlife#0
04-14 10:47:58.392  4960  4960 I NotificationListener: Handling notification state refresh for com.arenti.smartlife#0
04-14 10:47:58.392  4960  4960 I NotificationListener: Handling notification state refresh for com.arenti.smartlife#0
04-14 10:47:58.392  4960  4960 I NotificationListener: Handling notification state refresh for com.arenti.smartlife#0
04-14 10:47:58.392  4960  4960 I NotificationListener: Handling notification state refresh for com.arenti.smartlife#0
04-14 10:47:58.392  4960  4960 I NotificationListener: Handling notification state refresh for com.arenti.smartlife#0
04-14 10:47:58.392  4960  4960 I NotificationListener: Handling notification state refresh for com.arenti.smartlife#0
04-14 10:47:58.392  4960  4960 I NotificationListener: Handling notification state refresh for com.arenti.smartlife#0
04-14 10:47:58.392  4960  4960 I NotificationListener: Handling notification state refresh for com.arenti.smartlife#0
04-14 10:47:58.392  4960  4960 I NotificationListener: Handling notification state refresh for com.arenti.smartlife#0
04-14 10:47:58.392  4960  4960 I NotificationListener: Handling notification state refresh for com.ss.android.ugc.tiktok.pro#0
04-14 10:47:58.392  4960  4960 I NotificationListener: Handling notification state refresh for com.einnovation.temu#0
04-14 10:47:58.392  4960  4960 I NotificationListener: Handling notification state refresh for com.kaufland.Kaufland#0
04-14 10:47:58.392  4960  4960 I NotificationListener: Handling notification state refresh for com.microsoft.appmanager#0
04-14 10:47:58.393  2635  5750 D Dragonite: acquire handle 94
04-14 10:47:58.393  2635  3077 D Dragonite: sceneId = 1, pid = 4960, packageName = com.nothing.launcher, duration = 60000, params = null
04-14 10:47:58.393  4960  4960 I AIWidgetAIWidgetController: setWidgetsTouchable last=true, new=false, reason=NTDragLayer FloatingView isAdd=true, force=false
04-14 10:47:58.394  4960  4960 D b/311077782: LauncherAnimationRunner.setAnimation
04-14 10:47:58.396  2635  2678 V WindowManager: Sent Transition (#3320) createdAt=04-14 10:47:58.314 via request=TransitionRequestInfo { type = CLOSE, triggerTask = TaskInfo{userId=0 taskId=3527 effectiveUid=10608 displayId=0 isRunning=false baseIntent=Intent { act=android.intent.action.MAIN cat=[android.intent.category.LAUNCHER] flg=0x10200000 cmp=com.benschwank.blop/org.qtproject.qt.android.bindings.QtActivity } baseActivity=null topActivity=null origActivity=null realActivity=ComponentInfo{com.benschwank.blop/org.qtproject.qt.android.bindings.QtActivity} numActivities=0 lastActiveTime=229026020 supportsMultiWindow=true resizeMode=1 isResizeable=true minWidth=-1 minHeight=-1 defaultMinSize=220 token=WCT{RemoteToken{1b2bdda Task{ae2e922 #3527 type=standard A=10608:com.benschwank.blop}}} topActivityType=1 pictureInPictureParams=null shouldDockBigOverlays=false launchIntoPipHostTaskId=-1 lastParentTaskIdBeforePip=-1 displayCutoutSafeInsets=Rect(0, 0 - 0, 0) topActivityInfo=null launchCookies=[android.os.BinderProxy@1427b01] positionInParent=Point(0, 0) parentTaskId=-1 isFocused=true isVisible=true isVisibleRequested=true isTopActivityNoDisplay=false isSleeping=false locusId=null displayAreaFeatureId=1 isTopActivityTransparent=false isActivityStackTransparent=true lastNonFullscreenBounds=Rect(279, 701 - 802, 1781) capturedLink=null capturedLinkTimestamp=0 requestedVisibleTypes=-9 topActivityRequestOpenInBrowserEducationTimestamp=0 appCompatTaskInfo=AppCompatTaskInfo { topActivityInSizeCompat=false eligibleForLetterboxEducation= false isLetterboxEducationEnabled= false isLetterboxDoubleTapEnabled= false eligibleForUserAspectRatioButton= false topActivityBoundsLetterboxed= false isFromLetterboxDoubleTap= false topActivityLetterboxVerticalPosition= -1 topActivityLetterboxHorizontalPosition= -1 topActivityLetterboxWidth=-1 topActivityLetterboxHeight=-1 topActivityAppBounds=Rect(0, 0 - 0, 0) isUserFullscreenOverrideEnabled=false isSystemFullscreenOverrideEnabled=false hasMinAspectRatioOverride=false topActivityLetterboxBounds=null cameraCompatTaskInfo=CameraCompatTaskInfo { freeformCameraCompatMode=undefined}} topActivityMainWindowFrame=null}, pipChange = null, remoteTransition = null, displayChange = null, flags = 0, debugId = 3320 }
04-14 10:47:58.396  3364  3454 V WindowManagerShell:  animated by com.android.wm.shell.transition.RemoteTransitionHandler@a330773
04-14 10:47:58.396  2635  2678 V WindowManager:     startWCT=WindowContainerTransaction { changes= {} hops= [] errorCallbackToken=null taskFragmentOrganizer=null }
04-14 10:47:58.400  2635  2678 V WindowManager:     info={id=3320 t=CLOSE f=0x0 trk=0 isSameTaskSwitch=false r=[0@Point(0, 0)] c=[
04-14 10:47:58.400  2635  2678 V WindowManager:         {WCT{RemoteToken{15d8863 Task{6c5d6f9 #3231 type=home}}} m=TO_FRONT f=SHOW_WALLPAPER|MOVE_TO_TOP leash=Surface(name=Task=3231)/@0xe3d730 sb=Rect(0, 0 - 1080, 2412) eb=Rect(0, 0 - 1080, 2412) epz=Point(1080, 2412) d=0 taskParent=-1 ntPopUpView={mIsTryEnterWindowingMode=false mIsEnterWindowingModeLandscape=false mIsChangingWindowformBounds=false mStartPos=Point(0, 0) mEndPos=Point(0, 0) mStartScale=0.0 mEndScale=0.0 mStartCornerRadius=0.0 mEndCornerRadius=0.0 mAppBounds=Rect(0, 0 - 0, 0) mWindowCrop=Rect(0, 0 - 0, 0) mStartDragOrChangingBounds=Rect(0, 0 - 0, 0) mEndDragOrChangingBounds=Rect(0, 0 - 0, 0) mBottomLeftCornerLeash=null mBottomRightCornerLeash=null mDragBarLeash=null mCornerHintSize=60x60 mDragBarSize=189x42}},
04-14 10:47:58.400  2635  2678 V WindowManager:         {WCT{RemoteToken{1b2bdda Task{ae2e922 #3527 type=standard A=10608:com.benschwank.blop}}} m=CLOSE f=NONE leash=Surface(name=Task=3527)/@0x17865ef sb=Rect(0, 0 - 1080, 2412) eb=Rect(0, 0 - 1080, 2412) epz=Point(1080, 2412) d=0 taskParent=-1 ntPopUpView={mIsTryEnterWindowingMode=false mIsEnterWindowingModeLandscape=false mIsChangingWindowformBounds=false mStartPos=Point(0, 0) mEndPos=Point(0, 0) mStartScale=0.0 mEndScale=0.0 mStartCornerRadius=0.0 mEndCornerRadius=0.0 mAppBounds=Rect(0, 0 - 0, 0) mWindowCrop=Rect(0, 0 - 0, 0) mStartDragOrChangingBounds=Rect(0, 0 - 0, 0) mEndDragOrChangingBounds=Rect(0, 0 - 0, 0) mBottomLeftCornerLeash=null mBottomRightCornerLeash=null mDragBarLeash=null mCornerHintSize=60x60 mDragBarSize=189x42}},
04-14 10:47:58.400  2635  2678 V WindowManager:         {m=TO_FRONT f=IS_WALLPAPER leash=Surface(name=WallpaperWindowToken{b8cb725 showWhenLocked=false})/@0x7488cfa sb=Rect(0, 0 - 1080, 2412) eb=Rect(0, 0 - 1080, 2412) epz=Point(1080, 2412) d=0 ntPopUpView={mIsTryEnterWindowingMode=false mIsEnterWindowingModeLandscape=false mIsChangingWindowformBounds=false mStartPos=Point(0, 0) mEndPos=Point(0, 0) mStartScale=0.0 mEndScale=0.0 mStartCornerRadius=0.0 mEndCornerRadius=0.0 mAppBounds=Rect(0, 0 - 0, 0) mWindowCrop=Rect(0, 0 - 0, 0) mStartDragOrChangingBounds=Rect(0, 0 - 0, 0) mEndDragOrChangingBounds=Rect(0, 0 - 0, 0) mBottomLeftCornerLeash=null mBottomRightCornerLeash=null mDragBarLeash=null mCornerHintSize=0x0 mDragBarSize=0x0}}
04-14 10:47:58.400  2635  2678 V WindowManager:     ]}
04-14 10:47:58.406  4960  4980 I othing.launcher: AssetManager2(0xb40000701c4d8878) locale list changing from [] to [de-DE]
04-14 10:47:58.407  4960  4960 D NtViewRootImpl: mPopUpViewOffsets: offset=(0.0, 0.0), scale=(1.0, 1.0)
04-14 10:47:58.410  2635  2681 D NtPerfTraceManagerImpl: packageName = com.nothing.launcher, taskId = 3232
04-14 10:47:58.416  2635  3157 I ImeTracker: com.nothing.launcher:ac952be9: onRequestHide at ORIGIN_SERVER reason HIDE_UNSPECIFIED_WINDOW fromUser false
04-14 10:47:58.416  4960  4960 D InsetsController: hide(ime(), fromIme=false)
04-14 10:47:58.417  4960  4960 I ImeTracker: com.nothing.launcher:ac952be9: onCancelled at PHASE_CLIENT_ALREADY_HIDDEN
04-14 10:47:58.427  5331  5331 I GoogleInputMethodService: GoogleInputMethodService.onFinishInput():2159 
04-14 10:47:58.429  5331  5331 I Module  : DeviceLockedStatusModuleProvider$Module.updateDeviceLockedStatus():103 repeatCheckTimes = 0, locked = false
04-14 10:47:58.429  5331  5331 I GoogleInputMethodService: GoogleInputMethodService.onStartInput():1434 onStartInput(EditorInfo{EditorInfo{packageName=com.nothing.launcher, inputType=80001, inputTypeString=Normal[NoSuggestion], enableLearning=true, autoCorrection=true, autoComplete=true, imeOptions=10000003, privateImeOptions=null, actionName=SEARCH, actionLabel=null, initialSelStart=-1, initialSelEnd=-1, initialCapsMode=0, label=null, fieldId=0, fieldName=null, extras=null, hintText=null, hintLocales=[]}}, false)
04-14 10:47:58.429  5331  5331 I AndroidIME: LatinIMEBase.updateInputViewCoverNavigation():312 Update input view padding, isNavbarOverInputWindow=true, bottom inset=113
04-14 10:47:58.429  5331  5331 I Module  : DeviceLockedStatusModuleProvider$Module.updateDeviceLockedStatus():103 repeatCheckTimes = 1, locked = false
04-14 10:47:58.431  2635  5585 W PackageConfigPersister: App-specific configuration not found for packageName: com.nothing.launcher and userId: 0
04-14 10:47:58.431  2635  3010 I ImeTracker: system_server:20cca091: onRequestHide at ORIGIN_SERVER reason IME_REQUESTED_CHANGED_LISTENER fromUser false
04-14 10:47:58.432  2635  2681 I ImeTracker: system_server:20cca091: onCancelled at PHASE_SERVER_SHOULD_HIDE
04-14 10:47:58.563  2635  3010 W ParceledListSlice: Element #258 is 18204 bytes.
04-14 10:47:58.567  4960  4960 I NTWidget-Host: Call HostView Resume at onUpdate: WidgetId = 2,position = 2
04-14 10:47:58.610  4960  4980 I NT-QuickstepModelDelegate: handleUpdate: no diff for -102
04-14 10:47:58.613  2635  2666 I system_server: Background young concurrent mark compact GC freed 64MB AllocSpace bytes, 24(2012KB) LOS objects, 39% free, 131MB/217MB, paused 1.276ms,6.694ms total 158.400ms
04-14 10:47:58.617  2635  2667 I BpBinder: onLastStrongRef automatically unlinking death recipients: 
04-14 10:47:58.618  5386  5386 I AiAiTextClassifier: onDestroyTextClassificationSession = TextClassificationSessionId {c74173a9-3a23-4c8f-bb61-587e744f55ad}
04-14 10:47:58.618  2635  2667 I BpBinder: onLastStrongRef automatically unlinking death recipients: 
04-14 10:47:58.620  5386  5386 I AiAiTextClassifier: onDestroyTextClassificationSession = TextClassificationSessionId {25ae7910-a9ff-46a0-a0c4-60eb4b142966}
04-14 10:47:58.621  5386  5386 I AiAiTextClassifier: onDestroyTextClassificationSession = TextClassificationSessionId {a0234e2c-4fb0-4668-ba35-644fb78cb6ef}
04-14 10:47:58.622  2635  2668 W System  : A resource failed to call release. 
04-14 10:47:58.622  2635  2668 W System  : A resource failed to call close. 
04-14 10:47:58.622  2635  2668 W System  : A resource failed to call close. 
04-14 10:47:58.622  2635  2668 W System  : A resource failed to call close. 
04-14 10:47:58.624  4960  4960 I NTWidget-Host: Call HostView Resume at onUpdate: WidgetId = 3,position = 3
04-14 10:47:58.662  4960  4960 I NTWidget-Host: Call HostView Resume at onUpdate: WidgetId = 4,position = 4
04-14 10:47:58.695  4960  4960 I NTWidget-Host: Call HostView Resume at onUpdate: WidgetId = 12,position = 5
--------- beginning of kernel
04-14 10:47:55.427 11098 11098 I [kworke][0x3fff9edb141][08:47:58.708641] qca6490: [11098:I:PMO] pmo_core_enable_wow_in_fw: drv wow is enabled
04-14 10:47:58.728  4960  4960 I NTWidget-Host: Call HostView Resume at onUpdate: WidgetId = 14,position = 6
04-14 10:47:55.455 11098 11098 I [kworke][0x3fff9f5da03][08:47:58.736491] qca6490: [11098:I:HIF] hif_try_complete_tasks: waiting for tasklets 0 grp tasklets 0 work 2
04-14 10:47:58.747  2635  3558 D Dragonite: release 94
04-14 10:47:58.748  4960  4979 I NT-TransitionSmoothHelper: clear
04-14 10:47:58.749  3364  3454 D PopUpViewTransitionObserver: onTransitionFinished: transition=android.os.BinderProxy@f8b4854, taskInfo=[TaskInfo{userId=0 taskId=3527 effectiveUid=10608 displayId=0 isRunning=false baseIntent=Intent { act=android.intent.action.MAIN cat=[android.intent.category.LAUNCHER] flg=0x10200000 cmp=com.benschwank.blop/org.qtproject.qt.android.bindings.QtActivity } baseActivity=null topActivity=null origActivity=null realActivity=ComponentInfo{com.benschwank.blop/org.qtproject.qt.android.bindings.QtActivity} numActivities=0 lastActiveTime=229026020 supportsMultiWindow=true resizeMode=1 isResizeable=true minWidth=-1 minHeight=-1 defaultMinSize=220 token=WCT{android.window.IWindowContainerToken$Stub$Proxy@9a15cd8} topActivityType=1 pictureInPictureParams=null shouldDockBigOverlays=false launchIntoPipHostTaskId=-1 lastParentTaskIdBeforePip=-1 displayCutoutSafeInsets=Rect(0, 126 - 0, 0) topActivityInfo=null launchCookies=[android.os.BinderProxy@82c4c8f] positionInParent=Point(0, 0) parentTaskId=-1 isFocused=false isVisible=true isVisibleRequested=false isTopActivityNoDisplay=false isSleeping=false locusId=null displayAreaFeatureId=1 isTopActivityTransparent=false isActivityStackTransparent=true lastNonFullscreenBounds=Rect(279, 701 - 802, 1781) capturedLink=null capturedLinkTimestamp=0 requestedVisibleTypes=-9 topActivityRequestOpenInBrowserEducationTimestamp=0 appCompatTaskInfo=AppCompatTaskInfo { topActivityInSizeCompat=false eligibleForLetterboxEducation= false isLetterboxEducationEnabled= false isLetterboxDoubleTapEnabled= false eligibleForUserAspectRatioButton= false topActivityBoundsLetterboxed= false isFromLetterboxDoubleTap= false topActivityLetterboxVerticalPosition= -1 topActivityLetterboxHorizontalPosition= -1 topActivityLetterboxWidth=-1 topActivityLetterboxHeight=-1 topActivityAppBounds=Rect(0, 0 - 0, 0) isUserFullscreenOverrideEnabled=false isSystemFullscreenOverrideEnabled=false hasMinAspectRatioOverride=false topActivityLetterboxBounds=null cameraCompatTaskInfo=CameraCompatTaskInfo { freeformCameraCompatMode=undefined}} topActivityMainWindowFrame=null}]
04-14 10:47:58.749  3364  3454 D CaptionWindowDecorViewModel: Destroying window decoration for task 3527, decoration=null, callers=com.android.wm.shell.popupview.PopUpViewTransitionObserver.onTransitionFinished:184 com.android.wm.shell.transition.Transitions.onFinish:1220 com.android.wm.shell.transition.Transitions.lambda$playTransition$3:1092 com.android.wm.shell.transition.Transitions.$r8$lambda$96XCaSAhJXxB3nlVJy1TNPeH46k:0 com.android.wm.shell.transition.Transitions$$ExternalSyntheticLambda5.onTransitionFinished:0 
04-14 10:47:58.749  3364  3454 V WindowManagerShell: Transition animation finished (aborted=false), notifying core (#3320) android.os.BinderProxy@f8b4854@0
04-14 10:47:58.752  2635  2678 V WindowManager: Finish Transition (#3320): created at 04-14 10:47:58.314 collect-started=0.049ms request-sent=0.162ms started=9.133ms ready=9.117ms sent=65.453ms commit=18.029ms finished=437.801ms
04-14 10:47:58.752  2635  3558 W ActivityManager: pid 2635 system sent binder code 7 with flags 1 to frozen apps and got error -32
04-14 10:47:58.753  2635  3558 W WindowManager: Exception thrown during dispatchAppVisibility Window{d758de1 u0 com.benschwank.blop/org.qtproject.qt.android.bindings.QtActivity EXITING}
04-14 10:47:58.753  2635  3558 W WindowManager: android.os.DeadObjectException
04-14 10:47:58.753  2635  3558 W WindowManager: 	at android.os.BinderProxy.transactNative(Native Method)
04-14 10:47:58.753  2635  3558 W WindowManager: 	at android.os.BinderProxy.transact(BinderProxy.java:599)
04-14 10:47:58.753  2635  3558 W WindowManager: 	at android.view.IWindow$Stub$Proxy.dispatchAppVisibility(IWindow.java:571)
04-14 10:47:58.753  2635  3558 W WindowManager: 	at com.android.server.wm.WindowState.sendAppVisibilityToClients(WindowState.java:3190)
04-14 10:47:58.753  2635  3558 W WindowManager: 	at com.android.server.wm.WindowContainer.sendAppVisibilityToClients(WindowContainer.java:1329)
04-14 10:47:58.753  2635  3558 W WindowManager: 	at com.android.server.wm.WindowToken.setClientVisible(WindowToken.java:395)
04-14 10:47:58.753  2635  3558 W WindowManager: 	at com.android.server.wm.ActivityRecord.setClientVisible(ActivityRecord.java:7170)
04-14 10:47:58.753  2635  3558 W WindowManager: 	at com.android.server.wm.ActivityRecord.commitVisibility(ActivityRecord.java:5825)
04-14 10:47:58.753  2635  3558 W WindowManager: 	at com.android.server.wm.Transition.finishTransition(Transition.java:1567)
04-14 10:47:58.753  2635  3558 W WindowManager: 	at com.android.server.wm.TransitionController.finishTransition(TransitionController.java:1098)
04-14 10:47:58.753  2635  3558 W WindowManager: 	at com.android.server.wm.WindowOrganizerController.finishTransition(WindowOrganizerController.java:496)
04-14 10:47:58.753  2635  3558 W WindowManager: 	at android.window.IWindowOrganizerController$Stub.onTransact(IWindowOrganizerController.java:276)
04-14 10:47:58.753  2635  3558 W WindowManager: 	at com.android.server.wm.WindowOrganizerController.onTransact(WindowOrganizerController.java:223)
04-14 10:47:58.753  2635  3558 W WindowManager: 	at android.os.Binder.execTransactInternal(Binder.java:1433)
04-14 10:47:58.753  2635  3558 W WindowManager: 	at android.os.Binder.execTransact(Binder.java:1372)
04-14 10:47:58.754  2635  3558 W Process : Unable to open /proc/20197/status
04-14 10:47:55.471  3558  3558 I binder  : 2635:3558 transaction async to 0:0 failed 107257735/29189/-22, code 7 size 64-0 line 3158
04-14 10:47:58.758  3364  3454 V WindowManagerShell: Track 0 became idle
04-14 10:47:58.758  3364  3454 V WindowManagerShell: All active transition animations finished
04-14 10:47:58.761  3364  3454 D CaptionWindowDecorViewModel: Destroying window decoration for task 3527, decoration=null, callers=com.android.wm.shell.windowdecor.CaptionWindowDecorViewModel.onTaskVanished:234 com.android.wm.shell.fullscreen.FullscreenTaskListener.lambda$onTaskVanished$2:173 com.android.wm.shell.fullscreen.FullscreenTaskListener$$ExternalSyntheticLambda1.accept:0 java.util.Optional.ifPresent:178 com.android.wm.shell.fullscreen.FullscreenTaskListener.onTaskVanished:173 
04-14 10:47:58.764  4960  4960 D RecentsView: onTaskRemoved: 3527, not handling task stack changes
04-14 10:47:58.772  1602  1602 E BpTransactionCompletedListener: Failed to transact (-32)
04-14 10:47:58.772  4960  4960 D RecentsView: onTaskRemoved: 3527, not handling task stack changes
04-14 10:47:58.787  4960 19851 I NT-AppsStatusViewModel: App status score changed, update suggestion Flow.
04-14 10:47:58.899  6112  6688 D StreamDBQueue: Promised revision #11105462 to queue a new op
04-14 10:47:58.899  6112  6688 D BaseStreamManager: Promised side-channel cancel-all @ r#11105462 for com.benschwank.blop (@11105461)
04-14 10:47:58.911  1399  4273 I vendor.qti.bluetooth@1.0-ibs_handler: DeviceSleep: TX Awake, Sending SLEEP_IND
04-14 10:47:58.937  4960  4960 I AIWidgetAIWidgetController: setWidgetsTouchable last=false, new=true, reason=NTDragLayer FloatingView isAdd=false, force=false
04-14 10:47:55.728  4549  4549 E simulated_ntc: proc_shell_write write invalid para
04-14 10:47:59.075   525   525 D lowmemorykiller: medium pressure event triggered
04-14 10:47:59.078   525   525 I lowmemorykiller: nr_free_pages: 78420 nr_inactive_file: 685372 nr_active_file: 380589 workingset_refault: 112189532 pgrefill: 204189094 pgscan_kswapd: 589665424 pgscan_direct: 3511614 pgscan_direct_throttle: 0 init_pgscan_direct: 3495994 init_pgscan_kswapd: 589613303 base_file_lru: 1088382 init_ws_refault: 112176843 free_swap: 200170 total_swap: 1048575 swap_free_percentage: 19%
04-14 10:47:59.080   525   525 I lowmemorykiller: Kill 'com.einnovation.temu:push' (12325), uid 10324, oom_score_adj 985 to free 108860kB rss, 68332kB swap; reason: device is in compaction and low on memory
04-14 10:47:55.805     0     0 I [    C5] [irq][0x3fffa5c7974][08: 47:59.086777] qca6490: [0:I:HIF] hif_wake_interrupt_handler: wake interrupt received on irq 335
04-14 10:47:55.805     0     0 I [    C5] [irq][0x3fffa5c7a91][08: 47:59.086792] qca6490: [0:I:HIF] hif_pm_runtime_request_resume: request runtime PM resume, rtpm_dbgid(15,RTPM_ID_WAKE_INTR_HANDLER)
04-14 10:47:59.089   525   792 E lowmemorykiller: process_mrelease 12325 failed: No such process
04-14 10:47:55.808  8400  8400 I [kworke][0x3fffa5d5157][08:47:59.089655] qca6490: [8400:I:PMO] pmo_core_psoc_send_host_wakeup_ind_to_fw: Host wakeup indication sent to fw
04-14 10:47:55.818     0     0 I [    C5] [soft_i][0x3fffa603c76][08: 47:59.099617] qca6490: [0:I:WMA] WLAN triggered wakeup: BPF_ALLOW (39), vdev: 0 (STA)
04-14 10:47:55.818     0     0 I [    C5] [soft_i][0x3fffa6043ed][08: 47:59.099717] qca6490: [0:I:WMA] wma_wake_event_packet: Wake event packet:
04-14 10:47:55.818     0     0 I [    C5] [soft_i][0x3fffa60442b][08: 47:59.099720] qca6490: [0:I:WMA] 00000000: 06 3b a7 97 54 c9 f2 14 fb 58 57 08 08 00 45 00
04-14 10:47:55.818     0     0 I [    C5] [soft_i][0x3fffa604451][08: 47:59.099722] qca6490: [0:I:WMA] 00000010: 00 90 e3 67 40 00 40 06 2f 82 14 d7 4a c8 c0 a8
04-14 10:47:55.818     0     0 I [    C5] [soft_i][0x3fffa604475][08: 47:59.099724] qca6490: [0:I:WMA] 00000020: 07 37 01 bb af e6 b9 04 1f e8 41 7a b6 4f 50 18
04-14 10:47:55.818     0     0 I [    C5] [soft_i][0x3fffa60449a][08: 47:59.099726] qca6490: [0:I:WMA] 00000030: 05 de 96 0b 00 00 17 03 03 00 63 da e0 40 cd 41
04-14 10:47:55.818     0     0 I [    C5] [soft_i][0x3fffa6044bb][08: 47:59.099727] qca6490: [0:I:WMA] 00000040: 4e e0 ae a1 bb f0 68 a4 0b bf a3 08 e5 73 dc 50
04-14 10:47:55.818     0     0 I [    C5] [soft_i][0x3fffa6044e0][08: 47:59.099729] qca6490: [0:I:WMA] 00000050: 76 a2 9d 22 1b fb 87 08 fc 66 f6 4b 93 8b ed 6d
04-14 10:47:55.818     0     0 I [    C5] [soft_i][0x3fffa604500][08: 47:59.099731] qca6490: [0:I:WMA] 00000060: ed cb ca 5a e6 b4 ed d9 a5 5c 81 af 40 f7 79 8d
04-14 10:47:55.818     0     0 I [    C5] [soft_i][0x3fffa604526][08: 47:59.099733] qca6490: [0:I:WMA] 00000070: dc 96 13 62 e1 3a aa ba af 7d 2a b8 3c 53 6e 8f
04-14 10:47:55.818     0     0 I [    C5] [soft_i][0x3fffa6045af][08: 47:59.099740] qca6490: [0:I:WMA] 00000080: 44 81 f7 d1 47 b1 e7 1c fa 8e 2d 34 ae 51 e8 50
04-14 10:47:55.818     0     0 I [    C5] [soft_i][0x3fffa6045d4][08: 47:59.099742] qca6490: [0:I:WMA] 00000090: 52 ee 33 2b
04-14 10:47:55.818     0     0 I [    C5] [soft_i][0x3fffa6046d6][08: 47:59.099755] qca6490: [0:I:WMA] wma_log_pkt_ipv4: Pkt_len: 144, src_port: 443, dst_port: 45030
04-14 10:47:55.842 15886 15886 W binder_cleanup_transaction: 26 callbacks suppressed
04-14 10:47:55.842 15886 15886 I binder  : undelivered transaction 107038109, process died.
04-14 10:47:55.842 15886 15886 I binder  : undelivered transaction 107059908, process died.
04-14 10:47:55.842 15886 15886 I binder  : undelivered transaction 107069193, process died.
04-14 10:47:55.842 15886 15886 I binder  : undelivered transaction 107097469, process died.
04-14 10:47:55.842 15886 15886 I binder  : undelivered transaction 107097627, process died.
04-14 10:47:55.842 15886 15886 I binder  : undelivered transaction 107097761, process died.
04-14 10:47:55.842 15886 15886 I binder  : undelivered transaction 107098381, process died.
04-14 10:47:55.842 15886 15886 I binder  : undelivered transaction 107098750, process died.
04-14 10:47:55.842 15886 15886 I binder  : undelivered transaction 107122940, process died.
04-14 10:47:55.842 15886 15886 I binder  : undelivered transaction 107155861, process died.
04-14 10:47:59.123  2635  3185 D ConnectivityService: releasing NetworkRequest [ REQUEST id=30201, [ Capabilities: INTERNET&NOT_RESTRICTED&TRUSTED&NOT_VCN_MANAGED&NOT_BANDWIDTH_CONSTRAINED Uid: 10324 RequestorUid: 10324 RequestorPkg: com.einnovation.temu UnderlyingNetworks: Null] ] (release request)
04-14 10:47:59.124   525   525 D lowmemorykiller: medium pressure event polling check
04-14 10:47:59.124  1335  1335 I Zygote  : Process 12325 exited due to signal 9 (Killed)
04-14 10:47:59.124  2635  2690 I libprocessgroup: Removed cgroup /sys/fs/cgroup/apps/uid_10324/pid_12325
04-14 10:47:59.124   525   525 I lowmemorykiller: nr_free_pages: 83502 nr_inactive_file: 682161 nr_active_file: 380934 workingset_refault: 112189532 pgrefill: 204189636 pgscan_kswapd: 589670477 pgscan_direct: 3511614 pgscan_direct_throttle: 0 init_pgscan_direct: 3495994 init_pgscan_kswapd: 589665424 base_file_lru: 1063095 init_ws_refault: 112189532 free_swap: 208656 total_swap: 1048575 swap_free_percentage: 19%
04-14 10:47:59.125   525   525 D lowmemorykiller: thrashing: 0% thrashing_limit: 30%
04-14 10:47:59.125  2635  3558 I ActivityManager: Process com.einnovation.temu:push (pid 12325) has died: cch+85 CEM 
04-14 10:47:59.125   525   525 I lowmemorykiller: Kill 'com.amazon.mShop.android.shopping' (7322), uid 10246, oom_score_adj 985 to free 158332kB rss, 42352kB swap; reason: min watermark is breached even after kill
04-14 10:47:59.131  4824  4882 V OsAgent : broadcastSystemEvent - 7
04-14 10:47:59.134   525   791 E lowmemorykiller: process_mrelease 7322 failed: No such process
04-14 10:47:59.166  2635  3558 I ActivityManager: Process com.amazon.mShop.android.shopping (pid 7322) has died: cch+85 CEM 
04-14 10:47:59.166  2635  3185 D ConnectivityService: releasing NetworkRequest [ REQUEST id=30124, [ Capabilities: INTERNET&NOT_RESTRICTED&TRUSTED&NOT_VCN_MANAGED&NOT_BANDWIDTH_CONSTRAINED Uid: 10246 RequestorUid: 10246 RequestorPkg: com.amazon.mShop.android.shopping UnderlyingNetworks: Null] ] (release request)
04-14 10:47:59.167  2635  2690 I libprocessgroup: Removed cgroup /sys/fs/cgroup/apps/uid_10246/pid_7322
04-14 10:47:59.167   525   525 D lowmemorykiller: medium pressure event polling check
04-14 10:47:59.167  1335  1335 I Zygote  : Process 7322 exited due to signal 9 (Killed)
04-14 10:47:59.167   525   525 I lowmemorykiller: nr_free_pages: 91092 nr_inactive_file: 682044 nr_active_file: 381092 workingset_refault: 112189547 pgrefill: 204189636 pgscan_kswapd: 589670477 pgscan_direct: 3511614 pgscan_direct_throttle: 0 init_pgscan_direct: 3495994 init_pgscan_kswapd: 589670477 base_file_lru: 1063136 init_ws_refault: 112189547 free_swap: 210768 total_swap: 1048575 swap_free_percentage: 20%
04-14 10:47:59.167  2635  3185 W ActivityManager: pid 2635 system sent binder code 1 with flags 1 to frozen apps and got error -32
04-14 10:47:59.168  2635  3185 D ActivityManager: Too many transaction errors, throttling freezer binder callback.
04-14 10:47:59.168   525   525 D lowmemorykiller: thrashing: 0% thrashing_limit: 30%
04-14 10:47:59.168   525   525 D lowmemorykiller: Not killing for medium pressure event polling check
04-14 10:47:59.170  2635  3185 E ConnectivityService: RemoteException caught trying to send a callback msg for NetworkRequest [ TRACK_DEFAULT id=30125, [ Capabilities: INTERNET&NOT_RESTRICTED&TRUSTED&NOT_VCN_MANAGED&NOT_BANDWIDTH_CONSTRAINED Uid: 10246 RequestorUid: 10246 RequestorPkg: com.amazon.mShop.android.shopping UnderlyingNetworks: Null] ]
04-14 10:47:59.170  2635  3185 D ConnectivityService: releasing NetworkRequest [ REQUEST id=30126, [ Capabilities: INTERNET&NOT_RESTRICTED&TRUSTED&NOT_VCN_MANAGED&NOT_BANDWIDTH_CONSTRAINED Uid: 10246 RequestorUid: 10246 RequestorPkg: com.amazon.mShop.android.shopping UnderlyingNetworks: Null] ] (release request)
04-14 10:47:59.170  2635  3185 D ConnectivityService: releasing NetworkRequest [ REQUEST id=30128, [ Capabilities: INTERNET&NOT_RESTRICTED&TRUSTED&NOT_VCN_MANAGED&NOT_BANDWIDTH_CONSTRAINED Uid: 10246 RequestorUid: 10246 RequestorPkg: com.amazon.mShop.android.shopping UnderlyingNetworks: Null] ] (release request)
04-14 10:47:59.171  4824  4882 V OsAgent : broadcastSystemEvent - 7
04-14 10:47:55.886  3185  3185 I binder  : 2635:3185 transaction async to 0:0 failed 107258292/29189/-22, code 1 size 1168-0 line 3158
04-14 10:47:59.267  2635  3130 D ActivityManager: freezing 14554 com.android.settings.intelligence
04-14 10:47:59.267   525   525 D lowmemorykiller: medium pressure event polling check
04-14 10:47:59.268   525   525 I lowmemorykiller: nr_free_pages: 91155 nr_inactive_file: 682068 nr_active_file: 381092 workingset_refault: 112189571 pgrefill: 204189636 pgscan_kswapd: 589670477 pgscan_direct: 3511614 pgscan_direct_throttle: 0 init_pgscan_direct: 3495994 init_pgscan_kswapd: 589670477 base_file_lru: 1063136 init_ws_refault: 112189547 free_swap: 210768 total_swap: 1048575 swap_free_percentage: 20%
04-14 10:47:59.268   525   525 D lowmemorykiller: thrashing: 0% thrashing_limit: 30%
04-14 10:47:59.268   525   525 D lowmemorykiller: Not killing for medium pressure event polling check
04-14 10:47:59.270  2635  3130 D ActivityManager: freezing 5855 com.nothing.logkit
