04-14 17:25:52.102  7265 25669 D PrefCtrlListHelper: Could not find Context-only controller for pref: com.android.settings.development.graphicsdriver.GraphicsDriverEnableForAllAppsPreferenceController
04-14 17:25:52.102  7265 25669 D PrefCtrlListHelper: Could not find Context-only controller for pref: com.android.settings.development.graphicsdriver.GraphicsDriverAppPreferenceController
04-14 17:25:52.107  2603  3429 D Dragonite: release 98
04-14 17:25:52.108  3873  3929 I NT-TransitionSmoothHelper: clear
04-14 17:25:52.109  3327  3425 D PopUpViewTransitionObserver: onTransitionFinished: transition=android.os.BinderProxy@ced9682, taskInfo=[TaskInfo{userId=0 taskId=3615 effectiveUid=10610 displayId=0 isRunning=false baseIntent=Intent { act=android.intent.action.MAIN cat=[android.intent.category.LAUNCHER] flg=0x10200000 cmp=com.benschwank.blop/org.qtproject.qt.android.bindings.QtActivity } baseActivity=null topActivity=null origActivity=null realActivity=ComponentInfo{com.benschwank.blop/org.qtproject.qt.android.bindings.QtActivity} numActivities=0 lastActiveTime=21382687 supportsMultiWindow=true resizeMode=1 isResizeable=true minWidth=-1 minHeight=-1 defaultMinSize=220 token=WCT{android.window.IWindowContainerToken$Stub$Proxy@6fc81e7} topActivityType=1 pictureInPictureParams=null shouldDockBigOverlays=false launchIntoPipHostTaskId=-1 lastParentTaskIdBeforePip=-1 displayCutoutSafeInsets=Rect(0, 126 - 0, 0) topActivityInfo=null launchCookies=[android.os.BinderProxy@af3fcc4] positionInParent=Point(0, 0) parentTaskId=-1 isFocused=false isVisible=true isVisibleRequested=false isTopActivityNoDisplay=false isSleeping=false locusId=null displayAreaFeatureId=1 isTopActivityTransparent=false isActivityStackTransparent=true lastNonFullscreenBounds=Rect(279, 701 - 802, 1781) capturedLink=null capturedLinkTimestamp=0 requestedVisibleTypes=-9 topActivityRequestOpenInBrowserEducationTimestamp=0 appCompatTaskInfo=AppCompatTaskInfo { topActivityInSizeCompat=false eligibleForLetterboxEducation= false isLetterboxEducationEnabled= false isLetterboxDoubleTapEnabled= false eligibleForUserAspectRatioButton= false topActivityBoundsLetterboxed= false isFromLetterboxDoubleTap= false topActivityLetterboxVerticalPosition= -1 topActivityLetterboxHorizontalPosition= -1 topActivityLetterboxWidth=-1 topActivityLetterboxHeight=-1 topActivityAppBounds=Rect(0, 0 - 0, 0) isUserFullscreenOverrideEnabled=false isSystemFullscreenOverrideEnabled=false hasMinAspectRatioOverride=false topActivityLetterboxBounds=null cameraCompatTaskInfo=CameraCompatTaskInfo { freeformCameraCompatMode=undefined}} topActivityMainWindowFrame=null}]
04-14 17:25:52.110  3327  3425 D CaptionWindowDecorViewModel: Destroying window decoration for task 3615, decoration=null, callers=com.android.wm.shell.popupview.PopUpViewTransitionObserver.onTransitionFinished:184 com.android.wm.shell.transition.Transitions.onFinish:1220 com.android.wm.shell.transition.Transitions.lambda$playTransition$3:1092 com.android.wm.shell.transition.Transitions.$r8$lambda$96XCaSAhJXxB3nlVJy1TNPeH46k:0 com.android.wm.shell.transition.Transitions$$ExternalSyntheticLambda5.onTransitionFinished:0 
04-14 17:25:52.110  3327  3425 V WindowManagerShell: Transition animation finished (aborted=false), notifying core (#553) android.os.BinderProxy@ced9682@0
04-14 17:25:52.111  2603  3516 W ActivityManager: pid 2603 system sent binder code 7 with flags 1 to frozen apps and got error -32
04-14 17:25:52.112  2603  3516 W WindowManager: Exception thrown during dispatchAppVisibility Window{2e37f08 u0 com.benschwank.blop/org.qtproject.qt.android.bindings.QtActivity EXITING}
04-14 17:25:52.112  2603  3516 W WindowManager: android.os.DeadObjectException
04-14 17:25:52.112  2603  3516 W WindowManager: 	at android.os.BinderProxy.transactNative(Native Method)
04-14 17:25:52.112  2603  3516 W WindowManager: 	at android.os.BinderProxy.transact(BinderProxy.java:599)
04-14 17:25:52.112  2603  3516 W WindowManager: 	at android.view.IWindow$Stub$Proxy.dispatchAppVisibility(IWindow.java:571)
04-14 17:25:52.112  2603  3516 W WindowManager: 	at com.android.server.wm.WindowState.sendAppVisibilityToClients(WindowState.java:3190)
04-14 17:25:52.112  2603  3516 W WindowManager: 	at com.android.server.wm.WindowContainer.sendAppVisibilityToClients(WindowContainer.java:1329)
04-14 17:25:52.112  2603  3516 W WindowManager: 	at com.android.server.wm.WindowToken.setClientVisible(WindowToken.java:395)
04-14 17:25:52.112  2603  3516 W WindowManager: 	at com.android.server.wm.ActivityRecord.setClientVisible(ActivityRecord.java:7170)
04-14 17:25:52.112  2603  3516 W WindowManager: 	at com.android.server.wm.ActivityRecord.commitVisibility(ActivityRecord.java:5825)
04-14 17:25:52.112  2603  3516 W WindowManager: 	at com.android.server.wm.Transition.finishTransition(Transition.java:1567)
04-14 17:25:52.112  2603  3516 W WindowManager: 	at com.android.server.wm.TransitionController.finishTransition(TransitionController.java:1098)
04-14 17:25:52.112  2603  3516 W WindowManager: 	at com.android.server.wm.WindowOrganizerController.finishTransition(WindowOrganizerController.java:496)
04-14 17:25:52.112  2603  3516 W WindowManager: 	at android.window.IWindowOrganizerController$Stub.onTransact(IWindowOrganizerController.java:276)
04-14 17:25:52.112  2603  3516 W WindowManager: 	at com.android.server.wm.WindowOrganizerController.onTransact(WindowOrganizerController.java:223)
04-14 17:25:52.112  2603  3516 W WindowManager: 	at android.os.Binder.execTransactInternal(Binder.java:1433)
04-14 17:25:52.112  2603  3516 W WindowManager: 	at android.os.Binder.execTransact(Binder.java:1372)
04-14 17:25:52.112  2603  3516 W Process : Unable to open /proc/16243/status
04-14 17:25:52.112  2603  2638 V WindowManager: Finish Transition (#553): created at 04-14 17:25:51.650 collect-started=0.307ms request-sent=0.491ms started=19.08ms ready=19.037ms sent=99.935ms commit=12.119ms finished=461.081ms
04-14 17:25:52.112  2603  2641 W ProcessStats: Tracking association SourceState{4a2d032 com.android.settings/1000 BFgs #156050} whose proc state 4 is better than process ProcessState{af5aa84 android.process.acore/10076 pkg=com.android.providers.contacts (sub)} proc state 15 (15 skipped)
04-14 17:25:52.112  2603  5568 W ParceledListSlice: Element #420 is 17808 bytes.
04-14 17:25:51.887  3516  3516 I binder  : 2603:3516 transaction async to 0:0 failed 12766880/29189/-22, code 7 size 64-0 line 3158
04-14 17:25:52.115  3327  3425 V WindowManagerShell: Track 0 became idle
04-14 17:25:52.115  3327  3425 V WindowManagerShell: All active transition animations finished
04-14 17:25:52.116  7265 25669 I ndroid.settings: AssetManager2(0xb4000076b0b79938) locale list changing from [] to [de-DE]
04-14 17:25:52.116  3873  3873 D RecentsView: onTaskRemoved: 3615, not handling task stack changes
04-14 17:25:52.116  3873  3873 D RecentsView: onTaskRemoved: 3615, not handling task stack changes
04-14 17:25:52.118  7265 25669 I ndroid.settings: AssetManager2(0xb4000076b0b4e698) locale list changing from [] to [de-DE]
04-14 17:25:52.119 16867 16867 I artd    : GetBestInfo: dm (/data/app/~~2NoJnhUG9SZWn8wgSJTQnA==/com.benschwank.blop-qElvlWVrwiN-CX6LK6Z03g==/base.dm) is kOatUpToDate with filter 'verify' executable 'false'
04-14 17:25:52.120  7265 25669 I ndroid.settings: AssetManager2(0xb4000076b0b1c058) locale list changing from [] to [de-DE]
04-14 17:25:52.121  3327  3425 D CaptionWindowDecorViewModel: Destroying window decoration for task 3615, decoration=null, callers=com.android.wm.shell.windowdecor.CaptionWindowDecorViewModel.onTaskVanished:234 com.android.wm.shell.fullscreen.FullscreenTaskListener.lambda$onTaskVanished$2:173 com.android.wm.shell.fullscreen.FullscreenTaskListener$$ExternalSyntheticLambda1.accept:0 java.util.Optional.ifPresent:178 com.android.wm.shell.fullscreen.FullscreenTaskListener.onTaskVanished:173 
04-14 17:25:52.122  7265 25669 I ndroid.settings: AssetManager2(0xb4000076b0b4bdf8) locale list changing from [] to [de-DE]
04-14 17:25:52.123  7265 25669 I ndroid.settings: AssetManager2(0xb4000076b0b84e78) locale list changing from [] to [de-DE]
04-14 17:25:52.125  7265 25669 I ndroid.settings: AssetManager2(0xb4000076b0adb2d8) locale list changing from [] to [de-DE]
04-14 17:25:52.126  7265 25669 I ndroid.settings: AssetManager2(0xb4000076b0b0cfb8) locale list changing from [] to [de-DE]
04-14 17:25:52.127  7265 25669 I ndroid.settings: AssetManager2(0xb4000076b0b10b18) locale list changing from [] to [de-DE]
04-14 17:25:52.128  7265 25669 I ndroid.settings: AssetManager2(0xb4000076b0b828f8) locale list changing from [] to [de-DE]
04-14 17:25:52.129  7265 25669 I ndroid.settings: AssetManager2(0xb4000076b0b22778) locale list changing from [] to [de-DE]
04-14 17:25:52.130  7265 25669 I ndroid.settings: AssetManager2(0xb4000076b0b80058) locale list changing from [] to [de-DE]
04-14 17:25:52.132  7265 25669 I ndroid.settings: AssetManager2(0xb4000076b0b087d8) locale list changing from [] to [de-DE]
04-14 17:25:52.133  7265 25669 I ndroid.settings: AssetManager2(0xb4000076b0b08198) locale list changing from [] to [de-DE]
04-14 17:25:52.134  7265 25669 I ndroid.settings: AssetManager2(0xb4000076b0b4c438) locale list changing from [] to [de-DE]
04-14 17:25:52.136  1542  1542 E BpTransactionCompletedListener: Failed to transact (-32)
04-14 17:25:52.138  7265 25669 I ndroid.settings: AssetManager2(0xb4000076b0b28e98) locale list changing from [] to [de-DE]
04-14 17:25:52.138  7265 25669 I ndroid.settings: AssetManager2(0xb4000076b0b201f8) locale list changing from [] to [de-DE]
04-14 17:25:52.140  7265 25669 I ndroid.settings: AssetManager2(0xb4000076b0b2fbf8) locale list changing from [] to [de-DE]
04-14 17:25:52.140  7265 25669 I ndroid.settings: AssetManager2(0xb4000076b0ae1098) locale list changing from [] to [de-DE]
04-14 17:25:52.141  7265 25669 I ndroid.settings: AssetManager2(0xb4000076b0b09db8) locale list changing from [] to [de-DE]
04-14 17:25:52.142  7265 25669 I ndroid.settings: AssetManager2(0xb4000076b0b04318) locale list changing from [] to [de-DE]
04-14 17:25:52.143  7265 25669 I ndroid.settings: AssetManager2(0xb4000076b0b04958) locale list changing from [] to [de-DE]
04-14 17:25:52.144  7265 25669 I ndroid.settings: AssetManager2(0xb4000076b0af3018) locale list changing from [] to [de-DE]
04-14 17:25:52.145  7265 25669 I ndroid.settings: AssetManager2(0xb4000076b0aec2b8) locale list changing from [] to [de-DE]
04-14 17:25:52.146  7265 25669 I ndroid.settings: AssetManager2(0xb4000076b0aec8f8) locale list changing from [] to [de-DE]
04-14 17:25:52.147  7265 25669 I ndroid.settings: AssetManager2(0xb4000076b0aea698) locale list changing from [] to [de-DE]
04-14 17:25:52.148  7265 25669 I ndroid.settings: AssetManager2(0xb4000076b0af7e38) locale list changing from [] to [de-DE]
04-14 17:25:52.148  7265 25669 I ndroid.settings: AssetManager2(0xb4000076b0af8ab8) locale list changing from [] to [de-DE]
04-14 17:25:52.149  7265 25669 V Configuration: Updating configuration, locales updated from [de_DE,en_GB] to [en_GB,de_DE]
04-14 17:25:52.149  7265 25669 V Resources: Updating configuration with selected locales [en-GB]
04-14 17:25:52.149  7265 25669 I ndroid.settings: AssetManager2(0xb4000076b0aee838) locale list changing from [] to [en-GB]
04-14 17:25:52.150  7265 25669 I ndroid.settings: AssetManager2(0xb4000076b0b08e18) locale list changing from [] to [de-DE]
04-14 17:25:52.151  7265 25669 I ndroid.settings: AssetManager2(0xb4000076b0b07b58) locale list changing from [] to [de-DE]
04-14 17:25:52.152  7265 25669 I ndroid.settings: AssetManager2(0xb4000076b0ad9398) locale list changing from [] to [de-DE]
04-14 17:25:52.153  7265 25669 I ndroid.settings: AssetManager2(0xb4000076b0b1f258) locale list changing from [] to [de-DE]
04-14 17:25:52.154  7265 25669 I ndroid.settings: AssetManager2(0xb4000076b0ada018) locale list changing from [] to [de-DE]
04-14 17:25:52.156  7265 25669 I ndroid.settings: AssetManager2(0xb4000076b0b83898) locale list changing from [] to [de-DE]
04-14 17:25:52.157  7265 25669 I ndroid.settings: AssetManager2(0xb4000076b0b712d8) locale list changing from [] to [de-DE]
04-14 17:25:52.163  7265 25669 I ndroid.settings: AssetManager2(0xb4000076b0b72598) locale list changing from [] to [de-DE]
04-14 17:25:52.164  7265 25669 I ndroid.settings: AssetManager2(0xb4000076b0b17b98) locale list changing from [] to [de-DE]
04-14 17:25:52.165  7265 25669 I ndroid.settings: AssetManager2(0xb4000076b0b0b6b8) locale list changing from [] to [de-DE]
04-14 17:25:52.166  7265 25669 I ndroid.settings: AssetManager2(0xb4000076b0b084b8) locale list changing from [] to [de-DE]
04-14 17:25:52.167  7265 25669 I ndroid.settings: AssetManager2(0xb4000076b0b05f38) locale list changing from [] to [de-DE]
04-14 17:25:52.168  7265 25669 I ndroid.settings: AssetManager2(0xb4000076b0b582d8) locale list changing from [] to [de-DE]
04-14 17:25:52.175  7265 25669 I ndroid.settings: AssetManager2(0xb4000076b0b0df58) locale list changing from [] to [de-DE]
04-14 17:25:52.176  7265 25669 I ndroid.settings: AssetManager2(0xb4000076b0b3ca38) locale list changing from [] to [de-DE]
04-14 17:25:52.177  7265 25669 I ndroid.settings: AssetManager2(0xb4000076b0b86138) locale list changing from [] to [de-DE]
04-14 17:25:52.178  7265 25669 I ndroid.settings: AssetManager2(0xb4000076b0b8b598) locale list changing from [] to [de-DE]
04-14 17:25:52.179  7265 25669 I ndroid.settings: AssetManager2(0xb4000076b0b89978) locale list changing from [] to [de-DE]
04-14 17:25:52.182  7265 25669 I ndroid.settings: AssetManager2(0xb4000076b0b85198) locale list changing from [] to [de-DE]
04-14 17:25:52.183  7265 25669 I ndroid.settings: AssetManager2(0xb4000076b0b7ed98) locale list changing from [] to [de-DE]
04-14 17:25:52.184  7265 25669 I ndroid.settings: AssetManager2(0xb4000076b0b83bb8) locale list changing from [] to [de-DE]
04-14 17:25:52.185  7265 25669 I ndroid.settings: AssetManager2(0xb4000076b0ad7a98) locale list changing from [] to [de-DE]
04-14 17:25:52.186  7265 25669 I ndroid.settings: AssetManager2(0xb4000076b0b83ed8) locale list changing from [] to [de-DE]
04-14 17:25:52.186  7265 25669 I ndroid.settings: AssetManager2(0xb4000076b0b8c538) locale list changing from [] to [de-DE]
04-14 17:25:52.187  7265 25669 I ndroid.settings: AssetManager2(0xb4000076b0b8b278) locale list changing from [] to [de-DE]
04-14 17:25:52.187  7265 25669 I ndroid.settings: AssetManager2(0xb4000076b0b0eef8) locale list changing from [] to [de-DE]
04-14 17:25:52.188  7265 25669 I ndroid.settings: AssetManager2(0xb4000076b0b101b8) locale list changing from [] to [de-DE]
04-14 17:25:52.189  7265 25669 I ndroid.settings: AssetManager2(0xb4000076b0b13098) locale list changing from [] to [de-DE]
04-14 17:25:52.190  7265 25669 I ndroid.settings: AssetManager2(0xb4000076b0b0c338) locale list changing from [] to [de-DE]
04-14 17:25:52.192  7265 25669 I ndroid.settings: AssetManager2(0xb4000076b0b0f538) locale list changing from [] to [de-DE]
04-14 17:25:52.193  7265 25669 I ndroid.settings: AssetManager2(0xb4000076b0b09458) locale list changing from [] to [de-DE]
04-14 17:25:52.195  7265 25669 I ndroid.settings: AssetManager2(0xb4000076b0b44a58) locale list changing from [] to [de-DE]
04-14 17:25:52.196  7265 25669 I ndroid.settings: AssetManager2(0xb4000076b0b3fc38) locale list changing from [] to [de-DE]
04-14 17:25:52.197  7265 25669 I ndroid.settings: AssetManager2(0xb4000076b0b59278) locale list changing from [] to [de-DE]
04-14 17:25:52.197  7265 25669 I ndroid.settings: AssetManager2(0xb4000076b0b181d8) locale list changing from [] to [de-DE]
04-14 17:25:52.197  7265 25669 I ndroid.settings: AssetManager2(0xb4000076b0b0ebd8) locale list changing from [] to [de-DE]
04-14 17:25:52.199  7265 25669 I ndroid.settings: AssetManager2(0xb4000076b0b49eb8) locale list changing from [] to [de-DE]
04-14 17:25:52.200  7265 25669 I ndroid.settings: AssetManager2(0xb4000076b0b01758) locale list changing from [] to [de-DE]
04-14 17:25:52.200  7265 25669 I ndroid.settings: AssetManager2(0xb4000076b0aff818) locale list changing from [] to [de-DE]
04-14 17:25:52.201  7265 25669 I ndroid.settings: AssetManager2(0xb4000076b0b15938) locale list changing from [] to [de-DE]
04-14 17:25:52.202  7265 25669 I ndroid.settings: AssetManager2(0xb4000076b0b007b8) locale list changing from [] to [de-DE]
04-14 17:25:52.203  7265 25669 I ndroid.settings: AssetManager2(0xb4000076b0b03378) locale list changing from [] to [de-DE]
04-14 17:25:52.204  7265 25669 I ndroid.settings: AssetManager2(0xb4000076b0affb38) locale list changing from [] to [de-DE]
04-14 17:25:52.205  7265 25669 I ndroid.settings: AssetManager2(0xb4000076b0af90f8) locale list changing from [] to [de-DE]
04-14 17:25:52.205  7265 25669 I ndroid.settings: AssetManager2(0xb4000076b0afa098) locale list changing from [] to [de-DE]
04-14 17:25:52.206  7265 25669 I ndroid.settings: AssetManager2(0xb4000076b0af6e98) locale list changing from [] to [de-DE]
04-14 17:25:52.207  7265 25669 I ndroid.settings: AssetManager2(0xb4000076b0af9d78) locale list changing from [] to [de-DE]
04-14 17:25:52.207  7265 25669 I ndroid.settings: AssetManager2(0xb4000076b0af9418) locale list changing from [] to [de-DE]
04-14 17:25:52.208  7265 25669 I ndroid.settings: AssetManager2(0xb4000076b0af8798) locale list changing from [] to [de-DE]
04-14 17:25:52.208  7265 25669 I ndroid.settings: AssetManager2(0xb4000076b0afbfd8) locale list changing from [] to [de-DE]
04-14 17:25:52.209  7265 25669 I ndroid.settings: AssetManager2(0xb4000076b0af5ef8) locale list changing from [] to [de-DE]
04-14 17:25:52.209  7265 25669 I ndroid.settings: AssetManager2(0xb4000076b0af58b8) locale list changing from [] to [de-DE]
04-14 17:25:52.210  7265 25669 I ndroid.settings: AssetManager2(0xb4000076b0af0458) locale list changing from [] to [de-DE]
04-14 17:25:52.211  7265 25669 I ndroid.settings: AssetManager2(0xb4000076b0af3338) locale list changing from [] to [de-DE]
04-14 17:25:52.211  7265 25669 I ndroid.settings: AssetManager2(0xb4000076b0af42d8) locale list changing from [] to [de-DE]
04-14 17:25:52.212  7265 25669 I ndroid.settings: AssetManager2(0xb4000076b0aed898) locale list changing from [] to [de-DE]
04-14 17:25:52.213  7265 25669 I ndroid.settings: AssetManager2(0xb4000076b0af0a98) locale list changing from [] to [de-DE]
04-14 17:25:52.213  7265 25669 I ndroid.settings: AssetManager2(0xb4000076b0aecf38) locale list changing from [] to [de-DE]
04-14 17:25:52.214  3954 15899 I NearbyMediums: No BLE Fast/GATT advertisements found in the latest cycle.
04-14 17:25:52.214  3954 15899 I NearbyMediums: Current Tracked Scanning Clients are : {NearbyConnections.EnvironmentMonitor, NearbySharing}
04-14 17:25:52.214  7265 25669 I ndroid.settings: AssetManager2(0xb4000076b0af29d8) locale list changing from [] to [de-DE]
04-14 17:25:52.215  7265 25669 I ndroid.settings: AssetManager2(0xb4000076b0af3978) locale list changing from [] to [de-DE]
04-14 17:25:52.215  7265 25669 I ndroid.settings: AssetManager2(0xb4000076b0aefaf8) locale list changing from [] to [de-DE]
04-14 17:25:52.216  7265 25669 I ndroid.settings: AssetManager2(0xb4000076b0af3fb8) locale list changing from [] to [de-DE]
04-14 17:25:52.217  7265 25669 I ndroid.settings: AssetManager2(0xb4000076b0af3658) locale list changing from [] to [de-DE]
04-14 17:25:52.218  7265 25669 I ndroid.settings: AssetManager2(0xb4000076b0aee1f8) locale list changing from [] to [de-DE]
04-14 17:25:52.219  7265 25669 I ndroid.settings: AssetManager2(0xb4000076b0aeb318) locale list changing from [] to [de-DE]
04-14 17:25:52.220  7265 25669 I ndroid.settings: AssetManager2(0xb4000076b0ae61d8) locale list changing from [] to [de-DE]
04-14 17:25:52.221  7265 25669 I ndroid.settings: AssetManager2(0xb4000076b0b46998) locale list changing from [] to [de-DE]
04-14 17:25:52.223  7265 25669 I ndroid.settings: AssetManager2(0xb4000076b0b4b178) locale list changing from [] to [de-DE]
04-14 17:25:52.223  7265 25669 I ndroid.settings: AssetManager2(0xb4000076b0ae7498) locale list changing from [] to [de-DE]
04-14 17:25:52.224  7265 25669 I ndroid.settings: AssetManager2(0xb4000076b0adf158) locale list changing from [] to [de-DE]
04-14 17:25:52.225  7265 25669 I ndroid.settings: AssetManager2(0xb4000076b0ae5558) locale list changing from [] to [de-DE]
04-14 17:25:52.225  7265 25669 I ndroid.settings: AssetManager2(0xb4000076b0ae93d8) locale list changing from [] to [de-DE]
04-14 17:25:52.226  7265 25669 I ndroid.settings: AssetManager2(0xb4000076b0ae2998) locale list changing from [] to [de-DE]
04-14 17:25:52.228  7265 25669 I ndroid.settings: AssetManager2(0xb4000076b0ae19f8) locale list changing from [] to [de-DE]
04-14 17:25:52.229  7265 25669 I ndroid.settings: AssetManager2(0xb4000076b0ae3c58) locale list changing from [] to [de-DE]
04-14 17:25:52.229  7265 25669 I ndroid.settings: AssetManager2(0xb4000076b0ae4bf8) locale list changing from [] to [de-DE]
04-14 17:25:52.230  7265 25669 I ndroid.settings: AssetManager2(0xb4000076b0adfdd8) locale list changing from [] to [de-DE]
04-14 17:25:52.230  7265 25669 I ndroid.settings: AssetManager2(0xb4000076b0ae0738) locale list changing from [] to [de-DE]
04-14 17:25:52.230  2603  3088 D ActivityManager: freezing 14215 com.facebook.katana
04-14 17:25:52.231  7265 25669 I ndroid.settings: AssetManager2(0xb4000076b0addb78) locale list changing from [] to [de-DE]
04-14 17:25:52.232  7265 25669 I ndroid.settings: AssetManager2(0xb4000076b0ad9cf8) locale list changing from [] to [de-DE]
04-14 17:25:52.233  7265 25669 I ndroid.settings: AssetManager2(0xb4000076b0b94558) locale list changing from [] to [de-DE]
04-14 17:25:52.234  7265 25669 I ndroid.settings: AssetManager2(0xb4000076b0b951d8) locale list changing from [] to [de-DE]
04-14 17:25:52.234  2603  3143 D InetDiagMessage: Destroyed 0 sockets, proto=IPPROTO_TCP, family=AF_INET, states=14
04-14 17:25:52.235  2603  3143 D InetDiagMessage: Destroyed 0 sockets, proto=IPPROTO_TCP, family=AF_INET6, states=14
04-14 17:25:52.235  2603  3143 D InetDiagMessage: Destroyed live tcp sockets for uids={10450} in 2ms
04-14 17:25:52.237  7265 25669 I ndroid.settings: AssetManager2(0xb4000076b0ae4f18) locale list changing from [] to [de-DE]
04-14 17:25:52.238  7265 25669 I ndroid.settings: AssetManager2(0xb4000076b0b25fb8) locale list changing from [] to [de-DE]
04-14 17:25:52.239  7265 25669 I ndroid.settings: AssetManager2(0xb4000076b0b56078) locale list changing from [] to [de-DE]
04-14 17:25:52.239  7265 25669 I ndroid.settings: AssetManager2(0xb4000076b0b5a218) locale list changing from [] to [de-DE]
04-14 17:25:52.240  7265 25669 I ndroid.settings: AssetManager2(0xb4000076b0b57338) locale list changing from [] to [de-DE]
04-14 17:25:52.240  7265 25669 I ndroid.settings: AssetManager2(0xb4000076b0b79c58) locale list changing from [] to [de-DE]
04-14 17:25:52.241  7265 25669 I ndroid.settings: AssetManager2(0xb4000076b0b0d2d8) locale list changing from [] to [de-DE]
04-14 17:25:52.241  7265 25669 I ndroid.settings: AssetManager2(0xb4000076b0b11158) locale list changing from [] to [de-DE]
04-14 17:25:52.242  7265 25669 I ndroid.settings: AssetManager2(0xb4000076b0b7a5b8) locale list changing from [] to [de-DE]
04-14 17:25:52.243  7265 25669 I ndroid.settings: AssetManager2(0xb4000076b0b75478) locale list changing from [] to [de-DE]
04-14 17:25:52.243  7265 25669 I ndroid.settings: AssetManager2(0xb4000076b0b76738) locale list changing from [] to [de-DE]
04-14 17:25:52.245  7265 25669 I ndroid.settings: AssetManager2(0xb4000076b0b19ad8) locale list changing from [] to [de-DE]
04-14 17:25:52.245  7265 25669 I ndroid.settings: AssetManager2(0xb4000076b0b74b18) locale list changing from [] to [de-DE]
04-14 17:25:52.246  7265 25669 I ndroid.settings: AssetManager2(0xb4000076b0b1bd38) locale list changing from [] to [de-DE]
04-14 17:25:52.246  7265 25669 I ndroid.settings: AssetManager2(0xb4000076b0b233f8) locale list changing from [] to [de-DE]
04-14 17:25:52.247  7265 25669 I ndroid.settings: AssetManager2(0xb4000076b0b27278) locale list changing from [] to [de-DE]
04-14 17:25:52.248  7265 25669 I ndroid.settings: AssetManager2(0xb4000076b0b00498) locale list changing from [] to [de-DE]
04-14 17:25:52.248  7265 25669 I ndroid.settings: AssetManager2(0xb4000076b0b92618) locale list changing from [] to [de-DE]
04-14 17:25:52.249  7265 25669 I ndroid.settings: AssetManager2(0xb4000076b0b026f8) locale list changing from [] to [de-DE]
04-14 17:25:52.249  7265 25669 I ndroid.settings: AssetManager2(0xb4000076b0aeaff8) locale list changing from [] to [de-DE]
04-14 17:25:52.250  7265 25669 I ndroid.settings: AssetManager2(0xb4000076b0b3ff58) locale list changing from [] to [de-DE]
04-14 17:25:52.250  7265 25669 I ndroid.settings: AssetManager2(0xb4000076b0b41218) locale list changing from [] to [de-DE]
04-14 17:25:52.251  7265 25669 I ndroid.settings: AssetManager2(0xb4000076b0b43478) locale list changing from [] to [de-DE]
04-14 17:25:52.252  7265 25669 I ndroid.settings: AssetManager2(0xb4000076b0b42e38) locale list changing from [] to [de-DE]
04-14 17:25:52.253  7265 25669 I ndroid.settings: AssetManager2(0xb4000076b0b459f8) locale list changing from [] to [de-DE]
04-14 17:25:52.253  7265 25669 I ndroid.settings: AssetManager2(0xb4000076b0b40598) locale list changing from [] to [de-DE]
04-14 17:25:52.254  7265 25669 I ndroid.settings: AssetManager2(0xb4000076b0b06578) locale list changing from [] to [de-DE]
04-14 17:25:52.254  7265 25669 I ndroid.settings: AssetManager2(0xb4000076b0b485b8) locale list changing from [] to [de-DE]
04-14 17:25:52.255  7265 25669 I ndroid.settings: AssetManager2(0xb4000076b0b938d8) locale list changing from [] to [de-DE]
04-14 17:25:52.256  7265 25669 I ndroid.settings: AssetManager2(0xb4000076b0b8eab8) locale list changing from [] to [de-DE]
04-14 17:25:52.256  7265 25669 I ndroid.settings: AssetManager2(0xb4000076b0ad99d8) locale list changing from [] to [de-DE]
04-14 17:25:52.257  7265 25669 I ndroid.settings: AssetManager2(0xb4000076b0b822b8) locale list changing from [] to [de-DE]
04-14 17:25:52.258  7265 25669 I ndroid.settings: AssetManager2(0xb4000076b0b14358) locale list changing from [] to [de-DE]
04-14 17:25:52.259  7265 25669 I ndroid.settings: AssetManager2(0xb4000076b0b7d7b8) locale list changing from [] to [de-DE]
04-14 17:25:52.260  7265 25669 I ndroid.settings: AssetManager2(0xb4000076b0b230d8) locale list changing from [] to [de-DE]
04-14 17:25:52.261  7265 25669 I ndroid.settings: AssetManager2(0xb4000076b0b8ce98) locale list changing from [] to [de-DE]
04-14 17:25:52.262  7265 25669 I ndroid.settings: AssetManager2(0xb4000076b0b2ba58) locale list changing from [] to [de-DE]
04-14 17:25:52.263  7265 25669 I ndroid.settings: AssetManager2(0xb4000076b0b3dcf8) locale list changing from [] to [de-DE]
04-14 17:25:52.263  7265 25669 I ndroid.settings: AssetManager2(0xb4000076b0b82c18) locale list changing from [] to [de-DE]
04-14 17:25:52.264  7265 25669 I ndroid.settings: AssetManager2(0xb4000076b0ad2318) locale list changing from [] to [de-DE]
04-14 17:25:52.265  7265 25669 I ndroid.settings: AssetManager2(0xb4000076b0acf438) locale list changing from [] to [de-DE]
04-14 17:25:52.265  7265 25669 I ndroid.settings: AssetManager2(0xb4000076b0ad19b8) locale list changing from [] to [de-DE]
04-14 17:25:52.267  7265 25669 I ndroid.settings: AssetManager2(0xb4000076b0b0d918) locale list changing from [] to [de-DE]
04-14 17:25:52.268  7265 25669 I ndroid.settings: AssetManager2(0xb4000076b0b0d5f8) locale list changing from [] to [de-DE]
04-14 17:25:52.269  7265 25669 I ndroid.settings: AssetManager2(0xb4000076b0b8ac38) locale list changing from [] to [de-DE]
04-14 17:25:52.269  7265 25669 I ndroid.settings: AssetManager2(0xb4000076b0b6fcf8) locale list changing from [] to [de-DE]
04-14 17:25:52.270  7265 25669 I ndroid.settings: AssetManager2(0xb4000076b0b62878) locale list changing from [] to [de-DE]
04-14 17:25:52.271  7265 25669 I ndroid.settings: AssetManager2(0xb4000076b0b86778) locale list changing from [] to [de-DE]
04-14 17:25:52.271  5817  6539 D StreamDBQueue: Promised revision #11107424 to queue a new op
04-14 17:25:52.271  5817  6539 D BaseStreamManager: Promised side-channel cancel-all @ r#11107424 for com.benschwank.blop (@11107423)
04-14 17:25:52.272  7265 25669 I ndroid.settings: AssetManager2(0xb4000076b0b8bbd8) locale list changing from [] to [de-DE]
04-14 17:25:52.272  7265 25669 I ndroid.settings: AssetManager2(0xb4000076b0b60c58) locale list changing from [] to [de-DE]
04-14 17:25:52.273  7265 25669 I ndroid.settings: AssetManager2(0xb4000076b0b5b4d8) locale list changing from [] to [de-DE]
04-14 17:25:52.273  7265 25669 I ndroid.settings: AssetManager2(0xb4000076b0b49878) locale list changing from [] to [de-DE]
04-14 17:25:52.274  7265 25669 I ndroid.settings: AssetManager2(0xb4000076b0b5ab78) locale list changing from [] to [de-DE]
04-14 17:25:52.275  7265 25669 I ndroid.settings: AssetManager2(0xb4000076b0b2a478) locale list changing from [] to [de-DE]
04-14 17:25:52.275  7265 25669 I ndroid.settings: AssetManager2(0xb4000076b0b18b38) locale list changing from [] to [de-DE]
04-14 17:25:52.276  7265 25669 I ndroid.settings: AssetManager2(0xb4000076b0b1c378) locale list changing from [] to [de-DE]
04-14 17:25:52.277  7265 25669 I ndroid.settings: AssetManager2(0xb4000076b0b1b0b8) locale list changing from [] to [de-DE]
04-14 17:25:52.278  7265 25669 I ndroid.settings: AssetManager2(0xb4000076b0b3f5f8) locale list changing from [] to [de-DE]
04-14 17:25:52.279  7265 25669 I ndroid.settings: AssetManager2(0xb4000076b0b2add8) locale list changing from [] to [de-DE]
04-14 17:25:52.279  7265 25669 I ndroid.settings: AssetManager2(0xb4000076b0b7ce58) locale list changing from [] to [de-DE]
04-14 17:25:52.280  7265 25669 I ndroid.settings: AssetManager2(0xb4000076b0b14998) locale list changing from [] to [de-DE]
04-14 17:25:52.280  7265 25669 I ndroid.settings: AssetManager2(0xb4000076b0ada658) locale list changing from [] to [de-DE]
04-14 17:25:52.281  7265 25669 I ndroid.settings: AssetManager2(0xb4000076b0b5a858) locale list changing from [] to [de-DE]
04-14 17:25:52.281  7265 25669 I ndroid.settings: AssetManager2(0xb4000076b0b58c38) locale list changing from [] to [de-DE]
04-14 17:25:52.282  7265 25669 I ndroid.settings: AssetManager2(0xb4000076b0b8d1b8) locale list changing from [] to [de-DE]
04-14 17:25:52.282  7265 25669 I ndroid.settings: AssetManager2(0xb4000076b0b91fd8) locale list changing from [] to [de-DE]
04-14 17:25:52.283  7265 25669 I ndroid.settings: AssetManager2(0xb4000076b0b1ad98) locale list changing from [] to [de-DE]
04-14 17:25:52.284  7265 25669 I ndroid.settings: AssetManager2(0xb4000076b0b17878) locale list changing from [] to [de-DE]
04-14 17:25:52.284  7265 25669 I ndroid.settings: AssetManager2(0xb4000076b0b14678) locale list changing from [] to [de-DE]
04-14 17:25:52.285  7265 25669 I ndroid.settings: AssetManager2(0xb4000076b0b20838) locale list changing from [] to [de-DE]
04-14 17:25:52.286  7265 25669 I ndroid.settings: AssetManager2(0xb4000076b0b80378) locale list changing from [] to [de-DE]
04-14 17:25:52.286  7265 25669 I ndroid.settings: AssetManager2(0xb4000076b0b81638) locale list changing from [] to [de-DE]
04-14 17:25:52.287  7265 25669 I ndroid.settings: AssetManager2(0xb4000076b0b8d4d8) locale list changing from [] to [de-DE]
04-14 17:25:52.287  7265 25669 I ndroid.settings: AssetManager2(0xb4000076b0b8d7f8) locale list changing from [] to [de-DE]
04-14 17:25:52.288  7265 25669 I ndroid.settings: AssetManager2(0xb4000076b0b773b8) locale list changing from [] to [de-DE]
04-14 17:25:52.288  7265 25669 I ndroid.settings: AssetManager2(0xb4000076b0b792f8) locale list changing from [] to [de-DE]
04-14 17:25:52.290  7265 25669 I ndroid.settings: AssetManager2(0xb4000076b0b90d18) locale list changing from [] to [de-DE]
04-14 17:25:52.290  7265 25669 I ndroid.settings: AssetManager2(0xb4000076b0b553f8) locale list changing from [] to [de-DE]
04-14 17:25:52.294  7265 25669 I ndroid.settings: AssetManager2(0xb4000076b0b4e9b8) locale list changing from [] to [de-DE]
04-14 17:25:52.294  7265 25669 I ndroid.settings: AssetManager2(0xb4000076b0b4ff98) locale list changing from [] to [de-DE]
04-14 17:25:52.295  7265 25669 I ndroid.settings: AssetManager2(0xb4000076b0b51bb8) locale list changing from [] to [de-DE]
04-14 17:25:52.295  7265 25669 I ndroid.settings: AssetManager2(0xb4000076b0b53af8) locale list changing from [] to [de-DE]
04-14 17:25:52.296  7265 25669 I ndroid.settings: AssetManager2(0xb4000076b0b54a98) locale list changing from [] to [de-DE]
04-14 17:25:52.297  7265 25669 I ndroid.settings: AssetManager2(0xb4000076b0b521f8) locale list changing from [] to [de-DE]
04-14 17:25:52.298  7265 25669 I ndroid.settings: AssetManager2(0xb4000076b0b54778) locale list changing from [] to [de-DE]
04-14 17:25:52.299  7265 25669 I ndroid.settings: AssetManager2(0xb4000076b0b039b8) locale list changing from [] to [de-DE]
04-14 17:25:52.300  7265 25669 I ndroid.settings: AssetManager2(0xb4000076b0afe558) locale list changing from [] to [de-DE]
04-14 17:25:52.300  7265 25669 I ndroid.settings: AssetManager2(0xb4000076b0b5b7f8) locale list changing from [] to [de-DE]
04-14 17:25:52.301  7265 25669 I ndroid.settings: AssetManager2(0xb4000076b0b4fc78) locale list changing from [] to [de-DE]
04-14 17:25:52.303  7265 25669 I ndroid.settings: AssetManager2(0xb4000076b0b57658) locale list changing from [] to [de-DE]
04-14 17:25:52.303  7265 25669 I ndroid.settings: AssetManager2(0xb4000076b0b57978) locale list changing from [] to [de-DE]
04-14 17:25:52.304  7265 25669 I ndroid.settings: AssetManager2(0xb4000076b0b64df8) locale list changing from [] to [de-DE]
04-14 17:25:52.304  7265 25669 I ndroid.settings: AssetManager2(0xb4000076b0b615b8) locale list changing from [] to [de-DE]
04-14 17:25:52.306  7265 25669 I ndroid.settings: AssetManager2(0xb4000076b0b63e58) locale list changing from [] to [de-DE]
04-14 17:25:52.307  7265 25669 I ndroid.settings: AssetManager2(0xb4000076b0b63b38) locale list changing from [] to [de-DE]
04-14 17:25:52.307  7265 25669 I ndroid.settings: AssetManager2(0xb4000076b0b537d8) locale list changing from [] to [de-DE]
04-14 17:25:52.307  7265 25669 I ndroid.settings: AssetManager2(0xb4000076b0b52838) locale list changing from [] to [de-DE]
04-14 17:25:52.308  3873  3873 I AIWidgetAIWidgetController: setWidgetsTouchable last=false, new=true, reason=NTDragLayer FloatingView isAdd=false, force=false
04-14 17:25:52.308  7265 25669 I ndroid.settings: AssetManager2(0xb4000076b0b550d8) locale list changing from [] to [de-DE]
04-14 17:25:52.309  7265 25669 I ndroid.settings: AssetManager2(0xb4000076b0b39518) locale list changing from [] to [de-DE]
04-14 17:25:52.310  7265 25669 I ndroid.settings: AssetManager2(0xb4000076b0b3d398) locale list changing from [] to [de-DE]
04-14 17:25:52.310  7265 25669 I ndroid.settings: AssetManager2(0xb4000076b0b378f8) locale list changing from [] to [de-DE]
04-14 17:25:52.311  7265 25669 I ndroid.settings: AssetManager2(0xb4000076b0b5ffd8) locale list changing from [] to [de-DE]
04-14 17:25:52.312  7265 25669 I ndroid.settings: AssetManager2(0xb4000076b0b62238) locale list changing from [] to [de-DE]
04-14 17:25:52.312  7265 25669 I ndroid.settings: AssetManager2(0xb4000076b0b61bf8) locale list changing from [] to [de-DE]
04-14 17:25:52.314  7265 25669 I ndroid.settings: AssetManager2(0xb4000076b0b60618) locale list changing from [] to [de-DE]
04-14 17:25:52.315  7265 25669 I ndroid.settings: AssetManager2(0xb4000076b0b61298) locale list changing from [] to [de-DE]
04-14 17:25:52.315  7265 25669 I ndroid.settings: AssetManager2(0xb4000076b0b62b98) locale list changing from [] to [de-DE]
04-14 17:25:52.316  7265 25669 I ndroid.settings: AssetManager2(0xb4000076b0b60f78) locale list changing from [] to [de-DE]
04-14 17:25:52.316  7265 25669 V Configuration: Updating configuration, locales updated from [de_DE,en_GB] to [en_GB,de_DE]
04-14 17:25:52.316  7265 25669 V Resources: Updating configuration with selected locales [en-GB]
04-14 17:25:52.316  7265 25669 I ndroid.settings: AssetManager2(0xb4000076b0b5d738) locale list changing from [] to [en-GB]
04-14 17:25:52.317  7265 25669 I ndroid.settings: AssetManager2(0xb4000076b0b63818) locale list changing from [] to [de-DE]
04-14 17:25:52.320  7265 25669 I ndroid.settings: AssetManager2(0xb4000076b0b6c4b8) locale list changing from [] to [de-DE]
04-14 17:25:52.320  7265 25669 I ndroid.settings: AssetManager2(0xb4000076b0b68f98) locale list changing from [] to [de-DE]
04-14 17:25:52.321  7265 25669 I ndroid.settings: AssetManager2(0xb4000076b0b679b8) locale list changing from [] to [de-DE]
04-14 17:25:52.322  7265 25669 I ndroid.settings: AssetManager2(0xb4000076b0b660b8) locale list changing from [] to [de-DE]
04-14 17:25:52.324  7265 25669 I ndroid.settings: AssetManager2(0xb4000076b0b67ff8) locale list changing from [] to [de-DE]
04-14 17:25:52.325  7265 25669 I ndroid.settings: AssetManager2(0xb4000076b0b6b1f8) locale list changing from [] to [de-DE]
04-14 17:25:52.326  7265 25669 I ndroid.settings: AssetManager2(0xb4000076b0b66d38) locale list changing from [] to [de-DE]
04-14 17:25:52.327  7265 25669 I ndroid.settings: AssetManager2(0xb4000076b0b6a898) locale list changing from [] to [de-DE]
04-14 17:25:52.328  7265 25669 I ndroid.settings: AssetManager2(0xb4000076b0b663d8) locale list changing from [] to [de-DE]
04-14 17:25:52.329  7265 25669 I ndroid.settings: AssetManager2(0xb4000076b0b69c18) locale list changing from [] to [de-DE]
04-14 17:25:52.330  7265 25669 I ndroid.settings: AssetManager2(0xb4000076b0b6bb58) locale list changing from [] to [de-DE]
04-14 17:25:52.330  7265 25669 I ndroid.settings: AssetManager2(0xb4000076b0b6aed8) locale list changing from [] to [de-DE]
04-14 17:25:52.331  7265 25669 I ndroid.settings: AssetManager2(0xb4000076b0b70c98) locale list changing from [] to [de-DE]
04-14 17:25:52.331  7265 25669 I ndroid.settings: AssetManager2(0xb4000076b0b65758) locale list changing from [] to [de-DE]
04-14 17:25:52.332  7265 25669 I ndroid.settings: AssetManager2(0xb4000076b0b68958) locale list changing from [] to [de-DE]
04-14 17:25:52.333  7265 25669 I ndroid.settings: AssetManager2(0xb4000076b0b6e0d8) locale list changing from [] to [de-DE]
04-14 17:25:52.333  7265 25669 I ndroid.settings: AssetManager2(0xb4000076b0b747f8) locale list changing from [] to [de-DE]
04-14 17:25:52.334  7265 25669 I ndroid.settings: AssetManager2(0xb4000076b0b72ef8) locale list changing from [] to [de-DE]
04-14 17:25:52.334  7265 25669 I ndroid.settings: AssetManager2(0xb4000076b0b70658) locale list changing from [] to [de-DE]
04-14 17:25:52.335  7265 25669 I ndroid.settings: AssetManager2(0xb4000076b0b728b8) locale list changing from [] to [de-DE]
04-14 17:25:52.336  7265 25669 I ndroid.settings: AssetManager2(0xb4000076b0b73538) locale list changing from [] to [de-DE]
04-14 17:25:52.336  7265 25669 I ndroid.settings: AssetManager2(0xb4000076b0b776d8) locale list changing from [] to [de-DE]
04-14 17:25:52.337  7265 25669 I ndroid.settings: AssetManager2(0xb4000076b0b1dc78) locale list changing from [] to [de-DE]
04-14 17:25:52.338  7265 25669 I ndroid.settings: AssetManager2(0xb4000076b0b19178) locale list changing from [] to [de-DE]
04-14 17:25:52.339  7265 25669 I ndroid.settings: AssetManager2(0xb4000076b0b12a58) locale list changing from [] to [de-DE]
04-14 17:25:52.339  7265 25669 I ndroid.settings: AssetManager2(0xb4000076b0b15618) locale list changing from [] to [de-DE]
04-14 17:25:52.340  7265 25669 I ndroid.settings: AssetManager2(0xb4000076b0ae2678) locale list changing from [] to [de-DE]
04-14 17:25:52.341  7265 25669 I ndroid.settings: AssetManager2(0xb4000076b0b7af18) locale list changing from [] to [de-DE]
04-14 17:25:52.342  7265 25669 I ndroid.settings: AssetManager2(0xb4000076b0b76418) locale list changing from [] to [de-DE]
04-14 17:25:52.342  7265 25669 I ndroid.settings: AssetManager2(0xb4000076b0b75ab8) locale list changing from [] to [de-DE]
04-14 17:25:52.343  7265 25669 I ndroid.settings: AssetManager2(0xb4000076b0b76d78) locale list changing from [] to [de-DE]
04-14 17:25:52.345  7265 25669 I ndroid.settings: AssetManager2(0xb4000076b0b75798) locale list changing from [] to [de-DE]
04-14 17:25:52.346  7265 25669 I ndroid.settings: AssetManager2(0xb4000076b0b7a298) locale list changing from [] to [de-DE]
04-14 17:25:52.346  7265 25669 I ndroid.settings: AssetManager2(0xb4000076b0b505d8) locale list changing from [] to [de-DE]
04-14 17:25:52.347  7265 25669 I ndroid.settings: AssetManager2(0xb4000076b0b50c18) locale list changing from [] to [de-DE]
04-14 17:25:52.348  7265 25669 I ndroid.settings: AssetManager2(0xb4000076b0b886b8) locale list changing from [] to [de-DE]
04-14 17:25:52.349  7265 25669 I ndroid.settings: AssetManager2(0xb4000076b0b37c18) locale list changing from [] to [de-DE]
04-14 17:25:52.349  7265 25669 I ndroid.settings: AssetManager2(0xb4000076b0b8b8b8) locale list changing from [] to [de-DE]
04-14 17:25:52.350  7265 25669 I ndroid.settings: AssetManager2(0xb4000076b0b508f8) locale list changing from [] to [de-DE]
04-14 17:25:52.351  7265 25669 I ndroid.settings: AssetManager2(0xb4000076b0b89658) locale list changing from [] to [de-DE]
04-14 17:25:52.351  7265 25669 I ndroid.settings: AssetManager2(0xb4000076b0b8bef8) locale list changing from [] to [de-DE]
04-14 17:25:52.352  7265 25669 I ndroid.settings: AssetManager2(0xb4000076b0b7d498) locale list changing from [] to [de-DE]
04-14 17:25:52.353  7265 25669 I ndroid.settings: AssetManager2(0xb4000076b0b26c38) locale list changing from [] to [de-DE]
04-14 17:25:52.355  7265 25669 I ndroid.settings: AssetManager2(0xb4000076b0b2c3b8) locale list changing from [] to [de-DE]
04-14 17:25:52.356  7265 25669 I ndroid.settings: AssetManager2(0xb4000076b0b27bd8) locale list changing from [] to [de-DE]
04-14 17:25:52.357  7265 25669 I ndroid.settings: AssetManager2(0xb4000076b0b825d8) locale list changing from [] to [de-DE]
04-14 17:25:52.358  7265 25669 I ndroid.settings: AssetManager2(0xb4000076b0b291b8) locale list changing from [] to [de-DE]
04-14 17:25:52.358  7265 25669 I ndroid.settings: AssetManager2(0xb4000076b0b28218) locale list changing from [] to [de-DE]
04-14 17:25:52.359  7265 25669 I ndroid.settings: AssetManager2(0xb4000076b0b26f58) locale list changing from [] to [de-DE]
04-14 17:25:52.360  7265 25669 I ndroid.settings: AssetManager2(0xb4000076b0b27598) locale list changing from [] to [de-DE]
04-14 17:25:52.361  7265 25669 I ndroid.settings: AssetManager2(0xb4000076b0b29b18) locale list changing from [] to [de-DE]
04-14 17:25:52.361  7265 25669 I ndroid.settings: AssetManager2(0xb4000076b0b28858) locale list changing from [] to [de-DE]
04-14 17:25:52.362  7265 25669 I ndroid.settings: AssetManager2(0xb4000076b0b30238) locale list changing from [] to [de-DE]
04-14 17:25:52.362  7265 25669 I ndroid.settings: AssetManager2(0xb4000076b0b35ff8) locale list changing from [] to [de-DE]
04-14 17:25:52.364  7265 25669 I ndroid.settings: AssetManager2(0xb4000076b0b33758) locale list changing from [] to [de-DE]
04-14 17:25:52.365  7265 25669 I ndroid.settings: AssetManager2(0xb4000076b0b34a18) locale list changing from [] to [de-DE]
04-14 17:25:52.365  7265 25669 I ndroid.settings: AssetManager2(0xb4000076b0b2e938) locale list changing from [] to [de-DE]
04-14 17:25:52.366  7265 25669 I ndroid.settings: AssetManager2(0xb4000076b0b32ad8) locale list changing from [] to [de-DE]
04-14 17:25:52.367  7265 25669 I ndroid.settings: AssetManager2(0xb4000076b0b2ef78) locale list changing from [] to [de-DE]
04-14 17:25:52.367  7265 25669 I ndroid.settings: AssetManager2(0xb4000076b0b30558) locale list changing from [] to [de-DE]
04-14 17:25:52.368  7265 25669 I ndroid.settings: AssetManager2(0xb4000076b0b340b8) locale list changing from [] to [de-DE]
04-14 17:25:52.369  7265 25669 I ndroid.settings: AssetManager2(0xb4000076b0b33a78) locale list changing from [] to [de-DE]
04-14 17:25:52.370  7265 25669 I ndroid.settings: AssetManager2(0xb4000076b0adafb8) locale list changing from [] to [de-DE]
04-14 17:25:52.371  7265 25669 I ndroid.settings: AssetManager2(0xb4000076b0adbc38) locale list changing from [] to [de-DE]
04-14 17:25:52.372  7265 25669 I ndroid.settings: AssetManager2(0xb4000076b0b6d778) locale list changing from [] to [de-DE]
04-14 17:25:52.373  7265 25669 I ndroid.settings: AssetManager2(0xb4000076b0b6d138) locale list changing from [] to [de-DE]
04-14 17:25:52.373  7265 25669 I ndroid.settings: AssetManager2(0xb4000076b0ad6af8) locale list changing from [] to [de-DE]
04-14 17:25:52.365  2603  2603 W CachedAppOptimi: type=1400 audit(0.0:26738): avc:  denied  { write } for  dev="tmpfs" ino=2050 scontext=u:r:system_server:s0 tcontext=u:object_r:zygote_tmpfs:s0 tclass=file permissive=0
04-14 17:25:52.374  7265 25669 I ndroid.settings: AssetManager2(0xb4000076b0b48bf8) locale list changing from [] to [de-DE]
04-14 17:25:52.375  7265 25669 I ndroid.settings: AssetManager2(0xb4000076b0b472f8) locale list changing from [] to [de-DE]
04-14 17:25:52.376  7265 25669 I ndroid.settings: AssetManager2(0xb4000076b0ae6b38) locale list changing from [] to [de-DE]
04-14 17:25:52.376  7265 25669 I ndroid.settings: AssetManager2(0xb4000076b0aecc18) locale list changing from [] to [de-DE]
04-14 17:25:52.377  7265 25669 I ndroid.settings: AssetManager2(0xb4000076b0ada338) locale list changing from [] to [de-DE]
04-14 17:25:52.378  7265 25669 I ndroid.settings: AssetManager2(0xb4000076b0afe238) locale list changing from [] to [de-DE]
04-14 17:25:52.378  7265 25669 I ndroid.settings: AssetManager2(0xb4000076b0b70fb8) locale list changing from [] to [de-DE]
04-14 17:25:52.380  7265 25669 I ndroid.settings: AssetManager2(0xb4000076b0b73e98) locale list changing from [] to [de-DE]
04-14 17:25:52.381  7265 25669 I ndroid.settings: AssetManager2(0xb4000076b0b38bb8) locale list changing from [] to [de-DE]
04-14 17:25:52.381  7265 25669 I ndroid.settings: AssetManager2(0xb4000076b0ad8d58) locale list changing from [] to [de-DE]
04-14 17:25:52.382  7265 25669 I ndroid.settings: AssetManager2(0xb4000076b0b391f8) locale list changing from [] to [de-DE]
04-14 17:25:52.383  7265 25669 I ndroid.settings: AssetManager2(0xb4000076b0b214b8) locale list changing from [] to [de-DE]
04-14 17:25:52.383  7265 25669 I ndroid.settings: AssetManager2(0xb4000076b0b39e78) locale list changing from [] to [de-DE]
04-14 17:25:52.384  7265 25669 V Configuration: Updating configuration, locales updated from [de_DE,en_GB] to [en_GB,de_DE]
04-14 17:25:52.384  7265 25669 V Resources: Updating configuration with selected locales [en-GB]
04-14 17:25:52.384  7265 25669 I ndroid.settings: AssetManager2(0xb4000076b0b456d8) locale list changing from [] to [en-GB]
04-14 17:25:52.385  7265 25669 I ndroid.settings: AssetManager2(0xb4000076b0b46cb8) locale list changing from [] to [de-DE]
04-14 17:25:52.386  7265 25669 I ndroid.settings: AssetManager2(0xb4000076b0b47c58) locale list changing from [] to [de-DE]
04-14 17:25:52.387  7265 25669 I ndroid.settings: AssetManager2(0xb4000076b0b49b98) locale list changing from [] to [de-DE]
04-14 17:25:52.388  7265 25669 I ndroid.settings: AssetManager2(0xb4000076b0b4c758) locale list changing from [] to [de-DE]
04-14 17:25:52.388  7265 25669 I ndroid.settings: AssetManager2(0xb4000076b0ad5838) locale list changing from [] to [de-DE]
04-14 17:25:52.390  7265 25669 I ndroid.settings: AssetManager2(0xb4000076b0b1ec18) locale list changing from [] to [de-DE]
04-14 17:25:52.390  7265 25669 I ndroid.settings: AssetManager2(0xb4000076b0ae3618) locale list changing from [] to [de-DE]
04-14 17:25:52.392  7265 25669 I ndroid.settings: AssetManager2(0xb4000076b0b6f398) locale list changing from [] to [de-DE]
04-14 17:25:52.392  7265 25669 I ndroid.settings: AssetManager2(0xb4000076b0b21af8) locale list changing from [] to [de-DE]
04-14 17:25:52.395  7265 25669 D PrefCtrlListHelper: Could not find Context-only controller for pref: com.nothing.settings.glyphs.picker.GlyphsSelectRingtoneDesController
04-14 17:25:52.396  7265 25669 D PrefCtrlListHelper: Could not find Context-only controller for pref: com.android.settings.development.transcode.TranscodeUserControlPreferenceController
04-14 17:25:52.396  7265 25669 D PrefCtrlListHelper: Could not find Context-only controller for pref: com.android.settings.development.transcode.TranscodeGlobalTogglePreferenceController
04-14 17:25:52.396  7265 25669 D PrefCtrlListHelper: Could not find Context-only controller for pref: com.android.settings.development.transcode.TranscodeDefaultOptionPreferenceController
04-14 17:25:52.396  7265 25669 D PrefCtrlListHelper: Could not find Context-only controller for pref: com.android.settings.development.transcode.TranscodeNotificationPreferenceController
04-14 17:25:52.396  7265 25669 D PrefCtrlListHelper: Could not find Context-only controller for pref: com.android.settings.development.transcode.TranscodeDisableCachePreferenceController
04-14 17:25:52.396  7265 25669 V SettingsSearchProvider: com.android.settings.development.transcode.a@53df544 tried to add an empty non-indexable key
04-14 17:25:52.396  7265 25669 D PrefCtrlListHelper: Could not find Context-only controller for pref: com.android.settings.deviceinfo.storage.StorageSelectionPreferenceController
04-14 17:25:52.396  7265 25669 D PrefCtrlListHelper: Could not find Context-only controller for pref: com.android.settings.deviceinfo.storage.StorageUsageProgressBarPreferenceController
04-14 17:25:52.397  7265 25669 D PrefCtrlListHelper: Could not find Context-only controller for pref: com.android.settings.deviceinfo.storage.AutomaticStorageManagementSwitchPreferenceController
04-14 17:25:52.397  7265 25669 D PrefCtrlListHelper: Could not find Context-only controller for pref: com.nothing.settings.storage.SmartCleanupController
