04-14 17:25:52.397  7265 25669 D PrefCtrlListHelper: Could not find Context-only controller for pref: com.android.settings.deviceinfo.storage.ManageStoragePreferenceController
04-14 17:25:52.397  7265 25669 D PrefCtrlListHelper: Could not find Context-only controller for pref: com.android.settings.accessibility.AccessibilityTimeoutController
04-14 17:25:52.397  7265 25669 D PrefCtrlListHelper: Could not find Context-only controller for pref: com.android.settings.accessibility.AccessibilityTimeoutController
04-14 17:25:52.397  7265 25669 D PrefCtrlListHelper: Could not find Context-only controller for pref: com.android.settings.accessibility.AccessibilityTimeoutController
04-14 17:25:52.397  7265 25669 D PrefCtrlListHelper: Could not find Context-only controller for pref: com.android.settings.accessibility.AccessibilityTimeoutController
04-14 17:25:52.397  7265 25669 D PrefCtrlListHelper: Could not find Context-only controller for pref: com.android.settings.accessibility.AccessibilityTimeoutController
04-14 17:25:52.397  7265 25669 D PrefCtrlListHelper: Could not find Context-only controller for pref: com.android.settings.accessibility.AccessibilityControlTimeoutFooterPreferenceController
04-14 17:25:52.397  7265 25669 D PrefCtrlListHelper: Could not find Context-only controller for pref: com.nothing.settings.sound.NtMicModePreferenceController
04-14 17:25:52.397  7265 25669 W PrefCtrlListHelper: Cannot instantiate controller from reflection: com.nothing.settings.sound.NtMicModePreferenceController
04-14 17:25:52.397  7265 25669 D PrefCtrlListHelper: Could not find Context-only controller for pref: com.nothing.settings.sound.NtMicModePreferenceController
04-14 17:25:52.397  7265 25669 W PrefCtrlListHelper: Cannot instantiate controller from reflection: com.nothing.settings.sound.NtMicModePreferenceController
04-14 17:25:52.397  7265 25669 D PrefCtrlListHelper: Could not find Context-only controller for pref: com.nothing.settings.sound.NtMicSupportAppsController
04-14 17:25:52.397  7265 25669 D PrefCtrlListHelper: Could not find Context-only controller for pref: com.android.settings.notification.SpatialAudioPreferenceController
04-14 17:25:52.397  7265 25669 D PrefCtrlListHelper: Could not find Context-only controller for pref: com.android.settings.notification.SpatialAudioWiredHeadphonesController
04-14 17:25:52.398  7265  7287 I NT-Settings: MicSupportAppsDataManager -> init
04-14 17:25:52.398  7265 25669 D PrefCtrlListHelper: Could not find Context-only controller for pref: com.android.settings.accessibility.SelectLongPressTimeoutPreferenceController
04-14 17:25:52.398  7265 25669 D PrefCtrlListHelper: Could not find Context-only controller for pref: com.android.settings.accessibility.AccessibilityTimeoutPreferenceController
04-14 17:25:52.398  7265 25669 V SettingsSearchProvider: com.nothing.settings.glyphs.ringtone.j@e81b0ba tried to add an empty non-indexable key
04-14 17:25:52.399  7265 25669 V SettingsSearchProvider: com.android.settings.search.b@6c24992 tried to add an empty non-indexable key
04-14 17:25:52.399  7265 25669 D PrefCtrlListHelper: Could not find Context-only controller for pref: com.android.settings.security.trustagent.TrustAgentsPreferenceController
04-14 17:25:52.399  7265 25669 D PrefCtrlListHelper: Could not find Context-only controller for pref: com.android.settings.network.NetworkMobileProviderController
04-14 17:25:52.402  7265  7287 I NT-Settings: MicSupportAppsDataManager -> config VERSION:100000021 
04-14 17:25:52.403  7265  7287 I NT-Settings: MicSupportAppsDataManager -> hasContent:true hasVersion:true useConfigVersion:true
04-14 17:25:52.407  7265  7287 I ndroid.settings: AssetManager2(0xb4000076b0b14fd8) locale list changing from [] to [de-DE]
04-14 17:25:52.410  7265  7287 I ndroid.settings: AssetManager2(0xb4000076b0ae0d78) locale list changing from [] to [de-DE]
04-14 17:25:52.415  7265  7287 I ndroid.settings: AssetManager2(0xb4000076b0b249d8) locale list changing from [] to [de-DE]
04-14 17:25:52.432  7265 25669 D SlotSimStatus: Number of active SIM: 1
04-14 17:25:52.432  7265 25669 W BaseSearchIndex: Error initializing controller in fragment: com.android.settings.deviceinfo.aboutphone.b@ef8ce3, e: java.lang.IllegalStateException: Cannot invoke setValue on a background thread
04-14 17:25:52.432  7265 25669 D PrefCtrlListHelper: Could not find Context-only controller for pref: com.nothing.settings.deviceinfo.DeviceNamePreferenceController
04-14 17:25:52.432  7265 25669 D PrefCtrlListHelper: Could not find Context-only controller for pref: com.android.settings.deviceinfo.firmwareversion.FirmwareVersionPreferenceController
04-14 17:25:52.433  7265 25669 D PrefCtrlListHelper: Could not find Context-only controller for pref: com.nothing.settings.deviceinfo.aboutphone.ImeiInfoPreferenceController
04-14 17:25:52.433  7265 25669 W PrefCtrlListHelper: Cannot instantiate controller from reflection: com.nothing.settings.deviceinfo.aboutphone.ImeiInfoPreferenceController
04-14 17:25:52.433  7265 25669 D PrefCtrlListHelper: Could not find Context-only controller for pref: com.nothing.settings.deviceinfo.aboutphone.DeviceSimPreferenceController
04-14 17:25:52.433  7265 25669 W PrefCtrlListHelper: Cannot instantiate controller from reflection: com.nothing.settings.deviceinfo.aboutphone.DeviceSimPreferenceController
04-14 17:25:52.433  7265  7283 I DeviceRamBattteryPreference: getTotalX -> pro 12288
04-14 17:25:52.433  7265 25669 D PrefCtrlListHelper: Could not find Context-only controller for pref: com.nothing.settings.deviceinfo.aboutphone.HttpLinkPreferenceController
04-14 17:25:52.433  7265 25669 D PrefCtrlListHelper: Could not find Context-only controller for pref: com.nothing.settings.deviceinfo.aboutphone.HttpLinkPreferenceController
04-14 17:25:52.433  2603  3516 D FileUtils: Rounded bytes from 242580111360 to 256000000000
04-14 17:25:52.433  7265 25669 D PrefCtrlListHelper: Could not find Context-only controller for pref: com.android.settings.development.qstile.DevelopmentTilePreferenceController
04-14 17:25:52.434  7265 25669 D PrefCtrlListHelper: Could not find Context-only controller for pref: com.android.settings.development.DevelopmentMemtagPreferenceController
04-14 17:25:52.434  7265 25669 D PrefCtrlListHelper: Could not find Context-only controller for pref: com.android.settings.development.DevelopmentMemtagFooterPreferenceController
04-14 17:25:52.434  7265 25669 V SettingsSearchProvider: com.android.settings.search.b@a07bc6a tried to add an empty non-indexable key
04-14 17:25:52.434  7265 25669 D PrefCtrlListHelper: Could not find Context-only controller for pref: com.android.settings.inputmethod.KeyboardAccessibilityStickyKeysController
04-14 17:25:52.434  7265 25669 W PrefCtrlListHelper: Cannot instantiate controller from reflection: com.android.settings.inputmethod.KeyboardAccessibilityStickyKeysController
04-14 17:25:52.434  7265 25669 D PrefCtrlListHelper: Could not find Context-only controller for pref: com.android.settings.inputmethod.KeyboardAccessibilityBounceKeysController
04-14 17:25:52.434  7265 25669 W PrefCtrlListHelper: Cannot instantiate controller from reflection: com.android.settings.inputmethod.KeyboardAccessibilityBounceKeysController
04-14 17:25:52.434  7265 25669 D PrefCtrlListHelper: Could not find Context-only controller for pref: com.android.settings.inputmethod.KeyboardAccessibilitySlowKeysController
04-14 17:25:52.434  7265 25669 W PrefCtrlListHelper: Cannot instantiate controller from reflection: com.android.settings.inputmethod.KeyboardAccessibilitySlowKeysController
04-14 17:25:52.434  7265 25669 D PrefCtrlListHelper: Could not find Context-only controller for pref: com.android.settings.inputmethod.KeyboardAccessibilityMouseKeysController
04-14 17:25:52.434  7265 25669 W PrefCtrlListHelper: Cannot instantiate controller from reflection: com.android.settings.inputmethod.KeyboardAccessibilityMouseKeysController
04-14 17:25:52.435  7265 25669 E ScreenResolutionController: No support
04-14 17:25:52.435  7265 25669 D PrefCtrlListHelper: Could not find Context-only controller for pref: com.android.settings.biometrics.fingerprint.FingerprintSettingsKeyguardUnlockPreferenceController
04-14 17:25:52.435  7265 25669 D PrefCtrlListHelper: Could not find Context-only controller for pref: com.android.settings.biometrics.fingerprint.FingerprintSettingsAppsPreferenceController
04-14 17:25:52.435  7265 25669 D PrefCtrlListHelper: Could not find Context-only controller for pref: com.android.settings.biometrics.fingerprint.FingerprintsEnrolledCategoryPreferenceController
04-14 17:25:52.436  7265 25669 D PrefCtrlListHelper: Could not find Context-only controller for pref: com.android.settings.biometrics.fingerprint.FingerprintUnlockCategoryController
04-14 17:25:52.436  7265 25669 D PrefCtrlListHelper: Could not find Context-only controller for pref: com.android.settings.biometrics.fingerprint.FingerprintSettingsRequireScreenOnToAuthPreferenceController
04-14 17:25:52.436  7265 25669 D PrefCtrlListHelper: Could not find Context-only controller for pref: com.android.settings.biometrics.fingerprint.FingerprintSettingsScreenOffUnlockUdfpsPreferenceController
04-14 17:25:52.436  7265 25669 W PrefCtrlListHelper: security_settings_fingerprints_enrolled already has a controller
04-14 17:25:52.436  7265 25669 W PrefCtrlListHelper: security_settings_fingerprint_unlock_category already has a controller
04-14 17:25:52.436  7265 25669 W PrefCtrlListHelper: security_settings_screen_off_unlock_udfps already has a controller
04-14 17:25:52.436  7265 25669 I ActiveUnlockStatusUtils: authority not set
04-14 17:25:52.438  7265 25669 D PrefCtrlListHelper: Could not find Context-only controller for pref: com.android.settings.fuelgauge.BatteryHeaderPreferenceController
04-14 17:25:52.438  7265 25669 D PrefCtrlListHelper: Could not find Context-only controller for pref: com.nothing.settings.fuelgauge.NtBatteryHeaderTextPreferenceController
04-14 17:25:52.438  7265 25669 W PrefCtrlListHelper: Cannot instantiate controller from reflection: com.nothing.settings.fuelgauge.NtBatteryHeaderTextPreferenceController
04-14 17:25:52.438  7265 25669 D PrefCtrlListHelper: Could not find Context-only controller for pref: com.android.settings.fuelgauge.batterytip.BatteryTipPreferenceController
04-14 17:25:52.438  7265 25669 D PrefCtrlListHelper: Could not find Context-only controller for pref: com.nothing.settings.fuelgauge.BatterySharePreferenceController
04-14 17:25:52.438  7265 25669 D PrefCtrlListHelper: Could not find Context-only controller for pref: com.android.settings.display.BatteryPercentagePreferenceController
04-14 17:25:52.438  7265 25669 D PrefCtrlListHelper: Could not find Context-only controller for pref: com.nothing.settings.fuelgauge.BatteryHealthSettingsPreferenceController
04-14 17:25:52.438  7265 25669 D PrefCtrlListHelper: Could not find Context-only controller for pref: com.nothing.settings.fuelgauge.BatteryHealthPreferenceController
04-14 17:25:52.438  7265 25669 D PrefCtrlListHelper: Could not find Context-only controller for pref: com.nothing.settings.fuelgauge.BatterySleepPreferenceController
04-14 17:25:52.438  7265 25669 D PrefCtrlListHelper: Could not find Context-only controller for pref: com.nothing.settings.fuelgauge.BatteryChargingAssistantPreferenceController
04-14 17:25:52.438  7265 25669 D PrefCtrlListHelper: Could not find Context-only controller for pref: com.nothing.settings.fuelgauge.information.BatteryInformationPreferenceController
04-14 17:25:52.439  7265 25669 D BatteryHealthSettingsPreferenceController: batteryHealth2 = true :batteryHealth = true
04-14 17:25:52.440  7265 25669 D PrefControllerMixin: shouldHidePreference():true
04-14 17:25:52.440  7265 25669 D PrefCtrlListHelper: Could not find Context-only controller for pref: com.android.settings.network.UsbTetherPreferenceController
04-14 17:25:52.440  7265 25669 D PrefCtrlListHelper: Could not find Context-only controller for pref: com.android.settings.network.BluetoothTetherPreferenceController
04-14 17:25:52.440  7265 25669 D PrefCtrlListHelper: Could not find Context-only controller for pref: com.android.settings.network.EthernetTetherPreferenceController
04-14 17:25:52.441  7265 25669 D PrefCtrlListHelper: Could not find Context-only controller for pref: com.android.settings.network.WifiTetherDisablePreferenceController
04-14 17:25:52.442  7265 25669 I NT-Settings: GoogleAssistantFrg -> isPageSearchEnabled isDeviceSpaceWar:false, isDevicePong:true
04-14 17:25:52.443  7265 25669 V SettingsSearchProvider: com.android.settings.enterprise.J@38af56c tried to add an empty non-indexable key
04-14 17:25:52.443  7265 25669 D PrefControllerMixin: shouldHidePreference():true
04-14 17:25:52.443  7265 25669 D WifiTetherMaximizeCompatibilityPref: mShouldHidePreference:true
04-14 17:25:52.443  7265 25669 W BaseSearchIndex: Error initializing controller in fragment: com.android.settings.wifi.tether.WifiTetherSettings$SearchIndexProvider@5d5b7ca, e: java.lang.NullPointerException: Attempt to invoke virtual method 'java.lang.Class java.lang.Object.getClass()' on a null object reference
04-14 17:25:52.445  7265 25669 D PrefCtrlListHelper: Could not find Context-only controller for pref: com.android.settings.display.AutoBrightnessPreferenceController
04-14 17:25:52.445  7265 25669 D PrefCtrlListHelper: Could not find Context-only controller for pref: com.android.settings.display.FoldLockBehaviorPreferenceController
04-14 17:25:52.445  7265 25669 D PrefCtrlListHelper: Could not find Context-only controller for pref: com.android.settings.display.ScreenTimeoutPreferenceController
04-14 17:25:52.445  7265 25669 D PrefCtrlListHelper: Could not find Context-only controller for pref: com.android.settings.display.DarkUIPreferenceController
04-14 17:25:52.445  7265 25669 D PrefCtrlListHelper: Could not find Context-only controller for pref: com.android.settings.accessibility.TextReadingFragmentForDisplaySettingsController
04-14 17:25:52.445  7265 25669 D PrefCtrlListHelper: Could not find Context-only controller for pref: com.android.settings.display.WidgetsOnLockscreenPreferenceController
04-14 17:25:52.445  7265 25669 D PrefCtrlListHelper: Could not find Context-only controller for pref: com.android.settings.display.ColorModePreferenceController
04-14 17:25:52.445  7265 25669 D PrefCtrlListHelper: Could not find Context-only controller for pref: com.android.settings.display.NightDisplayPreferenceController
04-14 17:25:52.445  7265 25669 D PrefCtrlListHelper: Could not find Context-only controller for pref: com.android.settings.display.ContrastPreferenceController
04-14 17:25:52.445  7265 25669 D PrefCtrlListHelper: Could not find Context-only controller for pref: com.nothing.settings.display.refreshrate.DisplayRefreshRatePreferenceController
04-14 17:25:52.445  7265 25669 D PrefCtrlListHelper: Could not find Context-only controller for pref: com.android.settings.display.AutoRotatePreferenceController
04-14 17:25:52.445  7265 25669 D PrefCtrlListHelper: Could not find Context-only controller for pref: com.android.settings.display.DeviceStateAutoRotateOverviewController
04-14 17:25:52.446  7265 25669 D PrefCtrlListHelper: Could not find Context-only controller for pref: com.android.settings.display.ScreenResolutionController
04-14 17:25:52.446  7265 25669 E ScreenResolutionController: No support
04-14 17:25:52.446  7265 25669 D PrefCtrlListHelper: Could not find Context-only controller for pref: com.android.settings.display.ScreenSaverPreferenceController
04-14 17:25:52.449  7265 25669 D PrefCtrlListHelper: Could not find Context-only controller for pref: com.android.settings.applications.specialaccess.interactacrossprofiles.InteractAcrossProfilesController
04-14 17:25:52.449  7265 25669 D PrefCtrlListHelper: Could not find Context-only controller for pref: com.android.settings.privacy.AccessibilityUsagePreferenceController
04-14 17:25:52.449  7265 25669 D PrefCtrlListHelper: Could not find Context-only controller for pref: com.android.settings.notification.LockScreenNotificationsPreferencePageController
04-14 17:25:52.449  7265 25669 D PrefCtrlListHelper: Could not find Context-only controller for pref: com.android.settings.sound.MediaControlsLockScreenPreferenceController
04-14 17:25:52.450  7265 25669 D PrefCtrlListHelper: Could not find Context-only controller for pref: com.android.settings.privacy.CameraExtensionsFallbackPreferenceController
04-14 17:25:52.450  7265 25669 D PrefCtrlListHelper: Could not find Context-only controller for pref: com.android.settings.privacy.EnableContentCapturePreferenceController
04-14 17:25:52.450  7265 25669 D PrefCtrlListHelper: Could not find Context-only controller for pref: com.android.settings.privacy.EnableContentCaptureWithServiceSettingsPreferenceController
04-14 17:25:52.450  7265 25669 D PrefCtrlListHelper: Could not find Context-only controller for pref: com.android.settings.network.CellularSecurityPreferenceController
04-14 17:25:52.450  7265 25669 D PrefCtrlListHelper: Could not find Context-only controller for pref: com.nothing.settings.security.PowerOffVerifyPreferenceController
04-14 17:25:52.450  7265 25669 D PrefCtrlListHelper: Could not find Context-only controller for pref: com.android.settings.security.ContentProtectionPreferenceController
04-14 17:25:52.450  7265 25669 D PrefCtrlListHelper: Could not find Context-only controller for pref: com.android.settings.enterprise.ManageDeviceAdminPreferenceController
04-14 17:25:52.450  7265 25669 D PrefCtrlListHelper: Could not find Context-only controller for pref: com.android.settings.enterprise.EnterprisePrivacyPreferenceController
04-14 17:25:52.450  7265 25669 D PrefCtrlListHelper: Could not find Context-only controller for pref: com.android.settings.enterprise.FinancedPrivacyPreferenceController
04-14 17:25:52.450  7265 25669 D PrefCtrlListHelper: Could not find Context-only controller for pref: com.android.settings.devicelock.DeviceLockPreferenceController
04-14 17:25:52.450  7265 25669 D PrefCtrlListHelper: Could not find Context-only controller for pref: com.android.settings.security.SimLockPreferenceController
04-14 17:25:52.450  7265 25669 D PrefCtrlListHelper: Could not find Context-only controller for pref: com.android.settings.security.EncryptionStatusPreferenceController
04-14 17:25:52.450  7265 25669 D PrefCtrlListHelper: Could not find Context-only controller for pref: com.android.settings.security.trustagent.ManageTrustAgentsPreferenceController
04-14 17:25:52.450  7265 25669 D PrefCtrlListHelper: Could not find Context-only controller for pref: com.android.settings.security.ScreenPinningPreferenceController
04-14 17:25:52.450  7265 25669 D PrefCtrlListHelper: Could not find Context-only controller for pref: com.android.settings.security.MemtagPagePreferenceController
04-14 17:25:52.450  7265 25669 W PrefControllerMixin: Skipping updateNonIndexableKeys due to empty key com.android.settings.notification.K@7137028
04-14 17:25:52.450  7265 25669 I ActiveUnlockStatusUtils: authority not set
04-14 17:25:52.451  7265 25669 I ActiveUnlockStatusUtils: authority not set
04-14 17:25:52.451  7265 25669 I ActiveUnlockStatusUtils: authority not set
04-14 17:25:52.451  7265 25669 I ActiveUnlockStatusUtils: authority not set
04-14 17:25:52.452  7265 25669 I ActiveUnlockStatusUtils: authority not set
04-14 17:25:52.452  7265 25669 I ActiveUnlockStatusUtils: authority not set
04-14 17:25:52.457  7265 25669 D PrefCtrlListHelper: Could not find Context-only controller for pref: com.nothing.settings.glyphs.flip.FlipToGlyphMuteController
04-14 17:25:52.457  7265 25669 D PrefCtrlListHelper: Could not find Context-only controller for pref: com.nothing.settings.glyphs.flip.GlyphFlipEssentialNotificationController
04-14 17:25:52.457  7265 25669 D PrefCtrlListHelper: Could not find Context-only controller for pref: com.nothing.settings.glyphs.flip.FlipToGlyphOnGlyphToyPreferenceController
04-14 17:25:52.457  7265 25669 D PrefCtrlListHelper: Could not find Context-only controller for pref: com.nothing.settings.glyphs.flip.FlipToGlyphShakeController
04-14 17:25:52.457  7265 25669 D PrefCtrlListHelper: Could not find Context-only controller for pref: com.nothing.settings.glyphs.flip.GlyphFlipCallerIdController
04-14 17:25:52.457  7265 25669 D PrefCtrlListHelper: Could not find Context-only controller for pref: com.nothing.settings.glyphs.flip.GlyphFlipChargingMeterController
04-14 17:25:52.458  7265 25669 D PrefCtrlListHelper: Could not find Context-only controller for pref: com.android.settings.datausage.UnrestrictedDataAccessPreferenceController
04-14 17:25:52.458  7265 25669 D PrefCtrlListHelper: Could not find Context-only controller for pref: com.android.settings.notification.PoliteNotificationGlobalPreferenceController
04-14 17:25:52.458  7265 25669 D PrefCtrlListHelper: Could not find Context-only controller for pref: com.android.settings.notification.PoliteNotifWorkProfileToggleController
04-14 17:25:52.458  7265 25669 D PrefCtrlListHelper: Could not find Context-only controller for pref: com.nothing.settings.game.GameIntelligentAntiDisconnectToggleController
04-14 17:25:52.458  7265 25669 D PrefCtrlListHelper: Could not find Context-only controller for pref: com.nothing.settings.game.GameIntelligentAntiDisconnectFooterController
04-14 17:25:52.458  7265 25669 V SettingsSearchProvider: com.nothing.settings.game.b@adba5e9 tried to add an empty non-indexable key
04-14 17:25:52.462  7265 25669 D FileUtils: Rounded bytes from 242580111360 to 256000000000
04-14 17:25:52.462  7265 25669 V GraphicsEnableAngleCtrl: Value of persist.graphics.egl is: 
04-14 17:25:52.462  7265 25669 D ForcePeakRefreshRateCtr: DEFAULT_REFRESH_RATE : 60.0 mPeakRefreshRate : 120.00001
04-14 17:25:52.463  7265 25669 D NonDdsSaSettings: NonDdsSaPreferenceController mSlotId = -1
04-14 17:25:52.463  7265 25669 W libc    : Access denied finding property "persist.vendor.qti.btadvaudio.target.support.xpan"
04-14 17:25:52.457  7265  7265 W binder:7265_10: type=1400 audit(0.0:26739): avc:  denied  { read } for  name="u:object_r:vendor_mpctl_prop:s0" dev="tmpfs" ino=490 scontext=u:r:system_app:s0 tcontext=u:object_r:vendor_mpctl_prop:s0 tclass=file permissive=0
04-14 17:25:52.466  7265 25669 D PrefCtrlListHelper: Could not find Context-only controller for pref: com.android.settings.spa.development.compat.PlatformCompatPreferenceController
04-14 17:25:52.466  7265 25669 D PrefCtrlListHelper: Could not find Context-only controller for pref: com.android.settings.notification.ImportanceResetPreferenceController
04-14 17:25:52.466  7265 25669 D PrefCtrlListHelper: Could not find Context-only controller for pref: com.android.settings.location.LocationIndicatorsPreferenceController
04-14 17:25:52.467  7265 25669 W PrefControllerMixin: Skipping updateNonIndexableKeys, key already in list. com.android.settings.development.R1@164bc6c
04-14 17:25:52.467  7265 25669 E BaseSearchIndex: com.android.settings.development.a must implement com.android.settings.core.u treating the key non-indexable
04-14 17:25:52.468   793   793 I hwservicemanager: getTransport: Cannot find entry android.hardware.dumpstate@1.1::IDumpstateDevice/default in either framework or device VINTF manifest.
04-14 17:25:52.468   793   793 I hwservicemanager: getTransport: Cannot find entry android.hardware.dumpstate@1.0::IDumpstateDevice/default in either framework or device VINTF manifest.
04-14 17:25:52.468  7265 25669 E BaseSearchIndex: com.android.settings.development.D1 must implement com.android.settings.core.u treating the key non-indexable
04-14 17:25:52.468  7265 25669 E BaseSearchIndex: com.android.settings.development.E1 must implement com.android.settings.core.u treating the key non-indexable
04-14 17:25:52.243   786   786 I servicemanager: Caller(pid=7265,uid=1000,sid=u:r:system_app:s0) Could not find android.hardware.dumpstate.IDumpstateDevice/default in the VINTF manifest. No alternative instances declared in VINTF.
04-14 17:25:52.469  7265 25669 E BaseSearchIndex: d2.c must implement com.android.settings.core.u treating the key non-indexable
04-14 17:25:52.470  7265 25669 D PrefCtrlListHelper: Could not find Context-only controller for pref: com.android.settings.notification.AdjustmentExcludedAppsPreferenceController
04-14 17:25:52.470  7265 25669 D PrefCtrlListHelper: Could not find Context-only controller for pref: com.android.settings.notification.BundleManageAppsPreferenceController
04-14 17:25:52.470  7265 25669 V SettingsSearchProvider: com.android.settings.notification.o@3cdcf07 tried to add an empty non-indexable key
04-14 17:25:52.470  7265 25669 D PrefCtrlListHelper: Could not find Context-only controller for pref: com.android.settings.accessibility.CaptioningLocalePreferenceController
04-14 17:25:52.470  7265 25669 D PrefCtrlListHelper: Could not find Context-only controller for pref: com.android.settings.accessibility.CaptioningFooterPreferenceController
04-14 17:25:52.486  6709  6792 I gs.intelligence: AssetManager2(0xb4000076b0ae61d8) locale list changing from [] to [de-DE]
04-14 17:25:52.488  2603  3429 D OomAdjuster: process : com.android.traceur, pid = 13497, isTop = false, uid = 10096, hasActivity = false
04-14 17:25:52.488  2603  3429 D OomAdjuster: process : com.android.traceur is not top!
04-14 17:25:52.488  2603  3429 D ActivityManager: sync unfroze 13497 com.android.traceur for 7
04-14 17:25:52.489  2603  3218 D BackgroundInstallControlService: Package event received: 0
04-14 17:25:52.489  2603  2639 I SensorService: checkAndReportAmbientLightSensorStateChangeLocked new 1 old 1 force 0
04-14 17:25:52.495  6709  6792 W IndexableDataCollector: Cannot add index data for Uri: content://com.android.traceur/settings/non_indexables_key
04-14 17:25:52.497  2603  3429 D OomAdjuster: process : com.google.android.accessibility.switchaccess, pid = 27932, isTop = false, uid = 10171, hasActivity = false
04-14 17:25:52.497  2603  3429 D OomAdjuster: process : com.google.android.accessibility.switchaccess is not top!
04-14 17:25:52.498  2603  3429 D ActivityManager: sync unfroze 27932 com.google.android.accessibility.switchaccess for 7
04-14 17:25:52.498  2603  3218 D BackgroundInstallControlService: Package event received: 0
04-14 17:25:52.499  2603  2639 I SensorService: checkAndReportAmbientLightSensorStateChangeLocked new 1 old 1 force 0
04-14 17:25:52.502  6709  6792 W IndexableDataCollector: Cannot add index data for Uri: content://com.google.android.accessibility.switchaccess.systemsettings.search.SwitchAccessSearchIndexablesProvider/settings/non_indexables_key
04-14 17:25:52.511  6709  6792 I gs.intelligence: AssetManager2(0xb4000076b0ad7db8) locale list changing from [] to [de-DE]
04-14 17:25:52.514  2603  3516 D OomAdjuster: process : com.google.android.apps.messaging, pid = 13512, isTop = false, uid = 10123, hasActivity = false
04-14 17:25:52.514  2603  3516 D OomAdjuster: process : com.google.android.apps.messaging is not top!
04-14 17:25:52.515  2603  3218 D BackgroundInstallControlService: Package event received: 0
04-14 17:25:52.516 13512 13549 I Bugle   : MessagesSearchIndexablesProvider: Querying NonIndexableKeys.
04-14 17:25:52.296  4638  4638 E simulated_ntc: proc_shell_write write invalid para
04-14 17:25:52.523  6709  6792 I gs.intelligence: AssetManager2(0xb4000076b0af3018) locale list changing from [] to [de-DE]
04-14 17:25:52.525  2603  3516 D OomAdjuster: process : com.google.android.apps.safetyhub, pid = 27956, isTop = false, uid = 10130, hasActivity = false
04-14 17:25:52.525  2603  3516 D OomAdjuster: process : com.google.android.apps.safetyhub is not top!
04-14 17:25:52.526  2603  3516 D ActivityManager: sync unfroze 27956 com.google.android.apps.safetyhub for 7
04-14 17:25:52.526  2603  3218 D BackgroundInstallControlService: Package event received: 0
04-14 17:25:52.527  2603  2639 I SensorService: checkAndReportAmbientLightSensorStateChangeLocked new 1 old 1 force 0
04-14 17:25:52.529  6709  6792 W IndexableDataCollector: Cannot add index data for Uri: content://com.google.android.apps.safetyhub.platformsettings.searchindexablesprovider/settings/non_indexables_key
04-14 17:25:52.533  6709  6792 I gs.intelligence: AssetManager2(0xb4000076b0af10d8) locale list changing from [] to [de-DE]
04-14 17:25:52.535  2603  3429 D OomAdjuster: process : com.google.android.apps.wellbeing, pid = 27981, isTop = false, uid = 10133, hasActivity = false
04-14 17:25:52.535  2603  3429 D OomAdjuster: process : com.google.android.apps.wellbeing is not top!
04-14 17:25:52.535  2603  3429 D ActivityManager: sync unfroze 27981 com.google.android.apps.wellbeing for 7
04-14 17:25:52.536  2603  3218 D BackgroundInstallControlService: Package event received: 0
04-14 17:25:52.536  2603  2639 I SensorService: checkAndReportAmbientLightSensorStateChangeLocked new 1 old 1 force 0
04-14 17:25:52.334 13830 13830 I [kworke][0x5fbfbc31bc][15:25:52.558011] qca6490: [13830:I:PMO] pmo_core_enable_wow_in_fw: drv wow is enabled
04-14 17:25:52.576  6709  6792 I gs.intelligence: AssetManager2(0xb4000076b0af3658) locale list changing from [] to [de-DE]
04-14 17:25:52.577  2603  3429 D OomAdjuster: process : com.google.android.cellbroadcastreceiver, pid = 7473, isTop = false, uid = 10228, hasActivity = false
04-14 17:25:52.577  2603  3429 D OomAdjuster: process : com.google.android.cellbroadcastreceiver is not top!
04-14 17:25:52.578  2603  2639 I SensorService: checkAndReportAmbientLightSensorStateChangeLocked new 1 old 1 force 0
04-14 17:25:52.579  7473 28078 D CellBroadcastSettings: isShowFullScreenMessageVisible : false
04-14 17:25:52.581  2603  3218 D BackgroundInstallControlService: Package event received: 0
04-14 17:25:52.582  6709  6792 I gs.intelligence: AssetManager2(0xb4000076b0aed578) locale list changing from [] to [de-DE]
04-14 17:25:52.583  2603  3429 D OomAdjuster: process : com.google.android.gms.ui, pid = 24004, isTop = false, uid = 10124, hasActivity = false
04-14 17:25:52.583  2603  3429 D OomAdjuster: process : com.google.android.gms.ui is not top!
04-14 17:25:52.583  2603  3429 D ActivityManager: sync unfroze 24004 com.google.android.gms.ui for 7
04-14 17:25:52.584  2603  3218 D BackgroundInstallControlService: Package event received: 0
04-14 17:25:52.591  3954  3954 D BoundBrokerSvc: onUnbind: Intent { act=com.google.android.gms.instantapps.START xflg=0x4 pkg=com.google.android.gms }
04-14 17:25:52.591  3954  3954 D BoundBrokerSvc: onUnbind: Intent { act=com.google.android.gms.trustagent.BridgeApi.START dat=chimera-action:/... xflg=0x4 cmp=com.google.android.gms/.chimera.PersistentInternalApiService }
04-14 17:25:52.640 24004 16883 I AutofillSettingsIntentO: Adding search indexing for SMS Code Autofill settings. [CONTEXT service_id=177 ]
04-14 17:25:52.643 24004 16884 I CAR.DRIVINGMODE: DrivingMode Settings Indexed from the location module
04-14 17:25:52.644 24004 16879 E LoadManifestTask: Can't find Chimera operation impl class com.google.android.gms.people.settings.PeopleInternalSettingsChimeraActivity$MenagerieInternalDebugSettingsOperation dropping operation
04-14 17:25:52.644 24004 16879 E LoadManifestTask: java.lang.ClassNotFoundException: Didn't find class "com.google.android.gms.people.settings.PeopleInternalSettingsChimeraActivity$MenagerieInternalDebugSettingsOperation" on path: DexPathList[[zip file "/data/app/~~J1WDk1c19nEuijaahpGQDA==/com.google.android.gms-2A6F6vUXgYzn0s6hs02VYA==/base.apk"],nativeLibraryDirectories=[/data/app/~~J1WDk1c19nEuijaahpGQDA==/com.google.android.gms-2A6F6vUXgYzn0s6hs02VYA==/lib/arm64, /data/app/~~J1WDk1c19nEuijaahpGQDA==/com.google.android.gms-2A6F6vUXgYzn0s6hs02VYA==/base.apk!/lib/arm64-v8a, /system/lib64, /system_ext/lib64]]
04-14 17:25:52.644 24004 16879 E LoadManifestTask: 	at dalvik.system.BaseDexClassLoader.findClass(BaseDexClassLoader.java:259)
04-14 17:25:52.644 24004 16879 E LoadManifestTask: 	at java.lang.ClassLoader.loadClass(ClassLoader.java:642)
04-14 17:25:52.644 24004 16879 E LoadManifestTask: 	at java.lang.ClassLoader.loadClass(ClassLoader.java:578)
04-14 17:25:52.644 24004 16879 E LoadManifestTask: 	at aayq.<init>(:com.google.android.gms@261332035@26.13.32 (260400-895912391):27)
04-14 17:25:52.644 24004 16879 E LoadManifestTask: 	at bcrc.<init>(:com.google.android.gms@261332035@26.13.32 (260400-895912391):6)
04-14 17:25:52.644 24004 16879 E LoadManifestTask: 	at bcrg.a(:com.google.android.gms@261332035@26.13.32 (260400-895912391):3)
04-14 17:25:52.644 24004 16879 E LoadManifestTask: 	at aayx.run(:com.google.android.gms@261332035@26.13.32 (260400-895912391):477)
04-14 17:25:52.644 24004 16879 E LoadManifestTask: 	at aayr.run(:com.google.android.gms@261332035@26.13.32 (260400-895912391):44)
04-14 17:25:52.644 24004 16879 E LoadManifestTask: 	at gztg.run(:com.google.android.gms@261332035@26.13.32 (260400-895912391):19)
04-14 17:25:52.644 24004 16879 E LoadManifestTask: 	at java.util.concurrent.ThreadPoolExecutor.runWorker(ThreadPoolExecutor.java:1154)
04-14 17:25:52.644 24004 16879 E LoadManifestTask: 	at java.util.concurrent.ThreadPoolExecutor$Worker.run(ThreadPoolExecutor.java:652)
04-14 17:25:52.644 24004 16879 E LoadManifestTask: 	at java.lang.Thread.run(Thread.java:1564)
04-14 17:25:52.646  3954  7077 I Multidevice: (REDACTED) [FeatureSettingsApiService] onGetService called from: %s
04-14 17:25:52.646  3954  7077 I Multidevice: [FeatureSettingsApiService] Created API Stub. [CONTEXT service_id=348 ]
04-14 17:25:52.652  3954  3954 D BoundBrokerSvc: onBind: Intent { act=com.google.android.gms.instantapps.START xflg=0x4 pkg=com.google.android.gms }
04-14 17:25:52.652  3954  3954 D BoundBrokerSvc: Loading bound service for intent: Intent { act=com.google.android.gms.instantapps.START xflg=0x4 pkg=com.google.android.gms }
04-14 17:25:52.654 24004 16884 I Nearby  : (REDACTED) is blocked device type %s, isAuto=%s, isIot=%s, isLatchsky=%s, isChinaWearable=%s, isTv=%s, isWearable=%s (supportWearOs=%s), isChromeOsDevice=%s (supportChromeOs=%s)
04-14 17:25:52.655  3954 16520 I Multidevice: (REDACTED) [FeatureSettingsApiService] getXdFeatureStatus( %s ): %s
04-14 17:25:52.660 24004 16879 I QuickStart: [XosFlowLauncher] isOsMigrationSupported: flag or system property is not set
04-14 17:25:52.660 24004 16879 W QuickStart: [XosGoogleSettingsIntentOperation] All xOS flows are unsupported
04-14 17:25:52.664 24004 16882 I SpatulaSettingsModuleIn: Spatula Settings item fetched [CONTEXT service_id=386 ]
04-14 17:25:52.672 24004 16880 I DRIVINGMODE: isAllowedProfile = true
04-14 17:25:52.673 24004 16880 W PersonalSafety: Debug page in internal setting true, true, false  [CONTEXT service_id=310 ]
04-14 17:25:52.673 24004 16882 I PersonalSafety: (REDACTED) Displaying Google Setting item %b, %b, %b 
04-14 17:25:52.674  2603  5568 D BiometricService: canAuthenticate: User=0, Caller=0, Authenticators=65536
04-14 17:25:52.674  2603  5568 D BiometricService/PreAuthInfo: getCanAuthenticateInternal Modality: 0 AuthenticatorStatus: 13
04-14 17:25:52.674  2603  5568 D AuthService: canAuthenticate, userId: 0, callingUserId: 0, authenticators: 65536, result: 20
04-14 17:25:52.675  2603  3516 D BiometricService: canAuthenticate: User=0, Caller=0, Authenticators=15
04-14 17:25:52.675  2603  3516 D BiometricService/PreAuthInfo: Package: com.google.android.gms Sensor ID: 0 Modality: 2 User id: 0 Status: 1
04-14 17:25:52.675  2603  3516 D BiometricService/PreAuthInfo: Package: com.google.android.gms Sensor ID: 4 Modality: 8 User id: 0 Status: 4
04-14 17:25:52.675  2603  3516 D BiometricService/PreAuthInfo: getCanAuthenticateInternal Modality: 2 AuthenticatorStatus: 1
04-14 17:25:52.675  2603  3516 D AuthService: canAuthenticate, userId: 0, callingUserId: 0, authenticators: 15, result: 0
04-14 17:25:52.675  3954  3954 D BoundBrokerSvc: onBind: Intent { act=com.google.android.gms.trustagent.BridgeApi.START dat=chimera-action:/... xflg=0x4 cmp=com.google.android.gms/.chimera.PersistentInternalApiService }
04-14 17:25:52.675  3954  3954 D BoundBrokerSvc: Loading bound service for intent: Intent { act=com.google.android.gms.trustagent.BridgeApi.START dat=chimera-action:/... xflg=0x4 cmp=com.google.android.gms/.chimera.PersistentInternalApiService }
04-14 17:25:52.680 24004 24103 I .android.gms.ui: Explicit concurrent mark compact GC freed 4370KB AllocSpace bytes, 0(0B) LOS objects, 50% free, 8023KB/15MB, paused 2.415ms,2.915ms total 90.568ms
04-14 17:25:52.683  3954 16520 I Trustlet_Onbody: Trustlet onbody is supported. [CONTEXT service_id=294 ]
04-14 17:25:52.684  3954 16520 I Trustlet_Place: (REDACTED) [PlaceTrustletChimeraService] Trusted Places isSupported: %s
04-14 17:25:52.687  1463  5110 E ANDR-PERF-LM: VmRssMeter:: start() 358: Could not find pid, can not collect vmrss data
04-14 17:25:52.690 24004 24122 W IndexableItem: indexing key is not set:Intent { act=com.google.android.googlequicksearchbox.action.PRIVACY_SETTINGS flg=0x10000000 cmp=com.google.android.googlequicksearchbox/com.google.android.apps.gsa.velvet.ui.settings.PublicSettingsActivity } [CONTEXT service_id=231 ]
04-14 17:25:52.692 24004 24122 W IndexableItem: indexing key is not set:Intent { flg=0x10000000 cmp=com.google.android.gms/.auth.managed.ui.SetupWorkProfileActivity (has extras) } [CONTEXT service_id=231 ]
04-14 17:25:52.696  1463  5111 E ANDR-PERF-LM: VmRssMeter:: start() 358: Could not find pid, can not collect vmrss data
04-14 17:25:52.696  1463  5111 E ANDR-PERF-LM: AdaptiveLaunch: writeToDataBase() 64: Meter aborted or could not get meter data for this run
04-14 17:25:52.697 24004 24122 W IndexableItem: indexing key is not set:Intent { act=com.google.android.gms.fido.fido2.ui.hybrid.LINKED_DEVICES_SETTINGS cat=[android.intent.category.DEFAULT] pkg=com.google.android.gms } [CONTEXT service_id=231 ]
04-14 17:25:52.697 24004 24122 W IndexableItem: indexing key is not set:Intent { act=android.settings.SYSTEM_SERVICES_MANAGEMENT pkg=com.android.vending } [CONTEXT service_id=231 ]
04-14 17:25:52.703 24004 24122 W IndexableItem: indexing key is not set:Intent { cmp=com.google.android.gms/.locationsharing.activity.LocationSharingRedirectActivity } [CONTEXT service_id=231 ]
04-14 17:25:52.714 24004 24122 W IndexableItem: indexing key is not set:Intent { cmp=com.google.android.gms/.romanesco.restore.settings.ContactsRestoreSettingsActivity } [CONTEXT service_id=231 ]
04-14 17:25:52.715 24004 24122 W IndexableItem: indexing key is not set:Intent { cmp=com.google.android.gms/.spatula.settings.ui.SpatulaSettingsActivity } [CONTEXT service_id=231 ]
04-14 17:25:52.716 24004 24122 W IndexableItem: indexing key is not set:Intent { act=com.google.android.gms.settings.SMART_DEVICE_DISCOVERY cat=[android.intent.category.DEFAULT] pkg=com.google.android.gms (has extras) } [CONTEXT service_id=231 ]
04-14 17:25:52.724  6709  6792 W LocaleConfig: The resource file pointed to by the given resource ID isn't found.
04-14 17:25:52.731  6709  6792 I gs.intelligence: AssetManager2(0xb4000076b0aefaf8) locale list changing from [] to [de-DE]
04-14 17:25:52.734  2603  3429 D OomAdjuster: process : com.google.android.googlequicksearchbox:search, pid = 7504, isTop = false, uid = 10138, hasActivity = false
04-14 17:25:52.734  2603  3429 D OomAdjuster: process : com.google.android.googlequicksearchbox:search is not top!
04-14 17:25:52.735  2603  3218 D BackgroundInstallControlService: Package event received: 0
04-14 17:25:52.736  6709  6792 W LocaleConfig: The resource file pointed to by the given resource ID isn't found.
04-14 17:25:52.739  6709  6792 W LocaleConfig: The resource file pointed to by the given resource ID isn't found.
04-14 17:25:52.743  6709  6792 I gs.intelligence: AssetManager2(0xb4000076b0af3978) locale list changing from [] to [de-DE]
04-14 17:25:52.743  2603  3429 D OomAdjuster: process : com.google.android.healthconnect.controller, pid = 28011, isTop = false, uid = 10221, hasActivity = false
04-14 17:25:52.743  2603  3429 D OomAdjuster: process : com.google.android.healthconnect.controller is not top!
04-14 17:25:52.744  2603  3429 D ActivityManager: sync unfroze 28011 com.google.android.healthconnect.controller for 7
04-14 17:25:52.745  2603  2639 I SensorService: checkAndReportAmbientLightSensorStateChangeLocked new 1 old 1 force 0
04-14 17:25:52.746  2603  3218 D BackgroundInstallControlService: Package event received: 0
04-14 17:25:52.751  6645 16238 W SettingsSearchIndexablesProvider: SettingsSearchIndexablesProvider.queryNonIndexableKeys():211 Settings search is disabled, unlocked=true, flag=false
04-14 17:25:52.752  2603  3218 D BackgroundInstallControlService: Package event received: 0
04-14 17:25:52.754  5310 14223 I egip    : (REDACTED) appOpsListener %s %s
04-14 17:25:52.754  5310 14223 I egip    : (REDACTED) Ignoring irrelevant audio permission changes for package %s
04-14 17:25:52.759  2603  3429 D OomAdjuster: process : com.google.android.marvin.talkback, pid = 28029, isTop = false, uid = 10147, hasActivity = false
04-14 17:25:52.759  2603  3429 D OomAdjuster: process : com.google.android.marvin.talkback is not top!
04-14 17:25:52.759  2603  3429 D ActivityManager: sync unfroze 28029 com.google.android.marvin.talkback for 7
04-14 17:25:52.760  2603  2639 I SensorService: checkAndReportAmbientLightSensorStateChangeLocked new 1 old 1 force 0
04-14 17:25:52.761  2603  3218 D BackgroundInstallControlService: Package event received: 0
04-14 17:25:52.765  2603  5568 D OomAdjuster: process : com.google.android.permissioncontroller, pid = 7577, isTop = false, uid = 10218, hasActivity = false
04-14 17:25:52.765  2603  5568 D OomAdjuster: process : com.google.android.permissioncontroller is not top!
04-14 17:25:52.765  2603  5568 D ActivityManager: sync unfroze 7577 com.google.android.permissioncontroller for 7
04-14 17:25:52.766  2603  3218 D BackgroundInstallControlService: Package event received: 0
04-14 17:25:52.766  2603  2639 I SensorService: checkAndReportAmbientLightSensorStateChangeLocked new 1 old 1 force 0
04-14 17:25:52.777  2603  3429 I system_server: AssetManager2(0xb4000076b0c11eb8) locale list changing from [] to [de-DE]
04-14 17:25:52.778  2603  3429 E system_server: No package ID 7f found for resource ID 0x7f180015.
04-14 17:25:52.778  2603  3429 W LocaleConfig: The resource file pointed to by the given resource ID isn't found.
04-14 17:25:52.780  2603  3429 I system_server: AssetManager2(0xb4000076b0c77498) locale list changing from [] to [de-DE]
04-14 17:25:52.783  2603  3429 I system_server: AssetManager2(0xb4000076b0c13178) locale list changing from [] to [de-DE]
04-14 17:25:52.795  2603  3429 D OomAdjuster: process : com.google.android.projection.gearhead:projection, pid = 28073, isTop = false, uid = 10125, hasActivity = false
04-14 17:25:52.795  2603  3429 D OomAdjuster: process : com.google.android.projection.gearhead:projection is not top!
04-14 17:25:52.796  2603  3429 D ActivityManager: sync unfroze 28073 com.google.android.projection.gearhead:projection for 7
04-14 17:25:52.797  2603  2639 I SensorService: checkAndReportAmbientLightSensorStateChangeLocked new 1 old 1 force 0
04-14 17:25:52.797  2603  3218 D BackgroundInstallControlService: Package event received: 0
04-14 17:25:52.798  5310 14223 I egip    : (REDACTED) appOpsListener %s %s
04-14 17:25:52.799  5310 14223 I egip    : (REDACTED) Ignoring irrelevant audio permission changes for package %s
04-14 17:25:52.799  2603  3429 D OomAdjuster: process : com.nothing.essentialintelligence, pid = 28096, isTop = false, uid = 10549, hasActivity = false
04-14 17:25:52.799  2603  3429 D OomAdjuster: system app not need limit!
04-14 17:25:52.799  2603  3429 D ActivityManager: sync unfroze 28096 com.nothing.essentialintelligence for 7
04-14 17:25:52.800  2603  3218 D BackgroundInstallControlService: Package event received: 0
04-14 17:25:52.800  2603  2639 I SensorService: checkAndReportAmbientLightSensorStateChangeLocked new 1 old 1 force 0
04-14 17:25:52.805  2603  5568 D OomAdjuster: process : com.nothing.userguide, pid = 24315, isTop = false, uid = 10430, hasActivity = false
04-14 17:25:52.805  2603  5568 D OomAdjuster: system app not need limit!
04-14 17:25:52.805  2603  5568 D ActivityManager: sync unfroze 24315 com.nothing.userguide for 7
04-14 17:25:52.806  1368  4202 I vendor.qti.bluetooth@1.0-ibs_handler: ProcessIbsCmd: Received IBS_WAKE_IND: 0xFD
04-14 17:25:52.806  1368  4202 I vendor.qti.bluetooth@1.0-ibs_handler: ProcessIbsCmd: Writing IBS_WAKE_ACK
04-14 17:25:52.806  2603  2639 I SensorService: checkAndReportAmbientLightSensorStateChangeLocked new 1 old 1 force 0
04-14 17:25:52.807  2603  3218 D BackgroundInstallControlService: Package event received: 0
04-14 17:25:52.807  6709  6792 D IndexDataConverter: Converting pre-index data to index data took: 0
04-14 17:25:52.808  6709  6792 D ActivityEmbeddingUtils: isEmbeddingActivityEnabled : false
04-14 17:25:52.808  6709  6792 I HighlightableMenu: isFeatureEnabled: false
04-14 17:25:52.847  1368  4202 I vendor.qti.bluetooth@1.0-ibs_handler: ProcessIbsCmd: Received IBS_SLEEP_IND: 0xFE
04-14 17:25:52.932  3524  4239 I bt_shim_scanner: system/main/shim/le_scanning_manager.cc:376 BatchscanReadReports: in shim layer
04-14 17:25:52.933  1368  1368 I vendor.qti.bluetooth@1.0-ibs_handler: DeviceWakeUp: Writing IBS_WAKE_IND
04-14 17:25:52.933  1368  4202 I vendor.qti.bluetooth@1.0-ibs_handler: ProcessIbsCmd: Received IBS_WAKE_ACK: 0xFC
04-14 17:25:52.935  1368  4202 I vendor.qti.bluetooth@1.0-ibs_handler: ProcessIbsCmd: Signal wack_cond_
04-14 17:25:52.935  1368  4202 I vendor.qti.bluetooth@1.0-ibs_handler: ProcessIbsCmd: Received IBS_WAKE_IND: 0xFD
04-14 17:25:52.935  1368  4202 I vendor.qti.bluetooth@1.0-ibs_handler: ProcessIbsCmd: Writing IBS_WAKE_ACK
04-14 17:25:52.937  3524  4210 W BluetoothMetricsLogger: count is not larger than 0. count: 0 key: 120302
04-14 17:25:52.937  3524  4210 W BluetoothMetricsLogger: count is not larger than 0. count: 0 key: 120305
04-14 17:25:52.976  1368  4202 I vendor.qti.bluetooth@1.0-ibs_handler: ProcessIbsCmd: Received IBS_SLEEP_IND: 0xFE
04-14 17:25:53.083  1368  4202 I vendor.qti.bluetooth@1.0-ibs_handler: ProcessIbsCmd: Received IBS_WAKE_IND: 0xFD
04-14 17:25:53.083  1368  4202 I vendor.qti.bluetooth@1.0-ibs_handler: ProcessIbsCmd: Writing IBS_WAKE_ACK
04-14 17:25:53.119  3954  3954 D BoundBrokerSvc: onRebind: Intent { act=com.google.android.gms.libs.gmscorelogger.service.START dat=chimera-action:/... xflg=0x4 cmp=com.google.android.gms/.chimera.PersistentDirectBootAwareApiService }
04-14 17:25:53.124  1368  4202 I vendor.qti.bluetooth@1.0-ibs_handler: ProcessIbsCmd: Received IBS_SLEEP_IND: 0xFE
04-14 17:25:53.211  2603  3132 D WifiStaIfaceHidlImpl: getCachedScanData is not implemented by HIDL
04-14 17:25:53.387  2603  3218 D BackgroundInstallControlService: Package event received: 0
04-14 17:25:53.387  2603  5568 D OomAdjuster: process : com.lemon.lvoverseas, pid = 30431, isTop = false, uid = 10332, hasActivity = false
04-14 17:25:53.387  2603  5568 D OomAdjuster: process : com.lemon.lvoverseas is not top!
04-14 17:25:53.388  2603  5568 D OomAdjuster: process : com.lemon.lvoverseas:push, pid = 30793, isTop = false, uid = 10332, hasActivity = false
04-14 17:25:53.388  2603  5568 D OomAdjuster: process : com.lemon.lvoverseas:push is not top!
04-14 17:25:53.391  2603  3218 D BackgroundInstallControlService: Package event received: 0
04-14 17:25:53.391  2603  3218 D BackgroundInstallControlService: Package event received: 0
04-14 17:25:53.250     0     0 I [    C5] [irq][0x5fc0c8936e][15: 25:53.474086] qca6490: [0:I:HIF] hif_wake_interrupt_handler: wake interrupt received on irq 340
04-14 17:25:53.250     0     0 I [    C5] [irq][0x5fc0c8964c][15: 25:53.474125] qca6490: [0:I:HIF] hif_pm_runtime_request_resume: request runtime PM resume, rtpm_dbgid(15,RTPM_ID_WAKE_INTR_HANDLER)
04-14 17:25:53.254 16764 16764 I [kworke][0x5fc0c9ee10][15:25:53.478708] qca6490: [16764:I:PMO] pmo_core_psoc_send_host_wakeup_ind_to_fw: Host wakeup indication sent to fw
04-14 17:25:53.264     0     0 I [    C5] [soft_i][0x5fc0ccbc92][15: 25:53.488288] qca6490: [0:I:WMA] WLAN triggered wakeup: BPF_ALLOW (39), vdev: 0 (STA)
04-14 17:25:53.264     0     0 I [    C5] [soft_i][0x5fc0cccc08][15: 25:53.488494] qca6490: [0:I:WMA] wma_wake_event_packet: Wake event packet:
04-14 17:25:53.264     0     0 I [    C5] [soft_i][0x5fc0ccce95][15: 25:53.488528] qca6490: [0:I:WMA] 00000000: f6 65 ef 9b 26 13 c8 0e 14 2f 4d c2 86 dd 60 01
04-14 17:25:53.264     0     0 I [    C5] [soft_i][0x5fc0cccf1d][15: 25:53.488536] qca6490: [0:I:WMA] 00000010: a4 9f 00 3b 06 32 26 03 10 20 02 06 00 04 00 00
04-14 17:25:53.264     0     0 I [    C5] [soft_i][0x5fc0cccfa3][15: 25:53.488543] qca6490: [0:I:WMA] 00000020: 00 00 00 00 02 08 20 01 09 e8 0b 62 23 00 90 1f
04-14 17:25:53.264     0     0 I [    C5] [soft_i][0x5fc0ccd018][15: 25:53.488549] qca6490: [0:I:WMA] 00000030: 62 3f 13 31 dc 60 01 bb a3 0c 21 a5 9a cb db e3
04-14 17:25:53.264     0     0 I [    C5] [soft_i][0x5fc0ccd091][15: 25:53.488555] qca6490: [0:I:WMA] 00000040: 73 35 80 18 03 f3 55 7c 00 00 01 01 08 0a 0f 88
04-14 17:25:53.264     0     0 I [    C5] [soft_i][0x5fc0ccd107][15: 25:53.488561] qca6490: [0:I:WMA] 00000050: b1 f2 20 98 94 80 17 03 03 00 16 f5 98 c2 03 2e
04-14 17:25:53.264     0     0 I [    C5] [soft_i][0x5fc0ccd257][15: 25:53.488579] qca6490: [0:I:WMA] 00000060: 0e 26 ef 72 6b 5e cf 3f ef 10 87 84 c4 da e6 44
04-14 17:25:53.264     0     0 I [    C5] [soft_i][0x5fc0ccd2ca][15: 25:53.488585] qca6490: [0:I:WMA] 00000070: 5b
04-14 17:25:53.264     0     0 I [    C5] [soft_i][0x5fc0ccd65b][15: 25:53.488632] qca6490: [0:I:WMA] wma_log_pkt_ipv6: Pkt_len: 59, src_port: 443, dst_port: 41740
04-14 17:25:53.703  3327  3327 D TimeoutHandler: cancel timeout
04-14 17:25:53.935  1368  4205 I vendor.qti.bluetooth@1.0-ibs_handler: DeviceSleep: TX Awake, Sending SLEEP_IND
04-14 17:25:54.012  1368  4202 I vendor.qti.bluetooth@1.0-ibs_handler: ProcessIbsCmd: Received IBS_WAKE_IND: 0xFD
