04-14 11:32:13.522  2603  3143 D InetDiagMessage: Destroyed 0 sockets, proto=IPPROTO_TCP, family=AF_INET6, states=14
04-14 11:32:13.522  2603  3143 D InetDiagMessage: Destroyed live tcp sockets for uids={10400} in 3ms
04-14 11:32:13.525  7117  8832 I android.vending: AssetManager2(0xb4000076b0baacb8) locale list changing from [] to [de-DE]
04-14 11:32:13.527  7117  8832 I android.vending: AssetManager2(0xb4000076b0badb98) locale list changing from [] to [de-DE]
04-14 11:32:13.527   780   780 D lowmemorykiller: medium pressure event polling check
04-14 11:32:13.528   780   780 I lowmemorykiller: nr_free_pages: 41271 nr_inactive_file: 784146 nr_active_file: 308199 workingset_refault: 3762335 pgrefill: 7539843 pgscan_kswapd: 33567255 pgscan_direct: 964528 pgscan_direct_throttle: 0 init_pgscan_direct: 963397 init_pgscan_kswapd: 33534491 base_file_lru: 1101194 init_ws_refault: 3753272 free_swap: 390642 total_swap: 1048575 swap_free_percentage: 37%
04-14 11:32:13.528   780   780 D lowmemorykiller: thrashing: 0% thrashing_limit: 30%
04-14 11:32:13.528   780   780 D lowmemorykiller: Not killing for medium pressure event polling check
04-14 11:32:13.531 23691 23697 W epperstoneuk.ct: userfaultfd: MOVE ioctl seems unsupported: Connection timed out
04-14 11:32:13.535  7117  8832 I android.vending: AssetManager2(0xb4000076b0ba8a58) locale list changing from [] to [de-DE]
04-14 11:32:13.537 26153 26153 D FirebaseSessions: Dependency to CRASHLYTICS added.
04-14 11:32:13.537 26153 26153 I FirebaseApp: Device unlocked: initializing all Firebase APIs for app [DEFAULT]
04-14 11:32:13.544 26153 26153 D nativeloader: Load /data/app/~~VMPoQAEWunZrLUX_gsV25g==/de.is24.android-Yw-QHt25uSPxuPasMPiR7g==/split_config.arm64_v8a.apk!/lib/arm64-v8a/libdatastore_shared_counter.so using class loader ns clns-9 (caller=/data/app/~~VMPoQAEWunZrLUX_gsV25g==/de.is24.android-Yw-QHt25uSPxuPasMPiR7g==/base.apk!classes3.dex): ok
04-14 11:32:13.544  7117  8832 I android.vending: AssetManager2(0xb4000076b0ba80f8) locale list changing from [] to [de-DE]
04-14 11:32:13.547 26153 26153 D FirebaseSessions: Initializing Firebase Sessions 3.0.4.
04-14 11:32:13.549  7117  8832 I android.vending: AssetManager2(0xb4000076b0bab2f8) locale list changing from [] to [de-DE]
04-14 11:32:13.553  7117  8832 I android.vending: AssetManager2(0xb4000076b0ad5838) locale list changing from [] to [de-DE]
04-14 11:32:13.557 26153 26153 I FirebaseCrashlytics: Initializing Firebase Crashlytics 20.0.4 for de.is24.android
04-14 11:32:13.562  2603  3218 D BackgroundInstallControlService: Package event received: 0
04-14 11:32:13.563  7117  8832 I android.vending: AssetManager2(0xb4000076b0b10b18) locale list changing from [] to [de-DE]
04-14 11:32:13.565  7117  8832 I android.vending: AssetManager2(0xb4000076b0b3e338) locale list changing from [] to [de-DE]
04-14 11:32:13.567 26153 26153 D FirebaseSessions: Subscriber CRASHLYTICS registered.
04-14 11:32:13.568 26153 26185 D FirebaseSessions: Notified CRASHLYTICS of new session 9ad5c8174b94403d92084b3aebb5dc3e
04-14 11:32:13.569 26153 26185 D FirebaseSessions: Fetching settings from server.
04-14 11:32:13.572 26153 26180 E FirebaseSessions: Error failed to fetch the remote configs: Unable to resolve host "firebase-settings.crashlytics.com": No address associated with hostname
04-14 11:32:13.573 26153 26181 E FirebaseCrashlytics: Settings request failed.
04-14 11:32:13.574  7117  8832 I android.vending: AssetManager2(0xb4000076b0bac5b8) locale list changing from [] to [de-DE]
04-14 11:32:13.575 26153 26153 I FirebaseInitProvider: FirebaseApp initialization successful
04-14 11:32:13.575 26153 26153 D Tealium-1.9.2: Initializing Tealium ActivityManager
04-14 11:32:13.576 26153 26153 D Tealium-1.9.2: Tealium ActivityManager init successful
04-14 11:32:13.576  2603  4317 D FileUtils: Rounded bytes from 11807469568 to 16000000000
04-14 11:32:13.577 26153 26195 E ashmem  : Pinning is deprecated since Android Q. Please use trim or other methods.
04-14 11:32:13.580  2603  3143 D InetDiagMessage: Destroyed 0 sockets, proto=IPPROTO_TCP, family=AF_INET, states=14
04-14 11:32:13.582  7117  8832 I android.vending: AssetManager2(0xb4000076b0badeb8) locale list changing from [] to [de-DE]
04-14 11:32:13.582  2603  3143 D InetDiagMessage: Destroyed 2 sockets, proto=IPPROTO_TCP, family=AF_INET6, states=14
04-14 11:32:13.582  2603  3143 D InetDiagMessage: Destroyed live tcp sockets for uids={10347} in 2ms
04-14 11:32:13.582 26153 26189 W de.is24.android: ClassLoaderContext classpath size mismatch. expected=1, found=0 (DLC[];PCL[base.apk*3395480911]{PCL[/system/framework/org.apache.http.legacy.jar*4247870504]#PCL[/system/framework/com.android.location.provider.jar*1570284764]#PCL[/system/framework/com.android.media.remotedisplay.jar*487574312]#PCL[/system_ext/framework/com.android.extensions.appfunctions.jar*2880224042]#PCL[/system_ext/framework/androidx.window.extensions.jar*2649168746]#PCL[/system_ext/framework/androidx.window.sidecar.jar*2491547954]} | DLC[];PCL[])
04-14 11:32:13.583  2603  3143 D InetDiagMessage: Destroyed 0 sockets, proto=IPPROTO_TCP, family=AF_INET, states=14
04-14 11:32:13.583  7117  8832 I android.vending: AssetManager2(0xb4000076b0ba8738) locale list changing from [] to [de-DE]
04-14 11:32:13.584 26153 26183 I FirebaseCrashlytics: Saved version control info
04-14 11:32:13.584  2603  3143 D InetDiagMessage: Destroyed 0 sockets, proto=IPPROTO_TCP, family=AF_INET6, states=14
04-14 11:32:13.584  2603  3143 D InetDiagMessage: Destroyed live tcp sockets for uids={20347} in 2ms
04-14 11:32:13.587 26153 26189 I DynamiteModule: Considering local module com.google.android.gms.measurement.dynamite:185 and remote module com.google.android.gms.measurement.dynamite:185
04-14 11:32:13.587 26153 26189 I DynamiteModule: Selected local version of com.google.android.gms.measurement.dynamite
04-14 11:32:13.591  7117  8832 I android.vending: AssetManager2(0xb4000076b0bac8d8) locale list changing from [] to [de-DE]
04-14 11:32:13.591 26153 26153 D LicenseClient: Connecting to the licensing service...
04-14 11:32:13.599 26153 26153 W DynamiteModule: Local module descriptor class for com.google.android.gms.providerinstaller.dynamite not found.
04-14 11:32:13.599  3954  6393 W ProviderHelper: Unknown dynamite feature providerinstaller.dynamite
04-14 11:32:13.600 26153 26153 I DynamiteModule: Considering local module com.google.android.gms.providerinstaller.dynamite:0 and remote module com.google.android.gms.providerinstaller.dynamite:0
04-14 11:32:13.600  7117  8832 I android.vending: AssetManager2(0xb4000076b0bb0438) locale list changing from [] to [de-DE]
04-14 11:32:13.600 26153 26153 W ProviderInstaller: Failed to load providerinstaller module: No acceptable module com.google.android.gms.providerinstaller.dynamite found. Local version is 0 and remote version is 0.
04-14 11:32:13.601 26153 26153 D ApplicationLoaders: Returning zygote-cached class loader: /system/framework/org.apache.http.legacy.jar
04-14 11:32:13.601 26153 26153 D ApplicationLoaders: Returning zygote-cached class loader: /system/framework/com.android.location.provider.jar
04-14 11:32:13.601 26153 26153 D ApplicationLoaders: Returning zygote-cached class loader: /system/framework/com.android.media.remotedisplay.jar
04-14 11:32:13.602 26153 26153 D nativeloader: Configuring clns-10 for other apk /system_ext/framework/com.android.extensions.appfunctions.jar. target_sdk_version=37, uses_libraries=ALL, library_path=/data/app/~~J1WDk1c19nEuijaahpGQDA==/com.google.android.gms-2A6F6vUXgYzn0s6hs02VYA==/lib/arm64:/data/app/~~J1WDk1c19nEuijaahpGQDA==/com.google.android.gms-2A6F6vUXgYzn0s6hs02VYA==/base.apk!/lib/arm64-v8a, permitted_path=/data:/mnt/expand:/data/user/0/com.google.android.gms
04-14 11:32:13.602 26153 26153 D nativeloader: Extending system_exposed_libraries: libbinauralrenderer_wrapper.qti.so:libhoaeffects.qti.so:libupdateprof.qti.so:libthermalclient.qti.so:libdiag_system.qti.so:libqape.qti.so:libqesdk_ndk_platform.qti.so:liblistenjni.qti.so
04-14 11:32:13.602 26153 26153 D ApplicationLoaders: Returning zygote-cached class loader: /system_ext/framework/androidx.window.extensions.jar
04-14 11:32:13.602 26153 26153 D ApplicationLoaders: Returning zygote-cached class loader: /system_ext/framework/androidx.window.sidecar.jar
04-14 11:32:13.614  7117  8832 I android.vending: AssetManager2(0xb4000076b0bb0a78) locale list changing from [] to [de-DE]
04-14 11:32:13.620 26153 26202 I FA      : App measurement disabled by setAnalyticsCollectionEnabled(false)
04-14 11:32:13.620 26153 26202 I FA      : App measurement initialized, version: 161000
04-14 11:32:13.620 26153 26202 I FA      : To enable debug logging run: adb shell setprop log.tag.FA VERBOSE
04-14 11:32:13.621 26153 26202 I FA      : To enable faster debug mode event logging run:
04-14 11:32:13.621 26153 26202 I FA      :   adb shell setprop debug.firebase.analytics.app de.is24.android
04-14 11:32:13.625  7117  8832 I android.vending: AssetManager2(0xb4000076b0bb29b8) locale list changing from [] to [de-DE]
04-14 11:32:13.627   780   780 D lowmemorykiller: medium pressure event polling check
04-14 11:32:13.628   780   780 I lowmemorykiller: nr_free_pages: 48847 nr_inactive_file: 778508 nr_active_file: 303928 workingset_refault: 3763036 pgrefill: 7550693 pgscan_kswapd: 33595577 pgscan_direct: 964528 pgscan_direct_throttle: 0 init_pgscan_direct: 963397 init_pgscan_kswapd: 33567255 base_file_lru: 1101194 init_ws_refault: 3753272 free_swap: 388523 total_swap: 1048575 swap_free_percentage: 37%
04-14 11:32:13.628   780   780 D lowmemorykiller: thrashing: 0% thrashing_limit: 30%
04-14 11:32:13.628   780   780 D lowmemorykiller: Not killing for medium pressure event polling check
04-14 11:32:13.633  7117  8832 I android.vending: AssetManager2(0xb4000076b0bb5578) locale list changing from [] to [de-DE]
04-14 11:32:13.635 26153 26153 D nativeloader: Configuring clns-11 for other apk /data/app/~~J1WDk1c19nEuijaahpGQDA==/com.google.android.gms-2A6F6vUXgYzn0s6hs02VYA==/base.apk. target_sdk_version=37, uses_libraries=, library_path=/data/app/~~J1WDk1c19nEuijaahpGQDA==/com.google.android.gms-2A6F6vUXgYzn0s6hs02VYA==/lib/arm64:/data/app/~~J1WDk1c19nEuijaahpGQDA==/com.google.android.gms-2A6F6vUXgYzn0s6hs02VYA==/base.apk!/lib/arm64-v8a, permitted_path=/data:/mnt/expand:/data/user/0/com.google.android.gms
04-14 11:32:13.639 26153 26153 I de.is24.android: AssetManager2(0xb4000076b0adbc38) locale list changing from [] to [de-DE]
04-14 11:32:13.643  7117  8832 I android.vending: AssetManager2(0xb4000076b0bb0d98) locale list changing from [] to [de-DE]
04-14 11:32:13.644  7117  8832 I android.vending: AssetManager2(0xb4000076b0bb2ff8) locale list changing from [] to [de-DE]
04-14 11:32:13.648 26153 26153 D nativeloader: Load /data/app/~~J1WDk1c19nEuijaahpGQDA==/com.google.android.gms-2A6F6vUXgYzn0s6hs02VYA==/base.apk!/lib/arm64-v8a/libconscrypt_gmscore_jni.so using class loader ns clns-11 (caller=/data/app/~~J1WDk1c19nEuijaahpGQDA==/com.google.android.gms-2A6F6vUXgYzn0s6hs02VYA==/base.apk): ok
04-14 11:32:13.648 26153 26153 V NativeCrypto: Registering com/google/android/gms/org/conscrypt/NativeCrypto's 336 native methods...
04-14 11:32:13.652  7117  8832 I android.vending: AssetManager2(0xb4000076b0baee58) locale list changing from [] to [de-DE]
04-14 11:32:13.654 26153 26206 E GoogleApiManager: Failed to get service from broker. 
04-14 11:32:13.654 26153 26206 E GoogleApiManager: java.lang.SecurityException: Unknown calling package name 'com.google.android.gms'.
04-14 11:32:13.654 26153 26206 E GoogleApiManager: 	at android.os.Parcel.createExceptionOrNull(Parcel.java:3339)
04-14 11:32:13.654 26153 26206 E GoogleApiManager: 	at android.os.Parcel.createException(Parcel.java:3323)
04-14 11:32:13.654 26153 26206 E GoogleApiManager: 	at android.os.Parcel.readException(Parcel.java:3306)
04-14 11:32:13.654 26153 26206 E GoogleApiManager: 	at android.os.Parcel.readException(Parcel.java:3248)
04-14 11:32:13.654 26153 26206 E GoogleApiManager: 	at bisg.a(:com.google.android.gms@261332035@26.13.32 (260400-895912391):36)
04-14 11:32:13.654 26153 26206 E GoogleApiManager: 	at biqh.z(:com.google.android.gms@261332035@26.13.32 (260400-895912391):143)
04-14 11:32:13.654 26153 26206 E GoogleApiManager: 	at bhwi.run(:com.google.android.gms@261332035@26.13.32 (260400-895912391):42)
04-14 11:32:13.654 26153 26206 E GoogleApiManager: 	at android.os.Handler.handleCallback(Handler.java:995)
04-14 11:32:13.654 26153 26206 E GoogleApiManager: 	at android.os.Handler.dispatchMessage(Handler.java:103)
04-14 11:32:13.654 26153 26206 E GoogleApiManager: 	at cyil.mp(:com.google.android.gms@261332035@26.13.32 (260400-895912391):1)
04-14 11:32:13.654 26153 26206 E GoogleApiManager: 	at cyil.dispatchMessage(:com.google.android.gms@261332035@26.13.32 (260400-895912391):5)
04-14 11:32:13.654 26153 26206 E GoogleApiManager: 	at android.os.Looper.loopOnce(Looper.java:283)
04-14 11:32:13.654 26153 26206 E GoogleApiManager: 	at android.os.Looper.loop(Looper.java:392)
04-14 11:32:13.654 26153 26206 E GoogleApiManager: 	at android.os.HandlerThread.run(HandlerThread.java:94)
04-14 11:32:13.654 26153 26206 W GoogleApiManager: Not showing notification since connectionResult is not user-facing: ConnectionResult{statusCode=DEVELOPER_ERROR, resolution=null, message=null, clientMethodKey=null}
04-14 11:32:13.655 26153 26205 W FlagRegistrar: Failed to register com.google.android.gms.providerinstaller#de.is24.android
04-14 11:32:13.655 26153 26205 W FlagRegistrar: giyd: 17: 17: API: Phenotype.API is not available on this device. Connection failed with: ConnectionResult{statusCode=DEVELOPER_ERROR, resolution=null, message=null, clientMethodKey=null}
04-14 11:32:13.655 26153 26205 W FlagRegistrar: 	at giyf.a(:com.google.android.gms@261332035@26.13.32 (260400-895912391):13)
04-14 11:32:13.655 26153 26205 W FlagRegistrar: 	at hiov.d(:com.google.android.gms@261332035@26.13.32 (260400-895912391):3)
04-14 11:32:13.655 26153 26205 W FlagRegistrar: 	at hiox.run(:com.google.android.gms@261332035@26.13.32 (260400-895912391):130)
04-14 11:32:13.655 26153 26205 W FlagRegistrar: 	at hirg.execute(:com.google.android.gms@261332035@26.13.32 (260400-895912391):1)
04-14 11:32:13.655 26153 26205 W FlagRegistrar: 	at hipf.f(:com.google.android.gms@261332035@26.13.32 (260400-895912391):1)
04-14 11:32:13.655 26153 26205 W FlagRegistrar: 	at hipf.m(:com.google.android.gms@261332035@26.13.32 (260400-895912391):99)
04-14 11:32:13.655 26153 26205 W FlagRegistrar: 	at hipf.r(:com.google.android.gms@261332035@26.13.32 (260400-895912391):17)
04-14 11:32:13.655 26153 26205 W FlagRegistrar: 	at gaqm.hA(:com.google.android.gms@261332035@26.13.32 (260400-895912391):35)
04-14 11:32:13.655 26153 26205 W FlagRegistrar: 	at fnei.run(:com.google.android.gms@261332035@26.13.32 (260400-895912391):12)
04-14 11:32:13.655 26153 26205 W FlagRegistrar: 	at hirg.execute(:com.google.android.gms@261332035@26.13.32 (260400-895912391):1)
04-14 11:32:13.655 26153 26205 W FlagRegistrar: 	at fnej.b(:com.google.android.gms@261332035@26.13.32 (260400-895912391):18)
04-14 11:32:13.655 26153 26205 W FlagRegistrar: 	at fney.b(:com.google.android.gms@261332035@26.13.32 (260400-895912391):34)
04-14 11:32:13.655 26153 26205 W FlagRegistrar: 	at fnfa.d(:com.google.android.gms@261332035@26.13.32 (260400-895912391):25)
04-14 11:32:13.655 26153 26205 W FlagRegistrar: 	at bhtr.c(:com.google.android.gms@261332035@26.13.32 (260400-895912391):9)
04-14 11:32:13.655 26153 26205 W FlagRegistrar: 	at bhwg.q(:com.google.android.gms@261332035@26.13.32 (260400-895912391):48)
04-14 11:32:13.655 26153 26205 W FlagRegistrar: 	at bhwg.d(:com.google.android.gms@261332035@26.13.32 (260400-895912391):10)
04-14 11:32:13.655 26153 26205 W FlagRegistrar: 	at bhwg.g(:com.google.android.gms@261332035@26.13.32 (260400-895912391):191)
04-14 11:32:13.655 26153 26205 W FlagRegistrar: 	at bhwg.onConnectionFailed(:com.google.android.gms@261332035@26.13.32 (260400-895912391):2)
04-14 11:32:13.655 26153 26205 W FlagRegistrar: 	at bhwi.run(:com.google.android.gms@261332035@26.13.32 (260400-895912391):70)
04-14 11:32:13.655 26153 26205 W FlagRegistrar: 	at android.os.Handler.handleCallback(Handler.java:995)
04-14 11:32:13.655 26153 26205 W FlagRegistrar: 	at android.os.Handler.dispatchMessage(Handler.java:103)
04-14 11:32:13.655 26153 26205 W FlagRegistrar: 	at cyil.mp(:com.google.android.gms@261332035@26.13.32 (260400-895912391):1)
04-14 11:32:13.655 26153 26205 W FlagRegistrar: 	at cyil.dispatchMessage(:com.google.android.gms@261332035@26.13.32 (260400-895912391):5)
04-14 11:32:13.655 26153 26205 W FlagRegistrar: 	at android.os.Looper.loopOnce(Looper.java:283)
04-14 11:32:13.655 26153 26205 W FlagRegistrar: 	at android.os.Looper.loop(Looper.java:392)
04-14 11:32:13.655 26153 26205 W FlagRegistrar: 	at android.os.HandlerThread.run(HandlerThread.java:94)
04-14 11:32:13.655 26153 26205 W FlagRegistrar: Caused by: bhry: 17: API: Phenotype.API is not available on this device. Connection failed with: ConnectionResult{statusCode=DEVELOPER_ERROR, resolution=null, message=null, clientMethodKey=null}
04-14 11:32:13.655 26153 26205 W FlagRegistrar: 	at bipt.a(:com.google.android.gms@261332035@26.13.32 (260400-895912391):15)
04-14 11:32:13.655 26153 26205 W FlagRegistrar: 	at bhtu.a(:com.google.android.gms@261332035@26.13.32 (260400-895912391):1)
04-14 11:32:13.655 26153 26205 W FlagRegistrar: 	at bhtr.c(:com.google.android.gms@261332035@26.13.32 (260400-895912391):5)
04-14 11:32:13.655 26153 26205 W FlagRegistrar: 	... 12 more
04-14 11:32:13.658 26153 26153 I ProviderInstaller: Installed default security provider GmsCore_OpenSSL
04-14 11:32:13.667 26153 26153 W System.err: SLF4J: Failed to load class "org.slf4j.impl.StaticLoggerBinder".
04-14 11:32:13.667 26153 26153 W System.err: SLF4J: Defaulting to no-operation (NOP) logger implementation
04-14 11:32:13.667 26153 26153 W System.err: SLF4J: See http://www.slf4j.org/codes.html#StaticLoggerBinder for further details.
04-14 11:32:13.680  7117  8832 I android.vending: AssetManager2(0xb4000076b0baf7b8) locale list changing from [] to [de-DE]
04-14 11:32:13.682  7117  8832 I android.vending: AssetManager2(0xb4000076b0baeb38) locale list changing from [] to [de-DE]
04-14 11:32:13.688  7117  8832 I android.vending: AssetManager2(0xb4000076b0baf498) locale list changing from [] to [de-DE]
04-14 11:32:13.693  7117  8832 I android.vending: AssetManager2(0xb4000076b0bb42b8) locale list changing from [] to [de-DE]
04-14 11:32:13.695   957   957 E KeymasterUtils: rsp_header->status: -28
04-14 11:32:13.695   957   957 E KeyMasterHalDevice: abort_operation
04-14 11:32:13.695   957   957 E KeyMasterHalDevice: ret: -28
04-14 11:32:13.696  7117  8832 I android.vending: AssetManager2(0xb4000076b0bb3958) locale list changing from [] to [de-DE]
04-14 11:32:13.709  7117  8832 I android.vending: AssetManager2(0xb4000076b0bb2cd8) locale list changing from [] to [de-DE]
04-14 11:32:13.716  7117  8832 I android.vending: AssetManager2(0xb4000076b0bbd278) locale list changing from [] to [de-DE]
04-14 11:32:13.724  7117  8832 I android.vending: AssetManager2(0xb4000076b0bb8a98) locale list changing from [] to [de-DE]
04-14 11:32:13.728   780   780 D lowmemorykiller: medium pressure event polling check
04-14 11:32:13.729   780   780 I lowmemorykiller: nr_free_pages: 47421 nr_inactive_file: 779586 nr_active_file: 302893 workingset_refault: 3763475 pgrefill: 7556134 pgscan_kswapd: 33615031 pgscan_direct: 964528 pgscan_direct_throttle: 0 init_pgscan_direct: 963397 init_pgscan_kswapd: 33595577 base_file_lru: 1101194 init_ws_refault: 3753272 free_swap: 387887 total_swap: 1048575 swap_free_percentage: 36%
04-14 11:32:13.729   780   780 D lowmemorykiller: thrashing: 0% thrashing_limit: 30%
04-14 11:32:13.729   780   780 D lowmemorykiller: Not killing for medium pressure event polling check
04-14 11:32:13.734  7117  8832 I android.vending: AssetManager2(0xb4000076b0bba078) locale list changing from [] to [de-DE]
04-14 11:32:13.738 26153 26153 D nativeloader: Load /data/app/~~VMPoQAEWunZrLUX_gsV25g==/de.is24.android-Yw-QHt25uSPxuPasMPiR7g==/split_config.arm64_v8a.apk!/lib/arm64-v8a/libsqlcipher.so using class loader ns clns-9 (caller=/data/app/~~VMPoQAEWunZrLUX_gsV25g==/de.is24.android-Yw-QHt25uSPxuPasMPiR7g==/base.apk!classes3.dex): ok
04-14 11:32:13.741  7117  8832 I android.vending: AssetManager2(0xb4000076b0bbdbd8) locale list changing from [] to [de-DE]
04-14 11:32:13.756  7117  8832 I android.vending: AssetManager2(0xb4000076b0bbb338) locale list changing from [] to [de-DE]
04-14 11:32:13.760  7117  8832 I android.vending: AssetManager2(0xb4000076b0bba9d8) locale list changing from [] to [de-DE]
04-14 11:32:13.761  2603  5468 D ConnectivityService: requestNetwork for uid/pid:10268/26153 activeRequest: null callbackRequest: 789 [NetworkRequest [ REQUEST id=790, [ Capabilities: INTERNET&NOT_RESTRICTED&TRUSTED&NOT_VCN_MANAGED&NOT_BANDWIDTH_CONSTRAINED Uid: 10268 RequestorUid: 10268 RequestorPkg: de.is24.android UnderlyingNetworks: Null] ]] callback flags: 0 order: 2147483647 isUidTracked: false declaredMethods: AVAIL|LOST
04-14 11:32:13.764  2603  3132 D WifiNetworkFactory: got request NetworkRequest [ REQUEST id=790, [ Capabilities: INTERNET&NOT_RESTRICTED&TRUSTED&NOT_VCN_MANAGED&NOT_BANDWIDTH_CONSTRAINED Uid: 10268 RequestorUid: 10268 RequestorPkg: de.is24.android UnderlyingNetworks: Null] ]
04-14 11:32:13.764  2603  3132 D UntrustedWifiNetworkFactory: got request NetworkRequest [ REQUEST id=790, [ Capabilities: INTERNET&NOT_RESTRICTED&TRUSTED&NOT_VCN_MANAGED&NOT_BANDWIDTH_CONSTRAINED Uid: 10268 RequestorUid: 10268 RequestorPkg: de.is24.android UnderlyingNetworks: Null] ]
04-14 11:32:13.765  2603  3132 D OemPaidWifiNetworkFactory: got request NetworkRequest [ REQUEST id=790, [ Capabilities: INTERNET&NOT_RESTRICTED&TRUSTED&NOT_VCN_MANAGED&NOT_BANDWIDTH_CONSTRAINED Uid: 10268 RequestorUid: 10268 RequestorPkg: de.is24.android UnderlyingNetworks: Null] ]
04-14 11:32:13.765  2603  3132 D MultiInternetWifiNetworkFactory: got request NetworkRequest [ REQUEST id=790, [ Capabilities: INTERNET&NOT_RESTRICTED&TRUSTED&NOT_VCN_MANAGED&NOT_BANDWIDTH_CONSTRAINED Uid: 10268 RequestorUid: 10268 RequestorPkg: de.is24.android UnderlyingNetworks: Null] ]
04-14 11:32:13.765  2603  3143 D ConnectivityService: NetReassign [790 : null ÔåÆ 102] [c 1] [a 1] [i 1]
04-14 11:32:13.767  7117  8832 I android.vending: AssetManager2(0xb4000076b0bb7af8) locale list changing from [] to [de-DE]
04-14 11:32:13.775  7117  8832 I android.vending: AssetManager2(0xb4000076b0bb8778) locale list changing from [] to [de-DE]
04-14 11:32:13.778 26153 26223 D CompatChangeReporter: Compat change id reported: 288912692; UID 10268; state: ENABLED
04-14 11:32:13.779 26153 26153 I [Embrace]: Embrace SDK version 8.2.0 started for appId = 79pH2
04-14 11:32:13.781 26153 26153 D WM-PackageManagerHelper: Skipping component enablement for androidx.work.impl.background.systemjob.SystemJobService
04-14 11:32:13.781 26153 26153 D WM-Schedulers: Created SystemJobScheduler and enabled SystemJobService
04-14 11:32:13.781 26153 26231 D WM-ForceStopRunnable: The default process name was not specified.
04-14 11:32:13.781 26153 26231 D WM-ForceStopRunnable: Performing cleanup operations.
04-14 11:32:13.783  7117  8832 I android.vending: AssetManager2(0xb4000076b0bbb978) locale list changing from [] to [de-DE]
04-14 11:32:13.784  2603  3218 D BackgroundInstallControlService: Package event received: 0
04-14 11:32:13.788  2603  2639 I SensorService: checkAndReportAmbientLightSensorStateChangeLocked new 1 old 1 force 0
04-14 11:32:13.789  2603  3429 D ConnectivityService: requestNetwork for uid/pid:10268/26153 activeRequest: null callbackRequest: 791 [NetworkRequest [ REQUEST id=792, [ Capabilities: INTERNET&NOT_RESTRICTED&TRUSTED&NOT_VCN_MANAGED&NOT_BANDWIDTH_CONSTRAINED Uid: 10268 RequestorUid: 10268 RequestorPkg: de.is24.android UnderlyingNetworks: Null] ]] callback flags: 0 order: 2147483647 isUidTracked: false declaredMethods: AVAIL|LOST
04-14 11:32:13.790 26153 26153 D LicenseClient: Connected to the licensing service.
04-14 11:32:13.791  2603  2647 V GrammaticalInflectionUtils: AttributionSource: android.content.AttributionSource@e5a9d935 does not have READ_SYSTEM_GRAMMATICAL_GENDER permission.
04-14 11:32:13.792  2603  2647 D CompatChangeReporter: Compat change id reported: 151861875; UID 10260; state: ENABLED
04-14 11:32:13.792  2603  3132 D WifiNetworkFactory: got request NetworkRequest [ REQUEST id=792, [ Capabilities: INTERNET&NOT_RESTRICTED&TRUSTED&NOT_VCN_MANAGED&NOT_BANDWIDTH_CONSTRAINED Uid: 10268 RequestorUid: 10268 RequestorPkg: de.is24.android UnderlyingNetworks: Null] ]
04-14 11:32:13.793  2603  3132 D UntrustedWifiNetworkFactory: got request NetworkRequest [ REQUEST id=792, [ Capabilities: INTERNET&NOT_RESTRICTED&TRUSTED&NOT_VCN_MANAGED&NOT_BANDWIDTH_CONSTRAINED Uid: 10268 RequestorUid: 10268 RequestorPkg: de.is24.android UnderlyingNetworks: Null] ]
04-14 11:32:13.793  2603  3132 D OemPaidWifiNetworkFactory: got request NetworkRequest [ REQUEST id=792, [ Capabilities: INTERNET&NOT_RESTRICTED&TRUSTED&NOT_VCN_MANAGED&NOT_BANDWIDTH_CONSTRAINED Uid: 10268 RequestorUid: 10268 RequestorPkg: de.is24.android UnderlyingNetworks: Null] ]
04-14 11:32:13.793  2603  3132 D MultiInternetWifiNetworkFactory: got request NetworkRequest [ REQUEST id=792, [ Capabilities: INTERNET&NOT_RESTRICTED&TRUSTED&NOT_VCN_MANAGED&NOT_BANDWIDTH_CONSTRAINED Uid: 10268 RequestorUid: 10268 RequestorPkg: de.is24.android UnderlyingNetworks: Null] ]
04-14 11:32:13.793  2603  3143 D ConnectivityService: NetReassign [792 : null ÔåÆ 102] [c 1] [a 1] [i 1]
04-14 11:32:13.794 26153 26153 I de.is24.mobile.config.FirebaseConfigProvider: Set defaults for Firebase RemoteConfig:
04-14 11:32:13.794 26153 26153 I de.is24.mobile.config.FirebaseConfigProvider: android_scout_the_streets_enabled: false
04-14 11:32:13.794 26153 26153 I de.is24.mobile.config.FirebaseConfigProvider: android_video_vertical_enabled: false
04-14 11:32:13.794 26153 26153 I de.is24.mobile.config.FirebaseConfigProvider: enable_draft_listings: false
04-14 11:32:13.794 26153 26153 I de.is24.mobile.config.FirebaseConfigProvider: enable_new_rating_prompt: false
04-14 11:32:13.794 26153 26153 I de.is24.mobile.config.FirebaseConfigProvider: enable_quick_prompts_expose: false
04-14 11:32:13.794 26153 26153 I de.is24.mobile.config.FirebaseConfigProvider: enable_quick_prompts_srl: false
04-14 11:32:13.794 26153 26153 I de.is24.mobile.config.FirebaseConfigProvider: enable_tenant_network: false
04-14 11:32:13.794 26153 26153 I de.is24.mobile.config.FirebaseConfigProvider: insertion_new_flows_web: false
04-14 11:32:13.794 26153 26153 I de.is24.mobile.config.FirebaseConfigProvider: iterable_changed_calls_enabled: false
04-14 11:32:13.794 26153 26153 I de.is24.mobile.config.FirebaseConfigProvider: iterable_sdk_enabled: true
04-14 11:32:13.794 26153 26153 I de.is24.mobile.config.FirebaseConfigProvider: network_default_timeout_in_milliseconds: 10000
04-14 11:32:13.794 26153 26153 I de.is24.mobile.config.FirebaseConfigProvider: okta_post_token_refresh_delay: 200
04-14 11:32:13.794 26153 26153 I de.is24.mobile.config.FirebaseConfigProvider: open_draft_expose_in_web: false
04-14 11:32:13.794 26153 26153 I de.is24.mobile.config.FirebaseConfigProvider: project_pages_whitelist_bot_protection_header: 
04-14 11:32:13.794 26153 26153 I de.is24.mobile.config.FirebaseConfigProvider: push_notification_upon_push_data: true
04-14 11:32:13.794 26153 26153 I de.is24.mobile.config.FirebaseConfigProvider: reset_hiding_listings: false
04-14 11:32:13.794 26153 26153 I de.is24.mobile.config.FirebaseConfigProvider: schufa_tile_in_feed_enabled: false
04-14 11:32:13.794 26153 26153 I de.is24.mobile.config.FirebaseConfigProvider: scout_the_streets_address_meters: 75
04-14 11:32:13.794 26153 26153 I de.is24.mobile.config.FirebaseConfigProvider: scout_the_streets_location_meters: 150
04-14 11:32:13.794 26153 26153 I de.is24.mobile.config.FirebaseConfigProvider: scout_the_streets_location_rounding_meters: 25.0
04-14 11:32:13.794 26153 26153 I de.is24.mobile.config.FirebaseConfigProvider: supra_notifications_endpoint_enabled: false
04-14 11:32:13.794 26153 26153 I de.is24.mobile.config.FirebaseConfigProvider: sync_iterable_app_enabled: false
04-14 11:32:13.794 26153 26153 I de.is24.mobile.config.FirebaseConfigProvider: use_compose_base_seeker_inbox_view: false
04-14 11:32:13.796 26153 26153 I de.is24.mobile.config.FirebaseConfigProvider: RemoteConfig initialized
04-14 11:32:13.799  3954 19579 I PhenotypeResourceReader: unable to find any Phenotype resource metadata for de.is24.android
04-14 11:32:13.800  7117  8832 I android.vending: AssetManager2(0xb4000076b0bbc2d8) locale list changing from [] to [de-DE]
04-14 11:32:13.800 26153 26233 D LicenseClient: Sending request to licensing service...
04-14 11:32:13.804 26153 26231 D WM-SystemJobScheduler: Reconciling jobs
04-14 11:32:13.805  1302  1302 D Zygote  : Forked child process 26236
04-14 11:32:13.808  2603  2648 I ActivityManager: Start proc 26236:de.mcdonalds.mcdonaldsinfoapp/u0a260 for broadcast {de.mcdonalds.mcdonaldsinfoapp/androidx.work.impl.background.systemalarm.RescheduleReceiver}
04-14 11:32:13.808  2603  2648 I ActivityManager: ProcessObserver broadcast disabled
04-14 11:32:13.809 26153 26202 W FA      : Analytics storage consent denied; will not get app instance id
04-14 11:32:13.811 26153 26231 D WM-ForceStopRunnable: Found unfinished work, scheduling it.
04-14 11:32:13.812 26153 26153 D WM-RescheduleReceiver: Received intent Intent { act=android.intent.action.BOOT_COMPLETED flg=0x89000010 cmp=de.is24.android/androidx.work.impl.background.systemalarm.RescheduleReceiver (has extras) }
04-14 11:32:13.813 26153 26168 I LicenseClient: License check succeeded.
04-14 11:32:13.813 26153 26233 D LicenseClient: Request to licensing service sent.
04-14 11:32:13.817 26153 26231 W JobInfo : Requested important-while-foreground flag for job8618 is ignored and takes no effect
04-14 11:32:13.817  7117  8832 I android.vending: AssetManager2(0xb4000076b0bbacf8) locale list changing from [] to [de-DE]
04-14 11:32:13.818 26153 26231 D WM-SystemJobScheduler: Scheduling work ID ca6e8441-57d1-4f59-b522-006cb2526e08Job ID 8618
04-14 11:32:13.821 26236 26236 I cdonaldsinfoapp: Using CollectorTypeCMC GC.
04-14 11:32:13.822  2603  3429 D ConnectivityService: requestNetwork for uid/pid:1000/2603 asUid: 10268 activeRequest: null callbackRequest: 793 [NetworkRequest [ REQUEST id=794, [ Capabilities: INTERNET&NOT_RESTRICTED&TRUSTED&NOT_VCN_MANAGED&NOT_BANDWIDTH_CONSTRAINED Uid: 10268 RequestorUid: 1000 RequestorPkg: android UnderlyingNetworks: Null] ]] callback flags: 0 order: 2147483647 isUidTracked: false declaredMethods: AVAIL|LOST|BLK
04-14 11:32:13.825 26153 26231 W JobInfo : Requested important-while-foreground flag for job8625 is ignored and takes no effect
04-14 11:32:13.825 26153 26231 D WM-SystemJobScheduler: Scheduling work ID ca0bfdfb-df4a-499b-8207-7f090e67a9d7Job ID 8625
04-14 11:32:13.826  2603  3132 D WifiNetworkFactory: got request NetworkRequest [ REQUEST id=794, [ Capabilities: INTERNET&NOT_RESTRICTED&TRUSTED&NOT_VCN_MANAGED&NOT_BANDWIDTH_CONSTRAINED Uid: 10268 RequestorUid: 1000 RequestorPkg: android UnderlyingNetworks: Null] ]
04-14 11:32:13.826  2603  3132 D UntrustedWifiNetworkFactory: got request NetworkRequest [ REQUEST id=794, [ Capabilities: INTERNET&NOT_RESTRICTED&TRUSTED&NOT_VCN_MANAGED&NOT_BANDWIDTH_CONSTRAINED Uid: 10268 RequestorUid: 1000 RequestorPkg: android UnderlyingNetworks: Null] ]
04-14 11:32:13.826   780   780 D lowmemorykiller: medium pressure event polling check
04-14 11:32:13.826 26236 26236 D nativeloader: Load libframework-connectivity-tiramisu-jni.so using APEX ns com_android_tethering for caller /apex/com.android.tethering/javalib/framework-connectivity-t.jar: ok
04-14 11:32:13.826  2603  3143 D ConnectivityService: NetReassign [794 : null ÔåÆ 102] [c 1] [a 0] [i 3]
04-14 11:32:13.826  2603  3132 D OemPaidWifiNetworkFactory: got request NetworkRequest [ REQUEST id=794, [ Capabilities: INTERNET&NOT_RESTRICTED&TRUSTED&NOT_VCN_MANAGED&NOT_BANDWIDTH_CONSTRAINED Uid: 10268 RequestorUid: 1000 RequestorPkg: android UnderlyingNetworks: Null] ]
04-14 11:32:13.826  2603  3132 D MultiInternetWifiNetworkFactory: got request NetworkRequest [ REQUEST id=794, [ Capabilities: INTERNET&NOT_RESTRICTED&TRUSTED&NOT_VCN_MANAGED&NOT_BANDWIDTH_CONSTRAINED Uid: 10268 RequestorUid: 1000 RequestorPkg: android UnderlyingNetworks: Null] ]
04-14 11:32:13.827   780   780 I lowmemorykiller: nr_free_pages: 40865 nr_inactive_file: 783343 nr_active_file: 302255 workingset_refault: 3763832 pgrefill: 7558583 pgscan_kswapd: 33623009 pgscan_direct: 964528 pgscan_direct_throttle: 0 init_pgscan_direct: 963397 init_pgscan_kswapd: 33615031 base_file_lru: 1101194 init_ws_refault: 3753272 free_swap: 387375 total_swap: 1048575 swap_free_percentage: 36%
04-14 11:32:13.827   780   780 D lowmemorykiller: thrashing: 0% thrashing_limit: 30%
04-14 11:32:13.827  7117  8832 I android.vending: AssetManager2(0xb4000076b0bb77d8) locale list changing from [] to [de-DE]
04-14 11:32:13.827   780   780 D lowmemorykiller: Not killing for medium pressure event polling check
04-14 11:32:13.829 26153 26231 D WM-SystemJobScheduler: Scheduling work ID faa8c050-21af-4432-b477-ec51fac7e32fJob ID 8628
04-14 11:32:13.831 26153 26231 D WM-GreedyScheduler: Starting tracking for ca0bfdfb-df4a-499b-8207-7f090e67a9d7,ca6e8441-57d1-4f59-b522-006cb2526e08
04-14 11:32:13.833  2603  3429 D CompatibilityInfo: mCompatibilityFlags - 0
04-14 11:32:13.833  2603  3429 D CompatibilityInfo: applicationDensity - 375
04-14 11:32:13.833  2603  3429 D CompatibilityInfo: applicationScale - 1.0
04-14 11:32:13.859   832   832 I logd    : logdr: UID=2000 GID=2000 PID=26237 b tail=0 logMask=99 pid=0 start=0ns deadline=0ns
04-14 11:32:13.835  2603  3429 D OomAdjuster: process : de.mcdonalds.mcdonaldsinfoapp, pid = 26236, isTop = false, uid = 10260, hasActivity = false
04-14 11:32:13.835  2603  3429 D OomAdjuster: process : de.mcdonalds.mcdonaldsinfoapp is not top!
04-14 11:32:13.837  4746  4829 V OsAgent : broadcastSystemEvent - 7
04-14 11:32:13.840  7117  8832 I android.vending: AssetManager2(0xb4000076b0bbd598) locale list changing from [] to [de-DE]
04-14 11:32:13.843 26153 26253 W JobInfo : Requested important-while-foreground flag for job8629 is ignored and takes no effect
04-14 11:32:13.844 26153 26253 D WM-SystemJobScheduler: Scheduling work ID 64c595b8-8218-487f-9a6f-a0557da1b8d2Job ID 8629
04-14 11:32:13.845 26236 26236 D ApplicationLoaders: Returning zygote-cached class loader: /system/framework/org.apache.http.legacy.jar
04-14 11:32:13.845 26236 26236 D ApplicationLoaders: Returning zygote-cached class loader: /system_ext/framework/androidx.window.extensions.jar
04-14 11:32:13.845 26236 26236 D ApplicationLoaders: Returning zygote-cached class loader: /system_ext/framework/androidx.window.sidecar.jar
04-14 11:32:13.845 26153 26253 D WM-GreedyScheduler: Starting tracking for ca0bfdfb-df4a-499b-8207-7f090e67a9d7,ca6e8441-57d1-4f59-b522-006cb2526e08,64c595b8-8218-487f-9a6f-a0557da1b8d2
04-14 11:32:13.849  7117  8832 I android.vending: AssetManager2(0xb4000076b0bbcf58) locale list changing from [] to [de-DE]
04-14 11:32:13.850  7117  8832 I android.vending: AssetManager2(0xb4000076b0bbdef8) locale list changing from [] to [de-DE]
04-14 11:32:13.852 26153 26249 D WM-ConstraintTracker: BatteryNotLowTracker: initial state = true
04-14 11:32:13.852 26153 26249 D WM-BrdcstRcvrCnstrntTrc: BatteryNotLowTracker: registering receiver
04-14 11:32:13.856  2603  2649 D ActivityManager: uid = 10260, pid = 26236, processName = de.mcdonalds.mcdonaldsinfoapp is not top app, set nt foreground
04-14 11:32:13.856 26153 26249 D WM-ConstraintTracker: NetworkStateTracker24: initial state = NetworkState(isConnected=true, isValidated=true, isMetered=false, isNotRoaming=true, isBlocked=false)
04-14 11:32:13.856 26153 26249 D WM-NetworkStateTracker: Registering network callback
04-14 11:32:13.857  7117  8832 I android.vending: AssetManager2(0xb4000076b0bc3678) locale list changing from [] to [de-DE]
04-14 11:32:13.858  2603  3429 D ConnectivityService: requestNetwork for uid/pid:10268/26153 activeRequest: null callbackRequest: 795 [NetworkRequest [ REQUEST id=796, [ Capabilities: INTERNET&NOT_RESTRICTED&TRUSTED&NOT_VCN_MANAGED&NOT_BANDWIDTH_CONSTRAINED Uid: 10268 RequestorUid: 10268 RequestorPkg: de.is24.android UnderlyingNetworks: Null] ]] callback flags: 0 order: 2147483647 isUidTracked: false declaredMethods: AVAIL|LOST|NC|BLK
04-14 11:32:13.860 26153 26253 D WM-PackageManagerHelper: Skipping component enablement for androidx.work.impl.background.systemalarm.RescheduleReceiver
04-14 11:32:13.860 26153 26217 D WM-NetworkStateTracker: Network capabilities changed: [ Transports: WIFI Capabilities: NOT_METERED&INTERNET&NOT_RESTRICTED&TRUSTED&NOT_VPN&VALIDATED&NOT_ROAMING&FOREGROUND&NOT_CONGESTED&NOT_SUSPENDED&NOT_VCN_MANAGED&NOT_BANDWIDTH_CONSTRAINED LinkUpBandwidth>=35668Kbps LinkDnBandwidth>=50554Kbps TransportInfo: <SSID: <unknown ssid>, BSSID: 02:00:00:00:00:00, MAC: 02:00:00:00:00:00, IP: /192.168.7.55, Security type: 0, Supplicant state: COMPLETED, Wi-Fi standard: 11ac, RSSI: -61, Link speed: 216Mbps, Tx Link speed: 216Mbps, Max Supported Tx Link speed: 400Mbps, Rx Link speed: 240Mbps, Max Supported Rx Link speed: 400Mbps, Frequency: 5180MHz, Net ID: -1, Metered hint: false, score: 60, isUsable: true, CarrierMerged: false, SubscriptionId: -1, IsPrimary: -1, Trusted: true, Restricted: false, Ephemeral: false, OEM paid: false, OEM private: false, OSU AP: false, FQDN: <none>, Provider friendly name: <none>, Requesting package name: <none><none>MLO Information: , Is TID-To-Link negotiation supported by the AP: false, AP MLD Address: <none>, AP MLO Link Id: <none>, AP MLO Affiliated links: <none>, Vendor Data: <none>> SignalStrength: -61 UnderlyingNetworks: Null]
04-14 11:32:13.861 26153 26253 D WM-GreedyScheduler: Constraints met: Scheduling work ID WorkGenerationalId(workSpecId=ca6e8441-57d1-4f59-b522-006cb2526e08, generation=0)
04-14 11:32:13.861 26153 26217 D WM-NetworkStateTracker: Network blocked status changed: false
04-14 11:32:13.861  2603  3132 D WifiNetworkFactory: got request NetworkRequest [ REQUEST id=796, [ Capabilities: INTERNET&NOT_RESTRICTED&TRUSTED&NOT_VCN_MANAGED&NOT_BANDWIDTH_CONSTRAINED Uid: 10268 RequestorUid: 10268 RequestorPkg: de.is24.android UnderlyingNetworks: Null] ]
04-14 11:32:13.861 26153 26253 D WM-GreedyScheduler: Constraints met: Scheduling work ID WorkGenerationalId(workSpecId=ca0bfdfb-df4a-499b-8207-7f090e67a9d7, generation=0)
04-14 11:32:13.861 26153 26253 D WM-GreedyScheduler: Constraints met: Scheduling work ID WorkGenerationalId(workSpecId=64c595b8-8218-487f-9a6f-a0557da1b8d2, generation=0)
04-14 11:32:13.861  2603  3132 D UntrustedWifiNetworkFactory: got request NetworkRequest [ REQUEST id=796, [ Capabilities: INTERNET&NOT_RESTRICTED&TRUSTED&NOT_VCN_MANAGED&NOT_BANDWIDTH_CONSTRAINED Uid: 10268 RequestorUid: 10268 RequestorPkg: de.is24.android UnderlyingNetworks: Null] ]
04-14 11:32:13.861  2603  3132 D OemPaidWifiNetworkFactory: got request NetworkRequest [ REQUEST id=796, [ Capabilities: INTERNET&NOT_RESTRICTED&TRUSTED&NOT_VCN_MANAGED&NOT_BANDWIDTH_CONSTRAINED Uid: 10268 RequestorUid: 10268 RequestorPkg: de.is24.android UnderlyingNetworks: Null] ]
04-14 11:32:13.862  2603  3143 D ConnectivityService: NetReassign [796 : null ÔåÆ 102] [c 0] [a 1] [i 2]
04-14 11:32:13.862  2603  3132 D MultiInternetWifiNetworkFactory: got request NetworkRequest [ REQUEST id=796, [ Capabilities: INTERNET&NOT_RESTRICTED&TRUSTED&NOT_VCN_MANAGED&NOT_BANDWIDTH_CONSTRAINED Uid: 10268 RequestorUid: 10268 RequestorPkg: de.is24.android UnderlyingNetworks: Null] ]
04-14 11:32:13.864 26153 26253 D WM-Processor: Processor: processing WorkGenerationalId(workSpecId=ca6e8441-57d1-4f59-b522-006cb2526e08, generation=0)
04-14 11:32:13.865 26153 26253 D WM-Processor: Processor: processing WorkGenerationalId(workSpecId=ca0bfdfb-df4a-499b-8207-7f090e67a9d7, generation=0)
04-14 11:32:13.866 26153 26253 D WM-Processor: Processor: processing WorkGenerationalId(workSpecId=64c595b8-8218-487f-9a6f-a0557da1b8d2, generation=0)
04-14 11:32:13.872 26153 26153 D WM-WorkerWrapper: Starting work for de.is24.mobile.savedsearch.sync.SavedSearchSyncWorker
04-14 11:32:13.875 26153 26153 D WM-WorkerWrapper: Starting work for de.is24.mobile.session.SearchSessionSyncWorker
04-14 11:32:13.876  7117  8832 I android.vending: AssetManager2(0xb4000076b0bc3fd8) locale list changing from [] to [de-DE]
04-14 11:32:13.879 26153 26153 D WM-WorkerWrapper: Starting work for com.optimizely.ab.android.event_handler.EventWorker
04-14 11:32:13.885 26153 26248 I WM-WorkerWrapper: Worker result SUCCESS for Work [ id=ca6e8441-57d1-4f59-b522-006cb2526e08, tags={ de.is24.mobile.savedsearch.sync.SavedSearchSyncWorker,Periodic saved search db refresh } ]
04-14 11:32:13.886  7117  8832 I android.vending: AssetManager2(0xb4000076b0bc4938) locale list changing from [] to [de-DE]
04-14 11:32:13.888  2603  3143 D InetDiagMessage: Destroyed 0 sockets, proto=IPPROTO_TCP, family=AF_INET, states=14
04-14 11:32:13.889  2603  3143 D InetDiagMessage: Destroyed 1 sockets, proto=IPPROTO_TCP, family=AF_INET6, states=14
04-14 11:32:13.889  2603  3143 D InetDiagMessage: Destroyed live tcp sockets for uids={10254} in 3ms
04-14 11:32:13.890  2603  3143 D InetDiagMessage: Destroyed 0 sockets, proto=IPPROTO_TCP, family=AF_INET, states=14
04-14 11:32:13.891  2603  3143 D InetDiagMessage: Destroyed 0 sockets, proto=IPPROTO_TCP, family=AF_INET6, states=14
04-14 11:32:13.891  2603  3143 D InetDiagMessage: Destroyed live tcp sockets for uids={20254} in 2ms
04-14 11:32:13.892 26153 26248 E WM-WorkerWrapper: Work [ id=64c595b8-8218-487f-9a6f-a0557da1b8d2, tags={ com.optimizely.ab.android.event_handler.EventWorker,EventWorker } ] failed because it threw an exception/error
04-14 11:32:13.892 26153 26248 E WM-WorkerWrapper: java.lang.VerifyError: Verifier rejected class com.optimizely.ab.android.shared.EventHandlerUtils: java.lang.String com.optimizely.ab.android.shared.EventHandlerUtils.encodeToBase64(byte[]) failed to verify: java.lang.String com.optimizely.ab.android.shared.EventHandlerUtils.encodeToBase64(byte[]): [0x17] cannot access instance field int org.apache.commons.codec.binary.BaseNCodec.lineLength from object of type Reference: org.apache.commons.codec.binary.Base64 (declaration of 'com.optimizely.ab.android.shared.EventHandlerUtils' appears in /data/app/~~VMPoQAEWunZrLUX_gsV25g==/de.is24.android-Yw-QHt25uSPxuPasMPiR7g==/base.apk!classes3.dex)
04-14 11:32:13.892 26153 26248 E WM-WorkerWrapper: 	at com.optimizely.ab.android.event_handler.EventWorker.doWork(EventWorker.java:27)
04-14 11:32:13.892 26153 26248 E WM-WorkerWrapper: 	at androidx.work.Worker$$ExternalSyntheticLambda0.invoke(R8$$SyntheticClass:60)
04-14 11:32:13.892 26153 26248 E WM-WorkerWrapper: 	at androidx.work.WorkerKt$$ExternalSyntheticLambda1.run(R8$$SyntheticClass:14)
04-14 11:32:13.892 26153 26248 E WM-WorkerWrapper: 	at java.util.concurrent.ThreadPoolExecutor.runWorker(ThreadPoolExecutor.java:1154)
04-14 11:32:13.892 26153 26248 E WM-WorkerWrapper: 	at java.util.concurrent.ThreadPoolExecutor$Worker.run(ThreadPoolExecutor.java:652)
04-14 11:32:13.892 26153 26248 E WM-WorkerWrapper: 	at java.lang.Thread.run(Thread.java:1564)
04-14 11:32:13.893 26153 26153 D WM-Processor: Processor ca6e8441-57d1-4f59-b522-006cb2526e08 executed; reschedule = false
04-14 11:32:13.893 26153 26153 D WM-GreedyScheduler: Stopping tracking for WorkGenerationalId(workSpecId=ca6e8441-57d1-4f59-b522-006cb2526e08, generation=0)
04-14 11:32:13.894  7117  8832 I android.vending: AssetManager2(0xb4000076b0bc4618) locale list changing from [] to [de-DE]
04-14 11:32:13.894 26153 26153 D WM-Processor: Processor 64c595b8-8218-487f-9a6f-a0557da1b8d2 executed; reschedule = false
04-14 11:32:13.894 26153 26153 D WM-GreedyScheduler: Stopping tracking for WorkGenerationalId(workSpecId=64c595b8-8218-487f-9a6f-a0557da1b8d2, generation=0)
04-14 11:32:13.899 26153 26248 D WM-GreedyScheduler: Cancelling work ID ca6e8441-57d1-4f59-b522-006cb2526e08
04-14 11:32:13.901  7117  8832 I android.vending: AssetManager2(0xb4000076b0bc3358) locale list changing from [] to [de-DE]
04-14 11:32:13.904 26153 26248 D WM-SystemJobScheduler: Scheduling work ID ca6e8441-57d1-4f59-b522-006cb2526e08Job ID 8630
04-14 11:32:13.906  7117  8832 I android.vending: AssetManager2(0xb4000076b0bbfb18) locale list changing from [] to [de-DE]
04-14 11:32:13.908 26153 26248 D WM-BrdcstRcvrCnstrntTrc: BatteryNotLowTracker: unregistering receiver
04-14 11:32:13.911 26236 26236 W cdonaldsinfoapp: Failed to find entry 'classes.dex': Entry not found
04-14 11:32:13.912  7117  8832 I android.vending: AssetManager2(0xb4000076b0bc2d18) locale list changing from [] to [de-DE]
04-14 11:32:13.912 26236 26236 W cdonaldsinfoapp: Failed to find entry 'classes.dex': Entry not found
04-14 11:32:13.912 26236 26236 W cdonaldsinfoapp: Failed to find entry 'classes.dex': Entry not found
04-14 11:32:13.913 26153 26248 D WM-GreedyScheduler: Cancelling work ID 64c595b8-8218-487f-9a6f-a0557da1b8d2
04-14 11:32:13.913 26236 26236 D nativeloader: Configuring clns-9 for other apk /data/app/~~JGiHUeSQv6sCXmQqoeMZTw==/de.mcdonalds.mcdonaldsinfoapp-JZJa4Kl3YNvY4jaziuSL2w==/base.apk:/data/app/~~JGiHUeSQv6sCXmQqoeMZTw==/de.mcdonalds.mcdonaldsinfoapp-JZJa4Kl3YNvY4jaziuSL2w==/split_config.arm64_v8a.apk:/data/app/~~JGiHUeSQv6sCXmQqoeMZTw==/de.mcdonalds.mcdonaldsinfoapp-JZJa4Kl3YNvY4jaziuSL2w==/split_config.de.apk:/data/app/~~JGiHUeSQv6sCXmQqoeMZTw==/de.mcdonalds.mcdonaldsinfoapp-JZJa4Kl3YNvY4jaziuSL2w==/split_config.xxhdpi.apk. target_sdk_version=35, uses_libraries=, library_path=/data/app/~~JGiHUeSQv6sCXmQqoeMZTw==/de.mcdonalds.mcdonaldsinfoapp-JZJa4Kl3YNvY4jaziuSL2w==/lib/arm64:/data/app/~~JGiHUeSQv6sCXmQqoeMZTw==/de.mcdonalds.mcdonaldsinfoapp-JZJa4Kl3YNvY4jaziuSL2w==/base.apk!/lib/arm64-v8a:/data/app/~~JGiHUeSQv6sCXmQqoeMZTw==/de.mcdonalds.mcdonaldsinfoapp-JZJa4Kl3YNvY4jaziuSL2w==/split_config.arm64_v8a.apk!/lib/arm64-v8a:/data/app/~~JGiHUeSQv6sCXmQqoeMZTw==/de.mcdonalds.mcdonaldsinfoapp-JZJa4Kl3YNvY4jaziuSL2w==/split_config.de.apk!/lib/arm64-v8a:/data/app
04-14 11:32:13.916 26153 26248 I WM-WorkerWrapper: Worker result SUCCESS for Work [ id=ca0bfdfb-df4a-499b-8207-7f090e67a9d7, tags={ de.is24.mobile.session.SearchSessionSyncWorker } ]
04-14 11:32:13.917 26153 26153 D WM-Processor: Processor ca0bfdfb-df4a-499b-8207-7f090e67a9d7 executed; reschedule = false
04-14 11:32:13.917 26153 26153 D WM-GreedyScheduler: Stopping tracking for WorkGenerationalId(workSpecId=ca0bfdfb-df4a-499b-8207-7f090e67a9d7, generation=0)
04-14 11:32:13.918 26236 26236 D CompatChangeReporter: Compat change id reported: 202956589; UID 10260; state: ENABLED
04-14 11:32:13.920  7117  8832 I android.vending: AssetManager2(0xb4000076b0bc23b8) locale list changing from [] to [de-DE]
04-14 11:32:13.921 26153 26248 D WM-GreedyScheduler: Cancelling work ID ca0bfdfb-df4a-499b-8207-7f090e67a9d7
04-14 11:32:13.921 26236 26236 I cdonaldsinfoapp: AssetManager2(0xb4000076b0ad1cd8) locale list changing from [] to [de-DE]
04-14 11:32:13.924 26236 26236 I Perf    : Connecting to perf service.
04-14 11:32:13.925 26153 26248 D WM-SystemJobScheduler: Scheduling work ID ca0bfdfb-df4a-499b-8207-7f090e67a9d7Job ID 8631
04-14 11:32:13.927 26236 26236 V GraphicsEnvironment: Currently set values for:
04-14 11:32:13.927 26236 26236 V GraphicsEnvironment:   angle_gl_driver_selection_pkgs=[com.android.angle, com.linecorp.b612.android, com.campmobile.snow, com.google.android.apps.tachyon]
04-14 11:32:13.927 26236 26236 V GraphicsEnvironment:   angle_gl_driver_selection_values=[angle, native, native, native]
04-14 11:32:13.927 26236 26236 V GraphicsEnvironment: de.mcdonalds.mcdonaldsinfoapp is not listed in per-application setting
04-14 11:32:13.927 26236 26236 V GraphicsEnvironment: ANGLE allowlist from config: 
04-14 11:32:13.927 26236 26236 V GraphicsEnvironment: de.mcdonalds.mcdonaldsinfoapp is not listed in ANGLE allowlist or settings, returning default
04-14 11:32:13.927 26236 26236 V GraphicsEnvironment: Updatable production driver is not supported on the device.
04-14 11:32:13.927  3295  6250 D ThermalStatusListener: mStatus = 10, status=10, mTemp=45.031
04-14 11:32:13.927   780   780 D lowmemorykiller: medium pressure event polling check
04-14 11:32:13.928   780   780 I lowmemorykiller: nr_free_pages: 45952 nr_inactive_file: 779737 nr_active_file: 297636 workingset_refault: 3764569 pgrefill: 7568820 pgscan_kswapd: 33655338 pgscan_direct: 964528 pgscan_direct_throttle: 0 init_pgscan_direct: 963397 init_pgscan_kswapd: 33623009 base_file_lru: 1101194 init_ws_refault: 3753272 free_swap: 384753 total_swap: 1048575 swap_free_percentage: 36%
04-14 11:32:13.928  7117  8832 I android.vending: AssetManager2(0xb4000076b0bc1a58) locale list changing from [] to [de-DE]
04-14 11:32:13.928   780   780 D lowmemorykiller: Not killing for medium pressure event polling check
04-14 11:32:13.929 26153 26248 D WM-NetworkStateTracker: Unregistering network callback
04-14 11:32:13.938  7117  8832 I android.vending: AssetManager2(0xb4000076b0bc0ab8) locale list changing from [] to [de-DE]
04-14 11:32:13.948  7117  8832 I android.vending: AssetManager2(0xb4000076b0bc26d8) locale list changing from [] to [de-DE]
04-14 11:32:13.961  7117  8832 I android.vending: AssetManager2(0xb4000076b0bc58d8) locale list changing from [] to [de-DE]
04-14 11:32:13.966   780   780 D lowmemorykiller: medium pressure event triggered
