04-14 11:32:14.795 26236 26236 I cr_CombinedPProvider: #onSettingsAvailable() 0
04-14 11:32:14.795 26236 26236 I cr_CombinedPProvider: #flushPolicies()
04-14 11:32:14.800 26374 26374 I Phrase OTA: Initializing Phrase SDK 3.12.0
04-14 11:32:14.806 26374 26420 W FirebaseSessions: Error getting authentication token.
04-14 11:32:14.806 26374 26420 W FirebaseSessions: com.google.firebase.installations.FirebaseInstallationsException: Firebase Installations Service is unavailable. Please try again later.
04-14 11:32:14.806 26374 26420 W FirebaseSessions: 	at e5.c.e(Unknown Source:189)
04-14 11:32:14.806 26374 26420 W FirebaseSessions: 	at com.google.firebase.installations.c.k(Unknown Source:18)
04-14 11:32:14.806 26374 26420 W FirebaseSessions: 	at com.google.firebase.installations.c.i(Unknown Source:31)
04-14 11:32:14.806 26374 26420 W FirebaseSessions: 	at com.google.firebase.installations.c.c(Unknown Source:0)
04-14 11:32:14.806 26374 26420 W FirebaseSessions: 	at c5.d.run(Unknown Source:4)
04-14 11:32:14.806 26374 26420 W FirebaseSessions: 	at q4.j$a.run(Unknown Source:2)
04-14 11:32:14.806 26374 26420 W FirebaseSessions: 	at q4.j$b.a(Unknown Source:82)
04-14 11:32:14.806 26374 26420 W FirebaseSessions: 	at q4.j$b.run(Unknown Source:0)
04-14 11:32:14.806 26374 26420 W FirebaseSessions: 	at java.util.concurrent.ThreadPoolExecutor.runWorker(ThreadPoolExecutor.java:1154)
04-14 11:32:14.806 26374 26420 W FirebaseSessions: 	at java.util.concurrent.ThreadPoolExecutor$Worker.run(ThreadPoolExecutor.java:652)
04-14 11:32:14.806 26374 26420 W FirebaseSessions: 	at com.google.firebase.concurrent.b.a(Unknown Source:12)
04-14 11:32:14.806 26374 26420 W FirebaseSessions: 	at com.google.firebase.concurrent.a.run(Unknown Source:4)
04-14 11:32:14.806 26374 26420 W FirebaseSessions: 	at java.lang.Thread.run(Thread.java:1564)
04-14 11:32:14.807 26374 26418 D FirebaseSessions: Fetching settings from server.
04-14 11:32:14.807 26374 26434 E FirebaseSessions: Error failed to fetch the remote configs: Unable to resolve host "firebase-settings.crashlytics.com": No address associated with hostname
04-14 11:32:14.821  2603  3830 D MemoryStatusReporter: mIsReadyToDump is true
04-14 11:32:14.827 26374 26445 I Phrase OTA: Fetching Translations: https://ota.eu.phrase.com/8c4b6738e8b2ac1c29e3becaf8514d41/2W12LwtIaCkxafhKWPoyzNPZxIjGv9J1DnxS2rIVKNw/de_DE/xml?client=android&unique_identifier=6199ceb7-18e9-42ab-bdb1-5df405328447&sdk_version=3.12.0&last_update=1775307293&current_version=16&app_version=3.80.0
04-14 11:32:14.831 26374 26445 I Phrase OTA: Fetching Translations: No Internet connection
04-14 11:32:14.831 26374 26445 I Phrase OTA: java.net.UnknownHostException: Unable to resolve host "ota.eu.phrase.com": No address associated with hostname
04-14 11:32:14.831 26374 26445 I Phrase OTA: 	at java.net.Inet6AddressImpl.lookupHostByName(Inet6AddressImpl.java:156)
04-14 11:32:14.831 26374 26445 I Phrase OTA: 	at java.net.Inet6AddressImpl.lookupAllHostAddr(Inet6AddressImpl.java:103)
04-14 11:32:14.831 26374 26445 I Phrase OTA: 	at java.net.InetAddress.getAllByName(InetAddress.java:1152)
04-14 11:32:14.831 26374 26445 I Phrase OTA: 	at com.android.okhttp.Dns$1.lookup(Dns.java:41)
04-14 11:32:14.831 26374 26445 I Phrase OTA: 	at com.android.okhttp.internal.http.RouteSelector.resetNextInetSocketAddress(RouteSelector.java:178)
04-14 11:32:14.831 26374 26445 I Phrase OTA: 	at com.android.okhttp.internal.http.RouteSelector.nextProxy(RouteSelector.java:144)
04-14 11:32:14.831 26374 26445 I Phrase OTA: 	at com.android.okhttp.internal.http.RouteSelector.next(RouteSelector.java:86)
04-14 11:32:14.831 26374 26445 I Phrase OTA: 	at com.android.okhttp.internal.http.StreamAllocation.findConnection(StreamAllocation.java:176)
04-14 11:32:14.831 26374 26445 I Phrase OTA: 	at com.android.okhttp.internal.http.StreamAllocation.findHealthyConnection(StreamAllocation.java:128)
04-14 11:32:14.831 26374 26445 I Phrase OTA: 	at com.android.okhttp.internal.http.StreamAllocation.newStream(StreamAllocation.java:97)
04-14 11:32:14.831 26374 26445 I Phrase OTA: 	at com.android.okhttp.internal.http.HttpEngine.connect(HttpEngine.java:289)
04-14 11:32:14.831 26374 26445 I Phrase OTA: 	at com.android.okhttp.internal.http.HttpEngine.sendRequest(HttpEngine.java:232)
04-14 11:32:14.831 26374 26445 I Phrase OTA: 	at com.android.okhttp.internal.huc.HttpURLConnectionImpl.execute(HttpURLConnectionImpl.java:465)
04-14 11:32:14.831 26374 26445 I Phrase OTA: 	at com.android.okhttp.internal.huc.HttpURLConnectionImpl.getResponse(HttpURLConnectionImpl.java:411)
04-14 11:32:14.831 26374 26445 I Phrase OTA: 	at com.android.okhttp.internal.huc.HttpURLConnectionImpl.getResponseCode(HttpURLConnectionImpl.java:542)
04-14 11:32:14.831 26374 26445 I Phrase OTA: 	at com.android.okhttp.internal.huc.DelegatingHttpsURLConnection.getResponseCode(DelegatingHttpsURLConnection.java:106)
04-14 11:32:14.831 26374 26445 I Phrase OTA: 	at com.android.okhttp.internal.huc.HttpsURLConnectionImpl.getResponseCode(HttpsURLConnectionImpl.java:30)
04-14 11:32:14.831 26374 26445 I Phrase OTA: 	at wf.a.a(Unknown Source:188)
04-14 11:32:14.831 26374 26445 I Phrase OTA: 	at tf.g.c(Unknown Source:44)
04-14 11:32:14.831 26374 26445 I Phrase OTA: 	at tf.e.run(Unknown Source:5)
04-14 11:32:14.831 26374 26445 I Phrase OTA: 	at java.util.concurrent.Executors$RunnableAdapter.call(Executors.java:520)
04-14 11:32:14.831 26374 26445 I Phrase OTA: 	at java.util.concurrent.FutureTask.run(FutureTask.java:317)
04-14 11:32:14.831 26374 26445 I Phrase OTA: 	at java.util.concurrent.ThreadPoolExecutor.runWorker(ThreadPoolExecutor.java:1154)
04-14 11:32:14.831 26374 26445 I Phrase OTA: 	at java.util.concurrent.ThreadPoolExecutor$Worker.run(ThreadPoolExecutor.java:652)
04-14 11:32:14.831 26374 26445 I Phrase OTA: 	at java.lang.Thread.run(Thread.java:1564)
04-14 11:32:14.831 26374 26445 I Phrase OTA: Caused by: android.system.GaiException: android_getaddrinfo failed: EAI_NODATA (No address associated with hostname)
04-14 11:32:14.831 26374 26445 I Phrase OTA: 	at libcore.io.Linux.android_getaddrinfo(Native Method)
04-14 11:32:14.831 26374 26445 I Phrase OTA: 	at libcore.io.ForwardingOs.android_getaddrinfo(ForwardingOs.java:134)
04-14 11:32:14.831 26374 26445 I Phrase OTA: 	at libcore.io.BlockGuardOs.android_getaddrinfo(BlockGuardOs.java:222)
04-14 11:32:14.831 26374 26445 I Phrase OTA: 	at libcore.io.ForwardingOs.android_getaddrinfo(ForwardingOs.java:134)
04-14 11:32:14.831 26374 26445 I Phrase OTA: 	at java.net.Inet6AddressImpl.lookupHostByName(Inet6AddressImpl.java:135)
04-14 11:32:14.831 26374 26445 I Phrase OTA: 	... 24 more
04-14 11:32:14.835  2603  2639 I SensorService: checkAndReportAmbientLightSensorStateChangeLocked new 1 old 1 force 0
04-14 11:32:14.835  2603  2647 V GrammaticalInflectionUtils: AttributionSource: android.content.AttributionSource@52e000f5 does not have READ_SYSTEM_GRAMMATICAL_GENDER permission.
04-14 11:32:14.836  2603  2647 D CompatChangeReporter: Compat change id reported: 151861875; UID 10324; state: ENABLED
04-14 11:32:14.843 26374 26374 I StartupBroadcastReceiver: Android Beacon Library restarted via ACTION_BOOT_COMPLETED
04-14 11:32:14.847 26374 26374 I BeaconManager: BeaconManager started up on pid 26374 named 'de.metro.alex.customer.digitalcard.metro' for application package 'de.metro.alex.customer.digitalcard.metro'.  isMainProcess=true
04-14 11:32:14.848  3954 24977 I PhenotypeResourceReader: unable to find any Phenotype resource metadata for de.metro.alex.customer.digitalcard.metro
04-14 11:32:14.848  1302  1302 D Zygote  : Forked child process 26447
04-14 11:32:14.849  2603  2648 I ActivityManager: Start proc 26447:com.einnovation.temu:push/u0a324 for broadcast {com.einnovation.temu/com.google.firebase.iid.FirebaseInstanceIdReceiver}
04-14 11:32:14.849  2603  2648 I ActivityManager: ProcessObserver broadcast disabled
04-14 11:32:14.850 26374 26374 D BeaconParser: Parsing beacon layout: m:2-3=beac,i:4-19,i:20-21,i:22-23,p:24-24,d:25-25
04-14 11:32:14.854 25734 26448 D ProfileInstaller: Skipping profile installation for de.aldiNord.android
04-14 11:32:14.864 26447 26447 I ation.temu:push: Using CollectorTypeCMC GC.
04-14 11:32:14.864  4740  6397 D AdvertisingIdClient: AdvertisingIdClient already created.
04-14 11:32:14.866  4740  6397 I AdvertisingIdClient: shouldSendLog 38422
04-14 11:32:14.866  4740  6397 I AdvertisingIdClient: GetInfoInternal elapse 1ms
04-14 11:32:14.868   780   780 D lowmemorykiller: medium pressure event polling check
04-14 11:32:14.868   780   780 I lowmemorykiller: nr_free_pages: 46448 nr_inactive_file: 775505 nr_active_file: 282665 workingset_refault: 3781769 pgrefill: 7621196 pgscan_kswapd: 33839137 pgscan_direct: 964528 pgscan_direct_throttle: 0 init_pgscan_direct: 963397 init_pgscan_kswapd: 33806293 base_file_lru: 1077373 init_ws_refault: 3764569 free_swap: 372194 total_swap: 1048575 swap_free_percentage: 35%
04-14 11:32:14.868   780   780 D lowmemorykiller: thrashing: 1% thrashing_limit: 30%
04-14 11:32:14.869   780   780 D lowmemorykiller: Not killing for medium pressure event polling check
04-14 11:32:14.869 26447 26447 D nativeloader: Load libframework-connectivity-tiramisu-jni.so using APEX ns com_android_tethering for caller /apex/com.android.tethering/javalib/framework-connectivity-t.jar: ok
04-14 11:32:14.878  2603  3429 D CompatibilityInfo: mCompatibilityFlags - 0
04-14 11:32:14.878  2603  3429 D CompatibilityInfo: applicationDensity - 375
04-14 11:32:14.878  2603  3429 D CompatibilityInfo: applicationScale - 1.0
04-14 11:32:14.879  2603  3429 D OomAdjuster: process : com.einnovation.temu:push, pid = 26447, isTop = false, uid = 10324, hasActivity = false
04-14 11:32:14.879  2603  3429 D OomAdjuster: process : com.einnovation.temu:push is not top!
04-14 11:32:14.881  4746  4829 V OsAgent : broadcastSystemEvent - 7
04-14 11:32:14.885  2603  3143 D InetDiagMessage: Destroyed 0 sockets, proto=IPPROTO_TCP, family=AF_INET, states=14
04-14 11:32:14.887  2603  3143 D InetDiagMessage: Destroyed 0 sockets, proto=IPPROTO_TCP, family=AF_INET6, states=14
04-14 11:32:14.887  2603  3143 D InetDiagMessage: Destroyed live tcp sockets for uids={10252} in 3ms
04-14 11:32:14.888  2603  3143 D InetDiagMessage: Destroyed 0 sockets, proto=IPPROTO_TCP, family=AF_INET, states=14
04-14 11:32:14.889 26447 26447 D ApplicationLoaders: Returning zygote-cached class loader: /system_ext/framework/androidx.window.extensions.jar
04-14 11:32:14.889 26447 26447 D ApplicationLoaders: Returning zygote-cached class loader: /system_ext/framework/androidx.window.sidecar.jar
04-14 11:32:14.889 26447 26447 D ApplicationLoaders: Returning zygote-cached class loader: /system/framework/org.apache.http.legacy.jar
04-14 11:32:14.889  2603  3143 D InetDiagMessage: Destroyed 0 sockets, proto=IPPROTO_TCP, family=AF_INET6, states=14
04-14 11:32:14.889  2603  3143 D InetDiagMessage: Destroyed live tcp sockets for uids={20252} in 3ms
04-14 11:32:14.899  2603  2649 D ActivityManager: uid = 10324, pid = 26447, processName = com.einnovation.temu:push is not top app, set nt foreground
04-14 11:32:14.919 26236 26461 D CompatChangeReporter: Compat change id reported: 312399441; UID 10260; state: ENABLED
04-14 11:32:14.924 26447 26447 W ation.temu:push: Failed to find entry 'classes.dex': Entry not found
04-14 11:32:14.924 26447 26447 W ation.temu:push: Failed to find entry 'classes.dex': Entry not found
04-14 11:32:14.925 26447 26447 W ation.temu:push: Failed to find entry 'classes.dex': Entry not found
04-14 11:32:14.925 26447 26447 W ation.temu:push: Failed to find entry 'classes.dex': Entry not found
04-14 11:32:14.925 26447 26447 W ation.temu:push: Failed to find entry 'classes.dex': Entry not found
04-14 11:32:14.926 26447 26447 D nativeloader: Configuring clns-9 for other apk /data/app/~~QWiPD0qxVs9urWLS2x2tDw==/com.einnovation.temu-uTZgQxYWT45enZtWoU4qYA==/base.apk:/data/app/~~QWiPD0qxVs9urWLS2x2tDw==/com.einnovation.temu-uTZgQxYWT45enZtWoU4qYA==/split_avif_df.apk:/data/app/~~QWiPD0qxVs9urWLS2x2tDw==/com.einnovation.temu-uTZgQxYWT45enZtWoU4qYA==/split_avif_df.config.arm64_v8a.apk:/data/app/~~QWiPD0qxVs9urWLS2x2tDw==/com.einnovation.temu-uTZgQxYWT45enZtWoU4qYA==/split_config.arm64_v8a.apk:/data/app/~~QWiPD0qxVs9urWLS2x2tDw==/com.einnovation.temu-uTZgQxYWT45enZtWoU4qYA==/split_config.xxhdpi.apk:/data/app/~~QWiPD0qxVs9urWLS2x2tDw==/com.einnovation.temu-uTZgQxYWT45enZtWoU4qYA==/split_inn_df.apk:/data/app/~~QWiPD0qxVs9urWLS2x2tDw==/com.einnovation.temu-uTZgQxYWT45enZtWoU4qYA==/split_inn_df.config.arm64_v8a.apk. target_sdk_version=35, uses_libraries=libOpenCL.so, library_path=/data/app/~~QWiPD0qxVs9urWLS2x2tDw==/com.einnovation.temu-uTZgQxYWT45enZtWoU4qYA==/lib/arm64:/data/app/~~QWiPD0qxVs9urWLS2x2tDw==/com.einnovation.temu-uTZgQxYWT45enZtWoU4qYA==/bas
04-14 11:32:14.930 26447 26447 D CompatChangeReporter: Compat change id reported: 202956589; UID 10324; state: ENABLED
04-14 11:32:14.932 26447 26447 I ation.temu:push: AssetManager2(0xb4000076b0a9a238) locale list changing from [] to [de-DE]
04-14 11:32:14.933  3954  3954 D BoundBrokerSvc: onUnbind: Intent { act=com.google.android.gms.time.trustedtime.service.START dat=chimera-action:/... xflg=0x4 cmp=com.google.android.gms/.chimera.PersistentDirectBootAwareApiService }
04-14 11:32:14.935 26447 26447 I Perf    : Connecting to perf service.
04-14 11:32:14.937 26447 26447 V GraphicsEnvironment: Currently set values for:
04-14 11:32:14.937 26447 26447 V GraphicsEnvironment:   angle_gl_driver_selection_pkgs=[com.android.angle, com.linecorp.b612.android, com.campmobile.snow, com.google.android.apps.tachyon]
04-14 11:32:14.937 26447 26447 V GraphicsEnvironment:   angle_gl_driver_selection_values=[angle, native, native, native]
04-14 11:32:14.937 26447 26447 V GraphicsEnvironment: com.einnovation.temu is not listed in per-application setting
04-14 11:32:14.937 26447 26447 V GraphicsEnvironment: ANGLE allowlist from config: 
04-14 11:32:14.937 26447 26447 V GraphicsEnvironment: com.einnovation.temu is not listed in ANGLE allowlist or settings, returning default
04-14 11:32:14.937 26447 26447 V GraphicsEnvironment: Updatable production driver is not supported on the device.
04-14 11:32:14.941 26236 26375 I Phrase OTA: Fetching Translations: Already up to date
04-14 11:32:14.948 26447 26447 I PSM     : init enter processName: com.einnovation.temu:push
04-14 11:32:14.950 26447 26447 I PSM     : enterSafeModeFile exists: false
04-14 11:32:14.951 26236 26236 W chromium: [WARNING:android_webview/browser/network_service/net_helpers.cc:137] HTTP Cache size is: 20971520
04-14 11:32:14.954 26447 26447 I Startup.NlAppDelegator: attachBaseContext
04-14 11:32:14.955 26447 26473 I PSM.Monitor: createFile res: true
04-14 11:32:14.956 26447 26473 I PSM.DataProvider: applicationExitInfo is not exit.
04-14 11:32:14.968   780   780 D lowmemorykiller: medium pressure event polling check
04-14 11:32:14.968   780   780 I lowmemorykiller: nr_free_pages: 33065 nr_inactive_file: 784536 nr_active_file: 283414 workingset_refault: 3784459 pgrefill: 7622279 pgscan_kswapd: 33840998 pgscan_direct: 964528 pgscan_direct_throttle: 0 init_pgscan_direct: 963397 init_pgscan_kswapd: 33839137 base_file_lru: 1077373 init_ws_refault: 3764569 free_swap: 372130 total_swap: 1048575 swap_free_percentage: 35%
04-14 11:32:14.969   780   780 D lowmemorykiller: Not killing for medium pressure event polling check
04-14 11:32:14.986 26236 26480 I CameraManagerGlobal: Connecting to camera service
04-14 11:32:14.991 26447 26447 D nativeloader: Load /data/app/~~QWiPD0qxVs9urWLS2x2tDw==/com.einnovation.temu-uTZgQxYWT45enZtWoU4qYA==/split_config.arm64_v8a.apk!/lib/arm64-v8a/libapm_caam.so using class loader ns clns-9 (caller=/data/app/~~QWiPD0qxVs9urWLS2x2tDw==/com.einnovation.temu-uTZgQxYWT45enZtWoU4qYA==/base.apk!classes4.dex): ok
04-14 11:32:15.000  2019  2019 I AttributionAndPermissionUtils: checkPermission (forDataDelivery 0 startDataDelivery 0): Permission hard denied for client attribution [uid 10260, pid 26236, packageName "<unknown>"]
04-14 11:32:15.001 26447 26486 D nativeloader: Load /data/app/~~QWiPD0qxVs9urWLS2x2tDw==/com.einnovation.temu-uTZgQxYWT45enZtWoU4qYA==/split_config.arm64_v8a.apk!/lib/arm64-v8a/libguard_handler.so using class loader ns clns-9 (caller=/data/app/~~QWiPD0qxVs9urWLS2x2tDw==/com.einnovation.temu-uTZgQxYWT45enZtWoU4qYA==/base.apk!classes5.dex): ok
04-14 11:32:15.001 26447 26486 E tag_apm.Native: not hit android version
04-14 11:32:15.001 26447 26486 E tag_apm.Native: not hit android version
04-14 11:32:15.004 26236 26480 W libc    : Access denied finding property "vendor.camera.aux.packagelist"
04-14 11:32:15.004 26236 26480 W libc    : Access denied finding property "vendor.camera.aux.packagelist"
04-14 11:32:15.004 26236 26480 W CameraManagerGlobal: [soar.cts] ignore the status update of camera: 2
04-14 11:32:15.004 26236 26480 W libc    : Access denied finding property "vendor.camera.aux.packagelist"
04-14 11:32:15.004 26236 26480 W CameraManagerGlobal: [soar.cts] ignore the status update of camera: 3
04-14 11:32:15.004 26236 26480 W libc    : Access denied finding property "vendor.camera.aux.packagelist"
04-14 11:32:15.004 26236 26480 W CameraManagerGlobal: [soar.cts] ignore the status update of camera: 4
04-14 11:32:15.006 26447 26485 D nativeloader: Load /data/app/~~QWiPD0qxVs9urWLS2x2tDw==/com.einnovation.temu-uTZgQxYWT45enZtWoU4qYA==/split_config.arm64_v8a.apk!/lib/arm64-v8a/libasape.so using class loader ns clns-9 (caller=/data/app/~~QWiPD0qxVs9urWLS2x2tDw==/com.einnovation.temu-uTZgQxYWT45enZtWoU4qYA==/base.apk!classes4.dex): ok
04-14 11:32:15.006   780   780 D lowmemorykiller: medium pressure event triggered
04-14 11:32:15.007 26236 26254 W libc    : Access denied finding property "vendor.camera.aux.packagelist"
04-14 11:32:15.007   780   780 I lowmemorykiller: nr_free_pages: 29368 nr_inactive_file: 787450 nr_active_file: 283091 workingset_refault: 3784809 pgrefill: 7623151 pgscan_kswapd: 33844914 pgscan_direct: 964528 pgscan_direct_throttle: 0 init_pgscan_direct: 963397 init_pgscan_kswapd: 33840998 base_file_lru: 1067950 init_ws_refault: 3784459 free_swap: 371891 total_swap: 1048575 swap_free_percentage: 35%
04-14 11:32:15.007   780   780 D lowmemorykiller: thrashing: 0% thrashing_limit: 30%
04-14 11:32:15.007   780   780 D lowmemorykiller: Not killing for medium pressure event trigger
04-14 11:32:15.009 26236 26247 W libc    : Access denied finding property "vendor.camera.aux.packagelist"
04-14 11:32:15.009 26236 26247 W CameraManagerGlobal: ignore the torch status update of camera: 2
04-14 11:32:15.009 26236 26247 W libc    : Access denied finding property "vendor.camera.aux.packagelist"
04-14 11:32:15.009 26236 26247 W CameraManagerGlobal: ignore the torch status update of camera: 3
04-14 11:32:15.009 26236 26247 W libc    : Access denied finding property "vendor.camera.aux.packagelist"
04-14 11:32:15.009 26236 26247 W CameraManagerGlobal: ignore the torch status update of camera: 4
04-14 11:32:15.015  4740  6397 D AdvertisingIdClient: AdvertisingIdClient already created.
04-14 11:32:15.016  4740  6397 I AdvertisingIdClient: shouldSendLog 38422
04-14 11:32:15.016  4740  6397 I AdvertisingIdClient: GetInfoInternal elapse 1ms
04-14 11:32:15.025 26447 26495 D nativeloader: Load /data/app/~~QWiPD0qxVs9urWLS2x2tDw==/com.einnovation.temu-uTZgQxYWT45enZtWoU4qYA==/split_config.arm64_v8a.apk!/lib/arm64-v8a/libtestore.so using class loader ns clns-9 (caller=/data/app/~~QWiPD0qxVs9urWLS2x2tDw==/com.einnovation.temu-uTZgQxYWT45enZtWoU4qYA==/base.apk!classes5.dex): ok
04-14 11:32:15.031  2603  3218 D BackgroundInstallControlService: Package event received: 0
04-14 11:32:15.031  2603  5468 D ConnectivityService: Returning BLOCKED NetworkInfo to uid=10324
04-14 11:32:15.034 26447 26508 D nativeloader: Load /data/app/~~QWiPD0qxVs9urWLS2x2tDw==/com.einnovation.temu-uTZgQxYWT45enZtWoU4qYA==/split_config.arm64_v8a.apk!/lib/arm64-v8a/libc++_shared.so using class loader ns clns-9 (caller=/data/app/~~QWiPD0qxVs9urWLS2x2tDw==/com.einnovation.temu-uTZgQxYWT45enZtWoU4qYA==/base.apk!classes3.dex): ok
04-14 11:32:15.037  2603  3218 D BackgroundInstallControlService: Package event received: 0
04-14 11:32:15.042 26447 26508 D nativeloader: Load /data/app/~~QWiPD0qxVs9urWLS2x2tDw==/com.einnovation.temu-uTZgQxYWT45enZtWoU4qYA==/split_config.arm64_v8a.apk!/lib/arm64-v8a/libtcplink.so using class loader ns clns-9 (caller=/data/app/~~QWiPD0qxVs9urWLS2x2tDw==/com.einnovation.temu-uTZgQxYWT45enZtWoU4qYA==/base.apk!classes3.dex): ok
04-14 11:32:15.042 26447 26508 I TcpLinkJNI: cnt:0, 0x7580818164, jvm:0xb4000076c0a93190
04-14 11:32:15.042 26447 26508 I NvBaseJNI: SetJvm, jvm:0xb4000076c0a93190, @0xb400007810aec590
04-14 11:32:15.046  2603  2639 I SensorService: checkAndReportAmbientLightSensorStateChangeLocked new 1 old 1 force 0
04-14 11:32:15.046  2603  2647 V GrammaticalInflectionUtils: AttributionSource: android.content.AttributionSource@decd63e3 does not have READ_SYSTEM_GRAMMATICAL_GENDER permission.
04-14 11:32:15.046  2603  2647 D CompatChangeReporter: Compat change id reported: 151861875; UID 10406; state: ENABLED
04-14 11:32:15.055  3954  3954 D BoundBrokerSvc: onUnbind: Intent { act=com.google.android.gms.time.trustedtime.singleuserapi.service.START dat=chimera-action:/... xflg=0x4 cmp=com.google.android.gms/.chimera.PersistentSingleUserInternalApiService }
04-14 11:32:15.057  2603  5468 D ConnectivityService: requestNetwork for uid/pid:10324/26447 activeRequest: null callbackRequest: 799 [NetworkRequest [ REQUEST id=800, [ Capabilities: INTERNET&NOT_RESTRICTED&TRUSTED&NOT_VCN_MANAGED&NOT_BANDWIDTH_CONSTRAINED Uid: 10324 RequestorUid: 10324 RequestorPkg: com.einnovation.temu UnderlyingNetworks: Null] ]] callback flags: 0 order: 2147483647 isUidTracked: false declaredMethods: AVAIL|LOST|NC|LP
04-14 11:32:15.059  2603  3437 D CompatChangeReporter: Compat change id reported: 319212206; UID 10324; state: ENABLED
04-14 11:32:15.063  1302  1302 D Zygote  : Forked child process 26525
04-14 11:32:15.063  2603  2648 I ActivityManager: Start proc 26525:de.number26.android/u0a406 for broadcast {de.number26.android/androidx.work.impl.background.systemalarm.RescheduleReceiver}
04-14 11:32:15.063  2603  2648 I ActivityManager: ProcessObserver broadcast disabled
04-14 11:32:15.064  2603  3132 D WifiNetworkFactory: got request NetworkRequest [ REQUEST id=800, [ Capabilities: INTERNET&NOT_RESTRICTED&TRUSTED&NOT_VCN_MANAGED&NOT_BANDWIDTH_CONSTRAINED Uid: 10324 RequestorUid: 10324 RequestorPkg: com.einnovation.temu UnderlyingNetworks: Null] ]
04-14 11:32:15.065  2603  3143 D ConnectivityService: NetReassign [800 : null ÔåÆ 102] [c 0] [a 2] [i 1]
04-14 11:32:15.066  2603  3132 D UntrustedWifiNetworkFactory: got request NetworkRequest [ REQUEST id=800, [ Capabilities: INTERNET&NOT_RESTRICTED&TRUSTED&NOT_VCN_MANAGED&NOT_BANDWIDTH_CONSTRAINED Uid: 10324 RequestorUid: 10324 RequestorPkg: com.einnovation.temu UnderlyingNetworks: Null] ]
04-14 11:32:15.066  2603  3132 D OemPaidWifiNetworkFactory: got request NetworkRequest [ REQUEST id=800, [ Capabilities: INTERNET&NOT_RESTRICTED&TRUSTED&NOT_VCN_MANAGED&NOT_BANDWIDTH_CONSTRAINED Uid: 10324 RequestorUid: 10324 RequestorPkg: com.einnovation.temu UnderlyingNetworks: Null] ]
04-14 11:32:15.066  2603  3132 D MultiInternetWifiNetworkFactory: got request NetworkRequest [ REQUEST id=800, [ Capabilities: INTERNET&NOT_RESTRICTED&TRUSTED&NOT_VCN_MANAGED&NOT_BANDWIDTH_CONSTRAINED Uid: 10324 RequestorUid: 10324 RequestorPkg: com.einnovation.temu UnderlyingNetworks: Null] ]
04-14 11:32:15.067  2603  3143 D ConnectivityService: NetReassign [no changes] [c 0] [a 0] [i 1]
04-14 11:32:15.073 26447 26528 I FirebaseMessaging: FirebaseApp has not being initialized. Device might be in direct boot mode. Skip exporting delivery metrics to Big Query
04-14 11:32:15.080  3954 24977 I AlarmManager: setExactAndAllowWhileIdle [name: FcmRetry type: 2 triggerAtMillis: 275285]
04-14 11:32:15.080 26525 26525 I libc    : SetHeapTaggingLevel: tag level set to 0
04-14 11:32:15.086 26525 26525 I umber26.android: Using CollectorTypeCMC GC.
04-14 11:32:15.091  1368  4202 I vendor.qti.bluetooth@1.0-ibs_handler: ProcessIbsCmd: Received IBS_WAKE_IND: 0xFD
04-14 11:32:15.091  1368  4202 I vendor.qti.bluetooth@1.0-ibs_handler: ProcessIbsCmd: Writing IBS_WAKE_ACK
04-14 11:32:15.091  2603  5570 D CompatChangeReporter: Compat change id reported: 311208629; UID 10324; state: ENABLED
04-14 11:32:15.094 26525 26525 D nativeloader: Load libframework-connectivity-tiramisu-jni.so using APEX ns com_android_tethering for caller /apex/com.android.tethering/javalib/framework-connectivity-t.jar: ok
04-14 11:32:15.096 26236 26487 E BMP:CYFNetworkServiceTask: Exception:java.net.UnknownHostException: Unable to resolve host "_bm": No address associated with hostname
04-14 11:32:15.097 26236 26487 W System.err: java.net.UnknownHostException: Unable to resolve host "_bm": No address associated with hostname
04-14 11:32:15.097 26236 26487 W System.err: 	at java.net.Inet6AddressImpl.lookupHostByName(Inet6AddressImpl.java:156)
04-14 11:32:15.097 26236 26487 W System.err: 	at java.net.Inet6AddressImpl.lookupAllHostAddr(Inet6AddressImpl.java:103)
04-14 11:32:15.097 26236 26487 W System.err: 	at java.net.InetAddress.getAllByName(InetAddress.java:1152)
04-14 11:32:15.097 26236 26487 W System.err: 	at com.android.okhttp.Dns$1.lookup(Dns.java:41)
04-14 11:32:15.097 26236 26487 W System.err: 	at com.android.okhttp.internal.http.RouteSelector.resetNextInetSocketAddress(RouteSelector.java:178)
04-14 11:32:15.097 26236 26487 W System.err: 	at com.android.okhttp.internal.http.RouteSelector.nextProxy(RouteSelector.java:144)
04-14 11:32:15.097 26236 26487 W System.err: 	at com.android.okhttp.internal.http.RouteSelector.next(RouteSelector.java:86)
04-14 11:32:15.097 26236 26487 W System.err: 	at com.android.okhttp.internal.http.StreamAllocation.findConnection(StreamAllocation.java:176)
04-14 11:32:15.097 26236 26487 W System.err: 	at com.android.okhttp.internal.http.StreamAllocation.findHealthyConnection(StreamAllocation.java:128)
04-14 11:32:15.097 26236 26487 W System.err: 	at com.android.okhttp.internal.http.StreamAllocation.newStream(StreamAllocation.java:97)
04-14 11:32:15.097 26236 26487 W System.err: 	at com.android.okhttp.internal.http.HttpEngine.connect(HttpEngine.java:289)
04-14 11:32:15.097 26236 26487 W System.err: 	at com.android.okhttp.internal.http.HttpEngine.sendRequest(HttpEngine.java:232)
04-14 11:32:15.097 26236 26487 W System.err: 	at com.android.okhttp.internal.huc.HttpURLConnectionImpl.execute(HttpURLConnectionImpl.java:465)
04-14 11:32:15.097 26236 26487 W System.err: 	at com.android.okhttp.internal.huc.HttpURLConnectionImpl.getResponse(HttpURLConnectionImpl.java:411)
04-14 11:32:15.097 26236 26487 W System.err: 	at com.android.okhttp.internal.huc.HttpURLConnectionImpl.getResponseCode(HttpURLConnectionImpl.java:542)
04-14 11:32:15.097 26236 26487 W System.err: 	at com.android.okhttp.internal.huc.DelegatingHttpsURLConnection.getResponseCode(DelegatingHttpsURLConnection.java:106)
04-14 11:32:15.097 26236 26487 W System.err: 	at com.android.okhttp.internal.huc.HttpsURLConnectionImpl.getResponseCode(HttpsURLConnectionImpl.java:30)
04-14 11:32:15.097 26236 26487 W System.err: 	at com.newrelic.agent.android.instrumentation.HttpsURLConnectionExtension.getResponseCode(Unknown Source:5)
04-14 11:32:15.097 26236 26487 W System.err: 	at jP.Th$tL.run(Unknown Source:41)
04-14 11:32:15.098 26236 26487 W System.err: 	at java.util.concurrent.ThreadPoolExecutor.runWorker(ThreadPoolExecutor.java:1154)
04-14 11:32:15.098 26236 26487 W System.err: 	at java.util.concurrent.ThreadPoolExecutor$Worker.run(ThreadPoolExecutor.java:652)
04-14 11:32:15.098 26236 26487 W System.err: 	at java.lang.Thread.run(Thread.java:1564)
04-14 11:32:15.098 26236 26487 W System.err: Caused by: android.system.GaiException: android_getaddrinfo failed: EAI_NODATA (No address associated with hostname)
04-14 11:32:15.098 26236 26487 W System.err: 	at libcore.io.Linux.android_getaddrinfo(Native Method)
04-14 11:32:15.098 26236 26487 W System.err: 	at libcore.io.ForwardingOs.android_getaddrinfo(ForwardingOs.java:134)
04-14 11:32:15.098 26236 26487 W System.err: 	at libcore.io.BlockGuardOs.android_getaddrinfo(BlockGuardOs.java:222)
04-14 11:32:15.098 26236 26487 W System.err: 	at libcore.io.ForwardingOs.android_getaddrinfo(ForwardingOs.java:134)
04-14 11:32:15.098 26236 26487 W System.err: 	at java.net.Inet6AddressImpl.lookupHostByName(Inet6AddressImpl.java:135)
04-14 11:32:15.098 26236 26487 W System.err: 	... 21 more
04-14 11:32:15.101  2603  5568 D CompatibilityInfo: mCompatibilityFlags - 0
04-14 11:32:15.101  2603  5568 D CompatibilityInfo: applicationDensity - 375
04-14 11:32:15.101  2603  5568 D CompatibilityInfo: applicationScale - 1.0
04-14 11:32:15.102  2603  5568 D OomAdjuster: process : de.number26.android, pid = 26525, isTop = false, uid = 10406, hasActivity = false
04-14 11:32:15.102  2603  5568 D OomAdjuster: process : de.number26.android is not top!
04-14 11:32:15.103 26447 26507 D CompatChangeReporter: Compat change id reported: 312399441; UID 10324; state: ENABLED
04-14 11:32:15.104  4746  4829 V OsAgent : broadcastSystemEvent - 7
04-14 11:32:15.107   780   780 D lowmemorykiller: medium pressure event polling check
04-14 11:32:15.107   780   780 I lowmemorykiller: nr_free_pages: 31489 nr_inactive_file: 783843 nr_active_file: 279873 workingset_refault: 3784938 pgrefill: 7628697 pgscan_kswapd: 33867673 pgscan_direct: 964528 pgscan_direct_throttle: 0 init_pgscan_direct: 963397 init_pgscan_kswapd: 33844914 base_file_lru: 1067950 init_ws_refault: 3784459 free_swap: 370203 total_swap: 1048575 swap_free_percentage: 35%
04-14 11:32:15.107   780   780 D lowmemorykiller: thrashing: 0% thrashing_limit: 30%
04-14 11:32:15.107   780   780 D lowmemorykiller: Not killing for medium pressure event polling check
04-14 11:32:15.113  2603  2649 D ActivityManager: uid = 10406, pid = 26525, processName = de.number26.android is not top app, set nt foreground
04-14 11:32:15.113 26525 26525 D ApplicationLoaders: Returning zygote-cached class loader: /system/framework/org.apache.http.legacy.jar
04-14 11:32:15.113 26525 26525 D ApplicationLoaders: Returning zygote-cached class loader: /system/framework/android.test.base.jar
04-14 11:32:15.115 26447 26501 E ashmem  : Pinning is deprecated since Android Q. Please use trim or other methods.
04-14 11:32:15.115 26447 26496 D nativeloader: Load /data/app/~~QWiPD0qxVs9urWLS2x2tDw==/com.einnovation.temu-uTZgQxYWT45enZtWoU4qYA==/split_config.arm64_v8a.apk!/lib/arm64-v8a/libriver.so using class loader ns clns-9 (caller=/data/app/~~QWiPD0qxVs9urWLS2x2tDw==/com.einnovation.temu-uTZgQxYWT45enZtWoU4qYA==/base.apk!classes3.dex): ok
04-14 11:32:15.118 26525 26525 D nativeloader: Configuring clns-9 for other apk /system/framework/android.test.mock.jar. target_sdk_version=35, uses_libraries=ALL, library_path=/data/app/~~s-NnZGn843MQ74agtlSwmg==/de.number26.android-PwgDP4Py5aqWjTey4OtJrA==/lib/arm64:/data/app/~~s-NnZGn843MQ74agtlSwmg==/de.number26.android-PwgDP4Py5aqWjTey4OtJrA==/base.apk!/lib/arm64-v8a:/data/app/~~s-NnZGn843MQ74agtlSwmg==/de.number26.android-PwgDP4Py5aqWjTey4OtJrA==/split_config.arm64_v8a.apk!/lib/arm64-v8a:/data/app/~~s-NnZGn843MQ74agtlSwmg==/de.number26.android-PwgDP4Py5aqWjTey4OtJrA==/split_config.xxhdpi.apk!/lib/arm64-v8a, permitted_path=/data:/mnt/expand:/data/user/0/de.number26.android
04-14 11:32:15.118 26525 26525 D nativeloader: Extending system_exposed_libraries: libbinauralrenderer_wrapper.qti.so:libhoaeffects.qti.so:libupdateprof.qti.so:libthermalclient.qti.so:libdiag_system.qti.so:libqape.qti.so:libqesdk_ndk_platform.qti.so:liblistenjni.qti.so
04-14 11:32:15.121 26525 26525 D nativeloader: Configuring clns-10 for other apk /system/framework/android.test.runner.jar. target_sdk_version=35, uses_libraries=ALL, library_path=/data/app/~~s-NnZGn843MQ74agtlSwmg==/de.number26.android-PwgDP4Py5aqWjTey4OtJrA==/lib/arm64:/data/app/~~s-NnZGn843MQ74agtlSwmg==/de.number26.android-PwgDP4Py5aqWjTey4OtJrA==/base.apk!/lib/arm64-v8a:/data/app/~~s-NnZGn843MQ74agtlSwmg==/de.number26.android-PwgDP4Py5aqWjTey4OtJrA==/split_config.arm64_v8a.apk!/lib/arm64-v8a:/data/app/~~s-NnZGn843MQ74agtlSwmg==/de.number26.android-PwgDP4Py5aqWjTey4OtJrA==/split_config.xxhdpi.apk!/lib/arm64-v8a, permitted_path=/data:/mnt/expand:/data/user/0/de.number26.android
04-14 11:32:15.121 26525 26525 D nativeloader: Extending system_exposed_libraries: libbinauralrenderer_wrapper.qti.so:libhoaeffects.qti.so:libupdateprof.qti.so:libthermalclient.qti.so:libdiag_system.qti.so:libqape.qti.so:libqesdk_ndk_platform.qti.so:liblistenjni.qti.so
04-14 11:32:15.121 26525 26525 D ApplicationLoaders: Returning zygote-cached class loader: /system/framework/android.test.base.jar
04-14 11:32:15.122 26525 26525 D nativeloader: Configuring clns-11 for other apk /system_ext/framework/androidx.camera.extensions.impl.advanced.jar. target_sdk_version=35, uses_libraries=ALL, library_path=/data/app/~~s-NnZGn843MQ74agtlSwmg==/de.number26.android-PwgDP4Py5aqWjTey4OtJrA==/lib/arm64:/data/app/~~s-NnZGn843MQ74agtlSwmg==/de.number26.android-PwgDP4Py5aqWjTey4OtJrA==/base.apk!/lib/arm64-v8a:/data/app/~~s-NnZGn843MQ74agtlSwmg==/de.number26.android-PwgDP4Py5aqWjTey4OtJrA==/split_config.arm64_v8a.apk!/lib/arm64-v8a:/data/app/~~s-NnZGn843MQ74agtlSwmg==/de.number26.android-PwgDP4Py5aqWjTey4OtJrA==/split_config.xxhdpi.apk!/lib/arm64-v8a, permitted_path=/data:/mnt/expand:/data/user/0/de.number26.android
04-14 11:32:15.123 26525 26525 D nativeloader: Extending system_exposed_libraries: libbinauralrenderer_wrapper.qti.so:libhoaeffects.qti.so:libupdateprof.qti.so:libthermalclient.qti.so:libdiag_system.qti.so:libqape.qti.so:libqesdk_ndk_platform.qti.so:liblistenjni.qti.so
04-14 11:32:15.123 26525 26525 D ApplicationLoaders: Returning zygote-cached class loader: /system_ext/framework/androidx.window.extensions.jar
04-14 11:32:15.123 26525 26525 D ApplicationLoaders: Returning zygote-cached class loader: /system_ext/framework/androidx.window.sidecar.jar
04-14 11:32:15.132  1368  4202 I vendor.qti.bluetooth@1.0-ibs_handler: ProcessIbsCmd: Received IBS_SLEEP_IND: 0xFE
04-14 11:32:15.139   957   957 E KeymasterUtils: rsp_header->status: -28
04-14 11:32:15.139   957   957 E KeyMasterHalDevice: abort_operation
04-14 11:32:15.139   957   957 E KeyMasterHalDevice: ret: -28
04-14 11:32:15.152  2603  5570 D CompatChangeReporter: Compat change id reported: 297989574; UID 10324; state: ENABLED
04-14 11:32:15.180  2603  5568 D ConnectivityService: requestNetwork for uid/pid:10260/26236 activeRequest: null callbackRequest: 802 [NetworkRequest [ REQUEST id=803, [ Capabilities: INTERNET&NOT_RESTRICTED&TRUSTED&NOT_VCN_MANAGED&NOT_BANDWIDTH_CONSTRAINED Uid: 10260 RequestorUid: 10260 RequestorPkg: de.mcdonalds.mcdonaldsinfoapp UnderlyingNetworks: Null] ]] callback flags: 0 order: 2147483647 isUidTracked: false declaredMethods: AVAIL|LOST|NC|LP
04-14 11:32:15.183  2603  3132 D WifiNetworkFactory: got request NetworkRequest [ REQUEST id=803, [ Capabilities: INTERNET&NOT_RESTRICTED&TRUSTED&NOT_VCN_MANAGED&NOT_BANDWIDTH_CONSTRAINED Uid: 10260 RequestorUid: 10260 RequestorPkg: de.mcdonalds.mcdonaldsinfoapp UnderlyingNetworks: Null] ]
04-14 11:32:15.184  2603  3132 D UntrustedWifiNetworkFactory: got request NetworkRequest [ REQUEST id=803, [ Capabilities: INTERNET&NOT_RESTRICTED&TRUSTED&NOT_VCN_MANAGED&NOT_BANDWIDTH_CONSTRAINED Uid: 10260 RequestorUid: 10260 RequestorPkg: de.mcdonalds.mcdonaldsinfoapp UnderlyingNetworks: Null] ]
04-14 11:32:15.184  2603  3132 D OemPaidWifiNetworkFactory: got request NetworkRequest [ REQUEST id=803, [ Capabilities: INTERNET&NOT_RESTRICTED&TRUSTED&NOT_VCN_MANAGED&NOT_BANDWIDTH_CONSTRAINED Uid: 10260 RequestorUid: 10260 RequestorPkg: de.mcdonalds.mcdonaldsinfoapp UnderlyingNetworks: Null] ]
04-14 11:32:15.184  2603  3132 D MultiInternetWifiNetworkFactory: got request NetworkRequest [ REQUEST id=803, [ Capabilities: INTERNET&NOT_RESTRICTED&TRUSTED&NOT_VCN_MANAGED&NOT_BANDWIDTH_CONSTRAINED Uid: 10260 RequestorUid: 10260 RequestorPkg: de.mcdonalds.mcdonaldsinfoapp UnderlyingNetworks: Null] ]
04-14 11:32:15.184  2603  3143 D ConnectivityService: NetReassign [803 : null ÔåÆ 102] [c 0] [a 2] [i 2]
04-14 11:32:15.192  2603  3143 D ConnectivityService: NetReassign [no changes] [c 1] [a 1] [i 2]
04-14 11:32:15.208   780   780 D lowmemorykiller: medium pressure event polling check
04-14 11:32:15.208   780   780 I lowmemorykiller: nr_free_pages: 38978 nr_inactive_file: 778623 nr_active_file: 274251 workingset_refault: 3785851 pgrefill: 7636648 pgscan_kswapd: 33899931 pgscan_direct: 964528 pgscan_direct_throttle: 0 init_pgscan_direct: 963397 init_pgscan_kswapd: 33867673 base_file_lru: 1067950 init_ws_refault: 3784459 free_swap: 367688 total_swap: 1048575 swap_free_percentage: 35%
04-14 11:32:15.208   780   780 D lowmemorykiller: thrashing: 0% thrashing_limit: 30%
04-14 11:32:15.208   780   780 D lowmemorykiller: Not killing for medium pressure event polling check
04-14 11:32:15.212 26447 26500 I FirebaseApp: Device unlocked: initializing all Firebase APIs for app [DEFAULT]
04-14 11:32:15.215 26525 26525 W umber26.android: Failed to find entry 'classes.dex': Entry not found
04-14 11:32:15.216 26525 26525 W umber26.android: Failed to find entry 'classes.dex': Entry not found
04-14 11:32:15.216 26525 26525 D nativeloader: Configuring clns-12 for other apk /data/app/~~s-NnZGn843MQ74agtlSwmg==/de.number26.android-PwgDP4Py5aqWjTey4OtJrA==/base.apk:/data/app/~~s-NnZGn843MQ74agtlSwmg==/de.number26.android-PwgDP4Py5aqWjTey4OtJrA==/split_config.arm64_v8a.apk:/data/app/~~s-NnZGn843MQ74agtlSwmg==/de.number26.android-PwgDP4Py5aqWjTey4OtJrA==/split_config.xxhdpi.apk. target_sdk_version=35, uses_libraries=, library_path=/data/app/~~s-NnZGn843MQ74agtlSwmg==/de.number26.android-PwgDP4Py5aqWjTey4OtJrA==/lib/arm64:/data/app/~~s-NnZGn843MQ74agtlSwmg==/de.number26.android-PwgDP4Py5aqWjTey4OtJrA==/base.apk!/lib/arm64-v8a:/data/app/~~s-NnZGn843MQ74agtlSwmg==/de.number26.android-PwgDP4Py5aqWjTey4OtJrA==/split_config.arm64_v8a.apk!/lib/arm64-v8a:/data/app/~~s-NnZGn843MQ74agtlSwmg==/de.number26.android-PwgDP4Py5aqWjTey4OtJrA==/split_config.xxhdpi.apk!/lib/arm64-v8a, permitted_path=/data:/mnt/expand:/data/user/0/de.number26.android
04-14 11:32:15.222 26525 26525 D CompatChangeReporter: Compat change id reported: 202956589; UID 10406; state: ENABLED
04-14 11:32:15.226 26525 26525 I umber26.android: AssetManager2(0x76b0acde58) locale list changing from [] to [de-DE]
04-14 11:32:15.229 26525 26525 I Perf    : Connecting to perf service.
04-14 11:32:15.229  2603  3143 D InetDiagMessage: Destroyed 0 sockets, proto=IPPROTO_TCP, family=AF_INET, states=14
04-14 11:32:15.231  2603  3143 D InetDiagMessage: Destroyed 2 sockets, proto=IPPROTO_TCP, family=AF_INET6, states=14
04-14 11:32:15.231  2603  3143 D InetDiagMessage: Destroyed live tcp sockets for uids={10456} in 2ms
04-14 11:32:15.232 26525 26525 V GraphicsEnvironment: Currently set values for:
04-14 11:32:15.232 26525 26525 V GraphicsEnvironment:   angle_gl_driver_selection_pkgs=[com.android.angle, com.linecorp.b612.android, com.campmobile.snow, com.google.android.apps.tachyon]
04-14 11:32:15.232 26525 26525 V GraphicsEnvironment:   angle_gl_driver_selection_values=[angle, native, native, native]
04-14 11:32:15.232 26525 26525 V GraphicsEnvironment: de.number26.android is not listed in per-application setting
04-14 11:32:15.232  2603  3143 D InetDiagMessage: Destroyed 0 sockets, proto=IPPROTO_TCP, family=AF_INET, states=14
04-14 11:32:15.232 26525 26525 V GraphicsEnvironment: ANGLE allowlist from config: 
04-14 11:32:15.232 26525 26525 V GraphicsEnvironment: de.number26.android is not listed in ANGLE allowlist or settings, returning default
04-14 11:32:15.232 26525 26525 V GraphicsEnvironment: Updatable production driver is not supported on the device.
04-14 11:32:15.233  2603  3143 D InetDiagMessage: Destroyed 0 sockets, proto=IPPROTO_TCP, family=AF_INET6, states=14
04-14 11:32:15.233  2603  3143 D InetDiagMessage: Destroyed live tcp sockets for uids={20456} in 3ms
04-14 11:32:15.250 26447 26447 W Thread-2: type=1400 audit(0.0:455): avc:  denied  { read } for  name="drivers" dev="proc" ino=4026531852 scontext=u:r:untrusted_app:s0:c68,c257,c512,c768 tcontext=u:object_r:proc_tty_drivers:s0 tclass=file permissive=0 app=com.einnovation.temu
04-14 11:32:15.276  2603  3132 D WifiStaIfaceHidlImpl: getCachedScanData is not implemented by HIDL
04-14 11:32:15.288 26236 26460 D CompatChangeReporter: Compat change id reported: 352594277; UID 10260; state: ENABLED
04-14 11:32:15.309   780   780 D lowmemorykiller: medium pressure event polling check
04-14 11:32:15.309   780   780 I lowmemorykiller: nr_free_pages: 46054 nr_inactive_file: 775556 nr_active_file: 271268 workingset_refault: 3786546 pgrefill: 7642200 pgscan_kswapd: 33932822 pgscan_direct: 964528 pgscan_direct_throttle: 0 init_pgscan_direct: 963397 init_pgscan_kswapd: 33899931 base_file_lru: 1067950 init_ws_refault: 3784459 free_swap: 364749 total_swap: 1048575 swap_free_percentage: 34%
04-14 11:32:15.309   780   780 D lowmemorykiller: thrashing: 0% thrashing_limit: 30%
04-14 11:32:15.309   780   780 D lowmemorykiller: Not killing for medium pressure event polling check
04-14 11:32:15.315 26447 26561 W ation.temu:push: ClassLoaderContext classpath size mismatch. expected=1, found=0 (DLC[];PCL[base.apk*3395480911]{PCL[/system/framework/org.apache.http.legacy.jar*4247870504]#PCL[/system/framework/com.android.location.provider.jar*1570284764]#PCL[/system/framework/com.android.media.remotedisplay.jar*487574312]#PCL[/system_ext/framework/com.android.extensions.appfunctions.jar*2880224042]#PCL[/system_ext/framework/androidx.window.extensions.jar*2649168746]#PCL[/system_ext/framework/androidx.window.sidecar.jar*2491547954]} | DLC[];PCL[])
04-14 11:32:15.325  2603  3088 D ActivityManager: freezing 16339 com.android.chrome:sandboxed_process0:org.chromium.content.app.SandboxedProcessService0:2
04-14 11:32:15.326  2603  3088 D ActivityManager: freezing 14568 com.android.chrome:privileged_process0
04-14 11:32:15.329  2603  3143 D InetDiagMessage: Destroyed 0 sockets, proto=IPPROTO_TCP, family=AF_INET, states=14
04-14 11:32:15.331  2603  3143 D InetDiagMessage: Destroyed 0 sockets, proto=IPPROTO_TCP, family=AF_INET6, states=14
04-14 11:32:15.331  2603  3143 D InetDiagMessage: Destroyed live tcp sockets for uids={90004} in 3ms
04-14 11:32:15.333 26447 26561 I DynamiteModule: Considering local module com.google.android.gms.measurement.dynamite:100 and remote module com.google.android.gms.measurement.dynamite:185
04-14 11:32:15.333 26447 26561 I DynamiteModule: Selected remote version of com.google.android.gms.measurement.dynamite, version >= 185
04-14 11:32:15.333 26447 26561 V DynamiteModule: Dynamite loader version >= 2, using loadModule2NoCrashUtils
04-14 11:32:15.334 26236 26469 W cr_media: BLUETOOTH_CONNECT permission is missing.
04-14 11:32:15.339 26236 26469 W cr_media: getBluetoothAdapter() requires BLUETOOTH permission
04-14 11:32:15.339 26236 26469 W cr_media: registerBluetoothIntentsIfNeeded: Requires BLUETOOTH permission
04-14 11:32:15.343 26397 26408 I cr_LibraryLoader: Successfully loaded native library
04-14 11:32:15.353 26397 26408 I cr_CachingUmaRecorder: Flushed 2 samples from 2 histograms, 0 samples were dropped.
04-14 11:32:15.354 26397 26408 W chromium: [WARNING:content/app/android/content_main_android.cc:82] android_setCpu already initialized
04-14 11:32:15.364 26236 26469 D AudioSystem: onNewService: media.audio_policy service obtained 0xb400007760b01990
04-14 11:32:15.378 26236 26469 D AudioSystem: getService: checking for service media.audio_policy: 0xb400007760b01990
04-14 11:32:15.382 26447 26561 W System  : ClassLoader referenced unknown path: 
04-14 11:32:15.383 26447 26561 D nativeloader: Configuring clns-10 for other apk . target_sdk_version=37, uses_libraries=, library_path=/data/app/~~J1WDk1c19nEuijaahpGQDA==/com.google.android.gms-2A6F6vUXgYzn0s6hs02VYA==/lib/arm64:/data/app/~~J1WDk1c19nEuijaahpGQDA==/com.google.android.gms-2A6F6vUXgYzn0s6hs02VYA==/base.apk!/lib/arm64-v8a, permitted_path=/data:/mnt/expand:/data/user/0/com.google.android.gms
04-14 11:32:15.386  1530  5676 D NativePermissionController: checkPermission: missing 13 for 10260
04-14 11:32:15.387  1530  5676 D NativePermissionController: checkPermission: missing 13 for 10260
04-14 11:32:15.392  1530  5676 D NativePermissionController: checkPermission: missing 13 for 10260
04-14 11:32:15.393  1530  5676 D NativePermissionController: checkPermission: missing 13 for 10260
04-14 11:32:15.399 26525 26525 D CompatChangeReporter: Compat change id reported: 279646685; UID 10406; state: ENABLED
04-14 11:32:15.401 26525 26525 D WM-WrkMgrInitializer: Initializing WorkManager with default configuration.
04-14 11:32:15.410   780   780 D lowmemorykiller: medium pressure event polling check
04-14 11:32:15.411   780   780 I lowmemorykiller: nr_free_pages: 33775 nr_inactive_file: 786306 nr_active_file: 271534 workingset_refault: 3787387 pgrefill: 7642717 pgscan_kswapd: 33935129 pgscan_direct: 964528 pgscan_direct_throttle: 0 init_pgscan_direct: 963397 init_pgscan_kswapd: 33932822 base_file_lru: 1067950 init_ws_refault: 3784459 free_swap: 364624 total_swap: 1048575 swap_free_percentage: 34%
04-14 11:32:15.411   780   780 D lowmemorykiller: thrashing: 0% thrashing_limit: 30%
04-14 11:32:15.412   780   780 D lowmemorykiller: Not killing for medium pressure event polling check
04-14 11:32:15.413 26525 26525 D WM-PackageManagerHelper: Skipping component enablement for androidx.work.impl.background.systemjob.SystemJobService
04-14 11:32:15.413 26525 26525 D WM-Schedulers: Created SystemJobScheduler and enabled SystemJobService
04-14 11:32:15.416 26525 26575 D WM-ForceStopRunnable: The default process name was not specified.
04-14 11:32:15.417 26525 26575 D WM-ForceStopRunnable: Performing cleanup operations.
04-14 11:32:15.424 26525 26575 E ashmem  : Pinning is deprecated since Android Q. Please use trim or other methods.
04-14 11:32:15.438 26525 26575 D WM-SystemJobScheduler: Reconciling jobs
04-14 11:32:15.440 26525 26575 D WM-ForceStopRunnable: Application was force-stopped, rescheduling.
04-14 11:32:15.448 26525 26575 D CompatChangeReporter: Compat change id reported: 311402873; UID 10406; state: ENABLED
04-14 11:32:15.448 26525 26575 D CompatChangeReporter: Compat change id reported: 323349338; UID 10406; state: ENABLED
04-14 11:32:15.448 26525 26575 D WM-SystemJobScheduler: Scheduling work ID 30632212-59cd-4bf4-93e4-13e8a494e5bcJob ID 1459
04-14 11:32:15.448 26447 26561 I ation.temu:push: AssetManager2(0xb4000076b0ad7a98) locale list changing from [] to [de-DE]
04-14 11:32:15.448  2603  3437 D CompatChangeReporter: Compat change id reported: 311402873; UID 10406; state: ENABLED
04-14 11:32:15.448  2603  3437 D CompatChangeReporter: Compat change id reported: 323349338; UID 10406; state: ENABLED
04-14 11:32:15.449 26525 26575 W JobInfo : Requested important-while-foreground flag for job1465 is ignored and takes no effect
04-14 11:32:15.449 26525 26575 D WM-SystemJobScheduler: Scheduling work ID 54e1a75f-a17a-45a5-b26c-163639150485Job ID 1465
04-14 11:32:15.451  2603  3314 D ConnectivityService: requestNetwork for uid/pid:1000/2603 asUid: 10406 activeRequest: null callbackRequest: 805 [NetworkRequest [ REQUEST id=806, [ Capabilities: INTERNET&NOT_RESTRICTED&TRUSTED&NOT_VCN_MANAGED&NOT_BANDWIDTH_CONSTRAINED Uid: 10406 RequestorUid: 1000 RequestorPkg: android UnderlyingNetworks: Null] ]] callback flags: 0 order: 2147483647 isUidTracked: false declaredMethods: AVAIL|LOST|BLK
04-14 11:32:15.451 26525 26575 D WM-GreedyScheduler: Ignoring {WorkSpec: 54e1a75f-a17a-45a5-b26c-163639150485}. Requires device idle.
04-14 11:32:15.454  2603  3132 D WifiNetworkFactory: got request NetworkRequest [ REQUEST id=806, [ Capabilities: INTERNET&NOT_RESTRICTED&TRUSTED&NOT_VCN_MANAGED&NOT_BANDWIDTH_CONSTRAINED Uid: 10406 RequestorUid: 1000 RequestorPkg: android UnderlyingNetworks: Null] ]
04-14 11:32:15.454  2603  3132 D UntrustedWifiNetworkFactory: got request NetworkRequest [ REQUEST id=806, [ Capabilities: INTERNET&NOT_RESTRICTED&TRUSTED&NOT_VCN_MANAGED&NOT_BANDWIDTH_CONSTRAINED Uid: 10406 RequestorUid: 1000 RequestorPkg: android UnderlyingNetworks: Null] ]
04-14 11:32:15.455  2603  3132 D OemPaidWifiNetworkFactory: got request NetworkRequest [ REQUEST id=806, [ Capabilities: INTERNET&NOT_RESTRICTED&TRUSTED&NOT_VCN_MANAGED&NOT_BANDWIDTH_CONSTRAINED Uid: 10406 RequestorUid: 1000 RequestorPkg: android UnderlyingNetworks: Null] ]
04-14 11:32:15.455  2603  3132 D MultiInternetWifiNetworkFactory: got request NetworkRequest [ REQUEST id=806, [ Capabilities: INTERNET&NOT_RESTRICTED&TRUSTED&NOT_VCN_MANAGED&NOT_BANDWIDTH_CONSTRAINED Uid: 10406 RequestorUid: 1000 RequestorPkg: android UnderlyingNetworks: Null] ]
04-14 11:32:15.455  2603  3143 D ConnectivityService: NetReassign [806 : null ÔåÆ 102] [c 0] [a 1] [i 3]
04-14 11:32:15.457 26525 26575 D WM-PackageManagerHelper: Skipping component enablement for androidx.work.impl.background.systemalarm.RescheduleReceiver
04-14 11:32:15.462 26525 26525 D SessionsDependencies: Dependency to CRASHLYTICS added.
04-14 11:32:15.463 26525 26525 I FirebaseApp: Device unlocked: initializing all Firebase APIs for app [DEFAULT]
