04-14 11:52:26.969  3327  3425 V WindowManagerShell:  Delegate animation for (#83) to null
04-14 11:52:26.969  3327  3425 V WindowManagerShell: start default transition animation, info = {id=83 t=OPEN f=0x0 trk=0 isSameTaskSwitch=false r=[0@Point(0, 0)] c=[{m=OPEN f=NONE leash=Surface(name=Task=3568)/@0xc84a743 sb=Rect(0, 0 - 1080, 2412) eb=Rect(0, 0 - 1080, 2412) epz=Point(1080, 2412) d=0 taskParent=-1 ntPopUpView={mIsTryEnterWindowingMode=false mIsEnterWindowingModeLandscape=false mIsChangingWindowformBounds=false mStartPos=Point(0, 0) mEndPos=Point(0, 0) mStartScale=0.0 mEndScale=0.0 mStartCornerRadius=0.0 mEndCornerRadius=0.0 mAppBounds=Rect(0, 0 - 0, 0) mWindowCrop=Rect(0, 0 - 0, 0) mStartDragOrChangingBounds=Rect(0, 0 - 0, 0) mEndDragOrChangingBounds=Rect(0, 0 - 0, 0) mBottomLeftCornerLeash=null mBottomRightCornerLeash=null mDragBarLeash=null mCornerHintSize=60x60 mDragBarSize=189x42}},{m=TO_BACK f=NONE leash=Surface(name=Task=3567)/@0x43d1c0 sb=Rect(0, 0 - 1080, 2412) eb=Rect(0, 0 - 1080, 2412) epz=Point(1080, 2412) d=0 taskParent=-1 ntPopUpView={mIsTryEnterWindowingMode=false mIsEnterWindowingModeLandscape=false mIsChangingWindowformBounds=false mStartPos=Point(0, 0) mEndPos=Point(0, 0) mStartScale=0.0 mEndScale=0.0 mStartCornerRadius=0.0 mEndCornerRadius=0.0 mAppBounds=Rect(0, 0 - 0, 0) mWindowCrop=Rect(0, 0 - 0, 0) mStartDragOrChangingBounds=Rect(0, 0 - 0, 0) mEndDragOrChangingBounds=Rect(0, 0 - 0, 0) mBottomLeftCornerLeash=null mBottomRightCornerLeash=null mDragBarLeash=null mCornerHintSize=60x60 mDragBarSize=189x42}}]}
04-14 11:52:26.969  4746  4829 V OsAgent : broadcastSystemEvent - 7
04-14 11:52:26.970  3873  3873 I NT-TopTaskTracker: Call back onTaskMovedToFront taskId = 3568
04-14 11:52:26.970  2603  2638 V WindowManager: Sent Transition (#83) createdAt=04-14 11:52:26.934 via request=TransitionRequestInfo { type = OPEN, triggerTask = TaskInfo{userId=0 taskId=3568 effectiveUid=10609 displayId=0 isRunning=true baseIntent=Intent { act=android.intent.action.MAIN cat=[android.intent.category.LAUNCHER] flg=0x10000000 pkg=com.benschwank.blop cmp=com.benschwank.blop/org.qtproject.qt.android.bindings.QtActivity } baseActivity=ComponentInfo{com.benschwank.blop/org.qtproject.qt.android.bindings.QtActivity} topActivity=ComponentInfo{com.benschwank.blop/org.qtproject.qt.android.bindings.QtActivity} origActivity=null realActivity=ComponentInfo{com.benschwank.blop/org.qtproject.qt.android.bindings.QtActivity} numActivities=1 lastActiveTime=1408369 supportsMultiWindow=true resizeMode=1 isResizeable=true minWidth=-1 minHeight=-1 defaultMinSize=220 token=WCT{RemoteToken{eac59e6 Task{238556b #3568 type=standard A=10609:com.benschwank.blop}}} topActivityType=1 pictureInPictureParams=null shouldDockBigOverlays=false launchIntoPipHostTaskId=-1 lastParentTaskIdBeforePip=-1 displayCutoutSafeInsets=Rect(0, 126 - 0, 0) topActivityInfo=ActivityInfo{aa8b27 org.qtproject.qt.android.bindings.QtActivity} launchCookies=[] positionInParent=Point(0, 0) parentTaskId=-1 isFocused=false isVisible=false isVisibleRequested=false isTopActivityNoDisplay=false isSleeping=false locusId=null displayAreaFeatureId=1 isTopActivityTransparent=false isActivityStackTransparent=false lastNonFullscreenBounds=Rect(279, 701 - 802, 1781) capturedLink=null capturedLinkTimestamp=0 requestedVisibleTypes=-9 topActivityRequestOpenInBrowserEducationTimestamp=0 appCompatTaskInfo=AppCompatTaskInfo { topActivityInSizeCompat=false eligibleForLetterboxEducation= false isLetterboxEducationEnabled= false isLetterboxDoubleTapEnabled= false eligibleForUserAspectRatioButton= false topActivityBoundsLetterboxed= false isFromLetterboxDoubleTap= false topActivityLetterboxVerticalPosition= -1 topActivityLetterboxHorizontalPosition= -1 topActivityLetterboxWidth=-1 topActivityLetterboxHeight=-1 topActivityAppBounds=Rect(0, 0 - 1080, 2412) isUserFullscreenOverrideEnabled=false isSystemFullscreenOverrideEnabled=false hasMinAspectRatioOverride=false topActivityLetterboxBounds=null cameraCompatTaskInfo=CameraCompatTaskInfo { freeformCameraCompatMode=inactive}} topActivityMainWindowFrame=null}, pipChange = null, remoteTransition = null, displayChange = null, flags = 0, debugId = 83 }
04-14 11:52:26.970  2603  2638 V WindowManager:     startWCT=WindowContainerTransaction { changes= {} hops= [] errorCallbackToken=null taskFragmentOrganizer=null }
04-14 11:52:26.970  2603  2638 V WindowManager:     info={id=83 t=OPEN f=0x0 trk=0 isSameTaskSwitch=false r=[0@Point(0, 0)] c=[
04-14 11:52:26.970  2603  2638 V WindowManager:         {WCT{RemoteToken{eac59e6 Task{238556b #3568 type=standard A=10609:com.benschwank.blop}}} m=OPEN f=NONE leash=Surface(name=Task=3568)/@0xb74e54b sb=Rect(0, 0 - 1080, 2412) eb=Rect(0, 0 - 1080, 2412) epz=Point(1080, 2412) d=0 taskParent=-1 ntPopUpView={mIsTryEnterWindowingMode=false mIsEnterWindowingModeLandscape=false mIsChangingWindowformBounds=false mStartPos=Point(0, 0) mEndPos=Point(0, 0) mStartScale=0.0 mEndScale=0.0 mStartCornerRadius=0.0 mEndCornerRadius=0.0 mAppBounds=Rect(0, 0 - 0, 0) mWindowCrop=Rect(0, 0 - 0, 0) mStartDragOrChangingBounds=Rect(0, 0 - 0, 0) mEndDragOrChangingBounds=Rect(0, 0 - 0, 0) mBottomLeftCornerLeash=null mBottomRightCornerLeash=null mDragBarLeash=null mCornerHintSize=60x60 mDragBarSize=189x42}},
04-14 11:52:26.970  2603  2638 V WindowManager:         {WCT{RemoteToken{1f13d27 Task{ca01a4 #3567 type=standard A=1000:com.android.settings}}} m=TO_BACK f=NONE leash=Surface(name=Task=3567)/@0x37f901a sb=Rect(0, 0 - 1080, 2412) eb=Rect(0, 0 - 1080, 2412) epz=Point(1080, 2412) d=0 taskParent=-1 ntPopUpView={mIsTryEnterWindowingMode=false mIsEnterWindowingModeLandscape=false mIsChangingWindowformBounds=false mStartPos=Point(0, 0) mEndPos=Point(0, 0) mStartScale=0.0 mEndScale=0.0 mStartCornerRadius=0.0 mEndCornerRadius=0.0 mAppBounds=Rect(0, 0 - 0, 0) mWindowCrop=Rect(0, 0 - 0, 0) mStartDragOrChangingBounds=Rect(0, 0 - 0, 0) mEndDragOrChangingBounds=Rect(0, 0 - 0, 0) mBottomLeftCornerLeash=null mBottomRightCornerLeash=null mDragBarLeash=null mCornerHintSize=60x60 mDragBarSize=189x42}}
04-14 11:52:26.970  2603  2638 V WindowManager:     ]}
04-14 11:52:26.971  2603 16639 W ContextImpl: Calling a method in the system process without a qualified user: android.app.ContextImpl.sendBroadcast:1269 com.qualcomm.qti.Performance$SendGameLaunchBroadcast.run:292 java.lang.Thread.run:1564 <bottom of call stack> <bottom of call stack> 
04-14 11:52:26.972  2603  2648 I ActivityManager: Start proc 16638:com.benschwank.blop/u0a609 for next-top-activity {com.benschwank.blop/org.qtproject.qt.android.bindings.QtActivity}
04-14 11:52:26.972  3327  3425 V WindowManagerShell: loadAnimation: anim=android.view.animation.AnimationSet@1969431 animAttr=0x9 type=OPEN isEntrance=false
04-14 11:52:26.973  3327  3425 I ndroid.systemui: AssetManager2(0xb4000076b0b6c198) locale list changing from [] to [de-DE]
04-14 11:52:26.976  2603  2648 I ActivityManager: ProcessObserver broadcast disabled
04-14 11:52:26.976  2603  2648 D MemoryStatusReporter: com.benschwank.blop is UI Cold Start
04-14 11:52:26.976  3327  3425 I ndroid.systemui: AssetManager2(0xb4000076b0b37f38) locale list changing from [] to [de-DE]
04-14 11:52:26.978  3327  3425 V WindowManagerShell: loadAnimation: anim=android.view.animation.AnimationSet@1cf2af0 animAttr=0x8 type=OPEN isEntrance=true
04-14 11:52:26.978 16638 16638 I benschwank.blop: Using CollectorTypeCMC GC.
04-14 11:52:26.979  3327  3425 V WindowManagerShell:  animated by com.android.wm.shell.transition.DefaultTransitionHandler@bfdf140
04-14 11:52:26.982 16638 16638 D nativeloader: Load libframework-connectivity-tiramisu-jni.so using APEX ns com_android_tethering for caller /apex/com.android.tethering/javalib/framework-connectivity-t.jar: ok
04-14 11:52:26.983 16284 16316 W SQLiteLog: (28) double-quoted string literal: "com.benschwank.blop"
04-14 11:52:26.985  1463  1575 E ANDR-PERF-LM: MetaMeter: handleAsync() 166: AdaptLaunch Invalid Async
04-14 11:52:26.987  2603  4258 D CompatibilityInfo: mCompatibilityFlags - 0
04-14 11:52:26.987  2603  4258 D CompatibilityInfo: applicationDensity - 375
04-14 11:52:26.987  2603  4258 D CompatibilityInfo: applicationScale - 1.0
04-14 11:52:26.988  2603  3218 D BackgroundInstallControlService: Package event received: 0
04-14 11:52:26.989  2603  2639 I SensorService: checkAndReportAmbientLightSensorStateChangeLocked new 1 old 1 force 0
04-14 11:52:26.989  4746  4829 V OsAgent : broadcastSystemEvent - 7
04-14 11:52:26.994  2603  3019 V GrammaticalInflectionUtils: AttributionSource: android.content.AttributionSource@efddda19 does not have READ_SYSTEM_GRAMMATICAL_GENDER permission.
04-14 11:52:26.995 16638 16638 W benschwank.blop: Failed to find entry 'classes.dex': Entry not found
04-14 11:52:26.995 16638 16638 W benschwank.blop: Failed to find entry 'classes.dex': Entry not found
04-14 11:52:26.996 16638 16638 D nativeloader: Configuring clns-9 for other apk /data/app/~~5Mo6RboX9O0CyRd16kbZ_w==/com.benschwank.blop-KMxxjg3mZm68_opnJ34PhA==/base.apk:/data/app/~~5Mo6RboX9O0CyRd16kbZ_w==/com.benschwank.blop-KMxxjg3mZm68_opnJ34PhA==/split_config.arm64_v8a.apk:/data/app/~~5Mo6RboX9O0CyRd16kbZ_w==/com.benschwank.blop-KMxxjg3mZm68_opnJ34PhA==/split_config.xxhdpi.apk. target_sdk_version=35, uses_libraries=, library_path=/data/app/~~5Mo6RboX9O0CyRd16kbZ_w==/com.benschwank.blop-KMxxjg3mZm68_opnJ34PhA==/lib/arm64:/data/app/~~5Mo6RboX9O0CyRd16kbZ_w==/com.benschwank.blop-KMxxjg3mZm68_opnJ34PhA==/base.apk!/lib/arm64-v8a:/data/app/~~5Mo6RboX9O0CyRd16kbZ_w==/com.benschwank.blop-KMxxjg3mZm68_opnJ34PhA==/split_config.arm64_v8a.apk!/lib/arm64-v8a:/data/app/~~5Mo6RboX9O0CyRd16kbZ_w==/com.benschwank.blop-KMxxjg3mZm68_opnJ34PhA==/split_config.xxhdpi.apk!/lib/arm64-v8a, permitted_path=/data:/mnt/expand:/data/user/0/com.benschwank.blop
04-14 11:52:26.996 16638 16638 D CompatChangeReporter: Compat change id reported: 202956589; UID 10609; state: ENABLED
04-14 11:52:26.997  2603  3019 D OomAdjuster: process : de.payback.client.android, pid = 14701, isTop = false, uid = 10377, hasActivity = false
04-14 11:52:26.997  2603  3019 D OomAdjuster: process : de.payback.client.android is not top!
04-14 11:52:26.997  2603  3019 D ActivityManager: sync unfroze 14701 de.payback.client.android for 6
04-14 11:52:26.998  2603  3019 D OomAdjuster: process : com.google.android.webview:sandboxed_process0:org.chromium.content.app.SandboxedProcessService0:0, pid = 14998, isTop = false, uid = 99014, hasActivity = false
04-14 11:52:26.998  2603  3019 D OomAdjuster: process : com.google.android.webview:sandboxed_process0:org.chromium.content.app.SandboxedProcessService0:0 is not top!
04-14 11:52:26.998 16638 16638 I benschwank.blop: AssetManager2(0xb4000076b0ad4ed8) locale list changing from [] to [de-DE]
04-14 11:52:26.999 16638 16638 I Perf    : Connecting to perf service.
04-14 11:52:26.999  2603  3019 D ActivityManager: sync unfroze 14998 com.google.android.webview:sandboxed_process0:org.chromium.content.app.SandboxedProcessService0:0 for 6
04-14 11:52:27.000  2603  3019 D OomAdjuster: process : com.google.android.adservices.api, pid = 11254, isTop = false, uid = 10215, hasActivity = false
04-14 11:52:27.000  2603  3019 D OomAdjuster: process : com.google.android.adservices.api is not top!
04-14 11:52:27.001 16638 16638 V GraphicsEnvironment: Currently set values for:
04-14 11:52:27.001 16638 16638 V GraphicsEnvironment:   angle_gl_driver_selection_pkgs=[com.android.angle, com.linecorp.b612.android, com.campmobile.snow, com.google.android.apps.tachyon]
04-14 11:52:27.001 16638 16638 V GraphicsEnvironment:   angle_gl_driver_selection_values=[angle, native, native, native]
04-14 11:52:27.001 16638 16638 V GraphicsEnvironment: com.benschwank.blop is not listed in per-application setting
04-14 11:52:27.001 16638 16638 V GraphicsEnvironment: ANGLE allowlist from config: 
04-14 11:52:27.001 16638 16638 V GraphicsEnvironment: com.benschwank.blop is not listed in ANGLE allowlist or settings, returning default
04-14 11:52:27.001 16638 16638 V GraphicsEnvironment: Updatable production driver is not supported on the device.
04-14 11:52:26.994 14701 14701 W RenderThread: type=1400 audit(0.0:2775): avc:  denied  { getattr } for  path="/proc/kallsyms" dev="proc" ino=4026532063 scontext=u:r:untrusted_app:s0:c121,c257,c512,c768 tcontext=u:object_r:proc_kallsyms:s0 tclass=file permissive=0 app=de.payback.client.android
04-14 11:52:26.994 14701 14701 W RenderThread: type=1400 audit(0.0:2776): avc:  denied  { getattr } for  path="/proc/keys" dev="proc" ino=4026532072 scontext=u:r:untrusted_app:s0:c121,c257,c512,c768 tcontext=u:object_r:proc_keys:s0 tclass=file permissive=0 app=de.payback.client.android
04-14 11:52:26.994 14701 14701 W RenderThread: type=1400 audit(0.0:2777): avc:  denied  { getattr } for  path="/proc/bootconfig" dev="proc" ino=4026532022 scontext=u:r:untrusted_app:s0:c121,c257,c512,c768 tcontext=u:object_r:proc_bootconfig:s0 tclass=file permissive=0 app=de.payback.client.android
04-14 11:52:26.994 14701 14701 W RenderThread: type=1400 audit(0.0:2778): avc:  denied  { getattr } for  path="/proc/modules" dev="proc" ino=4026532062 scontext=u:r:untrusted_app:s0:c121,c257,c512,c768 tcontext=u:object_r:proc_modules:s0 tclass=file permissive=0 app=de.payback.client.android
04-14 11:52:26.994 14701 14701 W RenderThread: type=1400 audit(0.0:2779): avc:  denied  { read } for  name="enforce" dev="selinuxfs" ino=4 scontext=u:r:untrusted_app:s0:c121,c257,c512,c768 tcontext=u:object_r:selinuxfs:s0 tclass=file permissive=0 app=de.payback.client.android
04-14 11:52:27.004 16638 16638 D CompatChangeReporter: Compat change id reported: 279646685; UID 10609; state: ENABLED
04-14 11:52:27.005  1302  1302 D Zygote  : Forked child process 16656
04-14 11:52:27.007  2603  3019 D ActivityManager: sync unfroze 11254 com.google.android.adservices.api for 6
04-14 11:52:27.010  2603  2648 I ActivityManager: Start proc 16656:com.bonial.kaufda/u0a416 for service {com.bonial.kaufda/androidx.work.impl.background.systemjob.SystemJobService}
04-14 11:52:27.010  2603  2648 I ActivityManager: ProcessObserver broadcast disabled
04-14 11:52:27.010  2603  3019 W JobServiceContext: Sending onNetworkChanged for a job that isn't started. JobStatus{57df5f4 androidx.work.systemjobscheduler:u0a377/57979 @androidx.work.systemjobscheduler@de.payback.client.android/androidx.work.impl.background.systemjob.SystemJobService u=0 s=10377 TIME=-12s881ms:none NET READY}
04-14 11:52:27.012  2603  4258 D CompatChangeReporter: Compat change id reported: 324203798; UID 10609; state: ENABLED
04-14 11:52:27.012  2603  4258 V NtGameModeImpl: onAppFocusChanged: pkg=com.benschwank.blop, uid=10609, category=-1, launchMode= 1
04-14 11:52:27.012  2603  4258 D NtPopUpViewImpl: PopUpView: onAppFocusChanged: newTask=Task{238556b #3568 type=standard A=10609:com.benschwank.blop}, showDimmer=false
04-14 11:52:27.012  2603  4258 D NtKafkaEventHelper: onActivityRecordChanged: info com.benschwank.blop:10609:16638
04-14 11:52:27.014 16638 16638 D LicenseClient: Connecting to the licensing service...
04-14 11:52:27.015  2603  4201 D OomAdjuster: process : com.android.vending, pid = 6282, isTop = false, uid = 10139, hasActivity = false
04-14 11:52:27.015  2603  4201 D OomAdjuster: process : com.android.vending is not top!
04-14 11:52:27.015  2603  4201 D OomAdjuster: process : com.android.vending:background, pid = 15580, isTop = false, uid = 10139, hasActivity = false
04-14 11:52:27.015  2603  4201 D OomAdjuster: process : com.android.vending:background is not top!
04-14 11:52:27.016 16656 16656 I m.bonial.kaufda: Using CollectorTypeCMC GC.
04-14 11:52:27.017  2603  3218 D BackgroundInstallControlService: Package event received: 0
04-14 11:52:27.017  2603  3218 D BackgroundInstallControlService: Package event received: 0
04-14 11:52:27.017  2603  3218 D BackgroundInstallControlService: Package event received: 0
04-14 11:52:27.017  2603  3218 D BackgroundInstallControlService: Package event received: 0
04-14 11:52:27.017  2603  3218 D BackgroundInstallControlService: Package event received: 0
04-14 11:52:27.018 16638 16638 I benschwank.blop: AssetManager2(0xb4000076b0acf438) locale list changing from [] to [de-DE]
04-14 11:52:27.019  4746  4829 V OsAgent : broadcastSystemEvent - 7
04-14 11:52:27.019  4746  4829 V OsAgent : broadcastSystemEvent - 7
04-14 11:52:27.020 16638 16638 E ashmem  : Pinning is deprecated since Android Q. Please use trim or other methods.
04-14 11:52:27.021  2603  2975 D OomAdjuster: process : com.lemon.lvoverseas, pid = 30431, isTop = false, uid = 10332, hasActivity = false
04-14 11:52:27.021  2603  2975 D OomAdjuster: process : com.lemon.lvoverseas is not top!
04-14 11:52:27.021  2603  2975 D OomAdjuster: process : com.lemon.lvoverseas:push, pid = 30793, isTop = false, uid = 10332, hasActivity = false
04-14 11:52:27.021  2603  2975 D OomAdjuster: process : com.lemon.lvoverseas:push is not top!
04-14 11:52:27.023  2247  2397 I adbd    : jdwp connection from 16656
04-14 11:52:27.023 16638 16638 E benschwank.blop: Invalid resource ID 0x00000000.
04-14 11:52:27.023 16638 16638 E Qt      : Can't create main activity
04-14 11:52:27.023 16638 16638 E Qt      : android.content.res.Resources$NotFoundException: String resource ID #0x0
04-14 11:52:27.023 16638 16638 E Qt      : 	at android.content.res.Resources.getText(Resources.java:470)
04-14 11:52:27.023 16638 16638 E Qt      : 	at android.content.res.Resources.getString(Resources.java:563)
04-14 11:52:27.023 16638 16638 E Qt      : 	at org.qtproject.qt.android.bindings.QtLoader.startApp(QtLoader.java:308)
04-14 11:52:27.023 16638 16638 E Qt      : 	at org.qtproject.qt.android.bindings.QtActivityLoader.onCreate(QtActivityLoader.java:114)
04-14 11:52:27.023 16638 16638 E Qt      : 	at org.qtproject.qt.android.bindings.QtActivity.onCreateHook(QtActivity.java:238)
04-14 11:52:27.023 16638 16638 E Qt      : 	at org.qtproject.qt.android.bindings.QtActivity.onCreate(QtActivity.java:266)
04-14 11:52:27.023 16638 16638 E Qt      : 	at android.app.Activity.performCreate(Activity.java:9216)
04-14 11:52:27.023 16638 16638 E Qt      : 	at android.app.Activity.performCreate(Activity.java:9194)
04-14 11:52:27.023 16638 16638 E Qt      : 	at android.app.Instrumentation.callActivityOnCreate(Instrumentation.java:1543)
04-14 11:52:27.023 16638 16638 E Qt      : 	at android.app.ActivityThread.performLaunchActivity(ActivityThread.java:4319)
04-14 11:52:27.023 16638 16638 E Qt      : 	at android.app.ActivityThread.handleLaunchActivity(ActivityThread.java:4524)
04-14 11:52:27.023 16638 16638 E Qt      : 	at android.app.servertransaction.LaunchActivityItem.execute(LaunchActivityItem.java:222)
04-14 11:52:27.023 16638 16638 E Qt      : 	at android.app.servertransaction.TransactionExecutor.executeNonLifecycleItem(TransactionExecutor.java:133)
04-14 11:52:27.023 16638 16638 E Qt      : 	at android.app.servertransaction.TransactionExecutor.executeTransactionItems(TransactionExecutor.java:103)
04-14 11:52:27.023 16638 16638 E Qt      : 	at android.app.servertransaction.TransactionExecutor.execute(TransactionExecutor.java:80)
04-14 11:52:27.023 16638 16638 E Qt      : 	at android.app.ActivityThread$H.handleMessage(ActivityThread.java:2860)
04-14 11:52:27.023 16638 16638 E Qt      : 	at android.os.Handler.dispatchMessage(Handler.java:110)
04-14 11:52:27.023 16638 16638 E Qt      : 	at android.os.Looper.loopOnce(Looper.java:283)
04-14 11:52:27.023 16638 16638 E Qt      : 	at android.os.Looper.loop(Looper.java:392)
04-14 11:52:27.023 16638 16638 E Qt      : 	at android.app.ActivityThread.main(ActivityThread.java:9236)
04-14 11:52:27.023 16638 16638 E Qt      : 	at java.lang.reflect.Method.invoke(Native Method)
04-14 11:52:27.023 16638 16638 E Qt      : 	at com.android.internal.os.RuntimeInit$MethodAndArgsCaller.run(RuntimeInit.java:611)
04-14 11:52:27.023 16638 16638 E Qt      : 	at com.android.internal.os.ZygoteInit.main(ZygoteInit.java:944)
04-14 11:52:27.025 16656 16656 D nativeloader: Load libframework-connectivity-tiramisu-jni.so using APEX ns com_android_tethering for caller /apex/com.android.tethering/javalib/framework-connectivity-t.jar: ok
04-14 11:52:27.025 16638 16638 D CompatChangeReporter: Compat change id reported: 309578419; UID 10609; state: ENABLED
04-14 11:52:27.026  2603  3218 D BackgroundInstallControlService: Package event received: 0
04-14 11:52:27.026 16638 16638 D DesktopModeFlags: Toggle override initialized to: OVERRIDE_UNSET
04-14 11:52:27.026  2603  3218 D BackgroundInstallControlService: Package event received: 0
04-14 11:52:27.027  2603  3218 D BackgroundInstallControlService: Package event received: 0
04-14 11:52:27.027 16638 16638 W HWUI    : Image decoding logging dropped!
04-14 11:52:27.028 16638 16638 W HWUI    : Image decoding logging dropped!
04-14 11:52:27.028  2603  5468 D ConnectivityService: requestNetwork for uid/pid:10377/14701 activeRequest: null callbackRequest: 1245 [NetworkRequest [ REQUEST id=1246, [ Capabilities: INTERNET&NOT_RESTRICTED&TRUSTED&NOT_VCN_MANAGED&NOT_BANDWIDTH_CONSTRAINED Uid: 10377 RequestorUid: 10377 RequestorPkg: de.payback.client.android UnderlyingNetworks: Null] ]] callback flags: 0 order: 2147483647 isUidTracked: false declaredMethods: AVAIL|LOST|NC|BLK
04-14 11:52:27.029 16638 16638 W HWUI    : Image decoding logging dropped!
04-14 11:52:27.030 16638 16638 D CompatChangeReporter: Compat change id reported: 63938206; UID 10609; state: ENABLED
04-14 11:52:27.031 16638 16660 I DisplayManager: Choreographer implicitly registered for the refresh rate.
04-14 11:52:27.032 16638 16660 I AdrenoGLES-0: QUALCOMM build                   : 0c393b63cf, I94e2bd5684
04-14 11:52:27.032 16638 16660 I AdrenoGLES-0: Build Date                       : 05/02/25
04-14 11:52:27.032 16638 16660 I AdrenoGLES-0: OpenGL ES Shader Compiler Version: EV031.36.08.33
04-14 11:52:27.032 16638 16660 I AdrenoGLES-0: Local Branch                     : 
04-14 11:52:27.032 16638 16660 I AdrenoGLES-0: Remote Branch                    : refs/tags/AU_LINUX_ANDROID_LA.VENDOR.1.0.R1.11.00.00.816.269
04-14 11:52:27.032 16638 16660 I AdrenoGLES-0: Remote Branch                    : NONE
04-14 11:52:27.032 16638 16660 I AdrenoGLES-0: Reconstruct Branch               : NOTHING
04-14 11:52:27.032 16638 16660 I AdrenoGLES-0: Build Config                     : S P 12.1.1 AArch64
04-14 11:52:27.032 16638 16660 I AdrenoGLES-0: Driver Path                      : /vendor/lib64/egl/libGLESv2_adreno.so
04-14 11:52:27.032 16638 16660 I AdrenoGLES-0: Driver Version                   : 0615.98
04-14 11:52:27.034  2603  3132 D WifiNetworkFactory: got request NetworkRequest [ REQUEST id=1246, [ Capabilities: INTERNET&NOT_RESTRICTED&TRUSTED&NOT_VCN_MANAGED&NOT_BANDWIDTH_CONSTRAINED Uid: 10377 RequestorUid: 10377 RequestorPkg: de.payback.client.android UnderlyingNetworks: Null] ]
04-14 11:52:27.034  2603  3143 D ConnectivityService: NetReassign [1246 : null  102] [c 0] [a 4] [i 2]
04-14 11:52:27.035  2603  3132 D UntrustedWifiNetworkFactory: got request NetworkRequest [ REQUEST id=1246, [ Capabilities: INTERNET&NOT_RESTRICTED&TRUSTED&NOT_VCN_MANAGED&NOT_BANDWIDTH_CONSTRAINED Uid: 10377 RequestorUid: 10377 RequestorPkg: de.payback.client.android UnderlyingNetworks: Null] ]
04-14 11:52:27.035  2603  3132 D OemPaidWifiNetworkFactory: got request NetworkRequest [ REQUEST id=1246, [ Capabilities: INTERNET&NOT_RESTRICTED&TRUSTED&NOT_VCN_MANAGED&NOT_BANDWIDTH_CONSTRAINED Uid: 10377 RequestorUid: 10377 RequestorPkg: de.payback.client.android UnderlyingNetworks: Null] ]
04-14 11:52:27.035  2603  3132 D MultiInternetWifiNetworkFactory: got request NetworkRequest [ REQUEST id=1246, [ Capabilities: INTERNET&NOT_RESTRICTED&TRUSTED&NOT_VCN_MANAGED&NOT_BANDWIDTH_CONSTRAINED Uid: 10377 RequestorUid: 10377 RequestorPkg: de.payback.client.android UnderlyingNetworks: Null] ]
04-14 11:52:27.035 16638 16638 D CompatChangeReporter: Compat change id reported: 352594277; UID 10609; state: ENABLED
04-14 11:52:27.037 16638 16660 I AdrenoGLES-0: PFP: 0x01730181, ME: 0x00000000
04-14 11:52:27.037  3295  6250 D TopAppSceneDetector: currentFocusApp=com.benschwank.blop
04-14 11:52:27.039 16638 16638 D CompatChangeReporter: Compat change id reported: 349153669; UID 10609; state: ENABLED
04-14 11:52:27.040 16638 16678 E HWUI    : attachRenderThreadToJvm
04-14 11:52:27.040 16638 16678 E HWUI    : AM IS NOT NULL!
04-14 11:52:27.040 16638 16677 E HWUI    : attachRenderThreadToJvm
04-14 11:52:27.040 16638 16677 E HWUI    : AM IS NOT NULL!
04-14 11:52:27.041  2603  5389 D CompatibilityInfo: mCompatibilityFlags - 0
04-14 11:52:27.041  2603  5389 D CompatibilityInfo: applicationDensity - 375
04-14 11:52:27.041  2603  5389 D CompatibilityInfo: applicationScale - 1.0
04-14 11:52:27.041  3295  6250 D NearbyDetector: onTopActivityChanged: top class name: org.qtproject.qt.android.bindings.QtActivity
04-14 11:52:27.042  3295  6250 D NearbyDetector: onTopActivityChanged: top class name: com.android.settings.spa.SpaActivity
04-14 11:52:27.042  2603  5389 D OomAdjuster: process : com.bonial.kaufda, pid = 16656, isTop = false, uid = 10416, hasActivity = false
04-14 11:52:27.042  2603  5389 D OomAdjuster: process : com.bonial.kaufda is not top!
04-14 11:52:27.069   786   786 I servicemanager: Caller(pid=16638,uid=10609,sid=u:r:untrusted_app:s0:c97,c258,c512,c768) Could not find android.hardware.graphics.allocator.IAllocator/default in the VINTF manifest. No alternative instances declared in VINTF.
04-14 11:52:27.043  4746  4829 V OsAgent : broadcastSystemEvent - 7
04-14 11:52:27.044  3295  6250 D GameSceneDetector: Failed to call isBoostTypeGame: java.lang.NoSuchMethodException: android.util.BoostFramework.perfGetFeedback []
04-14 11:52:27.044  3295  6250 D GameSceneDetector: onTopChanged=com.benschwank.blop, isBoostTypeGame=false, isCategoryGame=false, isTopGame=false
04-14 11:52:27.045  3295  6250 D SceneManager: TopAPP=com.benschwank.blop
04-14 11:52:27.045  3295  6250 D ThermalMitigationStrategy: onForegroundAppChange: app changed, should update buffer rate info next time
04-14 11:52:27.074   786   786 I servicemanager: Caller(pid=16638,uid=10609,sid=u:r:untrusted_app:s0:c97,c258,c512,c768) Could not find android.hardware.graphics.allocator.IAllocator/default in the VINTF manifest. No alternative instances declared in VINTF.
04-14 11:52:27.053 16638 16638 D LicenseClient: Connected to the licensing service.
04-14 11:52:27.053 16638 16683 D LicenseClient: Sending request to license reporting service...
04-14 11:52:27.055  2603  3454 D CoreBackPreview: Window{6e718ef u0 com.benschwank.blop/org.qtproject.qt.android.bindings.QtActivity}: Setting back callback OnBackInvokedCallbackInfo{mCallback=android.window.IOnBackInvokedCallback$Stub$Proxy@8b6550b, mPriority=0, mIsAnimationCallback=false, mOverrideBehavior=0}
04-14 11:52:27.055 16656 16656 D ApplicationLoaders: Returning zygote-cached class loader: /system/framework/org.apache.http.legacy.jar
04-14 11:52:27.055 16656 16656 D ApplicationLoaders: Returning zygote-cached class loader: /system_ext/framework/androidx.window.extensions.jar
04-14 11:52:27.055 16656 16656 D ApplicationLoaders: Returning zygote-cached class loader: /system_ext/framework/androidx.window.sidecar.jar
04-14 11:52:27.056  2603  2649 D ActivityManager: uid = 10416, pid = 16656, processName = com.bonial.kaufda is not top app, set nt foreground
04-14 11:52:27.057  2603  3454 D ActivityCustomizationUtil: uid = 10609
04-14 11:52:27.060 16638 16683 D LicenseClient: Request to licensing reporting service sent.
04-14 11:52:27.061 16638 16638 D NtViewRootImpl: mPopUpViewOffsets: offset=(0.0, 0.0), scale=(1.0, 1.0)
04-14 11:52:27.081  2603  2641 D OomAdjuster: process : com.android.settings, pid = 7825, isTop = false, uid = 1000, hasActivity = true
04-14 11:52:27.081  2603  2641 D OomAdjuster: previous schedule group is top, not need limit!
04-14 11:52:27.083  2603  2638 I ActivityTaskManager: Displayed com.benschwank.blop/org.qtproject.qt.android.bindings.QtActivity for user 0: +151ms
04-14 11:52:27.096  2603  2641 D NtPerfTraceManagerImpl: packageName = com.benschwank.blop, taskId = 3568
04-14 11:52:27.097 16638 16638 D NtViewRootImpl: mPopUpViewOffsets: offset=(0.0, 0.0), scale=(1.0, 1.0)
04-14 11:52:27.098  2603  3115 I ImeTracker: com.benschwank.blop:c6f675da: onRequestHide at ORIGIN_SERVER reason HIDE_UNSPECIFIED_WINDOW fromUser false
04-14 11:52:27.100 16638 16638 D InsetsController: hide(ime(), fromIme=false)
04-14 11:52:27.100 16638 16638 I ImeTracker: com.benschwank.blop:c6f675da: onCancelled at PHASE_CLIENT_ALREADY_HIDDEN
04-14 11:52:27.101  6645  6645 I GoogleInputMethodService: GoogleInputMethodService.onFinishInput():2159 
04-14 11:52:27.101  6645  6645 I Module  : DeviceLockedStatusModuleProvider$Module.updateDeviceLockedStatus():103 repeatCheckTimes = 0, locked = false
04-14 11:52:27.101  6645  6645 I GoogleInputMethodService: GoogleInputMethodService.onStartInput():1434 onStartInput(EditorInfo{EditorInfo{packageName=com.benschwank.blop, inputType=0, inputTypeString=NULL, enableLearning=false, autoCorrection=false, autoComplete=false, imeOptions=0, privateImeOptions=null, actionName=UNSPECIFIED, actionLabel=null, initialSelStart=-1, initialSelEnd=-1, initialCapsMode=0, label=null, fieldId=0, fieldName=null, extras=null, hintText=null, hintLocales=[]}}, false)
04-14 11:52:27.101  6645  6645 I AndroidIME: LatinIMEBase.updateInputViewCoverNavigation():312 Update input view padding, isNavbarOverInputWindow=true, bottom inset=113
04-14 11:52:27.101  6645  6645 I Module  : DeviceLockedStatusModuleProvider$Module.updateDeviceLockedStatus():103 repeatCheckTimes = 1, locked = false
04-14 11:52:27.103  2603  2975 W PackageConfigPersister: App-specific configuration not found for packageName: com.benschwank.blop and userId: 0
04-14 11:52:27.103  2603  3454 I ImeTracker: system_server:afa49e67: onRequestHide at ORIGIN_SERVER reason IME_REQUESTED_CHANGED_LISTENER fromUser false
04-14 11:52:27.103  2603  2641 I ImeTracker: system_server:afa49e67: onCancelled at PHASE_SERVER_SHOULD_HIDE
04-14 11:52:27.126 16656 16656 W m.bonial.kaufda: Failed to find entry 'classes.dex': Entry not found
04-14 11:52:27.127 16656 16656 W m.bonial.kaufda: Failed to find entry 'classes.dex': Entry not found
04-14 11:52:27.128 16656 16656 D nativeloader: Configuring clns-9 for other apk /data/app/~~1ymA5NiN3eww9w4kVYj0iQ==/com.bonial.kaufda--LrKBJZrGK9u599W5I2EkQ==/base.apk:/data/app/~~1ymA5NiN3eww9w4kVYj0iQ==/com.bonial.kaufda--LrKBJZrGK9u599W5I2EkQ==/split_config.arm64_v8a.apk:/data/app/~~1ymA5NiN3eww9w4kVYj0iQ==/com.bonial.kaufda--LrKBJZrGK9u599W5I2EkQ==/split_config.xxhdpi.apk. target_sdk_version=36, uses_libraries=, library_path=/data/app/~~1ymA5NiN3eww9w4kVYj0iQ==/com.bonial.kaufda--LrKBJZrGK9u599W5I2EkQ==/lib/arm64:/data/app/~~1ymA5NiN3eww9w4kVYj0iQ==/com.bonial.kaufda--LrKBJZrGK9u599W5I2EkQ==/base.apk!/lib/arm64-v8a:/data/app/~~1ymA5NiN3eww9w4kVYj0iQ==/com.bonial.kaufda--LrKBJZrGK9u599W5I2EkQ==/split_config.arm64_v8a.apk!/lib/arm64-v8a:/data/app/~~1ymA5NiN3eww9w4kVYj0iQ==/com.bonial.kaufda--LrKBJZrGK9u599W5I2EkQ==/split_config.xxhdpi.apk!/lib/arm64-v8a, permitted_path=/data:/mnt/expand:/data/user/0/com.bonial.kaufda
04-14 11:52:27.141 16656 16656 I m.bonial.kaufda: AssetManager2(0xb4000076b0ad1cd8) locale list changing from [] to [de-DE]
04-14 11:52:27.145  1368  4202 I vendor.qti.bluetooth@1.0-ibs_handler: ProcessIbsCmd: Received IBS_WAKE_IND: 0xFD
04-14 11:52:27.145  1368  4202 I vendor.qti.bluetooth@1.0-ibs_handler: ProcessIbsCmd: Writing IBS_WAKE_ACK
04-14 11:52:27.147 16656 16656 I Perf    : Connecting to perf service.
04-14 11:52:27.152 16656 16656 V GraphicsEnvironment: Currently set values for:
04-14 11:52:27.152 16656 16656 V GraphicsEnvironment:   angle_gl_driver_selection_pkgs=[com.android.angle, com.linecorp.b612.android, com.campmobile.snow, com.google.android.apps.tachyon]
04-14 11:52:27.152 16656 16656 V GraphicsEnvironment:   angle_gl_driver_selection_values=[angle, native, native, native]
04-14 11:52:27.152 16656 16656 V GraphicsEnvironment: com.bonial.kaufda is not listed in per-application setting
04-14 11:52:27.152 16656 16656 V GraphicsEnvironment: ANGLE allowlist from config: 
04-14 11:52:27.152 16656 16656 V GraphicsEnvironment: com.bonial.kaufda is not listed in ANGLE allowlist or settings, returning default
04-14 11:52:27.152 16656 16656 V GraphicsEnvironment: Updatable production driver is not supported on the device.
04-14 11:52:27.185  1368  4202 I vendor.qti.bluetooth@1.0-ibs_handler: ProcessIbsCmd: Received IBS_SLEEP_IND: 0xFE
04-14 11:52:27.187  2603  2975 W PackageConfigPersister: App-specific configuration not found for packageName: com.bonial.kaufda and userId: 0
04-14 11:52:27.197  1368  4202 I vendor.qti.bluetooth@1.0-ibs_handler: ProcessIbsCmd: Received IBS_WAKE_IND: 0xFD
04-14 11:52:27.197  1368  4202 I vendor.qti.bluetooth@1.0-ibs_handler: ProcessIbsCmd: Writing IBS_WAKE_ACK
04-14 11:52:27.238  1368  4202 I vendor.qti.bluetooth@1.0-ibs_handler: ProcessIbsCmd: Received IBS_SLEEP_IND: 0xFE
04-14 11:52:27.246  1368  4202 I vendor.qti.bluetooth@1.0-ibs_handler: ProcessIbsCmd: Received IBS_WAKE_IND: 0xFD
04-14 11:52:27.246  1368  4202 I vendor.qti.bluetooth@1.0-ibs_handler: ProcessIbsCmd: Writing IBS_WAKE_ACK
04-14 11:52:27.249  3954  9026 I NearbyDiscovery: (REDACTED) BloomFilterAdvManager: Detected bloom filter but too far away, ignoring. %sm, %s
04-14 11:52:27.286 16656 16697 D AdvertisingIdClient: Creating AdvertisingIdClient
04-14 11:52:27.286 16656 16697 D AdvertisingIdClient: AdvertisingIdClient already created.
04-14 11:52:27.288  1368  4202 I vendor.qti.bluetooth@1.0-ibs_handler: ProcessIbsCmd: Received IBS_SLEEP_IND: 0xFE
04-14 11:52:27.289 16656 16697 D AdvertisingIdClient: AdvertisingIdClient is not bounded. Starting to bind it...
04-14 11:52:27.298  2603  2975 D OomAdjuster: process : com.google.android.gms, pid = 4740, isTop = false, uid = 10124, hasActivity = false
04-14 11:52:27.298  2603  2975 D OomAdjuster: process : com.google.android.gms is not top!
04-14 11:52:27.302  3954  3954 D BoundBrokerSvc: onRebind: Intent { act=com.google.android.gms.common.telemetry.service.START dat=chimera-action:/... xflg=0x4 cmp=com.google.android.gms/.chimera.PersistentApiService }
04-14 11:52:27.355  2603  2975 D OomAdjuster: process : com.android.systemui, pid = 3327, isTop = false, uid = 10195, hasActivity = false
04-14 11:52:27.355  2603  2975 D OomAdjuster: system app not need limit!
04-14 11:52:27.355  2603  2655 D OomAdjuster: set group = -1
04-14 11:52:27.355  2603  2655 D OomAdjuster: set cpuset: -1
04-14 11:52:27.360  3327  3451 W WindowOnBackDispatcher: sendCancelIfRunning: isInProgress=false callback=android.view.ViewRootImpl$$ExternalSyntheticLambda13@a89cd45
04-14 11:52:27.360  2603  2975 D CoreBackPreview: Window{e680974 u0 Splash Screen com.benschwank.blop EXITING}: Setting back callback null
04-14 11:52:27.363 16656 16656 W System.err: SLF4J(W): No SLF4J providers were found.
04-14 11:52:27.363 16656 16656 W System.err: SLF4J(W): Defaulting to no-operation (NOP) logger implementation
04-14 11:52:27.363 16656 16656 W System.err: SLF4J(W): See https://www.slf4j.org/codes.html#noProviders for further details.
04-14 11:52:27.406 16656 16656 D WM-PackageManagerHelper: Skipping component enablement for androidx.work.impl.background.systemjob.SystemJobService
04-14 11:52:27.406 16656 16656 D WM-Schedulers: Created SystemJobScheduler and enabled SystemJobService
04-14 11:52:27.407 16656 16700 D WM-ForceStopRunnable: The default process name was not specified.
04-14 11:52:27.408 16656 16700 D WM-ForceStopRunnable: Performing cleanup operations.
04-14 11:52:27.413 16656 16656 D FirebaseSessions: Dependency to CRASHLYTICS added.
04-14 11:52:27.414 16656 16656 I FirebaseApp: Device unlocked: initializing all Firebase APIs for app [DEFAULT]
04-14 11:52:27.415 16656 16700 E ashmem  : Pinning is deprecated since Android Q. Please use trim or other methods.
04-14 11:52:27.421 16656 16656 D nativeloader: Load /data/app/~~1ymA5NiN3eww9w4kVYj0iQ==/com.bonial.kaufda--LrKBJZrGK9u599W5I2EkQ==/split_config.arm64_v8a.apk!/lib/arm64-v8a/libdatastore_shared_counter.so using class loader ns clns-9 (caller=/data/app/~~1ymA5NiN3eww9w4kVYj0iQ==/com.bonial.kaufda--LrKBJZrGK9u599W5I2EkQ==/base.apk!classes4.dex): ok
04-14 11:52:27.423 16656 16656 D FirebaseSessions: Initializing Firebase Sessions 3.0.4.
04-14 11:52:27.423 16656 16656 I FirebaseCrashlytics: Initializing Firebase Crashlytics 20.0.4 for com.bonial.kaufda
04-14 11:52:27.424  2603  3218 D BackgroundInstallControlService: Package event received: 0
04-14 11:52:27.428 16656 16704 W m.bonial.kaufda: ClassLoaderContext classpath size mismatch. expected=1, found=0 (DLC[];PCL[base.apk*3395480911]{PCL[/system/framework/org.apache.http.legacy.jar*4247870504]#PCL[/system/framework/com.android.location.provider.jar*1570284764]#PCL[/system/framework/com.android.media.remotedisplay.jar*487574312]#PCL[/system_ext/framework/com.android.extensions.appfunctions.jar*2880224042]#PCL[/system_ext/framework/androidx.window.extensions.jar*2649168746]#PCL[/system_ext/framework/androidx.window.sidecar.jar*2491547954]} | DLC[];PCL[])
04-14 11:52:27.431 16656 16704 I DynamiteModule: Considering local module com.google.android.gms.measurement.dynamite:185 and remote module com.google.android.gms.measurement.dynamite:185
04-14 11:52:27.431 16656 16704 I DynamiteModule: Selected local version of com.google.android.gms.measurement.dynamite
04-14 11:52:27.436 16656 16656 D FirebaseSessions: Subscriber CRASHLYTICS registered.
04-14 11:52:27.437 16656 16708 D FirebaseSessions: Notified CRASHLYTICS of new session 43699ec24bb44c318ef9bd40c224ef79
04-14 11:52:27.438 16656 16715 D WM-PackageManagerHelper: Skipping component enablement for androidx.work.impl.background.systemalarm.RescheduleReceiver
04-14 11:52:27.441 16656 16714 D FirebaseSessions: Fetching settings from server.
04-14 11:52:27.443  3954 16241 I PhenotypeResourceReader: unable to find any Phenotype resource metadata for com.bonial.kaufda
04-14 11:52:27.445 16656 16709 E FirebaseSessions: Error failed to fetch the remote configs: Unable to resolve host "firebase-settings.crashlytics.com": No address associated with hostname
04-14 11:52:27.447 16656 16707 E FirebaseCrashlytics: Settings request failed.
04-14 11:52:27.449  2603  4330 D FileUtils: Rounded bytes from 11807469568 to 16000000000
04-14 11:52:27.455 16656 16708 I FirebaseCrashlytics: Saved version control info
04-14 11:52:27.460 16656 16718 I FA      : App measurement initialized, version: 161000
04-14 11:52:27.460 16656 16718 I FA      : To enable debug logging run: adb shell setprop log.tag.FA VERBOSE
04-14 11:52:27.460 16656 16718 I FA      : To enable faster debug mode event logging run:
04-14 11:52:27.460 16656 16718 I FA      :   adb shell setprop debug.firebase.analytics.app com.bonial.kaufda
04-14 11:52:27.473  2603  3218 D BackgroundInstallControlService: Package event received: 0
04-14 11:52:27.474  4740  4740 D BoundBrokerSvc: onBind: Intent { act=com.google.android.gms.measurement.START xflg=0x4 pkg=com.google.android.gms }
04-14 11:52:27.474  4740  4740 D BoundBrokerSvc: Loading bound service for intent: Intent { act=com.google.android.gms.measurement.START xflg=0x4 pkg=com.google.android.gms }
04-14 11:52:27.480 16656 16656 W Adjust  : PRODUCTION: Adjust is running in Production mode. Use this setting only for the build that you want to publish. Set the environment to `sandbox` if you want to test your app!
04-14 11:52:27.480 16656 16656 W Adjust  : PRODUCTION: Adjust is running in Production mode. Use this setting only for the build that you want to publish. Set the environment to `sandbox` if you want to test your app!
04-14 11:52:27.489  3327  3425 D PopUpViewTransitionObserver: onTransitionFinished: transition=android.os.BinderProxy@5d62490, taskInfo=[]
04-14 11:52:27.489  3327  3425 V WindowManagerShell: Transition animation finished (aborted=false), notifying core (#83) android.os.BinderProxy@5d62490@0
04-14 11:52:27.490  2603  2638 V WindowManager: Finish Transition (#83): created at 04-14 11:52:26.934 collect-started=0.144ms request-sent=13.43ms started=18.843ms ready=31.538ms sent=32.809ms commit=16.348ms finished=555.549ms
04-14 11:52:27.491  3327  3425 V WindowManagerShell: Track 0 became idle
04-14 11:52:27.491  3327  3425 V WindowManagerShell: All active transition animations finished
04-14 11:52:27.491  7825  7825 D VRI[SpaActivity]: visibilityChanged oldVisibility=true newVisibility=false
04-14 11:52:27.495  4746  4829 V OsAgent : broadcastSystemEvent - 7
04-14 11:52:27.495  4746  4829 V OsAgent : broadcastSystemEvent - 7
04-14 11:52:27.499  7825  7825 W WindowOnBackDispatcher: sendCancelIfRunning: isInProgress=false callback=androidx.activity.L@ad79a16
04-14 11:52:27.501  2603  4330 D CoreBackPreview: Window{30f2639 u0 com.android.settings/com.android.settings.spa.SpaActivity}: Setting back callback OnBackInvokedCallbackInfo{mCallback=android.window.IOnBackInvokedCallback$Stub$Proxy@82ee74a, mPriority=-1, mIsAnimationCallback=false, mOverrideBehavior=0}
04-14 11:52:27.501  7825  7825 D SpaLogMetricsProvider: PAGE_LEAVE page 0
04-14 11:52:27.503  2603  3019 W JobServiceContext: Sending onNetworkChanged for a job that isn't started. JobStatus{7afaf15 androidx.work.systemjobscheduler:u0a416/6251 @androidx.work.systemjobscheduler@com.bonial.kaufda/androidx.work.impl.background.systemjob.SystemJobService u=0 s=10416 TIME=-7s764ms:none NET READY}
04-14 11:52:27.506 16656 16656 I Choreographer: Skipped 32 frames!  The application may be doing too much work on its main thread.
04-14 11:52:27.508 16656 16697 D AdvertisingIdClient: AdvertisingIdClient is bounded
04-14 11:52:27.512  7825 16542 D HWUI    : endAllActiveAnimators on 0xb400007680b89cd0 (s) with handle 0xb400007670bc07c0
04-14 11:52:27.513 16656 16697 I AdvertisingIdClient: shouldSendLog -1
04-14 11:52:27.513 16656 16697 I AdvertisingIdClient: GetInfoInternal elapse 224ms
04-14 11:52:27.518  2603  3218 D BackgroundInstallControlService: Package event received: 0
04-14 11:52:27.518 16656 16656 D WM-SystemJobService: onStartJob for WorkGenerationalId(workSpecId=572c26f6-25e3-4d25-96bd-cfd755ee9621, generation=0)
04-14 11:52:27.520 16656 16716 D WM-Processor: s: processing WorkGenerationalId(workSpecId=572c26f6-25e3-4d25-96bd-cfd755ee9621, generation=0)
04-14 11:52:27.528 16656 16656 D WM-WorkerWrapper: Starting work for com.bonial.feature.shoppinglist.sync.ShoppingListNetworkWakeWorker
04-14 11:52:27.533  2603  3218 D BackgroundInstallControlService: Package event received: 0
04-14 11:52:27.539  2603  4330 D ConnectivityService: requestNetwork for uid/pid:10416/16656 activeRequest: null callbackRequest: 1247 [NetworkRequest [ REQUEST id=1248, [ Capabilities: INTERNET&NOT_RESTRICTED&TRUSTED&NOT_VCN_MANAGED&NOT_BANDWIDTH_CONSTRAINED Uid: 10416 RequestorUid: 10416 RequestorPkg: com.bonial.kaufda UnderlyingNetworks: Null] ]] callback flags: 0 order: 2147483647 isUidTracked: false declaredMethods: AVAIL|LOST|NC
04-14 11:52:27.540  3954  5790 I FontLog : (REDACTED) Received query %s, URI %s
04-14 11:52:27.540 16656 16715 I WM-WorkerWrapper: Worker result SUCCESS for Work [ id=572c26f6-25e3-4d25-96bd-cfd755ee9621, tags={ com.bonial.feature.shoppinglist.sync.ShoppingListNetworkWakeWorker,sl_periodic_network_worker } ]
04-14 11:52:27.540  3954  5790 I FontLog : (REDACTED) Query [%s] resolved to %s
04-14 11:52:27.541  3954  5790 I FontLog : (REDACTED) Fetch %s end status %s
04-14 11:52:27.541  2603  3132 D WifiNetworkFactory: got request NetworkRequest [ REQUEST id=1248, [ Capabilities: INTERNET&NOT_RESTRICTED&TRUSTED&NOT_VCN_MANAGED&NOT_BANDWIDTH_CONSTRAINED Uid: 10416 RequestorUid: 10416 RequestorPkg: com.bonial.kaufda UnderlyingNetworks: Null] ]
04-14 11:52:27.542  2603  3132 D UntrustedWifiNetworkFactory: got request NetworkRequest [ REQUEST id=1248, [ Capabilities: INTERNET&NOT_RESTRICTED&TRUSTED&NOT_VCN_MANAGED&NOT_BANDWIDTH_CONSTRAINED Uid: 10416 RequestorUid: 10416 RequestorPkg: com.bonial.kaufda UnderlyingNetworks: Null] ]
04-14 11:52:27.542  2603  3132 D OemPaidWifiNetworkFactory: got request NetworkRequest [ REQUEST id=1248, [ Capabilities: INTERNET&NOT_RESTRICTED&TRUSTED&NOT_VCN_MANAGED&NOT_BANDWIDTH_CONSTRAINED Uid: 10416 RequestorUid: 10416 RequestorPkg: com.bonial.kaufda UnderlyingNetworks: Null] ]
04-14 11:52:27.542  2603  3132 D MultiInternetWifiNetworkFactory: got request NetworkRequest [ REQUEST id=1248, [ Capabilities: INTERNET&NOT_RESTRICTED&TRUSTED&NOT_VCN_MANAGED&NOT_BANDWIDTH_CONSTRAINED Uid: 10416 RequestorUid: 10416 RequestorPkg: com.bonial.kaufda UnderlyingNetworks: Null] ]
04-14 11:52:27.542  2603  3143 D ConnectivityService: NetReassign [1248 : null  102] [c 1] [a 0] [i 2]
04-14 11:52:27.543  3954  5790 I FontLog : (REDACTED) Pulling font file for id = %d, cache size = %d
04-14 11:52:27.544 16656 16656 I AdvertisingIdClient: getting error as 17: API: ClientTelemetry.API is not available on this device. Connection failed with: ConnectionResult{statusCode=API_DISABLED_FOR_CONNECTION, resolution=null, message=null, clientMethodKey=null}
04-14 11:52:27.544 16656 16656 D WM-Processor: s 572c26f6-25e3-4d25-96bd-cfd755ee9621 executed; reschedule = false
04-14 11:52:27.544 16656 16656 D WM-SystemJobService: 572c26f6-25e3-4d25-96bd-cfd755ee9621 executed on JobScheduler
04-14 11:52:27.545  3954  5790 I FontLog : (REDACTED) Pulling font file for id = %d, cache size = %d
04-14 11:52:27.547 16656 16700 D WM-GreedyScheduler: Cancelling work ID 572c26f6-25e3-4d25-96bd-cfd755ee9621
04-14 11:52:27.551 16656 16700 D WM-SystemJobScheduler: Scheduling work ID 572c26f6-25e3-4d25-96bd-cfd755ee9621Job ID 6251
04-14 11:52:27.557  4740 16746 D AdvertisingIdClient: AdvertisingIdClient already created.
04-14 11:52:27.557  4740 16746 D AdvertisingIdClient: AdvertisingIdClient is not bounded. Starting to bind it...
04-14 11:52:27.559  4740 16746 D AdvertisingIdClient: AdvertisingIdClient is bounded
04-14 11:52:27.561  4740 16746 I AdvertisingIdClient: shouldSendLog 38422
04-14 11:52:27.561  4740 16746 I AdvertisingIdClient: GetInfoInternal elapse 3ms
04-14 11:52:27.602  2603  3143 D InetDiagMessage: Destroyed 0 sockets, proto=IPPROTO_TCP, family=AF_INET, states=14
04-14 11:52:27.603  2603  3143 D InetDiagMessage: Destroyed 0 sockets, proto=IPPROTO_TCP, family=AF_INET6, states=14
04-14 11:52:27.603  2603  3143 D InetDiagMessage: Destroyed live tcp sockets for uids={10173} in 2ms
04-14 11:52:27.604  2603  3143 D InetDiagMessage: Destroyed 0 sockets, proto=IPPROTO_TCP, family=AF_INET, states=14
04-14 11:52:27.604  2603  3143 D InetDiagMessage: Destroyed 0 sockets, proto=IPPROTO_TCP, family=AF_INET6, states=14
04-14 11:52:27.604  2603  3143 D InetDiagMessage: Destroyed live tcp sockets for uids={20173} in 1ms
04-14 11:52:27.620  7825  7831 W ndroid.settings: Cleared Reference was only reachable from finalizer (only reported once)
04-14 11:52:27.953  1463  5111 E ANDR-PERF-LM: VmRssMeter:: start() 358: Could not find pid, can not collect vmrss data
04-14 11:52:27.953  1463  5111 E ANDR-PERF-LM: AdaptiveLaunch: writeToDataBase() 64: Meter aborted or could not get meter data for this run
04-14 11:52:27.954  1463  5110 E ANDR-PERF-LM: VmRssMeter:: start() 358: Could not find pid, can not collect vmrss data
04-14 11:52:27.992  2603  3132 D WifiStaIfaceHidlImpl: getCachedScanData is not implemented by HIDL
04-14 11:52:27.997 16656 16743 I Braze v41.1.1 .Braze: Braze.configure() called with configuration: Builder(apiKey=null, serverTarget=null, smallNotificationIconName=null, largeNotificationIconName=null, customEndpoint=null, defaultNotificationChannelName=null, defaultNotificationChannelDescription=null, pushDeepLinkBackStackActivityClassName=null, firebaseCloudMessagingSenderIdKey=null, customHtmlWebViewActivityClassName=null, sdkFlavor=null, sessionTimeout=1800, defaultNotificationAccentColor=null, triggerActionMinimumTimeIntervalSeconds=null, badNetworkInterval=null, goodNetworkInterval=null, greatNetworkInterval=null, inAppMessageWebViewClientMaxOnPageFinishedWaitMs=null, admMessagingRegistrationEnabled=null, handlePushDeepLinksAutomatically=true, isAutomaticLocationCollectionEnabled=false, isPushDeepLinkBackStackActivityEnabled=false, isSessionStartBasedTimeoutEnabled=null, isFirebaseCloudMessagingRegistrationEnabled=null, isContentCardsUnreadVisualIndicatorEnabled=null, isInAppMessageAccessibilityExclusiveModeEnabled=null, isPushWakeScreenForNotificationEnabled=null, isPushHtmlRenderingEnabled=null, isGeofencesEnabled=null, inAppMessageTestPushEagerDisplayEnabled=null, automaticGeofenceRequestsEnabled=null, isFirebaseMessagingServiceOnNewTokenRegistrationEnabled=null, isTouchModeRequiredForHtmlInAppMessages=null, isSdkAuthEnabled=null, deviceObjectAllowlist=null, isDeviceObjectAllowlistEnabled=null, brazeSdkMetadata=null, customLocationProviderNames=null, isHtmlInAppMessageHtmlLinkTargetEnabled=null, doesPushStoryDismissOnClick=null, isFallbackFirebaseMessagingServiceEnabled=null, fallbackFirebaseMessagingServiceClasspath=null, shouldOptInWhenPushAuthorized=null, shouldUseWindowFlagSecureInActivities=null, shouldAddStatusBarPaddingToInAppMessages=null))
04-14 11:52:27.997 16656 16743 D Braze v41.1.1 .Braze: SDK enablement provider was null. Returning SDK as enabled.
04-14 11:52:27.997 16656 16743 V Braze v41.1.1 .BrazeActivityLifecycleCallbackListener: BrazeActivityLifecycleCallbackListener using in-app messaging blocklist: []
04-14 11:52:27.997 16656 16743 V Braze v41.1.1 .BrazeActivityLifecycleCallbackListener: BrazeActivityLifecycleCallbackListener using session handling blocklist: []
04-14 11:52:27.998 16656 16741 V Braze v41.1.1 .com.braze.storage.DataStoreProvider: Checking if data store contains data for key: com_braze_api_key.
04-14 11:52:27.998 16656 16756 D Braze v41.1.1 .BrazeConfigurationProvider: Using resources value for key: 'com_braze_api_key' and value: '3e947324-8d5d-43ab-b8ed-3aae6cbf9a71'
