04-14 11:52:27.998 16656 16756 V Braze v41.1.1 .DataStoreProvider: Creating new CoroutineScope for DataStore for key: com.braze.delayed_initialization scope: CoroutineScope(coroutineContext=[com.braze.coroutine.c@42b6fc8, z2{Active}@f3db861, Dispatchers.IO])
04-14 11:52:27.999 16656 16741 V Braze v41.1.1 .com.braze.storage.DataStoreProvider: Reading data for key: was_set_during_runtime.
04-14 11:52:27.999 16656 16757 I Apptimize: Apptimize: Apptimize is being set to online mode.
04-14 11:52:27.999 16656 16743 D Braze v41.1.1 .Braze: SDK enablement provider was null. Returning SDK as enabled.
04-14 11:52:28.000 16656 16756 W Braze v41.1.1 .b: DataStoreKey not found for key: com_braze_enable_delayed_initialization
04-14 11:52:28.002 16656 16743 D Braze v41.1.1 .BrazeDeeplinkHandler: Custom IBrazeDeeplinkHandler set
04-14 11:52:28.002 16656 16756 D Braze v41.1.1 .BrazeConfigurationProvider: Unable to find the xml BOOLEAN configuration value with primary key 'com_braze_enable_delayed_initialization'. Using default value 'false'.
04-14 11:52:28.002 16656 16756 D Braze v41.1.1 .BrazeConfigurationProvider: Using resources value for key: 'com_braze_enable_delayed_initialization' and value: 'false'
04-14 11:52:28.002 16656 16741 V Braze v41.1.1 .com.braze.storage.DataStoreProvider: Reading data for key: was_set_during_runtime.
04-14 11:52:28.003 16656 16756 W Braze v41.1.1 .b: DataStoreKey not found for key: com_braze_delayed_initialization_analytics_behavior
04-14 11:52:28.005 16656 16756 D Braze v41.1.1 .BrazeConfigurationProvider: Unable to find the xml STRING configuration value with primary key 'com_braze_delayed_initialization_analytics_behavior'. Using default value 'QUEUE'.
04-14 11:52:28.005 16656 16756 D Braze v41.1.1 .BrazeConfigurationProvider: Using resources value for key: 'com_braze_delayed_initialization_analytics_behavior' and value: 'QUEUE'
04-14 11:52:28.005 16656 16756 I Braze v41.1.1 .t0: Setting delayed initialization analytics behavior to: QUEUE
04-14 11:52:28.005 16656 16725 V Braze v41.1.1 .com.braze.storage.DataStoreProvider: Writing data:QUEUE for key: analytics_behavior.
04-14 11:52:28.006 16656 16756 W Braze v41.1.1 .b: DataStoreKey not found for key: com_braze_logger_initial_log_level
04-14 11:52:28.007  2603  3454 W PackageConfigPersister: App-specific configuration not found for packageName: com.bonial.kaufda and userId: 0
04-14 11:52:28.010 16656 16756 D Braze v41.1.1 .BrazeConfigurationProvider: Unable to find the xml INTEGER configuration value with primary key 'com_braze_logger_initial_log_level'. Using default value '4'.
04-14 11:52:28.010 16656 16756 D Braze v41.1.1 .BrazeConfigurationProvider: Using resources value for key: 'com_braze_logger_initial_log_level' and value: '4'
04-14 11:52:28.011 16656 16718 I FA      : Tag Manager is not found and thus will not be used
04-14 11:52:28.011 16656 16757 I Apptimize: Version 3.12.2
04-14 11:52:28.013  1368  4202 I vendor.qti.bluetooth@1.0-ibs_handler: ProcessIbsCmd: Received IBS_WAKE_IND: 0xFD
04-14 11:52:28.014  1368  4202 I vendor.qti.bluetooth@1.0-ibs_handler: ProcessIbsCmd: Writing IBS_WAKE_ACK
04-14 11:52:28.044 16656 16756 V Braze v41.1.1 .DataStoreProvider: Creating new CoroutineScope for DataStore for key: com.braze.sdk_enablement scope: CoroutineScope(coroutineContext=[com.braze.coroutine.c@42b6fc8, z2{Active}@8b25d1d, Dispatchers.IO])
04-14 11:52:28.044 16656 16726 V Braze v41.1.1 .com.braze.storage.DataStoreProvider: Reading data for key: appboy_sdk_disabled.
04-14 11:52:28.046 16656 16696 V Braze v41.1.1 .com.braze.storage.DataStoreProvider: Reading data for key: delayed_initialization_enabled.
04-14 11:52:28.046 16656 16756 V Braze v41.1.1 .DataStoreProvider: Creating new CoroutineScope for DataStore for key: com.braze.push_delivery.3e947324-8d5d-43ab-b8ed-3aae6cbf9a71 scope: CoroutineScope(coroutineContext=[com.braze.coroutine.c@42b6fc8, z2{Active}@aa4960, Dispatchers.IO])
04-14 11:52:28.047 16656 16726 V Braze v41.1.1 .com.braze.storage.DataStoreProvider: Reading data for key: push_delivery_events.
04-14 11:52:28.049 16656 16726 V Braze v41.1.1 .com.braze.storage.DataStoreProvider: Checking if data store contains data for key: com_braze_custom_endpoint.
04-14 11:52:28.050 16656 16756 D Braze v41.1.1 .BrazeConfigurationProvider: Using resources value for key: 'com_braze_custom_endpoint' and value: 'sdk.fra-02.braze.eu'
04-14 11:52:28.051 16656 16726 V Braze v41.1.1 .com.braze.storage.DataStoreProvider: Checking if data store contains data for key: com_braze_firebase_cloud_messaging_registration_enabled.
04-14 11:52:28.053 16656 16756 D Braze v41.1.1 .BrazeConfigurationProvider: Unable to find the xml BOOLEAN configuration value with primary key 'com_braze_firebase_cloud_messaging_registration_enabled'. Using default value 'false'.
04-14 11:52:28.053 16656 16756 D Braze v41.1.1 .BrazeConfigurationProvider: Using resources value for key: 'com_braze_firebase_cloud_messaging_registration_enabled' and value: 'false'
04-14 11:52:28.053 16656 16756 I Braze v41.1.1 .Braze: Automatic Firebase Cloud Messaging registration not enabled in configuration. Braze will not register for Firebase Cloud Messaging.
04-14 11:52:28.053 16656 16743 V Braze v41.1.1 .com.braze.storage.DataStoreProvider: Checking if data store contains data for key: com_braze_push_adm_messaging_registration_enabled.
04-14 11:52:28.054  1368  4202 I vendor.qti.bluetooth@1.0-ibs_handler: ProcessIbsCmd: Received IBS_SLEEP_IND: 0xFE
04-14 11:52:28.055 16656 16756 D Braze v41.1.1 .BrazeConfigurationProvider: Unable to find the xml BOOLEAN configuration value with primary key 'com_braze_push_adm_messaging_registration_enabled'. Using default value 'false'.
04-14 11:52:28.055 16656 16756 D Braze v41.1.1 .BrazeConfigurationProvider: Using resources value for key: 'com_braze_push_adm_messaging_registration_enabled' and value: 'false'
04-14 11:52:28.055 16656 16756 I Braze v41.1.1 .Braze: Automatic ADM registration not enabled in configuration. Braze will not register for ADM.
04-14 11:52:28.055 16656 16756 V Braze v41.1.1 .Braze: Starting up a new user dependency manager
04-14 11:52:28.055 16656 16756 V Braze v41.1.1 .DataStoreProvider: Creating new CoroutineScope for DataStore for key: com.braze.offline.user_storage scope: CoroutineScope(coroutineContext=[com.braze.coroutine.c@42b6fc8, z2{Active}@fafa543, Dispatchers.IO])
04-14 11:52:28.056 16656 16743 V Braze v41.1.1 .com.braze.storage.DataStoreProvider: Reading data for key: last_user.
04-14 11:52:28.057 16656 16756 V Braze v41.1.1 .DataStoreProvider: Creating new CoroutineScope for DataStore for key: com.braze.serverconfig.3e947324-8d5d-43ab-b8ed-3aae6cbf9a71 scope: CoroutineScope(coroutineContext=[com.braze.coroutine.c@42b6fc8, z2{Active}@122cfec, Dispatchers.IO])
04-14 11:52:28.058 16656 16743 V Braze v41.1.1 .com.braze.storage.DataStoreProvider: Reading data for key: last_accessed_sdk_version.
04-14 11:52:28.060 16656 16726 V Braze v41.1.1 .com.braze.storage.DataStoreProvider: Reading data for key: blacklisted_attributes.
04-14 11:52:28.062 16656 16742 V Braze v41.1.1 .com.braze.storage.DataStoreProvider: Reading data for key: blacklisted_events.
04-14 11:52:28.063 16656 16742 V Braze v41.1.1 .com.braze.storage.DataStoreProvider: Reading data for key: blacklisted_purchases.
04-14 11:52:28.063 16656 16742 V Braze v41.1.1 .com.braze.storage.DataStoreProvider: Reading data for key: config_time.
04-14 11:52:28.064 16656 16743 V Braze v41.1.1 .com.braze.storage.DataStoreProvider: Reading data for key: messaging_session_timeout.
04-14 11:52:28.064 16656 16724 V Braze v41.1.1 .com.braze.storage.DataStoreProvider: Reading data for key: geofences_min_time_since_last_request.
04-14 11:52:28.066 16656 16742 V Braze v41.1.1 .com.braze.storage.DataStoreProvider: Reading data for key: geofences_min_time_since_last_report.
04-14 11:52:28.066 16656 16742 V Braze v41.1.1 .com.braze.storage.DataStoreProvider: Reading data for key: geofences_max_num_to_register.
04-14 11:52:28.067 16656 16742 V Braze v41.1.1 .com.braze.storage.DataStoreProvider: Reading data for key: geofences_enabled.
04-14 11:52:28.067 16656 16742 V Braze v41.1.1 .com.braze.storage.DataStoreProvider: Reading data for key: geofences_enabled_set.
04-14 11:52:28.068 16656 16743 V Braze v41.1.1 .com.braze.storage.DataStoreProvider: Reading data for key: content_cards_enabled.
04-14 11:52:28.068 16656 16723 V Braze v41.1.1 .com.braze.storage.DataStoreProvider: Reading data for key: ephemeral_events_enabled.
04-14 11:52:28.068 16656 16743 V Braze v41.1.1 .com.braze.storage.DataStoreProvider: Reading data for key: feature_flags_enabled.
04-14 11:52:28.069 16656 16696 V Braze v41.1.1 .com.braze.storage.DataStoreProvider: Reading data for key: feature_flags_refresh_rate_limit.
04-14 11:52:28.069 16656 16726 V Braze v41.1.1 .com.braze.storage.DataStoreProvider: Reading data for key: push_max_enabled.
04-14 11:52:28.069 16656 16697 V Braze v41.1.1 .com.braze.storage.DataStoreProvider: Reading data for key: push_max_redeliver_buffer.
04-14 11:52:28.069 16656 16726 V Braze v41.1.1 .com.braze.storage.DataStoreProvider: Reading data for key: dust_enabled.
04-14 11:52:28.070 16656 16743 V Braze v41.1.1 .com.braze.storage.DataStoreProvider: Reading data for key: dust_should_block_cc_refresh.
04-14 11:52:28.070 16656 16743 V Braze v41.1.1 .com.braze.storage.DataStoreProvider: Reading data for key: global_req_rate_limit_enabled.
04-14 11:52:28.070 16656 16726 V Braze v41.1.1 .com.braze.storage.DataStoreProvider: Reading data for key: global_req_rate_refill_rate.
04-14 11:52:28.071 16656 16726 V Braze v41.1.1 .com.braze.storage.DataStoreProvider: Reading data for key: global_req_rate_capacity.
04-14 11:52:28.071 16656 16726 V Braze v41.1.1 .com.braze.storage.DataStoreProvider: Reading data for key: push_max_redeliver_dedupe_buffer.
04-14 11:52:28.071 16656 16723 V Braze v41.1.1 .com.braze.storage.DataStoreProvider: Reading data for key: default_backoff_scale_factor.
04-14 11:52:28.071 16656 16723 V Braze v41.1.1 .com.braze.storage.DataStoreProvider: Reading data for key: default_backoff_min_sleep_duration__ms.
04-14 11:52:28.072 16656 16724 V Braze v41.1.1 .com.braze.storage.DataStoreProvider: Reading data for key: default_backoff_max_sleep_duration_ms.
04-14 11:52:28.072 16656 16697 V Braze v41.1.1 .com.braze.storage.DataStoreProvider: Reading data for key: sdk_debugger_enabled.
04-14 11:52:28.073 16656 16723 V Braze v41.1.1 .com.braze.storage.DataStoreProvider: Reading data for key: sdk_debugger_authorization_code.
04-14 11:52:28.073 16656 16697 V Braze v41.1.1 .com.braze.storage.DataStoreProvider: Reading data for key: sdk_debugger_flush_interval_bytes.
04-14 11:52:28.073 16656 16743 V Braze v41.1.1 .com.braze.storage.DataStoreProvider: Reading data for key: sdk_debugger_flush_interval_seconds.
04-14 11:52:28.074  1368  4202 I vendor.qti.bluetooth@1.0-ibs_handler: ProcessIbsCmd: Received IBS_WAKE_IND: 0xFD
04-14 11:52:28.074  1368  4202 I vendor.qti.bluetooth@1.0-ibs_handler: ProcessIbsCmd: Writing IBS_WAKE_ACK
04-14 11:52:28.074 16656 16697 V Braze v41.1.1 .com.braze.storage.DataStoreProvider: Reading data for key: sdk_debugger_max_payload_bytes.
04-14 11:52:28.075 16656 16724 V Braze v41.1.1 .com.braze.storage.DataStoreProvider: Reading data for key: sdk_debugger_expiration_time.
04-14 11:52:28.076 16656 16724 V Braze v41.1.1 .com.braze.storage.DataStoreProvider: Reading data for key: global_req_rate_limit_endpoint_overrides.
04-14 11:52:28.076  3954  9026 I NearbyDiscovery: (REDACTED) BloomFilterAdvManager: Detected bloom filter but too far away, ignoring. %sm, %s
04-14 11:52:28.076 16656 16726 V Braze v41.1.1 .com.braze.storage.DataStoreProvider: Reading data for key: banners_enabled.
04-14 11:52:28.076 16656 16743 V Braze v41.1.1 .com.braze.storage.DataStoreProvider: Reading data for key: max_banner_placements.
04-14 11:52:28.078  3954  3954 D BoundBrokerSvc: onRebind: Intent { act=com.google.android.gms.presencemanager.service.START dat=chimera-action:/... xflg=0x4 cmp=com.google.android.gms/.chimera.PersistentApiService }
04-14 11:52:28.079 16656 16756 D Braze v41.1.1 .d: Not publishing cached event for class: class com.braze.events.internal.a0 because events are not allowed to send yet.
04-14 11:52:28.079 16656 16756 D Braze v41.1.1 .d: Not publishing cached event for class: class com.braze.events.internal.b0 because events are not allowed to send yet.
04-14 11:52:28.079 16656 16756 D Braze v41.1.1 .d: Not publishing cached event for class: class com.braze.events.internal.o because events are not allowed to send yet.
04-14 11:52:28.079 16656 16756 D Braze v41.1.1 .d: Not publishing cached event for class: class com.braze.events.internal.h because events are not allowed to send yet.
04-14 11:52:28.079 16656 16756 D Braze v41.1.1 .d: Not publishing cached event for class: class com.braze.events.internal.q because events are not allowed to send yet.
04-14 11:52:28.079 16656 16756 D Braze v41.1.1 .d: Not publishing cached event for class: class com.braze.events.internal.t because events are not allowed to send yet.
04-14 11:52:28.079 16656 16756 D Braze v41.1.1 .d: Not publishing cached event for class: class com.braze.events.internal.a0 because events are not allowed to send yet.
04-14 11:52:28.079 16656 16756 D Braze v41.1.1 .d: Not publishing cached event for class: class com.braze.events.internal.b0 because events are not allowed to send yet.
04-14 11:52:28.080 16656 16724 V Braze v41.1.1 .com.braze.storage.DataStoreProvider: Checking if data store contains data for key: com_braze_session_timeout.
04-14 11:52:28.080 16656 16726 V Braze v41.1.1 .com.braze.storage.DataStoreProvider: Reading data for key: com_braze_session_timeout.
04-14 11:52:28.080 16656 16756 D Braze v41.1.1 .BrazeConfigurationProvider: Using runtime override value for key: 'com_braze_session_timeout' and value: '1800'
04-14 11:52:28.080 16656 16726 V Braze v41.1.1 .com.braze.storage.DataStoreProvider: Checking if data store contains data for key: com_braze_session_start_based_timeout_enabled.
04-14 11:52:28.082 16656 16756 D Braze v41.1.1 .BrazeConfigurationProvider: Unable to find the xml BOOLEAN configuration value with primary key 'com_braze_session_start_based_timeout_enabled'. Using default value 'false'.
04-14 11:52:28.082 16656 16756 D Braze v41.1.1 .BrazeConfigurationProvider: Using resources value for key: 'com_braze_session_start_based_timeout_enabled' and value: 'false'
04-14 11:52:28.084 16656 16756 D Braze v41.1.1 .d: Not publishing cached event for class: class com.braze.events.internal.p because events are not allowed to send yet.
04-14 11:52:28.084 16656 16756 V Braze v41.1.1 .DataStoreProvider: Creating new CoroutineScope for DataStore for key: com.appboy.support.stringutils.cachefilesuffix scope: CoroutineScope(coroutineContext=[com.braze.coroutine.c@42b6fc8, z2{Active}@9a048ac, Dispatchers.IO])
04-14 11:52:28.084  3954  3954 D BoundBrokerSvc: onRebind: Intent { act=com.google.android.gms.presencemanager.service.INTERNAL_IDENTITY dat=chimera-action:/... xflg=0x4 cmp=com.google.android.gms/.chimera.PersistentApiService }
04-14 11:52:28.085 16656 16697 V Braze v41.1.1 .com.braze.storage.DataStoreProvider: Reading data for key: user_id_key.
04-14 11:52:28.086 16656 16697 V Braze v41.1.1 .com.braze.storage.DataStoreProvider: Reading data for key: user_id_hash_value.
04-14 11:52:28.086 16656 16756 V Braze v41.1.1 .DataStoreProvider: Creating new CoroutineScope for DataStore for key: com.braze.pushmax.2521222da32feb4b9df9461669117bbc.3e947324-8d5d-43ab-b8ed-3aae6cbf9a71 scope: CoroutineScope(coroutineContext=[com.braze.coroutine.c@42b6fc8, z2{Active}@a1f4398, Dispatchers.IO])
04-14 11:52:28.087 16656 16697 V Braze v41.1.1 .com.braze.storage.DataStoreProvider: Reading data for key: push_max_campaigns.
04-14 11:52:28.090 16656 16697 V Braze v41.1.1 .com.braze.storage.DataStoreProvider: Reading data for key: user_id_key.
04-14 11:52:28.090 16656 16697 V Braze v41.1.1 .com.braze.storage.DataStoreProvider: Reading data for key: user_id_hash_value.
04-14 11:52:28.090 16656 16756 V Braze v41.1.1 .DataStoreProvider: Creating new CoroutineScope for DataStore for key: com.braze.push_identifier.2521222da32feb4b9df9461669117bbc.3e947324-8d5d-43ab-b8ed-3aae6cbf9a71 scope: CoroutineScope(coroutineContext=[com.braze.coroutine.c@42b6fc8, z2{Active}@a910144, Dispatchers.IO])
04-14 11:52:28.090 16656 16697 V Braze v41.1.1 .com.braze.storage.DataStoreProvider: Reading data for key: push_id_map.
04-14 11:52:28.092 16656 16697 V Braze v41.1.1 .com.braze.storage.DataStoreProvider: Writing data:{} for key: push_id_map.
04-14 11:52:28.093 16656 16726 V Braze v41.1.1 .com.braze.storage.DataStoreProvider: Reading data for key: user_id_key.
04-14 11:52:28.093 16656 16697 V Braze v41.1.1 .com.braze.storage.DataStoreProvider: Reading data for key: user_id_hash_value.
04-14 11:52:28.094 16656 16756 V Braze v41.1.1 .DataStoreProvider: Creating new CoroutineScope for DataStore for key: com.braze.storage.event_data_validator.2521222da32feb4b9df9461669117bbc.3e947324-8d5d-43ab-b8ed-3aae6cbf9a71 scope: CoroutineScope(coroutineContext=[com.braze.coroutine.c@42b6fc8, z2{Active}@2570429, Dispatchers.IO])
04-14 11:52:28.094 16656 16726 V Braze v41.1.1 .com.braze.storage.DataStoreProvider: Reading data for key: event_duplication_validation_storage_map.
04-14 11:52:28.095 16656 16756 V Braze v41.1.1 .r: BrazeManager init called
04-14 11:52:28.095 16656 16756 D Braze v41.1.1 .d: Not publishing cached event for class: class com.braze.events.internal.s because events are not allowed to send yet.
04-14 11:52:28.095 16656 16756 D Braze v41.1.1 .d: Not publishing cached event for class: class com.braze.events.internal.u because events are not allowed to send yet.
04-14 11:52:28.095 16656 16756 D Braze v41.1.1 .d: Not publishing cached event for class: class com.braze.events.internal.v because events are not allowed to send yet.
04-14 11:52:28.096 16656 16742 V Braze v41.1.1 .com.braze.storage.DataStoreProvider: Checking if data store contains data for key: com_braze_custom_location_providers_list.
04-14 11:52:28.098 16656 16756 D Braze v41.1.1 .BrazeConfigurationProvider: Unable to find the xml STRING_ARRAY configuration value with primary key 'com_braze_custom_location_providers_list'. Using default value '[]'.
04-14 11:52:28.098 16656 16756 D Braze v41.1.1 .BrazeConfigurationProvider: Using resources value for key: 'com_braze_custom_location_providers_list' and value: '[]'
04-14 11:52:28.098 16656 16756 V Braze v41.1.1 .DataStoreProvider: Creating new CoroutineScope for DataStore for key: com.braze.geofences.3e947324-8d5d-43ab-b8ed-3aae6cbf9a71 scope: CoroutineScope(coroutineContext=[com.braze.coroutine.c@42b6fc8, z2{Active}@5594374, Dispatchers.IO])
04-14 11:52:28.098 16656 16726 V Braze v41.1.1 .com.braze.storage.DataStoreProvider: Reading data for key: geofences.
04-14 11:52:28.101 16656 16756 D Braze v41.1.1 .BrazeGeofenceManager: Did not find stored geofences.
04-14 11:52:28.101 16656 16756 D Braze v41.1.1 .d: Not publishing cached event for class: class com.braze.events.internal.y because events are not allowed to send yet.
04-14 11:52:28.101 16656 16726 V Braze v41.1.1 .com.braze.storage.DataStoreProvider: Reading data for key: individual_reeligibility_map.
04-14 11:52:28.101 16656 16742 V Braze v41.1.1 .com.braze.storage.DataStoreProvider: Reading data for key: last_request_global.
04-14 11:52:28.102 16656 16742 V Braze v41.1.1 .com.braze.storage.DataStoreProvider: Reading data for key: last_report_global.
04-14 11:52:28.102 16656 16756 I Braze v41.1.1 .BrazeGeofenceManager: Geofences implicitly disabled via server configuration.
04-14 11:52:28.102 16656 16756 I Braze v41.1.1 .BrazeGeofenceManager: ***Geofence API not found. Please include the android-sdk-location module***
04-14 11:52:28.102 16656 16756 V Braze v41.1.1 .BrazeGeofenceManager: Calling setUpGeofences on geofence manager init
04-14 11:52:28.102 16656 16756 D Braze v41.1.1 .BrazeGeofenceManager: Braze geofences not enabled. Geofences not set up.
04-14 11:52:28.103 16656 16756 I Braze v41.1.1 .p: ***Location API not found. Please include android-sdk-location module***
04-14 11:52:28.103 16656 16742 V Braze v41.1.1 .com.braze.storage.DataStoreProvider: Reading data for key: user_id_key.
04-14 11:52:28.103 16656 16742 V Braze v41.1.1 .com.braze.storage.DataStoreProvider: Reading data for key: user_id_hash_value.
04-14 11:52:28.103 16656 16756 V Braze v41.1.1 .DataStoreProvider: Creating new CoroutineScope for DataStore for key: com.braze.featureflags..2521222da32feb4b9df9461669117bbc.3e947324-8d5d-43ab-b8ed-3aae6cbf9a71 scope: CoroutineScope(coroutineContext=[com.braze.coroutine.c@42b6fc8, z2{Active}@5e1b15b, Dispatchers.IO])
04-14 11:52:28.103 16656 16742 V Braze v41.1.1 .com.braze.storage.DataStoreProvider: Reading data for key: feature_flags.
04-14 11:52:28.106 16656 16756 W Braze v41.1.1 .k0: Did not find stored Feature Flags in DataStore.
04-14 11:52:28.106 16656 16756 D Braze v41.1.1 .d: Not publishing cached event for class: class com.braze.events.internal.r because events are not allowed to send yet.
04-14 11:52:28.106 16656 16756 D Braze v41.1.1 .d: Not publishing cached event for class: class com.braze.events.internal.q because events are not allowed to send yet.
04-14 11:52:28.106 16656 16756 D Braze v41.1.1 .d: Not publishing cached event for class: class com.braze.events.internal.k because events are not allowed to send yet.
04-14 11:52:28.106 16656 16756 D Braze v41.1.1 .d: Not publishing cached event for class: class com.braze.events.internal.j because events are not allowed to send yet.
04-14 11:52:28.106 16656 16756 D Braze v41.1.1 .d: Not publishing cached event for class: class com.braze.events.internal.d because events are not allowed to send yet.
04-14 11:52:28.107 16656 16742 V Braze v41.1.1 .com.braze.storage.DataStoreProvider: Reading data for key: user_id_key.
04-14 11:52:28.107 16656 16743 V Braze v41.1.1 .com.braze.storage.DataStoreProvider: Reading data for key: user_id_hash_value.
04-14 11:52:28.107 16656 16756 V Braze v41.1.1 .DataStoreProvider: Creating new CoroutineScope for DataStore for key: com.braze.banners.2521222da32feb4b9df9461669117bbc.3e947324-8d5d-43ab-b8ed-3aae6cbf9a71 scope: CoroutineScope(coroutineContext=[com.braze.coroutine.c@42b6fc8, z2{Active}@d130410, Dispatchers.IO])
04-14 11:52:28.107 16656 16743 V Braze v41.1.1 .com.braze.storage.DataStoreProvider: Reading data for key: banners.
04-14 11:52:28.110 16656 16756 D Braze v41.1.1 .j: Did not find stored Banners in DataStore.
04-14 11:52:28.110 16656 16756 D Braze v41.1.1 .d: Not publishing cached event for class: class com.braze.events.internal.q because events are not allowed to send yet.
04-14 11:52:28.110 16656 16756 D Braze v41.1.1 .d: Not publishing cached event for class: class com.braze.events.internal.c because events are not allowed to send yet.
04-14 11:52:28.110 16656 16756 D Braze v41.1.1 .d: Not publishing cached event for class: class com.braze.events.internal.b because events are not allowed to send yet.
04-14 11:52:28.110 16656 16756 D Braze v41.1.1 .d: Not publishing cached event for class: class com.braze.events.BrazeUserChangeEvent because events are not allowed to send yet.
04-14 11:52:28.110 16656 16756 D Braze v41.1.1 .d: Not publishing cached event for class: class com.braze.events.internal.d because events are not allowed to send yet.
04-14 11:52:28.111 16656 16743 V Braze v41.1.1 .com.braze.storage.DataStoreProvider: Reading data for key: user_id_key.
04-14 11:52:28.111 16656 16697 V Braze v41.1.1 .com.braze.storage.DataStoreProvider: Reading data for key: user_id_hash_value.
04-14 11:52:28.112 16656 16756 V Braze v41.1.1 .DataStoreProvider: Creating new CoroutineScope for DataStore for key: com.braze.contentcards..2521222da32feb4b9df9461669117bbc.3e947324-8d5d-43ab-b8ed-3aae6cbf9a71 scope: CoroutineScope(coroutineContext=[com.braze.coroutine.c@42b6fc8, z2{Active}@d55517d, Dispatchers.IO])
04-14 11:52:28.112 16656 16697 V Braze v41.1.1 .com.braze.storage.DataStoreProvider: Reading data for key: content_cards.
04-14 11:52:28.113 16656 16723 W HWUI    : Image decoding logging dropped!
04-14 11:52:28.115 16656 16697 V Braze v41.1.1 .com.braze.storage.DataStoreProvider: Reading data for key: dismissed.
04-14 11:52:28.115 16656 16697 V Braze v41.1.1 .com.braze.storage.DataStoreProvider: Reading data for key: expired.
04-14 11:52:28.115 16656 16697 V Braze v41.1.1 .com.braze.storage.DataStoreProvider: Reading data for key: test.
04-14 11:52:28.116 16656 16697 V Braze v41.1.1 .com.braze.storage.DataStoreProvider: Reading data for key: last_accessed_sdk_version.
04-14 11:52:28.116 16656 16697 V Braze v41.1.1 .com.braze.storage.DataStoreProvider: Reading data for key: last_card_updated_at.
04-14 11:52:28.116 16656 16697 V Braze v41.1.1 .com.braze.storage.DataStoreProvider: Reading data for key: last_full_sync_at.
04-14 11:52:28.117 16656 16756 D Braze v41.1.1 .d: Not publishing cached event for class: class com.braze.events.internal.dispatchmanager.c because events are not allowed to send yet.
04-14 11:52:28.117 16656 16697 V Braze v41.1.1 .com.braze.storage.DataStoreProvider: Reading data for key: user_id_key.
04-14 11:52:28.117 16656 16742 V Braze v41.1.1 .com.braze.storage.DataStoreProvider: Reading data for key: user_id_hash_value.
04-14 11:52:28.117 16656 16756 V Braze v41.1.1 .DataStoreProvider: Creating new CoroutineScope for DataStore for key: com.braze.tokenbucket.com.braze.requestframework.tokenbucket..2521222da32feb4b9df9461669117bbc.3e947324-8d5d-43ab-b8ed-3aae6cbf9a71 scope: CoroutineScope(coroutineContext=[com.braze.coroutine.c@42b6fc8, z2{Active}@ac293ed, Dispatchers.IO])
04-14 11:52:28.117 16656 16697 V Braze v41.1.1 .com.braze.storage.DataStoreProvider: Reading data for key: last_call_at_ms.
04-14 11:52:28.119 16656 16743 V Braze v41.1.1 .com.braze.storage.DataStoreProvider: Reading data for key: current_token_count.
04-14 11:52:28.119 16656 16756 D Braze v41.1.1 .d: Not publishing cached event for class: class com.braze.events.internal.dispatchmanager.c because events are not allowed to send yet.
04-14 11:52:28.119 16656 16756 D Braze v41.1.1 .d: Not publishing cached event for class: class com.braze.events.internal.o because events are not allowed to send yet.
04-14 11:52:28.119 16656 16743 V Braze v41.1.1 .com.braze.storage.DataStoreProvider: Checking if data store contains data for key: com_braze_trigger_action_minimum_time_interval_seconds.
04-14 11:52:28.122 16656 16756 D Braze v41.1.1 .BrazeConfigurationProvider: Unable to find the xml INTEGER configuration value with primary key 'com_braze_trigger_action_minimum_time_interval_seconds'. Using default value '30'.
04-14 11:52:28.122 16656 16756 D Braze v41.1.1 .BrazeConfigurationProvider: Using resources value for key: 'com_braze_trigger_action_minimum_time_interval_seconds' and value: '30'
04-14 11:52:28.122 16656 16756 V Braze v41.1.1 .DataStoreProvider: Creating new CoroutineScope for DataStore for key: com.braze.triggers.assets.3e947324-8d5d-43ab-b8ed-3aae6cbf9a71 scope: CoroutineScope(coroutineContext=[com.braze.coroutine.c@42b6fc8, z2{Active}@e297d2, Dispatchers.IO])
04-14 11:52:28.122 16656 16697 V Braze v41.1.1 .com.braze.storage.DataStoreProvider: Reading all data from DataStore.
04-14 11:52:28.125 16656 16743 V Braze v41.1.1 .com.braze.storage.DataStoreProvider: Reading data for key: user_id_key.
04-14 11:52:28.125 16656 16743 V Braze v41.1.1 .com.braze.storage.DataStoreProvider: Reading data for key: user_id_hash_value.
04-14 11:52:28.126 16656 16756 V Braze v41.1.1 .DataStoreProvider: Creating new CoroutineScope for DataStore for key: com.braze.triggers..2521222da32feb4b9df9461669117bbc.3e947324-8d5d-43ab-b8ed-3aae6cbf9a71 scope: CoroutineScope(coroutineContext=[com.braze.coroutine.c@42b6fc8, z2{Active}@f606264, Dispatchers.IO])
04-14 11:52:28.126 16656 16743 V Braze v41.1.1 .com.braze.storage.DataStoreProvider: Reading data for key: triggers_impression_map.
04-14 11:52:28.129 16656 16756 D Braze v41.1.1 .h: No trigger re-eligibility information found in DataStore
04-14 11:52:28.129 16656 16743 V Braze v41.1.1 .com.braze.storage.DataStoreProvider: Reading data for key: triggers.
04-14 11:52:28.129 16656 16756 D Braze v41.1.1 .f: No triggered actions found in DataStore
04-14 11:52:28.129 16656 16756 V Braze v41.1.1 .f: Subscribing to trigger dispatch events.
04-14 11:52:28.129 16656 16756 D Braze v41.1.1 .d: Not publishing cached event for class: class com.braze.events.internal.c0 because events are not allowed to send yet.
04-14 11:52:28.130 16656 16756 V Braze v41.1.1 .f: recalculateDispatchState called with session state: NO_SESSION lastNetworkLevel: GOOD
04-14 11:52:28.130 16656 16756 V Braze v41.1.1 .f: currentIntervalMs: -1
04-14 11:52:28.130 16656 16756 D Braze v41.1.1 .f: Data sync started
04-14 11:52:28.132  2603  3454 D ConnectivityService: requestNetwork for uid/pid:10416/16656 activeRequest: null callbackRequest: 1249 [NetworkRequest [ REQUEST id=1250, [ Capabilities: INTERNET&NOT_RESTRICTED&TRUSTED&NOT_VCN_MANAGED&NOT_BANDWIDTH_CONSTRAINED Uid: 10416 RequestorUid: 10416 RequestorPkg: com.bonial.kaufda UnderlyingNetworks: Null] ]] callback flags: 0 order: 2147483647 isUidTracked: false declaredMethods: AVAIL|LOST|NC
04-14 11:52:28.133  2603  3132 D WifiNetworkFactory: got request NetworkRequest [ REQUEST id=1250, [ Capabilities: INTERNET&NOT_RESTRICTED&TRUSTED&NOT_VCN_MANAGED&NOT_BANDWIDTH_CONSTRAINED Uid: 10416 RequestorUid: 10416 RequestorPkg: com.bonial.kaufda UnderlyingNetworks: Null] ]
04-14 11:52:28.133  2603  3132 D UntrustedWifiNetworkFactory: got request NetworkRequest [ REQUEST id=1250, [ Capabilities: INTERNET&NOT_RESTRICTED&TRUSTED&NOT_VCN_MANAGED&NOT_BANDWIDTH_CONSTRAINED Uid: 10416 RequestorUid: 10416 RequestorPkg: com.bonial.kaufda UnderlyingNetworks: Null] ]
04-14 11:52:28.133  2603  3132 D OemPaidWifiNetworkFactory: got request NetworkRequest [ REQUEST id=1250, [ Capabilities: INTERNET&NOT_RESTRICTED&TRUSTED&NOT_VCN_MANAGED&NOT_BANDWIDTH_CONSTRAINED Uid: 10416 RequestorUid: 10416 RequestorPkg: com.bonial.kaufda UnderlyingNetworks: Null] ]
04-14 11:52:28.134  2603  3132 D MultiInternetWifiNetworkFactory: got request NetworkRequest [ REQUEST id=1250, [ Capabilities: INTERNET&NOT_RESTRICTED&TRUSTED&NOT_VCN_MANAGED&NOT_BANDWIDTH_CONSTRAINED Uid: 10416 RequestorUid: 10416 RequestorPkg: com.bonial.kaufda UnderlyingNetworks: Null] ]
04-14 11:52:28.134  2603  3143 D ConnectivityService: NetReassign [1250 : null  102] [c 0] [a 0] [i 1]
04-14 11:52:28.135 16656 16724 V Braze v41.1.1 .com.braze.storage.DataStoreProvider: Reading data for key: appboy_sdk_disabled.
04-14 11:52:28.135 16656 16743 V Braze v41.1.1 .com.braze.storage.DataStoreProvider: Reading data for key: delayed_initialization_enabled.
04-14 11:52:28.135 16656 16747 D Braze v41.1.1 .d: Not publishing event class: com.braze.events.internal.o and message: NetworkLevelChangeEvent(oldNetworkLevel=GOOD, newNetworkLevel=GREAT) because events are not allowed to send yet. Adding to replay cache.
04-14 11:52:28.135 16656 16747 V Braze v41.1.1 .f: recalculateDispatchState called with session state: NO_SESSION lastNetworkLevel: GREAT
04-14 11:52:28.135 16656 16747 V Braze v41.1.1 .f: currentIntervalMs: -1
04-14 11:52:28.135 16656 16756 V Braze v41.1.1 .f: recalculateDispatchState called with session state: NO_SESSION lastNetworkLevel: GREAT
04-14 11:52:28.135 16656 16756 V Braze v41.1.1 .f: currentIntervalMs: -1
04-14 11:52:28.136 16656 16697 V Braze v41.1.1 .com.braze.storage.DataStoreProvider: Reading data for key: last_user.
04-14 11:52:28.136 16656 16756 D Braze v41.1.1 .a: Subscribing to events with com.braze.events.d@535c83
04-14 11:52:28.136 16656 16756 D Braze v41.1.1 .d: Not publishing cached event for class: class com.braze.events.internal.f because events are not allowed to send yet.
04-14 11:52:28.136 16656 16756 D Braze v41.1.1 .d: Not publishing cached event for class: class com.braze.events.internal.g because events are not allowed to send yet.
04-14 11:52:28.136 16656 16756 D Braze v41.1.1 .d: Not publishing cached event for class: class com.braze.events.internal.y because events are not allowed to send yet.
04-14 11:52:28.136 16656 16756 D Braze v41.1.1 .d: Not publishing cached event for class: class com.braze.events.internal.a0 because events are not allowed to send yet.
04-14 11:52:28.136 16656 16756 D Braze v41.1.1 .d: Not publishing cached event for class: class com.braze.events.internal.z because events are not allowed to send yet.
04-14 11:52:28.136 16656 16756 D Braze v41.1.1 .d: Not publishing cached event for class: class com.braze.events.internal.e0 because events are not allowed to send yet.
04-14 11:52:28.136 16656 16756 D Braze v41.1.1 .d: Not publishing cached event for class: class com.braze.events.internal.w because events are not allowed to send yet.
04-14 11:52:28.136 16656 16756 D Braze v41.1.1 .d: Not publishing cached event for class: class java.lang.Throwable because events are not allowed to send yet.
04-14 11:52:28.136 16656 16756 D Braze v41.1.1 .d: Not publishing cached event for class: class com.braze.exceptions.b because events are not allowed to send yet.
04-14 11:52:28.136 16656 16756 D Braze v41.1.1 .d: Not publishing cached event for class: class com.braze.events.internal.h0 because events are not allowed to send yet.
04-14 11:52:28.136 16656 16756 D Braze v41.1.1 .d: Not publishing cached event for class: class com.braze.events.internal.n because events are not allowed to send yet.
04-14 11:52:28.136 16656 16756 D Braze v41.1.1 .d: Not publishing cached event for class: class com.braze.events.internal.l because events are not allowed to send yet.
04-14 11:52:28.136 16656 16756 D Braze v41.1.1 .d: Not publishing cached event for class: class com.braze.events.internal.i because events are not allowed to send yet.
04-14 11:52:28.136 16656 16756 D Braze v41.1.1 .d: Not publishing cached event for class: class com.braze.events.internal.a because events are not allowed to send yet.
04-14 11:52:28.136 16656 16756 D Braze v41.1.1 .d: Not publishing cached event for class: class com.braze.events.internal.f0 because events are not allowed to send yet.
04-14 11:52:28.136 16656 16756 D Braze v41.1.1 .d: Not publishing cached event for class: class com.braze.events.internal.m because events are not allowed to send yet.
04-14 11:52:28.136 16656 16756 D Braze v41.1.1 .d: Not publishing cached event for class: class com.braze.events.internal.g0 because events are not allowed to send yet.
04-14 11:52:28.136 16656 16756 D Braze v41.1.1 .d: Not publishing cached event for class: class com.braze.events.internal.e because events are not allowed to send yet.
04-14 11:52:28.136 16656 16756 D Braze v41.1.1 .d: Not publishing cached event for class: class com.braze.events.internal.d because events are not allowed to send yet.
04-14 11:52:28.136 16656 16756 D Braze v41.1.1 .d: Now allowing events to send
04-14 11:52:28.136 16656 16756 V Braze v41.1.1 .d: Publishing cached event for class: class com.braze.events.internal.o
04-14 11:52:28.137 16656 16697 V Braze v41.1.1 .com.braze.storage.DataStoreProvider: Reading data for key: appboy_sdk_disabled.
04-14 11:52:28.137 16656 16697 V Braze v41.1.1 .com.braze.storage.DataStoreProvider: Reading data for key: delayed_initialization_enabled.
04-14 11:52:28.137 16656 16756 D Braze v41.1.1 .d: com.braze.events.internal.o fired:
04-14 11:52:28.137 16656 16756 D Braze v41.1.1 .d: NetworkLevelChangeEvent(oldNetworkLevel=GOOD, newNetworkLevel=GREAT)
04-14 11:52:28.138 16656 16756 D Braze v41.1.1 .b: Triggering com.braze.events.internal.o on 0 subscribers.
04-14 11:52:28.138 16656 16756 D Braze v41.1.1 .b: Triggering com.braze.events.internal.o on 2 subscribers.
04-14 11:52:28.138 16656 16756 D Braze v41.1.1 .com.braze.requests.framework.g: Got network change event: NetworkLevelChangeEvent(oldNetworkLevel=GOOD, newNetworkLevel=GREAT)
04-14 11:52:28.138 16656 16756 D Braze v41.1.1 .g0: Got network change event: NetworkLevelChangeEvent(oldNetworkLevel=GOOD, newNetworkLevel=GREAT)
04-14 11:52:28.138 16656 16756 D Braze v41.1.1 .h0: Started offline event recovery task.
04-14 11:52:28.138 16656 16697 V Braze v41.1.1 .com.braze.storage.DataStoreProvider: Reading data for key: user_id_key.
04-14 11:52:28.138 16656 16697 V Braze v41.1.1 .com.braze.storage.DataStoreProvider: Reading data for key: user_id_hash_value.
04-14 11:52:28.139 16656 16756 V Braze v41.1.1 .DataStoreProvider: Creating new CoroutineScope for DataStore for key: com.braze.events.2521222da32feb4b9df9461669117bbc.3e947324-8d5d-43ab-b8ed-3aae6cbf9a71 scope: CoroutineScope(coroutineContext=[com.braze.coroutine.c@42b6fc8, z2{Active}@88bca3a, Dispatchers.IO])
04-14 11:52:28.139 16656 16743 V Braze v41.1.1 .com.braze.storage.DataStoreProvider: Reading data for key: events.
04-14 11:52:28.141 16656 16756 V Braze v41.1.1 .h0: Adding events to dispatch from storage: []
04-14 11:52:28.142 16656 16743 V Braze v41.1.1 .com.braze.storage.DataStoreProvider: Reading data for key: appboy_sdk_disabled.
04-14 11:52:28.142 16656 16743 V Braze v41.1.1 .com.braze.storage.DataStoreProvider: Reading data for key: delayed_initialization_enabled.
04-14 11:52:28.142 16656 16756 D Braze v41.1.1 .d: com.braze.events.internal.dispatchmanager.c fired:
04-14 11:52:28.142 16656 16756 D Braze v41.1.1 .d: DispatchCommandEvent(commandType=ADD_BRAZE_EVENTS, brazeEvents=[], sessionId=null, brazeRequest=null)
04-14 11:52:28.142 16656 16756 D Braze v41.1.1 .b: Triggering com.braze.events.internal.dispatchmanager.c on 0 subscribers.
04-14 11:52:28.142 16656 16756 D Braze v41.1.1 .b: Triggering com.braze.events.internal.dispatchmanager.c on 2 subscribers.
04-14 11:52:28.142 16656 16756 D Braze v41.1.1 .g: Kicking off request framework.
04-14 11:52:28.142 16656 16756 V Braze v41.1.1 .g: Starting request sweeper job.
04-14 11:52:28.142 16656 16723 V Braze v41.1.1 .com.braze.requests.framework.g: Request sweeper job has finished.
04-14 11:52:28.143 16656 16743 V Braze v41.1.1 .com.braze.storage.DataStoreProvider: Reading data for key: appboy_sdk_disabled.
04-14 11:52:28.143 16656 16742 V Braze v41.1.1 .com.braze.storage.DataStoreProvider: Reading data for key: delayed_initialization_enabled.
04-14 11:52:28.143  1368  4202 I vendor.qti.bluetooth@1.0-ibs_handler: ProcessIbsCmd: Received IBS_SLEEP_IND: 0xFE
04-14 11:52:28.143 16656 16756 D Braze v41.1.1 .d: com.braze.events.BrazeUserChangeEvent fired:
04-14 11:52:28.143 16656 16756 D Braze v41.1.1 .d: BrazeUserChangeEvent(currentUserId=900896d8-f43d-430e-8975-f6455794ed1c)
04-14 11:52:28.143 16656 16756 D Braze v41.1.1 .b: Triggering com.braze.events.BrazeUserChangeEvent on 0 subscribers.
04-14 11:52:28.143 16656 16756 D Braze v41.1.1 .b: Triggering com.braze.events.BrazeUserChangeEvent on 0 subscribers.
04-14 11:52:28.143 16656 16756 I Braze v41.1.1 .d: Event was published, but no subscribers were found. Saving event for later publishing to a matching subscriber. Event class: class com.braze.events.BrazeUserChangeEvent this com.braze.events.d@8fbb9d5
04-14 11:52:28.144 16656 16742 V Braze v41.1.1 .com.braze.storage.DataStoreProvider: Reading data for key: appboy_sdk_disabled.
04-14 11:52:28.144 16656 16743 V Braze v41.1.1 .com.braze.storage.DataStoreProvider: Reading data for key: delayed_initialization_enabled.
04-14 11:52:28.144 16656 16756 D Braze v41.1.1 .d: com.braze.events.BrazeUserChangeEvent fired:
04-14 11:52:28.144 16656 16756 D Braze v41.1.1 .d: BrazeUserChangeEvent(currentUserId=900896d8-f43d-430e-8975-f6455794ed1c)
04-14 11:52:28.145 16656 16756 D Braze v41.1.1 .b: Triggering com.braze.events.BrazeUserChangeEvent on 1 subscribers.
04-14 11:52:28.145 16656 16756 D Braze v41.1.1 .b: Triggering com.braze.events.BrazeUserChangeEvent on 0 subscribers.
04-14 11:52:28.145 16656 16756 V Braze v41.1.1 .Braze: Finished UserDependencyManager creation.
04-14 11:52:28.145 16656 16756 V Braze v41.1.1 .Braze: Finished singleton setup.
04-14 11:52:28.145 16656 16742 D Braze v41.1.1 .j: Updating banners because of user change to 900896d8-f43d-430e-8975-f6455794ed1c.
04-14 11:52:28.145 16656 16742 D Braze v41.1.1 .j: Done updating banners because of user change to 900896d8-f43d-430e-8975-f6455794ed1c.
04-14 11:52:28.145 16656 16726 V Braze v41.1.1 .com.braze.storage.DataStoreProvider: Reading data for key: appboy_sdk_disabled.
04-14 11:52:28.145 16656 16726 V Braze v41.1.1 .com.braze.storage.DataStoreProvider: Reading data for key: delayed_initialization_enabled.
04-14 11:52:28.145 16656 16756 I Braze v41.1.1 .Braze: Push token registered: fYM7GBdYSYaMQ4eJaaMmHU:APA91bGNYNyV1rurq_ABbxXT8Zts8sTiBPjlPGdEL_a6OER687zL9e9huIvgJjyhw7FozD9xJe3Gp75rY_dSznKrVcUkCWI5ZUQqVSAVhY_6ZywW6uOpwYc
04-14 11:52:28.146 16656 16756 V Braze v41.1.1 .DataStoreProvider: Creating new CoroutineScope for DataStore for key: com.braze.push_storage scope: CoroutineScope(coroutineContext=[com.braze.coroutine.c@42b6fc8, z2{Active}@9089842, Dispatchers.IO])
04-14 11:52:28.146 16656 16726 V Braze v41.1.1 .com.braze.storage.DataStoreProvider: Checking if data store contains data for key: device_identifier.
04-14 11:52:28.147 16656 16726 V Braze v41.1.1 .com.braze.storage.DataStoreProvider: Reading data for key: device_identifier.
04-14 11:52:28.148 16656 16726 V Braze v41.1.1 .com.braze.storage.DataStoreProvider: Reading data for key: registration_id.
04-14 11:52:28.148 16656 16756 I Braze v41.1.1 .Braze: Push token fYM7GBdYSYaMQ4eJaaMmHU:APA91bGNYNyV1rurq_ABbxXT8Zts8sTiBPjlPGdEL_a6OER687zL9e9huIvgJjyhw7FozD9xJe3Gp75rY_dSznKrVcUkCWI5ZUQqVSAVhY_6ZywW6uOpwYc is the same as the previous token. Not calling sendFullDeviceObjectOnNextExport or requesting data flush
04-14 11:52:28.148 16656 16726 V Braze v41.1.1 .com.braze.storage.DataStoreProvider: Reading data for key: appboy_sdk_disabled.
04-14 11:52:28.148 16656 16726 V Braze v41.1.1 .com.braze.storage.DataStoreProvider: Reading data for key: delayed_initialization_enabled.
04-14 11:52:28.149 16656 16756 I Braze v41.1.1 .Braze: Push token registered: fYM7GBdYSYaMQ4eJaaMmHU:APA91bGNYNyV1rurq_ABbxXT8Zts8sTiBPjlPGdEL_a6OER687zL9e9huIvgJjyhw7FozD9xJe3Gp75rY_dSznKrVcUkCWI5ZUQqVSAVhY_6ZywW6uOpwYc
04-14 11:52:28.149 16656 16726 V Braze v41.1.1 .com.braze.storage.DataStoreProvider: Checking if data store contains data for key: device_identifier.
04-14 11:52:28.149 16656 16726 V Braze v41.1.1 .com.braze.storage.DataStoreProvider: Reading data for key: device_identifier.
04-14 11:52:28.150 16656 16726 V Braze v41.1.1 .com.braze.storage.DataStoreProvider: Reading data for key: registration_id.
04-14 11:52:28.150 16656 16756 I Braze v41.1.1 .Braze: Push token fYM7GBdYSYaMQ4eJaaMmHU:APA91bGNYNyV1rurq_ABbxXT8Zts8sTiBPjlPGdEL_a6OER687zL9e9huIvgJjyhw7FozD9xJe3Gp75rY_dSznKrVcUkCWI5ZUQqVSAVhY_6ZywW6uOpwYc is the same as the previous token. Not calling sendFullDeviceObjectOnNextExport or requesting data flush
04-14 11:52:28.150 16656 16726 V Braze v41.1.1 .com.braze.storage.DataStoreProvider: Reading data for key: appboy_sdk_disabled.
04-14 11:52:28.151 16656 16726 V Braze v41.1.1 .com.braze.storage.DataStoreProvider: Reading data for key: delayed_initialization_enabled.
04-14 11:52:28.151 16656 16756 I Braze v41.1.1 .Braze: Push token registered: fYM7GBdYSYaMQ4eJaaMmHU:APA91bGNYNyV1rurq_ABbxXT8Zts8sTiBPjlPGdEL_a6OER687zL9e9huIvgJjyhw7FozD9xJe3Gp75rY_dSznKrVcUkCWI5ZUQqVSAVhY_6ZywW6uOpwYc
04-14 11:52:28.151 16656 16726 V Braze v41.1.1 .com.braze.storage.DataStoreProvider: Checking if data store contains data for key: device_identifier.
04-14 11:52:28.151 16656 16726 V Braze v41.1.1 .com.braze.storage.DataStoreProvider: Reading data for key: device_identifier.
04-14 11:52:28.152 16656 16726 V Braze v41.1.1 .com.braze.storage.DataStoreProvider: Reading data for key: registration_id.
04-14 11:52:28.152 16656 16756 I Braze v41.1.1 .Braze: Push token fYM7GBdYSYaMQ4eJaaMmHU:APA91bGNYNyV1rurq_ABbxXT8Zts8sTiBPjlPGdEL_a6OER687zL9e9huIvgJjyhw7FozD9xJe3Gp75rY_dSznKrVcUkCWI5ZUQqVSAVhY_6ZywW6uOpwYc is the same as the previous token. Not calling sendFullDeviceObjectOnNextExport or requesting data flush
04-14 11:52:28.152 16656 16726 V Braze v41.1.1 .com.braze.storage.DataStoreProvider: Reading data for key: appboy_sdk_disabled.
04-14 11:52:28.152 16656 16726 V Braze v41.1.1 .com.braze.storage.DataStoreProvider: Reading data for key: delayed_initialization_enabled.
04-14 11:52:28.153 16656 16756 I Braze v41.1.1 .Braze: Received request to change current user 900896d8-f43d-430e-8975-f6455794ed1c to the same user id. Not changing user.
04-14 11:52:28.153 16656 16726 V Braze v41.1.1 .com.braze.storage.DataStoreProvider: Reading data for key: appboy_sdk_disabled.
04-14 11:52:28.154 16656 16726 V Braze v41.1.1 .com.braze.storage.DataStoreProvider: Reading data for key: delayed_initialization_enabled.
04-14 11:52:28.154 16656 16756 V Braze v41.1.1 .Braze: requestImmediateDataFlush() called
04-14 11:52:28.154 16656 16756 V Braze v41.1.1 .i3: Attempting to acquire server config lock
04-14 11:52:28.154 16656 16726 V Braze v41.1.1 .com.braze.storage.DataStoreProvider: Checking if data store contains data for key: com_braze_server_target.
04-14 11:52:28.156 16656 16756 D Braze v41.1.1 .BrazeConfigurationProvider: Unable to find the xml STRING configuration value with primary key 'com_braze_server_target'. Using default value 'PROD'.
04-14 11:52:28.156 16656 16756 D Braze v41.1.1 .BrazeConfigurationProvider: Using resources value for key: 'com_braze_server_target' and value: 'PROD'
04-14 11:52:28.156 16656 16726 V Braze v41.1.1 .com.braze.storage.DataStoreProvider: Reading data for key: appboy_sdk_disabled.
04-14 11:52:28.157 16656 16726 V Braze v41.1.1 .com.braze.storage.DataStoreProvider: Reading data for key: delayed_initialization_enabled.
04-14 11:52:28.157 16656 16726 V Braze v41.1.1 .com.braze.storage.DataStoreProvider: Reading data for key: appboy_sdk_disabled.
04-14 11:52:28.158 16656 16726 V Braze v41.1.1 .com.braze.storage.DataStoreProvider: Reading data for key: delayed_initialization_enabled.
04-14 11:52:28.158 16656 16756 D Braze v41.1.1 .d: com.braze.events.internal.dispatchmanager.c fired:
04-14 11:52:28.158 16656 16756 D Braze v41.1.1 .d: DispatchCommandEvent(commandType=ADD_REQUEST, brazeEvents=[], sessionId=null, brazeRequest=111746878 - {
04-14 11:52:28.158 16656 16756 D Braze v41.1.1 .d:   "respond_with": {
04-14 11:52:28.158 16656 16756 D Braze v41.1.1 .d:     "user_id": "900896d8-f43d-430e-8975-f6455794ed1c",
04-14 11:52:28.158 16656 16756 D Braze v41.1.1 .d:     "config": {
04-14 11:52:28.158 16656 16756 D Braze v41.1.1 .d:       "config_time": 1773831155
04-14 11:52:28.158 16656 16756 D Braze v41.1.1 .d:     }
04-14 11:52:28.158 16656 16756 D Braze v41.1.1 .d:   }
04-14 11:52:28.158 16656 16756 D Braze v41.1.1 .d: }
04-14 11:52:28.158 16656 16756 D Braze v41.1.1 .d: to target: https://sdk.fra-02.braze.eu/api/v3/data)
04-14 11:52:28.158 16656 16756 D Braze v41.1.1 .b: Triggering com.braze.events.internal.dispatchmanager.c on 0 subscribers.
04-14 11:52:28.158 16656 16756 D Braze v41.1.1 .b: Triggering com.braze.events.internal.dispatchmanager.c on 2 subscribers.
04-14 11:52:28.159 16656 16756 D Braze v41.1.1 .c: Added request now to queue EndpointQueue: V3_DATA
04-14 11:52:28.159 16656 16756 D Braze v41.1.1 .c:    lastFailureAt = -1776160348158
04-14 11:52:28.159 16656 16756 D Braze v41.1.1 .c:    lastSuccessAt = -1776160348158
04-14 11:52:28.159 16656 16756 D Braze v41.1.1 .c:    failureBackoffUntil = -1776160348158
04-14 11:52:28.159 16656 16756 D Braze v41.1.1 .c:    pendingWaitDuration = 75
04-14 11:52:28.159 16656 16756 D Braze v41.1.1 .c:    endpointRateLimiter = unset
04-14 11:52:28.159 16656 16756 D Braze v41.1.1 .c:    requestInfoQueue: 
04-14 11:52:28.159 16656 16756 D Braze v41.1.1 .c: RequestInfo for 111746878 
04-14 11:52:28.159 16656 16756 D Braze v41.1.1 .c:  at 1776160348158
04-14 11:52:28.159 16656 16756 D Braze v41.1.1 .c:  request.target = https://sdk.fra-02.braze.eu/api/v3/data
04-14 11:52:28.159 16656 16756 D Braze v41.1.1 .c:  nextAdvance = 75
04-14 11:52:28.159 16656 16756 D Braze v41.1.1 .c:  createdAt = 0
04-14 11:52:28.159 16656 16756 D Braze v41.1.1 .c:  state = PENDING_START
04-14 11:52:28.159 16656 16756 D Braze v41.1.1 .c:  lastStateMovedAt = 0
04-14 11:52:28.159 16656 16756 D Braze v41.1.1 .c:  timesMovedToRetry = 0
04-14 11:52:28.159 16656 16726 V Braze v41.1.1 .com.braze.storage.DataStoreProvider: Reading data for key: user_id_key.
04-14 11:52:28.160 16656 16726 V Braze v41.1.1 .com.braze.storage.DataStoreProvider: Reading data for key: user_id_hash_value.
04-14 11:52:28.160 16656 16756 V Braze v41.1.1 .DataStoreProvider: Creating new CoroutineScope for DataStore for key: com.braze.sdk_auth.2521222da32feb4b9df9461669117bbc.3e947324-8d5d-43ab-b8ed-3aae6cbf9a71 scope: CoroutineScope(coroutineContext=[com.braze.coroutine.c@42b6fc8, z2{Active}@98491d8, Dispatchers.IO])
04-14 11:52:28.160 16656 16723 V Braze v41.1.1 .com.braze.storage.DataStoreProvider: Reading data for key: auth_signature.
04-14 11:52:28.162 16656 16756 D Braze v41.1.1 .g: RequestFramework->
04-14 11:52:28.162 16656 16756 D Braze v41.1.1 .g: mockAllNetworkRequests=false
04-14 11:52:28.162 16656 16756 D Braze v41.1.1 .g: lastSdkAuthFailedToken=null
04-14 11:52:28.162 16656 16756 D Braze v41.1.1 .g: lastSdkAuthFailureAt=-1776160348159
04-14 11:52:28.162 16656 16756 D Braze v41.1.1 .g: sdkAuthFailureBackoffUntil=-1776160348159
04-14 11:52:28.162 16656 16756 D Braze v41.1.1 .g: invalidApiKeyErrorCounter=0
04-14 11:52:28.162 16656 16756 D Braze v41.1.1 .g: globalRequestRateLimiter=(capacity=30.0, refillRate=30.0, lastCallAt='04-14 11:37:20.637', lastCallAt raw value='1776159440637', currentTokenCount=30.0)
04-14 11:52:28.162 16656 16756 D Braze v41.1.1 .g: lastNetworkLevel=GREAT
04-14 11:52:28.162 16656 16756 D Braze v41.1.1 .g: currentSdkAuthToken=
04-14 11:52:28.162 16656 16756 D Braze v41.1.1 .g: endpointQueues=
