04-14 11:52:28.162 16656 16756 D Braze v41.1.1 .g:  
04-14 11:52:28.162 16656 16756 D Braze v41.1.1 .g: EndpointQueue: V3_DATA
04-14 11:52:28.162 16656 16756 D Braze v41.1.1 .g:    lastFailureAt = -1776160348158
04-14 11:52:28.162 16656 16756 D Braze v41.1.1 .g:    lastSuccessAt = -1776160348158
04-14 11:52:28.162 16656 16756 D Braze v41.1.1 .g:    failureBackoffUntil = -1776160348158
04-14 11:52:28.162 16656 16756 D Braze v41.1.1 .g:    pendingWaitDuration = 75
04-14 11:52:28.162 16656 16756 D Braze v41.1.1 .g:    endpointRateLimiter = unset
04-14 11:52:28.162 16656 16756 D Braze v41.1.1 .g:    requestInfoQueue: 
04-14 11:52:28.162 16656 16756 D Braze v41.1.1 .g: RequestInfo for 111746878 
04-14 11:52:28.162 16656 16756 D Braze v41.1.1 .g:  at 1776160348158
04-14 11:52:28.162 16656 16756 D Braze v41.1.1 .g:  request.target = https://sdk.fra-02.braze.eu/api/v3/data
04-14 11:52:28.162 16656 16756 D Braze v41.1.1 .g:  nextAdvance = 75
04-14 11:52:28.162 16656 16756 D Braze v41.1.1 .g:  createdAt = 0
04-14 11:52:28.162 16656 16756 D Braze v41.1.1 .g:  state = PENDING_START
04-14 11:52:28.162 16656 16756 D Braze v41.1.1 .g:  lastStateMovedAt = 0
04-14 11:52:28.162 16656 16756 D Braze v41.1.1 .g:  timesMovedToRetry = 0
04-14 11:52:28.162 16656 16756 D Braze v41.1.1 .g:   
04-14 11:52:28.162 16656 16756 V Braze v41.1.1 .g: Starting request sweeper job.
04-14 11:52:28.163 16656 16727 V Braze v41.1.1 .com.braze.storage.DataStoreProvider: Reading data for key: user_id_key.
04-14 11:52:28.163 16656 16727 V Braze v41.1.1 .com.braze.storage.DataStoreProvider: Reading data for key: user_id_hash_value.
04-14 11:52:28.163 16656 16756 V Braze v41.1.1 .DataStoreProvider: Creating new CoroutineScope for DataStore for key: com.braze.user_cache.2521222da32feb4b9df9461669117bbc.3e947324-8d5d-43ab-b8ed-3aae6cbf9a71 scope: CoroutineScope(coroutineContext=[com.braze.coroutine.c@42b6fc8, z2{Active}@f415fa2, Dispatchers.IO])
04-14 11:52:28.163 16656 16727 V Braze v41.1.1 .com.braze.storage.DataStoreProvider: Reading data for key: user_cache_attributes_object.
04-14 11:52:28.166 16656 16727 V Braze v41.1.1 .com.braze.storage.DataStoreProvider: Reading data for key: user_cache_attributes_object.
04-14 11:52:28.166 16656 16727 V Braze v41.1.1 .com.braze.storage.DataStoreProvider: Reading data for key: appboy_sdk_disabled.
04-14 11:52:28.167 16656 16727 V Braze v41.1.1 .com.braze.storage.DataStoreProvider: Reading data for key: delayed_initialization_enabled.
04-14 11:52:28.167 16656 16727 V Braze v41.1.1 .com.braze.storage.DataStoreProvider: Writing data:{"custom":{"ZipCode":"01237"}} for key: user_cache_attributes_object.
04-14 11:52:28.263 16656 16727 D Braze v41.1.1 .g: Running at 1776160348263 for request RequestInfo for 111746878 
04-14 11:52:28.263 16656 16727 D Braze v41.1.1 .g:  at 1776160348263
04-14 11:52:28.263 16656 16727 D Braze v41.1.1 .g:  request.target = https://sdk.fra-02.braze.eu/api/v3/data
04-14 11:52:28.263 16656 16727 D Braze v41.1.1 .g:  nextAdvance = -30
04-14 11:52:28.263 16656 16727 D Braze v41.1.1 .g:  createdAt = -105
04-14 11:52:28.263 16656 16727 D Braze v41.1.1 .g:  state = PENDING_START
04-14 11:52:28.263 16656 16727 D Braze v41.1.1 .g:  lastStateMovedAt = -105
04-14 11:52:28.263 16656 16727 D Braze v41.1.1 .g:  timesMovedToRetry = 0
04-14 11:52:28.263 16656 16727 V Braze v41.1.1 .DataStoreProvider: Creating new CoroutineScope for DataStore for key: com.braze.device_id.37a6259cc0c1dae299a7866489dff0bd.3e947324-8d5d-43ab-b8ed-3aae6cbf9a71 scope: CoroutineScope(coroutineContext=[com.braze.coroutine.c@42b6fc8, z2{Active}@3015b06, Dispatchers.IO])
04-14 11:52:28.264 16656 16743 V Braze v41.1.1 .com.braze.storage.DataStoreProvider: Reading data for key: device_id.
04-14 11:52:28.267 16656 16743 V Braze v41.1.1 .com.braze.storage.DataStoreProvider: Checking if data store contains data for key: persistent_device_id.
04-14 11:52:28.268 16656 16726 V Braze v41.1.1 .com.braze.storage.DataStoreProvider: Reading data for key: persistent_device_id.
04-14 11:52:28.268 16656 16726 V Braze v41.1.1 .com.braze.storage.DataStoreProvider: Writing data:40d59400-0ba7-423e-94af-b398d0e48fa6 for key: device_id.
04-14 11:52:28.269 16656 16743 V Braze v41.1.1 .com.braze.storage.DataStoreProvider: Writing data:722989291 for key: persistent_device_id.
04-14 11:52:28.270 16656 16743 V Braze v41.1.1 .com.braze.storage.DataStoreProvider: Checking if data store contains data for key: com_braze_sdk_authentication_enabled.
04-14 11:52:28.272 16656 16727 D Braze v41.1.1 .BrazeConfigurationProvider: Unable to find the xml BOOLEAN configuration value with primary key 'com_braze_sdk_authentication_enabled'. Using default value 'false'.
04-14 11:52:28.272 16656 16727 D Braze v41.1.1 .BrazeConfigurationProvider: Using resources value for key: 'com_braze_sdk_authentication_enabled' and value: 'false'
04-14 11:52:28.272 16656 16727 V Braze v41.1.1 .g: SDK Auth is disabled, not adding signature to request
04-14 11:52:28.272 16656 16742 V Braze v41.1.1 .com.braze.storage.DataStoreProvider: Checking if data store contains data for key: com_braze_sdk_flavor.
04-14 11:52:28.275 16656 16727 D Braze v41.1.1 .BrazeConfigurationProvider: Unable to find the xml STRING configuration value with primary key 'com_braze_sdk_flavor'. Using default value 'null'.
04-14 11:52:28.275 16656 16727 D Braze v41.1.1 .BrazeConfigurationProvider: Using resources value for key: 'com_braze_sdk_flavor' and value: 'null'
04-14 11:52:28.276 16656 16727 V Braze v41.1.1 .DataStoreProvider: Creating new CoroutineScope for DataStore for key: com.braze.device_data scope: CoroutineScope(coroutineContext=[com.braze.coroutine.c@42b6fc8, z2{Active}@8753bfd, Dispatchers.IO])
04-14 11:52:28.276 16656 16742 V Braze v41.1.1 .com.braze.storage.DataStoreProvider: Reading data for key: google_ad_id.
04-14 11:52:28.277 16656 16742 V Braze v41.1.1 .com.braze.storage.DataStoreProvider: Reading data for key: ad_tracking_enabled.
04-14 11:52:28.278 16656 16727 D Braze v41.1.1 .v0: Cache locked successfully for export: com.braze.storage.v0@fe4edb5
04-14 11:52:28.278 16656 16742 V Braze v41.1.1 .com.braze.storage.DataStoreProvider: Checking if data store contains data for key: com_braze_device_object_whitelisting_enabled.
04-14 11:52:28.280 16656 16727 D Braze v41.1.1 .BrazeConfigurationProvider: Unable to find the xml BOOLEAN configuration value with primary key 'com_braze_device_object_whitelisting_enabled'. Using default value 'false'.
04-14 11:52:28.280 16656 16727 D Braze v41.1.1 .BrazeConfigurationProvider: Using resources value for key: 'com_braze_device_object_whitelisting_enabled' and value: 'false'
04-14 11:52:28.280 16656 16742 V Braze v41.1.1 .com.braze.storage.DataStoreProvider: Reading data for key: user_id_key.
04-14 11:52:28.281 16656 16742 V Braze v41.1.1 .com.braze.storage.DataStoreProvider: Reading data for key: user_id_hash_value.
04-14 11:52:28.281 16656 16727 V Braze v41.1.1 .DataStoreProvider: Creating new CoroutineScope for DataStore for key: com.braze.device_cache.2521222da32feb4b9df9461669117bbc.3e947324-8d5d-43ab-b8ed-3aae6cbf9a71 scope: CoroutineScope(coroutineContext=[com.braze.coroutine.c@42b6fc8, z2{Active}@3e48c4a, Dispatchers.IO])
04-14 11:52:28.281 16656 16742 V Braze v41.1.1 .com.braze.storage.DataStoreProvider: Reading data for key: cached_device.
04-14 11:52:28.283 16656 16742 V Braze v41.1.1 .com.braze.storage.DataStoreProvider: Reading data for key: ldov.
04-14 11:52:28.283 16656 16727 V Braze v41.1.1 .u0: Returning false for shouldReportPushPermissionsAsGranted.
04-14 11:52:28.283 16656 16742 V Braze v41.1.1 .com.braze.storage.DataStoreProvider: Reading data for key: sfone.
04-14 11:52:28.284 16656 16742 V Braze v41.1.1 .com.braze.storage.DataStoreProvider: Checking if data store contains data for key: com_braze_device_object_whitelisting_enabled.
04-14 11:52:28.284  3524  4239 I bt_shim_scanner: system/main/shim/le_scanning_manager.cc:376 BatchscanReadReports: in shim layer
04-14 11:52:28.285  1368  1368 I vendor.qti.bluetooth@1.0-ibs_handler: DeviceWakeUp: Writing IBS_WAKE_IND
04-14 11:52:28.286 16656 16727 D Braze v41.1.1 .BrazeConfigurationProvider: Unable to find the xml BOOLEAN configuration value with primary key 'com_braze_device_object_whitelisting_enabled'. Using default value 'false'.
04-14 11:52:28.286 16656 16727 D Braze v41.1.1 .BrazeConfigurationProvider: Using resources value for key: 'com_braze_device_object_whitelisting_enabled' and value: 'false'
04-14 11:52:28.286 16656 16727 D Braze v41.1.1 .u3: Cache locked successfully for export: com.braze.storage.u3@fe72316
04-14 11:52:28.286 16656 16742 V Braze v41.1.1 .com.braze.storage.DataStoreProvider: Reading data for key: user_cache_attributes_object.
04-14 11:52:28.287 16656 16742 V Braze v41.1.1 .com.braze.storage.DataStoreProvider: Reading data for key: appboy_sdk_disabled.
04-14 11:52:28.287 16656 16742 V Braze v41.1.1 .com.braze.storage.DataStoreProvider: Reading data for key: delayed_initialization_enabled.
04-14 11:52:28.288 16656 16742 V Braze v41.1.1 .com.braze.storage.DataStoreProvider: Writing data:{"custom":{"ZipCode":"01237"},"user_id":"900896d8-f43d-430e-8975-f6455794ed1c"} for key: user_cache_attributes_object.
04-14 11:52:28.290 16656 16742 V Braze v41.1.1 .com.braze.storage.DataStoreProvider: Reading data for key: user_cache_attributes_object.
04-14 11:52:28.290 16656 16742 V Braze v41.1.1 .com.braze.storage.DataStoreProvider: Checking if data store contains data for key: device_identifier.
04-14 11:52:28.290  1368  4202 I vendor.qti.bluetooth@1.0-ibs_handler: ProcessIbsCmd: Received IBS_WAKE_ACK: 0xFC
04-14 11:52:28.290  1368  4202 I vendor.qti.bluetooth@1.0-ibs_handler: ProcessIbsCmd: Signal wack_cond_
04-14 11:52:28.290 16656 16742 V Braze v41.1.1 .com.braze.storage.DataStoreProvider: Reading data for key: device_identifier.
04-14 11:52:28.291 16656 16742 V Braze v41.1.1 .com.braze.storage.DataStoreProvider: Reading data for key: registration_id.
04-14 11:52:28.291 16656 16742 V Braze v41.1.1 .com.braze.storage.DataStoreProvider: Reading data for key: push_token.
04-14 11:52:28.292 16656 16742 V Braze v41.1.1 .com.braze.storage.DataStoreProvider: Clearing all data for key: user_cache_attributes_object.
04-14 11:52:28.292  1368  4202 I vendor.qti.bluetooth@1.0-ibs_handler: ProcessIbsCmd: Received IBS_WAKE_IND: 0xFD
04-14 11:52:28.292  1368  4202 I vendor.qti.bluetooth@1.0-ibs_handler: ProcessIbsCmd: Writing IBS_WAKE_ACK
04-14 11:52:28.293 16656 16727 V Braze v41.1.1 .h: Moving from PENDING_START -> IN_FLIGHT with time 1776160348263 for 
04-14 11:52:28.293 16656 16727 V Braze v41.1.1 .h: RequestInfo for 111746878 
04-14 11:52:28.293 16656 16727 V Braze v41.1.1 .h:  at 1776160348263
04-14 11:52:28.293 16656 16727 V Braze v41.1.1 .h:  request.target = https://sdk.fra-02.braze.eu/api/v3/data
04-14 11:52:28.293 16656 16727 V Braze v41.1.1 .h:  nextAdvance = -30
04-14 11:52:28.293 16656 16727 V Braze v41.1.1 .h:  createdAt = -105
04-14 11:52:28.293 16656 16727 V Braze v41.1.1 .h:  state = PENDING_START
04-14 11:52:28.293 16656 16727 V Braze v41.1.1 .h:  lastStateMovedAt = -105
04-14 11:52:28.293 16656 16727 V Braze v41.1.1 .h:  timesMovedToRetry = 0
04-14 11:52:28.293 16656 16727 D Braze v41.1.1 .g: Running on network executor for RequestInfo for 111746878 
04-14 11:52:28.293 16656 16727 D Braze v41.1.1 .g:  at 1776160348263
04-14 11:52:28.293 16656 16727 D Braze v41.1.1 .g:  request.target = https://sdk.fra-02.braze.eu/api/v3/data
04-14 11:52:28.293 16656 16727 D Braze v41.1.1 .g:  nextAdvance = -30
04-14 11:52:28.293 16656 16727 D Braze v41.1.1 .g:  createdAt = -105
04-14 11:52:28.293 16656 16727 D Braze v41.1.1 .g:  state = IN_FLIGHT
04-14 11:52:28.293 16656 16727 D Braze v41.1.1 .g:  lastStateMovedAt = 0
04-14 11:52:28.293 16656 16727 D Braze v41.1.1 .g:  timesMovedToRetry = 0
04-14 11:52:28.294 16656 16743 V Braze v41.1.1 .com.braze.storage.DataStoreProvider: Writing data:30.0 for key: current_token_count.
04-14 11:52:28.294 16656 16742 V Braze v41.1.1 .DataStoreProvider: Creating new CoroutineScope for DataStore for key: persistent.com.braze.endpoint_metadata scope: CoroutineScope(coroutineContext=[com.braze.coroutine.c@42b6fc8, z2{Active}@c722333, Dispatchers.IO])
04-14 11:52:28.294 16656 16724 V Braze v41.1.1 .com.braze.storage.DataStoreProvider: Reading data for key: endpoint_last_request_map.
04-14 11:52:28.295  3524  5052 I AdapterProperties: getBondedDevices: length=29
04-14 11:52:28.295  3524  4873 I bt_btif_dm: system/btif/src/btif_dm.cc:955 btif_dm_get_connection_state: Acl is not connected to peer:xx:xx:xx:xx:00:6c
04-14 11:52:28.296  3524  4873 I bt_btif_dm: system/btif/src/btif_dm.cc:955 btif_dm_get_connection_state: Acl is not connected to peer:xx:xx:xx:xx:ef:0c
04-14 11:52:28.296 16656 16723 V Braze v41.1.1 .com.braze.storage.DataStoreProvider: Reading data for key: endpoint_last_request_map.
04-14 11:52:28.296 16656 16726 V Braze v41.1.1 .com.braze.storage.DataStoreProvider: Writing data:1776160348293 for key: last_call_at_ms.
04-14 11:52:28.296  3524  4873 I bt_btif_dm: system/btif/src/btif_dm.cc:955 btif_dm_get_connection_state: Acl is not connected to peer:xx:xx:xx:xx:11:97
04-14 11:52:28.296  3524  4873 I bt_btif_dm: system/btif/src/btif_dm.cc:955 btif_dm_get_connection_state: Acl is not connected to peer:xx:xx:xx:xx:76:68
04-14 11:52:28.296 16656 16725 V Braze v41.1.1 .com.braze.storage.DataStoreProvider: Writing data:{"uri-557588651":1776160348751} for key: endpoint_last_request_map.
04-14 11:52:28.297  3524  4873 I bt_btif_dm: system/btif/src/btif_dm.cc:955 btif_dm_get_connection_state: Acl is not connected to peer:xx:xx:xx:xx:c6:0d
04-14 11:52:28.297  3524  4873 I bt_btif_dm: system/btif/src/btif_dm.cc:955 btif_dm_get_connection_state: Acl is not connected to peer:xx:xx:xx:xx:6d:d5
04-14 11:52:28.298  3524  4873 I bt_btif_dm: system/btif/src/btif_dm.cc:955 btif_dm_get_connection_state: Acl is not connected to peer:xx:xx:xx:xx:8a:44
04-14 11:52:28.298  3524  4873 I bt_btif_dm: system/btif/src/btif_dm.cc:955 btif_dm_get_connection_state: Acl is not connected to peer:xx:xx:xx:xx:d4:b8
04-14 11:52:28.298 16656 16723 V Braze v41.1.1 .com.braze.storage.DataStoreProvider: Writing data:29.0 for key: current_token_count.
04-14 11:52:28.299  3524  4873 I bt_btif_dm: system/btif/src/btif_dm.cc:955 btif_dm_get_connection_state: Acl is not connected to peer:xx:xx:xx:xx:db:0d
04-14 11:52:28.299 16656 16780 V Braze v41.1.1 .com.braze.storage.DataStoreProvider: Reading data for key: endpoint_attempt_count_map.
04-14 11:52:28.299  3524  4873 I bt_btif_dm: system/btif/src/btif_dm.cc:955 btif_dm_get_connection_state: Acl is not connected to peer:xx:xx:xx:xx:00:be
04-14 11:52:28.299  3524  4873 I bt_btif_dm: system/btif/src/btif_dm.cc:955 btif_dm_get_connection_state: Acl is not connected to peer:xx:xx:xx:xx:ac:0f
04-14 11:52:28.300 16656 16726 V Braze v41.1.1 .com.braze.storage.DataStoreProvider: Reading data for key: endpoint_attempt_count_map.
04-14 11:52:28.300  3524  4873 I bt_btif_dm: system/btif/src/btif_dm.cc:955 btif_dm_get_connection_state: Acl is not connected to peer:xx:xx:xx:xx:f7:3a
04-14 11:52:28.300  3524  4873 I bt_btif_dm: system/btif/src/btif_dm.cc:955 btif_dm_get_connection_state: Acl is not connected to peer:xx:xx:xx:xx:49:ea
04-14 11:52:28.301  3524  4873 I bt_btif_dm: system/btif/src/btif_dm.cc:955 btif_dm_get_connection_state: Acl is not connected to peer:xx:xx:xx:xx:c9:66
04-14 11:52:28.301 16656 16723 V Braze v41.1.1 .com.braze.storage.DataStoreProvider: Writing data:{"uri-at-557588651":2} for key: endpoint_attempt_count_map.
04-14 11:52:28.301  3524  4873 I bt_btif_dm: system/btif/src/btif_dm.cc:955 btif_dm_get_connection_state: Acl is not connected to peer:xx:xx:xx:xx:98:2d
04-14 11:52:28.301  3524  4873 I bt_btif_dm: system/btif/src/btif_dm.cc:955 btif_dm_get_connection_state: Acl is not connected to peer:xx:xx:xx:xx:fc:45
04-14 11:52:28.302 16656 16725 V Braze v41.1.1 .com.braze.storage.DataStoreProvider: Reading data for key: auth_signature.
04-14 11:52:28.302  3524  4873 I bt_btif_dm: system/btif/src/btif_dm.cc:955 btif_dm_get_connection_state: Acl is not connected to peer:xx:xx:xx:xx:18:69
04-14 11:52:28.302 16656 16727 D Braze v41.1.1 .g: RequestFramework->
04-14 11:52:28.302 16656 16727 D Braze v41.1.1 .g: mockAllNetworkRequests=false
04-14 11:52:28.302 16656 16727 D Braze v41.1.1 .g: lastSdkAuthFailedToken=null
04-14 11:52:28.302 16656 16727 D Braze v41.1.1 .g: lastSdkAuthFailureAt=-1776160348264
04-14 11:52:28.302 16656 16727 D Braze v41.1.1 .g: sdkAuthFailureBackoffUntil=-1776160348264
04-14 11:52:28.302 16656 16727 D Braze v41.1.1 .g: invalidApiKeyErrorCounter=0
04-14 11:52:28.302 16656 16727 D Braze v41.1.1 .g: globalRequestRateLimiter=(capacity=30.0, refillRate=30.0, lastCallAt='04-14 11:52:28.293', lastCallAt raw value='1776160348293', currentTokenCount=29.0003)
04-14 11:52:28.302 16656 16727 D Braze v41.1.1 .g: lastNetworkLevel=GREAT
04-14 11:52:28.302 16656 16727 D Braze v41.1.1 .g: currentSdkAuthToken=
04-14 11:52:28.302 16656 16727 D Braze v41.1.1 .g: endpointQueues=
04-14 11:52:28.302 16656 16727 D Braze v41.1.1 .g:  
04-14 11:52:28.302 16656 16727 D Braze v41.1.1 .g: EndpointQueue: V3_DATA
04-14 11:52:28.302 16656 16727 D Braze v41.1.1 .g:    lastFailureAt = -1776160348263
04-14 11:52:28.302 16656 16727 D Braze v41.1.1 .g:    lastSuccessAt = -1776160348263
04-14 11:52:28.302 16656 16727 D Braze v41.1.1 .g:    failureBackoffUntil = -1776160348263
04-14 11:52:28.302 16656 16727 D Braze v41.1.1 .g:    pendingWaitDuration = 75
04-14 11:52:28.302 16656 16727 D Braze v41.1.1 .g:    endpointRateLimiter = unset
04-14 11:52:28.302 16656 16727 D Braze v41.1.1 .g:    requestInfoQueue: 
04-14 11:52:28.302 16656 16727 D Braze v41.1.1 .g: RequestInfo for 111746878 
04-14 11:52:28.302 16656 16727 D Braze v41.1.1 .g:  at 1776160348263
04-14 11:52:28.302 16656 16727 D Braze v41.1.1 .g:  request.target = https://sdk.fra-02.braze.eu/api/v3/data
04-14 11:52:28.302 16656 16727 D Braze v41.1.1 .g:  nextAdvance = -30
04-14 11:52:28.302 16656 16727 D Braze v41.1.1 .g:  createdAt = -105
04-14 11:52:28.302 16656 16727 D Braze v41.1.1 .g:  state = IN_FLIGHT
04-14 11:52:28.302 16656 16727 D Braze v41.1.1 .g:  lastStateMovedAt = 0
04-14 11:52:28.302 16656 16727 D Braze v41.1.1 .g:  timesMovedToRetry = 0
04-14 11:52:28.302 16656 16727 D Braze v41.1.1 .g:   
04-14 11:52:28.302  3524  4873 I bt_btif_dm: system/btif/src/btif_dm.cc:955 btif_dm_get_connection_state: Acl is not connected to peer:xx:xx:xx:xx:1d:d9
04-14 11:52:28.303  3524  4873 I bt_btif_dm: system/btif/src/btif_dm.cc:955 btif_dm_get_connection_state: Acl is not connected to peer:xx:xx:xx:xx:6a:51
04-14 11:52:28.303  3524  4873 I bt_btif_dm: system/btif/src/btif_dm.cc:955 btif_dm_get_connection_state: Acl is not connected to peer:xx:xx:xx:xx:1d:84
04-14 11:52:28.304 16656 16742 D Braze v41.1.1 .e: Making request with id => "ccd9d56006cd9180"
04-14 11:52:28.304 16656 16742 D Braze v41.1.1 .e: to url: https://sdk.fra-02.braze.eu/api/v3/data
04-14 11:52:28.304 16656 16742 D Braze v41.1.1 .e:                 
04-14 11:52:28.304 16656 16742 D Braze v41.1.1 .e: with headers:
04-14 11:52:28.304 16656 16742 D Braze v41.1.1 .e: "X-Braze-Req-Tokens-Remaining" => "29"
04-14 11:52:28.304 16656 16742 D Braze v41.1.1 .e: "X-Braze-Last-Req-Ms-Ago" => "907655"
04-14 11:52:28.304 16656 16742 D Braze v41.1.1 .e: "Accept-Encoding" => "gzip, deflate"
04-14 11:52:28.304 16656 16742 D Braze v41.1.1 .e: "X-Braze-Req-Attempt" => "1"
04-14 11:52:28.304 16656 16742 D Braze v41.1.1 .e: "Content-Type" => "application/json"
04-14 11:52:28.304 16656 16742 D Braze v41.1.1 .e: "X-Braze-Api-Key" => "3e947324-8d5d-43ab-b8ed-3aae6cbf9a71"
04-14 11:52:28.304 16656 16742 D Braze v41.1.1 .e: 
04-14 11:52:28.304 16656 16742 D Braze v41.1.1 .e: and JSON :
04-14 11:52:28.304 16656 16742 D Braze v41.1.1 .e: {
04-14 11:52:28.304 16656 16742 D Braze v41.1.1 .e:   "device_id": "40d59400-0ba7-423e-94af-b398d0e48fa6",
04-14 11:52:28.304 16656 16742 D Braze v41.1.1 .e:   "time": 1776160348,
04-14 11:52:28.304 16656 16742 D Braze v41.1.1 .e:   "api_key": "3e947324-8d5d-43ab-b8ed-3aae6cbf9a71",
04-14 11:52:28.304 16656 16742 D Braze v41.1.1 .e:   "sdk_version": "41.1.1",
04-14 11:52:28.304 16656 16742 D Braze v41.1.1 .e:   "app_version": "26.10.1",
04-14 11:52:28.304 16656 16742 D Braze v41.1.1 .e:   "app_version_code": "1080044.0.0.0",
04-14 11:52:28.304 16656 16742 D Braze v41.1.1 .e:   "attributes": [
04-14 11:52:28.304 16656 16742 D Braze v41.1.1 .e:     {
04-14 11:52:28.304 16656 16742 D Braze v41.1.1 .e:       "custom": {
04-14 11:52:28.304 16656 16742 D Braze v41.1.1 .e:         "ZipCode": "01237"
04-14 11:52:28.304 16656 16742 D Braze v41.1.1 .e:       },
04-14 11:52:28.304 16656 16742 D Braze v41.1.1 .e:       "user_id": "900896d8-f43d-430e-8975-f6455794ed1c"
04-14 11:52:28.304 16656 16742 D Braze v41.1.1 .e:     }
04-14 11:52:28.304 16656 16742 D Braze v41.1.1 .e:   ],
04-14 11:52:28.304 16656 16742 D Braze v41.1.1 .e:   "respond_with": {
04-14 11:52:28.304 16656 16742 D Braze v41.1.1 .e:     "user_id": "900896d8-f43d-430e-8975-f6455794ed1c",
04-14 11:52:28.304 16656 16742 D Braze v41.1.1 .e:     "config": {
04-14 11:52:28.304 16656 16742 D Braze v41.1.1 .e:       "config_time": 1773831155
04-14 11:52:28.304 16656 16742 D Braze v41.1.1 .e:     }
04-14 11:52:28.304 16656 16742 D Braze v41.1.1 .e:   }
04-14 11:52:28.304 16656 16742 D Braze v41.1.1 .e: }
04-14 11:52:28.304  3524  4873 I bt_btif_dm: system/btif/src/btif_dm.cc:955 btif_dm_get_connection_state: Acl is not connected to peer:xx:xx:xx:xx:fd:72
04-14 11:52:28.304  3524  4873 I bt_btif_dm: system/btif/src/btif_dm.cc:955 btif_dm_get_connection_state: Acl is not connected to peer:xx:xx:xx:xx:a6:bf
04-14 11:52:28.305  3524  4873 I bt_btif_dm: system/btif/src/btif_dm.cc:955 btif_dm_get_connection_state: Acl is not connected to peer:xx:xx:xx:xx:30:01
04-14 11:52:28.305  3524  4873 I bt_btif_dm: system/btif/src/btif_dm.cc:955 btif_dm_get_connection_state: Acl is not connected to peer:xx:xx:xx:xx:00:a8
04-14 11:52:28.306  3524  4873 I bt_btif_dm: system/btif/src/btif_dm.cc:955 btif_dm_get_connection_state: Acl is not connected to peer:xx:xx:xx:xx:25:71
04-14 11:52:28.306  3524  4873 I bt_btif_dm: system/btif/src/btif_dm.cc:955 btif_dm_get_connection_state: Acl is not connected to peer:xx:xx:xx:xx:e9:eb
04-14 11:52:28.306  3524  4873 I bt_btif_dm: system/btif/src/btif_dm.cc:955 btif_dm_get_connection_state: Acl is not connected to peer:xx:xx:xx:xx:ad:b4
04-14 11:52:28.307  3524  4873 I bt_btif_dm: system/btif/src/btif_dm.cc:955 btif_dm_get_connection_state: Acl is not connected to peer:xx:xx:xx:xx:87:8d
04-14 11:52:28.307  3524  4873 I AdapterProperties: getBondedDevices: length=29
04-14 11:52:28.308  3524  5052 I bt_btif_dm: system/btif/src/btif_dm.cc:955 btif_dm_get_connection_state: Acl is not connected to peer:xx:xx:xx:xx:00:6c
04-14 11:52:28.308  3524  5052 I bt_btif_dm: system/btif/src/btif_dm.cc:955 btif_dm_get_connection_state: Acl is not connected to peer:xx:xx:xx:xx:ef:0c
04-14 11:52:28.308  3524  5052 I bt_btif_dm: system/btif/src/btif_dm.cc:955 btif_dm_get_connection_state: Acl is not connected to peer:xx:xx:xx:xx:11:97
04-14 11:52:28.309  3524  5052 I bt_btif_dm: system/btif/src/btif_dm.cc:955 btif_dm_get_connection_state: Acl is not connected to peer:xx:xx:xx:xx:76:68
04-14 11:52:28.309  3524  5052 I bt_btif_dm: system/btif/src/btif_dm.cc:955 btif_dm_get_connection_state: Acl is not connected to peer:xx:xx:xx:xx:c6:0d
04-14 11:52:28.309  3524  5052 I bt_btif_dm: system/btif/src/btif_dm.cc:955 btif_dm_get_connection_state: Acl is not connected to peer:xx:xx:xx:xx:6d:d5
04-14 11:52:28.310  3524  5052 I bt_btif_dm: system/btif/src/btif_dm.cc:955 btif_dm_get_connection_state: Acl is not connected to peer:xx:xx:xx:xx:8a:44
04-14 11:52:28.310  3524  5052 I bt_btif_dm: system/btif/src/btif_dm.cc:955 btif_dm_get_connection_state: Acl is not connected to peer:xx:xx:xx:xx:d4:b8
04-14 11:52:28.310  3524  5052 I bt_btif_dm: system/btif/src/btif_dm.cc:955 btif_dm_get_connection_state: Acl is not connected to peer:xx:xx:xx:xx:db:0d
04-14 11:52:28.311  3524  5052 I bt_btif_dm: system/btif/src/btif_dm.cc:955 btif_dm_get_connection_state: Acl is not connected to peer:xx:xx:xx:xx:00:be
04-14 11:52:28.311  3524  5052 I bt_btif_dm: system/btif/src/btif_dm.cc:955 btif_dm_get_connection_state: Acl is not connected to peer:xx:xx:xx:xx:ac:0f
04-14 11:52:28.311  3524  5052 I bt_btif_dm: system/btif/src/btif_dm.cc:955 btif_dm_get_connection_state: Acl is not connected to peer:xx:xx:xx:xx:f7:3a
04-14 11:52:28.312  3524  5052 I bt_btif_dm: system/btif/src/btif_dm.cc:955 btif_dm_get_connection_state: Acl is not connected to peer:xx:xx:xx:xx:49:ea
04-14 11:52:28.312  3524  5052 I bt_btif_dm: system/btif/src/btif_dm.cc:955 btif_dm_get_connection_state: Acl is not connected to peer:xx:xx:xx:xx:c9:66
04-14 11:52:28.313  3524  5052 I bt_btif_dm: system/btif/src/btif_dm.cc:955 btif_dm_get_connection_state: Acl is not connected to peer:xx:xx:xx:xx:98:2d
04-14 11:52:28.313  3524  5052 I bt_btif_dm: system/btif/src/btif_dm.cc:955 btif_dm_get_connection_state: Acl is not connected to peer:xx:xx:xx:xx:fc:45
04-14 11:52:28.313  3524  5052 I bt_btif_dm: system/btif/src/btif_dm.cc:955 btif_dm_get_connection_state: Acl is not connected to peer:xx:xx:xx:xx:18:69
04-14 11:52:28.314  3524  5052 I bt_btif_dm: system/btif/src/btif_dm.cc:955 btif_dm_get_connection_state: Acl is not connected to peer:xx:xx:xx:xx:1d:d9
04-14 11:52:28.314  3524  5052 I bt_btif_dm: system/btif/src/btif_dm.cc:955 btif_dm_get_connection_state: Acl is not connected to peer:xx:xx:xx:xx:6a:51
04-14 11:52:28.315  3524  5052 I bt_btif_dm: system/btif/src/btif_dm.cc:955 btif_dm_get_connection_state: Acl is not connected to peer:xx:xx:xx:xx:1d:84
04-14 11:52:28.315  3524  5052 I bt_btif_dm: system/btif/src/btif_dm.cc:955 btif_dm_get_connection_state: Acl is not connected to peer:xx:xx:xx:xx:fd:72
04-14 11:52:28.316  3524  5052 I bt_btif_dm: system/btif/src/btif_dm.cc:955 btif_dm_get_connection_state: Acl is not connected to peer:xx:xx:xx:xx:a6:bf
04-14 11:52:28.316  3524  5052 I bt_btif_dm: system/btif/src/btif_dm.cc:955 btif_dm_get_connection_state: Acl is not connected to peer:xx:xx:xx:xx:30:01
04-14 11:52:28.317  3524  5052 I bt_btif_dm: system/btif/src/btif_dm.cc:955 btif_dm_get_connection_state: Acl is not connected to peer:xx:xx:xx:xx:00:a8
04-14 11:52:28.317  3524  5052 I bt_btif_dm: system/btif/src/btif_dm.cc:955 btif_dm_get_connection_state: Acl is not connected to peer:xx:xx:xx:xx:25:71
04-14 11:52:28.318  3524  5052 I bt_btif_dm: system/btif/src/btif_dm.cc:955 btif_dm_get_connection_state: Acl is not connected to peer:xx:xx:xx:xx:e9:eb
04-14 11:52:28.318  3524  5052 I bt_btif_dm: system/btif/src/btif_dm.cc:955 btif_dm_get_connection_state: Acl is not connected to peer:xx:xx:xx:xx:ad:b4
04-14 11:52:28.319  3524  5052 I bt_btif_dm: system/btif/src/btif_dm.cc:955 btif_dm_get_connection_state: Acl is not connected to peer:xx:xx:xx:xx:87:8d
04-14 11:52:28.333  1368  4202 I vendor.qti.bluetooth@1.0-ibs_handler: ProcessIbsCmd: Received IBS_SLEEP_IND: 0xFE
04-14 11:52:28.336 16656 16742 V Braze v41.1.1 .f: Enabling SSL protocols: [TLSv1.2, TLSv1.3]
04-14 11:52:28.463 16656 16742 D Braze v41.1.1 .e: Made request with id => "ccd9d56006cd9180"
04-14 11:52:28.463 16656 16742 D Braze v41.1.1 .e: to url: https://sdk.fra-02.braze.eu/api/v3/data
04-14 11:52:28.463 16656 16742 D Braze v41.1.1 .e: took: 159ms
04-14 11:52:28.463 16656 16742 D Braze v41.1.1 .e:                 
04-14 11:52:28.463 16656 16742 D Braze v41.1.1 .e: with response headers:
04-14 11:52:28.463 16656 16742 D Braze v41.1.1 .e: "access-control-allow-headers" => "*"
04-14 11:52:28.463 16656 16742 D Braze v41.1.1 .e: "access-control-allow-methods" => "POST, OPTIONS"
04-14 11:52:28.463 16656 16742 D Braze v41.1.1 .e: "access-control-allow-origin" => "*"
04-14 11:52:28.463 16656 16742 D Braze v41.1.1 .e: "cf-cache-status" => "DYNAMIC"
04-14 11:52:28.463 16656 16742 D Braze v41.1.1 .e: "cf-ray" => "9ec1d1647b766ab9-TXL"
04-14 11:52:28.463 16656 16742 D Braze v41.1.1 .e: "connection" => "keep-alive"
04-14 11:52:28.463 16656 16742 D Braze v41.1.1 .e: "content-encoding" => "gzip"
04-14 11:52:28.463 16656 16742 D Braze v41.1.1 .e: "content-type" => "application/json; charset=utf-8"
04-14 11:52:28.463 16656 16742 D Braze v41.1.1 .e: "date" => "Tue, 14 Apr 2026 09:52:28 GMT"
04-14 11:52:28.463 16656 16742 D Braze v41.1.1 .e: "server" => "cloudflare"
04-14 11:52:28.463 16656 16742 D Braze v41.1.1 .e: "strict-transport-security" => "max-age=31536000; includeSubDomains"
04-14 11:52:28.463 16656 16742 D Braze v41.1.1 .e: "transfer-encoding" => "chunked"
04-14 11:52:28.463 16656 16742 D Braze v41.1.1 .e: "vary" => "Accept-Encoding"
04-14 11:52:28.463 16656 16742 D Braze v41.1.1 .e: "x-android-received-millis" => "1776160348462"
04-14 11:52:28.463 16656 16742 D Braze v41.1.1 .e: "x-android-response-source" => "NETWORK 201"
04-14 11:52:28.463 16656 16742 D Braze v41.1.1 .e: "x-android-selected-protocol" => "http/1.1"
04-14 11:52:28.463 16656 16742 D Braze v41.1.1 .e: "x-android-sent-millis" => "1776160348412"
04-14 11:52:28.463 16656 16742 D Braze v41.1.1 .e: "x-ratelimit-limit" => "1405"
04-14 11:52:28.463 16656 16742 D Braze v41.1.1 .e: "x-ratelimit-period" => "3"
04-14 11:52:28.463 16656 16742 D Braze v41.1.1 .e: "x-ratelimit-remaining" => "1081"
04-14 11:52:28.463 16656 16742 D Braze v41.1.1 .e: "x-ratelimit-reset" => "1776160350"
04-14 11:52:28.463 16656 16742 D Braze v41.1.1 .e: 
04-14 11:52:28.463 16656 16742 D Braze v41.1.1 .e: and response JSON:
04-14 11:52:28.463 16656 16742 D Braze v41.1.1 .e: {}
04-14 11:52:28.464 16656 16742 D Braze v41.1.1 .com.braze.triggers.utils.c: Triggered actions Json array was null. Not de-serializing triggered actions.
04-14 11:52:28.464 16656 16742 D Braze v41.1.1 .com.braze.triggers.utils.c: Templated message Json was null. Not de-serializing templated message.
04-14 11:52:28.464 16656 16780 V Braze v41.1.1 .com.braze.storage.DataStoreProvider: Reading data for key: endpoint_attempt_count_map.
04-14 11:52:28.465 16656 16780 V Braze v41.1.1 .com.braze.storage.DataStoreProvider: Writing data:{"uri-at-557588651":1} for key: endpoint_attempt_count_map.
04-14 11:52:28.467 16656 16742 D Braze v41.1.1 .g: 111746878 - {
04-14 11:52:28.467 16656 16742 D Braze v41.1.1 .g:   "device_id": "40d59400-0ba7-423e-94af-b398d0e48fa6",
04-14 11:52:28.467 16656 16742 D Braze v41.1.1 .g:   "time": 1776160348,
04-14 11:52:28.467 16656 16742 D Braze v41.1.1 .g:   "api_key": "3e947324-8d5d-43ab-b8ed-3aae6cbf9a71",
04-14 11:52:28.467 16656 16742 D Braze v41.1.1 .g:   "sdk_version": "41.1.1",
04-14 11:52:28.467 16656 16742 D Braze v41.1.1 .g:   "app_version": "26.10.1",
04-14 11:52:28.467 16656 16742 D Braze v41.1.1 .g:   "app_version_code": "1080044.0.0.0",
04-14 11:52:28.467 16656 16742 D Braze v41.1.1 .g:   "attributes": [
04-14 11:52:28.467 16656 16742 D Braze v41.1.1 .g:     {
04-14 11:52:28.467 16656 16742 D Braze v41.1.1 .g:       "custom": {
04-14 11:52:28.467 16656 16742 D Braze v41.1.1 .g:         "ZipCode": "01237"
04-14 11:52:28.467 16656 16742 D Braze v41.1.1 .g:       },
04-14 11:52:28.467 16656 16742 D Braze v41.1.1 .g:       "user_id": "900896d8-f43d-430e-8975-f6455794ed1c"
04-14 11:52:28.467 16656 16742 D Braze v41.1.1 .g:     }
04-14 11:52:28.467 16656 16742 D Braze v41.1.1 .g:   ],
04-14 11:52:28.467 16656 16742 D Braze v41.1.1 .g:   "respond_with": {
04-14 11:52:28.467 16656 16742 D Braze v41.1.1 .g:     "user_id": "900896d8-f43d-430e-8975-f6455794ed1c",
04-14 11:52:28.467 16656 16742 D Braze v41.1.1 .g:     "config": {
04-14 11:52:28.467 16656 16742 D Braze v41.1.1 .g:       "config_time": 1773831155
04-14 11:52:28.467 16656 16742 D Braze v41.1.1 .g:     }
04-14 11:52:28.467 16656 16742 D Braze v41.1.1 .g:   }
04-14 11:52:28.467 16656 16742 D Braze v41.1.1 .g: }
04-14 11:52:28.467 16656 16742 D Braze v41.1.1 .g: to target: https://sdk.fra-02.braze.eu/api/v3/data for V3_DATA executed successfully.
04-14 11:52:28.467 16656 16742 D Braze v41.1.1 .com.braze.requests.framework.g: Request success received for RequestInfo for 111746878 
04-14 11:52:28.467 16656 16742 D Braze v41.1.1 .com.braze.requests.framework.g:  at 1776160348467
04-14 11:52:28.467 16656 16742 D Braze v41.1.1 .com.braze.requests.framework.g:  request.target = https://sdk.fra-02.braze.eu/api/v3/data
04-14 11:52:28.467 16656 16742 D Braze v41.1.1 .com.braze.requests.framework.g:  nextAdvance = -234
04-14 11:52:28.467 16656 16742 D Braze v41.1.1 .com.braze.requests.framework.g:  createdAt = -309
04-14 11:52:28.467 16656 16742 D Braze v41.1.1 .com.braze.requests.framework.g:  state = IN_FLIGHT
04-14 11:52:28.467 16656 16742 D Braze v41.1.1 .com.braze.requests.framework.g:  lastStateMovedAt = -204
04-14 11:52:28.467 16656 16742 D Braze v41.1.1 .com.braze.requests.framework.g:  timesMovedToRetry = 0
04-14 11:52:28.468 16656 16742 V Braze v41.1.1 .h: Moving from IN_FLIGHT -> COMPLETE with time 1776160348467 for 
04-14 11:52:28.468 16656 16742 V Braze v41.1.1 .h: RequestInfo for 111746878 
04-14 11:52:28.468 16656 16742 V Braze v41.1.1 .h:  at 1776160348467
04-14 11:52:28.468 16656 16742 V Braze v41.1.1 .h:  request.target = https://sdk.fra-02.braze.eu/api/v3/data
04-14 11:52:28.468 16656 16742 V Braze v41.1.1 .h:  nextAdvance = -234
04-14 11:52:28.468 16656 16742 V Braze v41.1.1 .h:  createdAt = -309
04-14 11:52:28.468 16656 16742 V Braze v41.1.1 .h:  state = IN_FLIGHT
04-14 11:52:28.468 16656 16742 V Braze v41.1.1 .h:  lastStateMovedAt = -204
04-14 11:52:28.468 16656 16742 V Braze v41.1.1 .h:  timesMovedToRetry = 0
04-14 11:52:28.468 16656 16742 D Braze v41.1.1 .com.braze.requests.framework.b: New state after request success
04-14 11:52:28.468 16656 16742 D Braze v41.1.1 .com.braze.requests.framework.b: EndpointQueue: V3_DATA
04-14 11:52:28.468 16656 16742 D Braze v41.1.1 .com.braze.requests.framework.b:    lastFailureAt = -1776160348467
04-14 11:52:28.468 16656 16742 D Braze v41.1.1 .com.braze.requests.framework.b:    lastSuccessAt = 0
04-14 11:52:28.468 16656 16742 D Braze v41.1.1 .com.braze.requests.framework.b:    failureBackoffUntil = -1776160348467
04-14 11:52:28.468 16656 16742 D Braze v41.1.1 .com.braze.requests.framework.b:    pendingWaitDuration = 75
04-14 11:52:28.468 16656 16742 D Braze v41.1.1 .com.braze.requests.framework.b:    endpointRateLimiter = unset
04-14 11:52:28.468 16656 16742 D Braze v41.1.1 .com.braze.requests.framework.b:    requestInfoQueue: 
04-14 11:52:28.468 16656 16742 D Braze v41.1.1 .com.braze.requests.framework.b: RequestInfo for 111746878 
04-14 11:52:28.468 16656 16742 D Braze v41.1.1 .com.braze.requests.framework.b:  at 1776160348467
04-14 11:52:28.468 16656 16742 D Braze v41.1.1 .com.braze.requests.framework.b:  request.target = https://sdk.fra-02.braze.eu/api/v3/data
04-14 11:52:28.468 16656 16742 D Braze v41.1.1 .com.braze.requests.framework.b:  nextAdvance = -234
04-14 11:52:28.468 16656 16742 D Braze v41.1.1 .com.braze.requests.framework.b:  createdAt = -309
04-14 11:52:28.468 16656 16742 D Braze v41.1.1 .com.braze.requests.framework.b:  state = COMPLETE
04-14 11:52:28.468 16656 16742 D Braze v41.1.1 .com.braze.requests.framework.b:  lastStateMovedAt = 0
04-14 11:52:28.468 16656 16742 D Braze v41.1.1 .com.braze.requests.framework.b:  timesMovedToRetry = 0
04-14 11:52:28.468 16656 16742 V Braze v41.1.1 .e: Processing server response payload for user with id: 900896d8-f43d-430e-8975-f6455794ed1c
04-14 11:52:28.468 16656 16780 V Braze v41.1.1 .com.braze.storage.DataStoreProvider: Reading data for key: appboy_sdk_disabled.
04-14 11:52:28.469 16656 16780 V Braze v41.1.1 .com.braze.storage.DataStoreProvider: Reading data for key: delayed_initialization_enabled.
04-14 11:52:28.469 16656 16742 D Braze v41.1.1 .d: com.braze.events.internal.g fired:
04-14 11:52:28.469 16656 16742 D Braze v41.1.1 .d: DispatchSucceededEvent(request=111746878 - {
04-14 11:52:28.469 16656 16742 D Braze v41.1.1 .d:   "device_id": "40d59400-0ba7-423e-94af-b398d0e48fa6",
04-14 11:52:28.469 16656 16742 D Braze v41.1.1 .d:   "time": 1776160348,
04-14 11:52:28.469 16656 16742 D Braze v41.1.1 .d:   "api_key": "3e947324-8d5d-43ab-b8ed-3aae6cbf9a71",
04-14 11:52:28.469 16656 16742 D Braze v41.1.1 .d:   "sdk_version": "41.1.1",
04-14 11:52:28.469 16656 16742 D Braze v41.1.1 .d:   "app_version": "26.10.1",
04-14 11:52:28.469 16656 16742 D Braze v41.1.1 .d:   "app_version_code": "1080044.0.0.0",
04-14 11:52:28.469 16656 16742 D Braze v41.1.1 .d:   "attributes": [
04-14 11:52:28.469 16656 16742 D Braze v41.1.1 .d:     {
04-14 11:52:28.469 16656 16742 D Braze v41.1.1 .d:       "custom": {
04-14 11:52:28.469 16656 16742 D Braze v41.1.1 .d:         "ZipCode": "01237"
04-14 11:52:28.469 16656 16742 D Braze v41.1.1 .d:       },
04-14 11:52:28.469 16656 16742 D Braze v41.1.1 .d:       "user_id": "900896d8-f43d-430e-8975-f6455794ed1c"
04-14 11:52:28.469 16656 16742 D Braze v41.1.1 .d:     }
04-14 11:52:28.469 16656 16742 D Braze v41.1.1 .d:   ],
04-14 11:52:28.469 16656 16742 D Braze v41.1.1 .d:   "respond_with": {
04-14 11:52:28.469 16656 16742 D Braze v41.1.1 .d:     "user_id": "900896d8-f43d-430e-8975-f6455794ed1c",
04-14 11:52:28.469 16656 16742 D Braze v41.1.1 .d:     "config": {
04-14 11:52:28.469 16656 16742 D Braze v41.1.1 .d:       "config_time": 1773831155
04-14 11:52:28.469 16656 16742 D Braze v41.1.1 .d:     }
04-14 11:52:28.469 16656 16742 D Braze v41.1.1 .d:   }
04-14 11:52:28.469 16656 16742 D Braze v41.1.1 .d: }
04-14 11:52:28.469 16656 16742 D Braze v41.1.1 .d: to target: https://sdk.fra-02.braze.eu/api/v3/data)
04-14 11:52:28.469 16656 16742 D Braze v41.1.1 .b: Triggering com.braze.events.internal.g on 0 subscribers.
04-14 11:52:28.469 16656 16742 D Braze v41.1.1 .b: Triggering com.braze.events.internal.g on 1 subscribers.
04-14 11:52:28.470 16656 16780 V Braze v41.1.1 .com.braze.storage.DataStoreProvider: Reading data for key: cached_device.
04-14 11:52:28.471 16656 16780 V Braze v41.1.1 .com.braze.storage.DataStoreProvider: Adding/updating key: cached_device with value: {"os_version":"36","carrier":"1&1","brand":"Nothing","model":"A065","resolution":"1080x2412","locale":"de","remote_notification_enabled":true,"android_is_background_restricted":false,"time_zone":"Europe\/Berlin"} in DataStore.
04-14 11:52:28.471 16656 16780 V Braze v41.1.1 .com.braze.storage.DataStoreProvider: Adding/updating key: sfone with value: false in DataStore.
04-14 11:52:28.471 16656 16780 V Braze v41.1.1 .com.braze.storage.DataStoreProvider: Adding/updating key: ldov with value: 36 in DataStore.
04-14 11:52:28.471 16656 16742 V Braze v41.1.1 .v0: Notifying confirmAndUnlock listeners for cache: com.braze.storage.v0@fe4edb5
04-14 11:52:28.471 16656 16742 V Braze v41.1.1 .u3: Notifying confirmAndUnlock listeners for cache: com.braze.storage.u3@fe72316
04-14 11:52:28.471 16656 16742 V Braze v41.1.1 .i3: Attempting to unlock server config info
04-14 11:52:28.471 16656 16742 D Braze v41.1.1 .i3: Unlocking config info lock.
04-14 11:52:28.472 16656 16779 V Braze v41.1.1 .com.braze.storage.DataStoreProvider: Reading data for key: events.
04-14 11:52:28.472 16656 16779 V Braze v41.1.1 .com.braze.storage.DataStoreProvider: Writing data:{} for key: events.
04-14 11:52:28.504 16656 16742 D Braze v41.1.1 .com.braze.requests.framework.b: Marking request as framework complete 
04-14 11:52:28.504 16656 16742 D Braze v41.1.1 .com.braze.requests.framework.b: RequestInfo for 111746878 
04-14 11:52:28.504 16656 16742 D Braze v41.1.1 .com.braze.requests.framework.b:  at 1776160348504
04-14 11:52:28.504 16656 16742 D Braze v41.1.1 .com.braze.requests.framework.b:  request.target = https://sdk.fra-02.braze.eu/api/v3/data
04-14 11:52:28.504 16656 16742 D Braze v41.1.1 .com.braze.requests.framework.b:  nextAdvance = -271
04-14 11:52:28.504 16656 16742 D Braze v41.1.1 .com.braze.requests.framework.b:  createdAt = -346
04-14 11:52:28.504 16656 16742 D Braze v41.1.1 .com.braze.requests.framework.b:  state = COMPLETE
04-14 11:52:28.504 16656 16742 D Braze v41.1.1 .com.braze.requests.framework.b:  lastStateMovedAt = -37
04-14 11:52:28.504 16656 16742 D Braze v41.1.1 .com.braze.requests.framework.b:  timesMovedToRetry = 0
04-14 11:52:28.504 16656 16742 V Braze v41.1.1 .com.braze.requests.framework.g: Request sweeper job has finished.
04-14 11:52:28.531  2603  5389 D OomAdjuster: process : com.lemon.lvoverseas, pid = 30431, isTop = false, uid = 10332, hasActivity = false
04-14 11:52:28.531  2603  3218 D BackgroundInstallControlService: Package event received: 0
04-14 11:52:28.532  2603  5389 D OomAdjuster: process : com.lemon.lvoverseas is not top!
04-14 11:52:28.532  2603  5389 D OomAdjuster: process : com.lemon.lvoverseas:push, pid = 30793, isTop = false, uid = 10332, hasActivity = false
04-14 11:52:28.532  2603  5389 D OomAdjuster: process : com.lemon.lvoverseas:push is not top!
04-14 11:52:28.532  2603  3218 D BackgroundInstallControlService: Package event received: 0
04-14 11:52:28.532  2603  3218 D BackgroundInstallControlService: Package event received: 0
04-14 11:52:28.726  1368  4202 I vendor.qti.bluetooth@1.0-ibs_handler: ProcessIbsCmd: Received IBS_WAKE_IND: 0xFD
04-14 11:52:28.726  1368  4202 I vendor.qti.bluetooth@1.0-ibs_handler: ProcessIbsCmd: Writing IBS_WAKE_ACK
04-14 11:52:28.728  3954  9026 I NearbyDiscovery: (REDACTED) BloomFilterAdvManager: Detected bloom filter but too far away, ignoring. %sm, %s
04-14 11:52:28.767  1368  4202 I vendor.qti.bluetooth@1.0-ibs_handler: ProcessIbsCmd: Received IBS_SLEEP_IND: 0xFE
04-14 11:52:28.768  1368  4202 I vendor.qti.bluetooth@1.0-ibs_handler: ProcessIbsCmd: Received IBS_WAKE_IND: 0xFD
04-14 11:52:28.768  1368  4202 I vendor.qti.bluetooth@1.0-ibs_handler: ProcessIbsCmd: Writing IBS_WAKE_ACK
04-14 11:52:28.809  1368  4202 I vendor.qti.bluetooth@1.0-ibs_handler: ProcessIbsCmd: Received IBS_SLEEP_IND: 0xFE
04-14 11:52:28.994 14701 14701 W RenderThread: type=1400 audit(0.0:2780): avc:  denied  { getattr } for  path="/proc/kallsyms" dev="proc" ino=4026532063 scontext=u:r:untrusted_app:s0:c121,c257,c512,c768 tcontext=u:object_r:proc_kallsyms:s0 tclass=file permissive=0 app=de.payback.client.android
04-14 11:52:28.994 14701 14701 W RenderThread: type=1400 audit(0.0:2781): avc:  denied  { getattr } for  path="/proc/keys" dev="proc" ino=4026532072 scontext=u:r:untrusted_app:s0:c121,c257,c512,c768 tcontext=u:object_r:proc_keys:s0 tclass=file permissive=0 app=de.payback.client.android
04-14 11:52:28.994 14701 14701 W RenderThread: type=1400 audit(0.0:2782): avc:  denied  { getattr } for  path="/proc/bootconfig" dev="proc" ino=4026532022 scontext=u:r:untrusted_app:s0:c121,c257,c512,c768 tcontext=u:object_r:proc_bootconfig:s0 tclass=file permissive=0 app=de.payback.client.android
04-14 11:52:28.994 14701 14701 W RenderThread: type=1400 audit(0.0:2783): avc:  denied  { getattr } for  path="/proc/modules" dev="proc" ino=4026532062 scontext=u:r:untrusted_app:s0:c121,c257,c512,c768 tcontext=u:object_r:proc_modules:s0 tclass=file permissive=0 app=de.payback.client.android
04-14 11:52:28.994 14701 14701 W RenderThread: type=1400 audit(0.0:2784): avc:  denied  { read } for  name="enforce" dev="selinuxfs" ino=4 scontext=u:r:untrusted_app:s0:c121,c257,c512,c768 tcontext=u:object_r:selinuxfs:s0 tclass=file permissive=0 app=de.payback.client.android
04-14 11:52:29.294  1368  4205 I vendor.qti.bluetooth@1.0-ibs_handler: DeviceSleep: TX Awake, Sending SLEEP_IND
04-14 11:52:29.539  1368  4202 I vendor.qti.bluetooth@1.0-ibs_handler: ProcessIbsCmd: Received IBS_WAKE_IND: 0xFD
04-14 11:52:29.540  1368  4202 I vendor.qti.bluetooth@1.0-ibs_handler: ProcessIbsCmd: Writing IBS_WAKE_ACK
04-14 11:52:29.554  3524  4210 I bt_btif_dm: system/btif/src/btif_dm.cc:738 btif_update_remote_properties: CoD from storage was zero
04-14 11:52:29.554  3524  4210 I bt_btif_dm: system/btif/src/btif_dm.cc:743 btif_update_remote_properties: xx:xx:xx:xx:55:13 CoD: 0x000000 -> 0x001f00
04-14 11:52:29.567  2603  2647 D ActivityManager: sync unfroze 13889 com.nothing.logkit for 10
04-14 11:52:29.572  3954  9026 I NearbyDiscovery: (REDACTED) [trigger-id=Scan1F043F87] FastPairCache: First time advertise data with bloom filter, %s, %s, %s
04-14 11:52:29.572  3954  9026 I NearbyDiscovery: (REDACTED) BloomFilterAdvManager: Detected bloom filter but too far away, ignoring. %sm, %s
04-14 11:52:29.587  1368  4202 I vendor.qti.bluetooth@1.0-ibs_handler: ProcessIbsCmd: Received IBS_SLEEP_IND: 0xFE
04-14 11:52:29.855  1422  1446 E NtChgAidl: NtChgAidl: InGameStatus: 0
04-14 11:52:29.855  1422  1446 E NtChg   : NtChg:handle_batt_temp_little_cool triggered
04-14 11:52:29.855  1422  1446 E NtChg   : NtChg:set temp_region=3
04-14 11:52:29.855  1422  1446 E NtChg   : NtChg:set ibatmax=2500 and set vbatmax=4500
04-14 11:52:29.881  1446  1446 I NtChg   : T0-6:[50,100,350,370,390,410,500],chg_series:8,is_changed:1,TeBoT0-6:[50,100,330,370,390,410,500],TRegion:3,Temp:351,tzname:shell_front,Ibat:2500,onlineI:-400,param_type:6,AbnormalStatus:0,tzn:92,g_cp_mode:5,vbat:0,pr_id:1,OnGameStatus:0
04-14 11:52:29.881  1446  1446 W nt_vote : FCC_MAIN: FCC_NT_CHG_VOTER,0 same vote on of val=2500
04-14 11:52:29.881  1446  1446 W nt_vote : FCC_MAIN: FCC_NT_CHG_VOTER,0 Ignoring similar vote on of val=2500
04-14 11:52:30.043  2603  4330 D OomAdjuster: process : com.lemon.lvoverseas, pid = 30431, isTop = false, uid = 10332, hasActivity = false
04-14 11:52:30.043  2603  4330 D OomAdjuster: process : com.lemon.lvoverseas is not top!
04-14 11:52:30.044  2603  4330 D OomAdjuster: process : com.lemon.lvoverseas:push, pid = 30793, isTop = false, uid = 10332, hasActivity = false
04-14 11:52:30.044  2603  4330 D OomAdjuster: process : com.lemon.lvoverseas:push is not top!
04-14 11:52:30.044  2603  3218 D BackgroundInstallControlService: Package event received: 0
04-14 11:52:30.045  2603  3218 D BackgroundInstallControlService: Package event received: 0
04-14 11:52:30.046  2603  3218 D BackgroundInstallControlService: Package event received: 0
04-14 11:52:30.122  1368  4202 I vendor.qti.bluetooth@1.0-ibs_handler: ProcessIbsCmd: Received IBS_WAKE_IND: 0xFD
04-14 11:52:30.122  1368  4202 I vendor.qti.bluetooth@1.0-ibs_handler: ProcessIbsCmd: Writing IBS_WAKE_ACK
04-14 11:52:30.153  2169  2169 I (virq   : irq_count)- GICv3:IPI(1):3896832 GICv3:ufshcd(33):2547906 GICv3:arch_timer(11):2180651 GICv3:IPI(2):1932510 GICv3:IPI(6):997296 GICv3:apps_rsc(24):137750 GICv3:ipcc_0(30):83721 GICv3:msm_drm(219):70975 GICv3:kgsl_3d0_irq(206):65434 ipcc:glink-native-slpi(365):59559
04-14 11:52:30.153  2169  2169 I (cpu    : irq_count)- 0:1782089 1:1423722 2:1433998 3:2884855 4:1481330 5:1034974 6:1041823 7:1157095
04-14 11:52:30.153  2169  2169 I (ipi    : irq_count)- 0:3896833 1:1932510 2:0 3:0 4:0 5:997296 6:0
04-14 11:52:30.193  1368  4202 I vendor.qti.bluetooth@1.0-ibs_handler: ProcessIbsCmd: Received IBS_SLEEP_IND: 0xFE
04-14 11:52:30.292  1368  4202 I vendor.qti.bluetooth@1.0-ibs_handler: ProcessIbsCmd: Received IBS_WAKE_IND: 0xFD
04-14 11:52:30.292  1368  4202 I vendor.qti.bluetooth@1.0-ibs_handler: ProcessIbsCmd: Writing IBS_WAKE_ACK
04-14 11:52:30.333  1368  4202 I vendor.qti.bluetooth@1.0-ibs_handler: ProcessIbsCmd: Received IBS_SLEEP_IND: 0xFE
04-14 11:52:30.926  1368  4202 I vendor.qti.bluetooth@1.0-ibs_handler: ProcessIbsCmd: Received IBS_WAKE_IND: 0xFD
04-14 11:52:30.926  1368  4202 I vendor.qti.bluetooth@1.0-ibs_handler: ProcessIbsCmd: Writing IBS_WAKE_ACK
04-14 11:52:30.953  3295  4651 D ISltntcService: onTransact
04-14 11:52:30.954  3295  4651 D ThermalStatusListener: notifyThermalBroadcast: level=4, temp=34889
04-14 11:52:30.977  4638  4638 E simulated_ntc: proc_shell_write write invalid para
04-14 11:52:30.967  1368  4202 I vendor.qti.bluetooth@1.0-ibs_handler: ProcessIbsCmd: Received IBS_SLEEP_IND: 0xFE
04-14 11:52:30.971  1368  4202 I vendor.qti.bluetooth@1.0-ibs_handler: ProcessIbsCmd: Received IBS_WAKE_IND: 0xFD
04-14 11:52:30.971  1368  4202 I vendor.qti.bluetooth@1.0-ibs_handler: ProcessIbsCmd: Writing IBS_WAKE_ACK
04-14 11:52:30.994 14701 14701 W RenderThread: type=1400 audit(0.0:2785): avc:  denied  { getattr } for  path="/proc/kallsyms" dev="proc" ino=4026532063 scontext=u:r:untrusted_app:s0:c121,c257,c512,c768 tcontext=u:object_r:proc_kallsyms:s0 tclass=file permissive=0 app=de.payback.client.android
04-14 11:52:30.994 14701 14701 W RenderThread: type=1400 audit(0.0:2786): avc:  denied  { getattr } for  path="/proc/keys" dev="proc" ino=4026532072 scontext=u:r:untrusted_app:s0:c121,c257,c512,c768 tcontext=u:object_r:proc_keys:s0 tclass=file permissive=0 app=de.payback.client.android
04-14 11:52:30.994 14701 14701 W RenderThread: type=1400 audit(0.0:2787): avc:  denied  { getattr } for  path="/proc/bootconfig" dev="proc" ino=4026532022 scontext=u:r:untrusted_app:s0:c121,c257,c512,c768 tcontext=u:object_r:proc_bootconfig:s0 tclass=file permissive=0 app=de.payback.client.android
04-14 11:52:30.994 14701 14701 W RenderThread: type=1400 audit(0.0:2788): avc:  denied  { getattr } for  path="/proc/modules" dev="proc" ino=4026532062 scontext=u:r:untrusted_app:s0:c121,c257,c512,c768 tcontext=u:object_r:proc_modules:s0 tclass=file permissive=0 app=de.payback.client.android
04-14 11:52:30.994 14701 14701 W RenderThread: type=1400 audit(0.0:2789): avc:  denied  { read } for  name="enforce" dev="selinuxfs" ino=4 scontext=u:r:untrusted_app:s0:c121,c257,c512,c768 tcontext=u:object_r:selinuxfs:s0 tclass=file permissive=0 app=de.payback.client.android
04-14 11:52:31.009  2603  3132 D WifiStaIfaceHidlImpl: getCachedScanData is not implemented by HIDL
04-14 11:52:31.011  1368  4202 I vendor.qti.bluetooth@1.0-ibs_handler: ProcessIbsCmd: Received IBS_SLEEP_IND: 0xFE
04-14 11:52:31.132  2603  2639 I SensorService: checkAndReportAmbientLightSensorStateChangeLocked new 1 old 1 force 0
