--------- beginning of main
04-14 17:25:51.622  3520 25674 D IpClient/wlan0: interfaceLinkStateChanged: ifindex 26 up
--------- beginning of system
04-14 17:25:51.637  2603  4257 I ActivityManager: Force stopping com.benschwank.blop appid=10610 user=0: from pid 16835
04-14 17:25:51.641  2603  2639 I SensorService: checkAndReportAmbientLightSensorStateChangeLocked new 1 old 1 force 0
04-14 17:25:51.642  4746  4829 V OsAgent : broadcastSystemEvent - 7
04-14 17:25:51.643  2603  4257 I ActivityManager: Killing 16243:com.benschwank.blop/u0a610 (adj 0): stop com.benschwank.blop due to from pid 16835
04-14 17:25:51.648  2603  4257 D CompatChangeReporter: Compat change id reported: 151861875; UID 10610; state: ENABLED
04-14 17:25:51.650  2603  4257 W ActivityTaskManager: Force removing ActivityRecord{183679069 u0 com.benschwank.blop/org.qtproject.qt.android.bindings.QtActivity t3615 f}}: app died, no saved state
04-14 17:25:51.653  3327  3425 V WindowManagerShell: Transition requested (#553): android.os.BinderProxy@ced9682 TransitionRequestInfo { type = CLOSE, triggerTask = TaskInfo{userId=0 taskId=3615 effectiveUid=10610 displayId=0 isRunning=false baseIntent=Intent { act=android.intent.action.MAIN cat=[android.intent.category.LAUNCHER] flg=0x10200000 cmp=com.benschwank.blop/org.qtproject.qt.android.bindings.QtActivity } baseActivity=null topActivity=null origActivity=null realActivity=ComponentInfo{com.benschwank.blop/org.qtproject.qt.android.bindings.QtActivity} numActivities=0 lastActiveTime=21382687 supportsMultiWindow=true resizeMode=1 isResizeable=true minWidth=-1 minHeight=-1 defaultMinSize=220 token=WCT{android.window.IWindowContainerToken$Stub$Proxy@f90e193} topActivityType=1 pictureInPictureParams=null shouldDockBigOverlays=false launchIntoPipHostTaskId=-1 lastParentTaskIdBeforePip=-1 displayCutoutSafeInsets=Rect(0, 0 - 0, 0) topActivityInfo=null launchCookies=[android.os.BinderProxy@af3fcc4] positionInParent=Point(0, 0) parentTaskId=-1 isFocused=true isVisible=true isVisibleRequested=true isTopActivityNoDisplay=false isSleeping=false locusId=null displayAreaFeatureId=1 isTopActivityTransparent=false isActivityStackTransparent=true lastNonFullscreenBounds=Rect(279, 701 - 802, 1781) capturedLink=null capturedLinkTimestamp=0 requestedVisibleTypes=-9 topActivityRequestOpenInBrowserEducationTimestamp=0 appCompatTaskInfo=AppCompatTaskInfo { topActivityInSizeCompat=false eligibleForLetterboxEducation= false isLetterboxEducationEnabled= false isLetterboxDoubleTapEnabled= false eligibleForUserAspectRatioButton= false topActivityBoundsLetterboxed= false isFromLetterboxDoubleTap= false topActivityLetterboxVerticalPosition= -1 topActivityLetterboxHorizontalPosition= -1 topActivityLetterboxWidth=-1 topActivityLetterboxHeight=-1 topActivityAppBounds=Rect(0, 0 - 0, 0) isUserFullscreenOverrideEnabled=false isSystemFullscreenOverrideEnabled=false hasMinAspectRatioOverride=false topActivityLetterboxBounds=null cameraCompatTaskInfo=CameraCompatTaskInfo { freeformCameraCompatMode=undefined}} topActivityMainWindowFrame=null}, pipChange = null, remoteTransition = null, displayChange = null, flags = 0, debugId = 553 }
04-14 17:25:51.653  2603  3218 D BackgroundInstallControlService: Package event received: 0
04-14 17:25:51.654  2603  4257 D NtPopUpViewImpl: PopUpView: onAppFocusChanged: newTask=null, showDimmer=false
04-14 17:25:51.657  2603  4257 D NtMemoryManager: mIsHighPressureScene: false : com.nothing.launcher
04-14 17:25:51.657  2603  4257 D NtProcessManager: Top app: com.nothing.launcher
04-14 17:25:51.658  3707  3741 I DynamicDDSService: handleMessage(ACTIVITY_INVOKE{appInfo=com.nothing.launcher isFullScreen=}true)
04-14 17:25:51.658 16152 16152 D VRI[SearchLauncher]: visibilityChanged oldVisibility=false newVisibility=true
04-14 17:25:51.659  2603  4257 V NtGameModeImpl: onAppFocusChanged: pkg=com.nothing.launcher, uid=10182, category=-1, launchMode= 1
04-14 17:25:51.659  2603  4257 D NtPopUpViewImpl: PopUpView: onAppFocusChanged: newTask=Task{219d93b #3547 type=home I=com.nothing.launcher/com.android.searchlauncher.SearchLauncher}, showDimmer=false
04-14 17:25:51.662  2603  4257 D NtKafkaEventHelper: onActivityRecordChanged: info com.nothing.launcher:10182:3873
04-14 17:25:51.668  3873  3873 D ViewRootImpl: Skipping stats log for color mode
04-14 17:25:51.669  2603  3108 W InputDispatcher: channel '2e37f08 com.benschwank.blop/org.qtproject.qt.android.bindings.QtActivity' ~ Consumer closed input channel or an error occurred.  events=0x9
04-14 17:25:51.669  2603  3108 E InputDispatcher: channel '2e37f08 com.benschwank.blop/org.qtproject.qt.android.bindings.QtActivity' ~ Channel is unrecoverably broken and will be disposed!
04-14 17:25:51.670  1302  1302 I Zygote  : Process 16243 exited due to signal 9 (Killed)
04-14 17:25:51.672  2603  3454 I ImeTracker: com.benschwank.blop:75bd3e7b: onRequestHide at ORIGIN_SERVER reason HIDE_REMOVE_CLIENT fromUser false
04-14 17:25:51.672  2603  3454 I ImeTracker: com.benschwank.blop:75bd3e7b: onCancelled at PHASE_SERVER_SHOULD_HIDE
04-14 17:25:51.674  2603  2650 I libprocessgroup: Removed cgroup /sys/fs/cgroup/apps/uid_10610/pid_16243
04-14 17:25:51.676  2603  3108 I WindowManager: WINDOW DIED Window{2e37f08 u0 com.benschwank.blop/org.qtproject.qt.android.bindings.QtActivity}
04-14 17:25:51.677  1542  1542 I BpBinder: onLastStrongRef automatically unlinking death recipients: 
04-14 17:25:51.690  2603  4257 D NtMemoryManager: not set com.android.chrome adj to -1
04-14 17:25:51.690  2603  4257 D NtMemoryManager: not set com.instagram.android adj to -1
04-14 17:25:51.691  2603  2655 D OomAdjuster: set group = 5
04-14 17:25:51.692  2603  2655 D OomAdjuster: set cpuset: 5
04-14 17:25:51.692  2603  2975 I WindowManager: WIN DEATH: Window{2e37f08 u0 com.benschwank.blop/org.qtproject.qt.android.bindings.QtActivity EXITING}
04-14 17:25:51.692  2603  3218 D BackgroundInstallControlService: Package event received: 0
04-14 17:25:51.694  2603  3218 D BackgroundInstallControlService: Package event received: 0
04-14 17:25:51.694  2603  3218 D BackgroundInstallControlService: Package event received: 0
04-14 17:25:51.694  2603  3218 D BackgroundInstallControlService: Package event received: 0
04-14 17:25:51.695  4746  4829 V OsAgent : broadcastSystemEvent - 7
04-14 17:25:51.695  4746  4829 V OsAgent : broadcastSystemEvent - 7
04-14 17:25:51.695  4746  4829 V OsAgent : broadcastSystemEvent - 7
04-14 17:25:51.695  4746  4829 V OsAgent : broadcastSystemEvent - 7
04-14 17:25:51.695  4746  4829 V OsAgent : broadcastSystemEvent - 7
04-14 17:25:51.698 26130 26130 I Finsky  : [2] Memory trim requested to level 40
04-14 17:25:51.698 26130 26130 I Finsky  : [2] Flushing in-memory image cache
04-14 17:25:51.699  3295  6250 D TopAppSceneDetector: currentFocusApp=com.nothing.launcher
04-14 17:25:51.704  2603  4257 I AppsFilter: interaction: PackageSetting{643620d com.pavelrekun.rekado/10004} -> PackageSetting{2a04b81 com.benschwank.blop/10610} BLOCKED
04-14 17:25:51.705  2603  4257 W ActivityManager: Invalid packageName: com.benschwank.blop
04-14 17:25:51.705  2603  3924 V ActivityManager: Got obituary of 16243:com.benschwank.blop
04-14 17:25:51.708  3295  6250 D NearbyDetector: onTopActivityChanged: top class name: com.android.searchlauncher.SearchLauncher
04-14 17:25:51.708  3295  6250 D NearbyDetector: onTopActivityChanged: top class name: com.whatsapp.companiondevice.LinkedDevicesActivity
04-14 17:25:51.710  4746  4829 V OsAgent : broadcastSystemEvent - 7
04-14 17:25:51.711  3873  3873 I NT-AIWidgetAIWidgetController: Lifecycle onStateChanged event=ON_START
04-14 17:25:51.711  3873  3873 I NT-AIWidgetAIWidgetInputMonitor: Lifecycle onStateChanged event=ON_START
04-14 17:25:51.711  2603  2641 W ActivityManager: setHasOverlayUi called on unknown pid: 16243
04-14 17:25:51.712  3873  3873 I NT-AIWidgetAIWidgetController: Lifecycle onStateChanged event=ON_RESUME
04-14 17:25:51.712  3873  3873 I NT-AIWidgetAIWidgetInputMonitor: Lifecycle onStateChanged event=ON_RESUME
04-14 17:25:51.712  2603  2641 D NtMemoryManager: Disable prefork, EnablePreFork: false, IsHighPressureScene: false
04-14 17:25:51.712  2603  2641 D NtMemoryManager: Ignore pre fork for com.google.android.gm
04-14 17:25:51.712 16152 16152 I bvhy    : onStart
04-14 17:25:51.713  2603  2641 D NtMemoryManager: Disable prefork, EnablePreFork: false, IsHighPressureScene: false
04-14 17:25:51.713  2603  2641 D NtMemoryManager: Ignore pre fork for com.arenti.smartlife
04-14 17:25:51.713  3327  3425 D WindowManagerShell: setLauncherKeepClearAreaHeight: visible=true, height=210
04-14 17:25:51.714 16152 16152 I btds    : (REDACTED) [%s] onStart()
04-14 17:25:51.714 16152 16152 I btfz    : Reloading theme data
04-14 17:25:51.715 16152 16152 I bvhy    : onResume
04-14 17:25:51.717  2603  3218 D BackgroundInstallControlService: Package event received: 0
04-14 17:25:51.717  2603  3924 D OomAdjuster: process : com.nothing.universal.search, pid = 23516, isTop = false, uid = 10564, hasActivity = false
04-14 17:25:51.718  2603  3924 D OomAdjuster: system app not need limit!
04-14 17:25:51.718  2603  3218 D BackgroundInstallControlService: Package event received: 0
04-14 17:25:51.718  1368  4202 I vendor.qti.bluetooth@1.0-ibs_handler: ProcessIbsCmd: Received IBS_WAKE_IND: 0xFD
04-14 17:25:51.718  1368  4202 I vendor.qti.bluetooth@1.0-ibs_handler: ProcessIbsCmd: Writing IBS_WAKE_ACK
04-14 17:25:51.720  3295  6250 D GameSceneDetector: Failed to call isBoostTypeGame: java.lang.NoSuchMethodException: android.util.BoostFramework.perfGetFeedback []
04-14 17:25:51.720  3295  6250 D GameSceneDetector: onTopChanged=com.nothing.launcher, isBoostTypeGame=false, isCategoryGame=false, isTopGame=false
04-14 17:25:51.720  3295  6250 D SceneManager: TopAPP=com.nothing.launcher
04-14 17:25:51.720  3295  6250 D ThermalMitigationStrategy: onForegroundAppChange: app changed, should update buffer rate info next time
04-14 17:25:51.720  2603  3924 D ActivityManager: sync unfroze 23516 com.nothing.universal.search for 6
04-14 17:25:51.722  2603  3218 D BackgroundInstallControlService: Package event received: 0
04-14 17:25:51.723  2603  3777 D ActivityCustomizationUtil: uid = 10182
04-14 17:25:51.723  4746  4829 V OsAgent : broadcastSystemEvent - 7
04-14 17:25:51.728  2603  4201 D ConnectivityService: requestNetwork for uid/pid:10564/23516 activeRequest: null callbackRequest: 3887 [NetworkRequest [ REQUEST id=3888, [ Capabilities: INTERNET&NOT_RESTRICTED&TRUSTED&NOT_VCN_MANAGED&NOT_BANDWIDTH_CONSTRAINED Uid: 10564 RequestorUid: 10564 RequestorPkg: com.nothing.universal.search UnderlyingNetworks: Null] ]] callback flags: 0 order: 2147483647 isUidTracked: false declaredMethods: AVAIL|LOST|NC
04-14 17:25:51.731  2603  5568 D OomAdjuster: process : com.android.settings.intelligence, pid = 6709, isTop = false, uid = 10120, hasActivity = false
04-14 17:25:51.731  2603  5568 D OomAdjuster: process : com.android.settings.intelligence is not top!
04-14 17:25:51.731  2603  2641 V WindowManager: Unknown focus tokens, dropping reportFocusChanged
04-14 17:25:51.732  2603  5568 D ActivityManager: sync unfroze 6709 com.android.settings.intelligence for 7
04-14 17:25:51.732  2603  5568 D OomAdjuster: process : com.nothing.logkit, pid = 24282, isTop = false, uid = 1000, hasActivity = false
04-14 17:25:51.732  2603  5568 D OomAdjuster: system app not need limit!
04-14 17:25:51.733  2603  5568 D ActivityManager: sync unfroze 24282 com.nothing.logkit for 7
04-14 17:25:51.733  3873  3873 D BaseDepthController: setSurface:
04-14 17:25:51.733  3873  3873 D BaseDepthController: 	mWaitingOnSurfaceValidity: false
04-14 17:25:51.733  3873  3873 D BaseDepthController: 	mBaseSurface: Surface(name=com.nothing.launcher/com.android.searchlauncher.SearchLauncher)/@0x1bf9ea5
04-14 17:25:51.733  2603  2639 I SensorService: checkAndReportAmbientLightSensorStateChangeLocked new 1 old 1 force 0
04-14 17:25:51.737  2603  3218 D BackgroundInstallControlService: Package event received: 0
04-14 17:25:51.737  2603  3218 D BackgroundInstallControlService: Package event received: 0
04-14 17:25:51.738  6709  6724 D NTBaseContentProvider: onSearchCreate
04-14 17:25:51.738  6709  6724 I NT-SettingsIntelligence: NTBaseContentProvider -> onSearchCreate
04-14 17:25:51.743  3873  3873 I NT-TopTaskTracker: Found recent activity taskId = 3547
04-14 17:25:51.743  3873  3873 I NTWidget-Host: Call HostView Resume at onUpdate: WidgetId = 1,position = 1
04-14 17:25:51.744  1542  4391 I BpBinder: onLastStrongRef automatically unlinking death recipients: 
04-14 17:25:51.744 23516 23524 I AI-FeatureFlagRepo: Sending current cached state to newly registered client upon registration: true
04-14 17:25:51.744  3873  3873 I NT-SearchUIService: onServiceConnected: search is lb.b$a$a@ff4a3f8
04-14 17:25:51.744  3873  3873 I NT-AsyncServiceBinder: on service connected, remoteService = android.os.BinderProxy@eef90d1
04-14 17:25:51.744 23516 16851 I AI-FeatureFlagRepo: notifySwitchStateChanged, Bundle[{search_switch_initialized=true, pref_search_gallery=true, pref_search_settings=true, pref_search_files=true, pref_search_widgets=true, pref_search_recorder=true, pref_search_contacts=true, pref_search_messages=true, pref_search_calendar=true}]
04-14 17:25:51.745  3638  3638 D CarrierSvcBindHelper: onHandleForceStop: [com.benschwank.blop]
04-14 17:25:51.746  2603  3132 D WifiNetworkFactory: got request NetworkRequest [ REQUEST id=3888, [ Capabilities: INTERNET&NOT_RESTRICTED&TRUSTED&NOT_VCN_MANAGED&NOT_BANDWIDTH_CONSTRAINED Uid: 10564 RequestorUid: 10564 RequestorPkg: com.nothing.universal.search UnderlyingNetworks: Null] ]
04-14 17:25:51.748  2603  3218 D BackgroundInstallControlService: Package event received: 0
04-14 17:25:51.748  3638  3638 D CarrierSvcBindHelper: No carrier app for: 0
04-14 17:25:51.748  3638  3638 D CarrierSvcBindHelper: No carrier app for: 1
04-14 17:25:51.748  9483  9483 D BoundBrokerSvc: onRebind: Intent { act=com.google.android.gms.inappreach.service.START dat=chimera-action:/... xflg=0x4 cmp=com.google.android.gms/.chimera.GmsApiService }
04-14 17:25:51.748  2603  3132 D UntrustedWifiNetworkFactory: got request NetworkRequest [ REQUEST id=3888, [ Capabilities: INTERNET&NOT_RESTRICTED&TRUSTED&NOT_VCN_MANAGED&NOT_BANDWIDTH_CONSTRAINED Uid: 10564 RequestorUid: 10564 RequestorPkg: com.nothing.universal.search UnderlyingNetworks: Null] ]
04-14 17:25:51.750  2603  3143 D ConnectivityService: NetReassign [3888 : null  113] [c 2] [a 8] [i 11]
04-14 17:25:51.751  3327  4527 V WindowManagerShell: onTransitionReady(transaction=11179799899389)
04-14 17:25:51.751  3327  3425 V WindowManagerShell: onTransitionReady (#553) android.os.BinderProxy@ced9682: {id=553 t=CLOSE f=0x0 trk=0 isSameTaskSwitch=false r=[0@Point(0, 0)] c=[
04-14 17:25:51.751  3327  3425 V WindowManagerShell:         {m=TO_FRONT f=SHOW_WALLPAPER|MOVE_TO_TOP leash=Surface(name=Task=3546)/@0x30109c9 sb=Rect(0, 0 - 1080, 2412) eb=Rect(0, 0 - 1080, 2412) epz=Point(1080, 2412) d=0 taskParent=-1 ntPopUpView={mIsTryEnterWindowingMode=false mIsEnterWindowingModeLandscape=false mIsChangingWindowformBounds=false mStartPos=Point(0, 0) mEndPos=Point(0, 0) mStartScale=0.0 mEndScale=0.0 mStartCornerRadius=0.0 mEndCornerRadius=0.0 mAppBounds=Rect(0, 0 - 0, 0) mWindowCrop=Rect(0, 0 - 0, 0) mStartDragOrChangingBounds=Rect(0, 0 - 0, 0) mEndDragOrChangingBounds=Rect(0, 0 - 0, 0) mBottomLeftCornerLeash=null mBottomRightCornerLeash=null mDragBarLeash=null mCornerHintSize=60x60 mDragBarSize=189x42}},
04-14 17:25:51.751  3327  3425 V WindowManagerShell:         {m=CLOSE f=NONE leash=Surface(name=Task=3615)/@0x2e298ce sb=Rect(0, 0 - 1080, 2412) eb=Rect(0, 0 - 1080, 2412) epz=Point(1080, 2412) d=0 taskParent=-1 ntPopUpView={mIsTryEnterWindowingMode=false mIsEnterWindowingModeLandscape=false mIsChangingWindowformBounds=false mStartPos=Point(0, 0) mEndPos=Point(0, 0) mStartScale=0.0 mEndScale=0.0 mStartCornerRadius=0.0 mEndCornerRadius=0.0 mAppBounds=Rect(0, 0 - 0, 0) mWindowCrop=Rect(0, 0 - 0, 0) mStartDragOrChangingBounds=Rect(0, 0 - 0, 0) mEndDragOrChangingBounds=Rect(0, 0 - 0, 0) mBottomLeftCornerLeash=null mBottomRightCornerLeash=null mDragBarLeash=null mCornerHintSize=60x60 mDragBarSize=189x42}},
04-14 17:25:51.751  3327  3425 V WindowManagerShell:         {m=TO_FRONT f=IS_WALLPAPER leash=Surface(name=WallpaperWindowToken{98a1b61 showWhenLocked=false})/@0x25e03ef sb=Rect(0, 0 - 1080, 2412) eb=Rect(0, 0 - 1080, 2412) epz=Point(1080, 2412) d=0 ntPopUpView={mIsTryEnterWindowingMode=false mIsEnterWindowingModeLandscape=false mIsChangingWindowformBounds=false mStartPos=Point(0, 0) mEndPos=Point(0, 0) mStartScale=0.0 mEndScale=0.0 mStartCornerRadius=0.0 mEndCornerRadius=0.0 mAppBounds=Rect(0, 0 - 0, 0) mWindowCrop=Rect(0, 0 - 0, 0) mStartDragOrChangingBounds=Rect(0, 0 - 0, 0) mEndDragOrChangingBounds=Rect(0, 0 - 0, 0) mBottomLeftCornerLeash=null mBottomRightCornerLeash=null mDragBarLeash=null mCornerHintSize=0x0 mDragBarSize=0x0}}
04-14 17:25:51.751  3327  3425 V WindowManagerShell:     ]}
04-14 17:25:51.752  3327  3425 V WindowManagerShell: Playing animation for (#553) android.os.BinderProxy@ced9682@0
04-14 17:25:51.752  2603  3132 D OemPaidWifiNetworkFactory: got request NetworkRequest [ REQUEST id=3888, [ Capabilities: INTERNET&NOT_RESTRICTED&TRUSTED&NOT_VCN_MANAGED&NOT_BANDWIDTH_CONSTRAINED Uid: 10564 RequestorUid: 10564 RequestorPkg: com.nothing.universal.search UnderlyingNetworks: Null] ]
04-14 17:25:51.752  2603  3132 D MultiInternetWifiNetworkFactory: got request NetworkRequest [ REQUEST id=3888, [ Capabilities: INTERNET&NOT_RESTRICTED&TRUSTED&NOT_VCN_MANAGED&NOT_BANDWIDTH_CONSTRAINED Uid: 10564 RequestorUid: 10564 RequestorPkg: com.nothing.universal.search UnderlyingNetworks: Null] ]
04-14 17:25:51.752  3327  3425 V ShellRecents: RecentsTransitionHandler.startAnimation: no controller found
04-14 17:25:51.752  3327  3425 V WindowManagerShell: Transition doesn't have explicit remote, search filters for match for {id=553 t=CLOSE f=0x0 trk=0 isSameTaskSwitch=false r=[0@Point(0, 0)] c=[{m=TO_FRONT f=SHOW_WALLPAPER|MOVE_TO_TOP leash=Surface(name=Task=3546)/@0x30109c9 sb=Rect(0, 0 - 1080, 2412) eb=Rect(0, 0 - 1080, 2412) epz=Point(1080, 2412) d=0 taskParent=-1 ntPopUpView={mIsTryEnterWindowingMode=false mIsEnterWindowingModeLandscape=false mIsChangingWindowformBounds=false mStartPos=Point(0, 0) mEndPos=Point(0, 0) mStartScale=0.0 mEndScale=0.0 mStartCornerRadius=0.0 mEndCornerRadius=0.0 mAppBounds=Rect(0, 0 - 0, 0) mWindowCrop=Rect(0, 0 - 0, 0) mStartDragOrChangingBounds=Rect(0, 0 - 0, 0) mEndDragOrChangingBounds=Rect(0, 0 - 0, 0) mBottomLeftCornerLeash=null mBottomRightCornerLeash=null mDragBarLeash=null mCornerHintSize=60x60 mDragBarSize=189x42}},{m=CLOSE f=NONE leash=Surface(name=Task=3615)/@0x2e298ce sb=Rect(0, 0 - 1080, 2412) eb=Rect(0, 0 - 1080, 2412) epz=Point(1080, 2412) d=0 taskParent=-1 ntPopUpView={mIsTryEnterWindowingMode=false mIsEnterWindowingModeLandscape=false mIsChangingWindowformBounds=false mStartPos=Point(0, 0) mEndPos=Point(0, 0) mStartScale=0.0 mEndScale=0.0 mStartCornerRadius=0.0 mEndCornerRadius=0.0 mAppBounds=Rect(0, 0 - 0, 0) mWindowCrop=Rect(0, 0 - 0, 0) mStartDragOrChangingBounds=Rect(0, 0 - 0, 0) mEndDragOrChangingBounds=Rect(0, 0 - 0, 0) mBottomLeftCornerLeash=null mBottomRightCornerLeash=null mDragBarLeash=null mCornerHintSize=60x60 mDragBarSize=189x42}},{m=TO_FRONT f=IS_WALLPAPER leash=Surface(name=WallpaperWindowToken{98a1b61 showWhenLocked=false})/@0x25e03ef sb=Rect(0, 0 - 1080, 2412) eb=Rect(0, 0 - 1080, 2412) epz=Point(1080, 2412) d=0 ntPopUpView={mIsTryEnterWindowingMode=false mIsEnterWindowingModeLandscape=false mIsChangingWindowformBounds=false mStartPos=Point(0, 0) mEndPos=Point(0, 0) mStartScale=0.0 mEndScale=0.0 mStartCornerRadius=0.0 mEndCornerRadius=0.0 mAppBounds=Rect(0, 0 - 0, 0) mWindowCrop=Rect(0, 0 - 0, 0) mStartDragOrChangingBounds=Rect(0, 0 - 0, 0) mEndDragOrChangingBounds=Rect(0, 0 - 0, 0) mBottomLeftCornerLeash=null mBottomRightCornerLeash=null mDragBarLeash=null mCornerHintSize=0x0 mDragBarSize=0x0}}]}
04-14 17:25:51.752  2603  3116 I system_server: AssetManager2(0xb4000076b0b566b8) locale list changing from [] to [de-DE]
04-14 17:25:51.752  3327  3425 V WindowManagerShell:  Checking filter Pair{{types=[] flags=0x0] notFlags=0x100 checks=[{atype=home independent=true modes=[OPEN,TO_FRONT] flags=NONE mustBeTask=false order=TOP topActivity=ComponentInfo{com.nothing.launcher/com.android.searchlauncher.SearchLauncher} launchCookie=null windowingMode=undefined},{atype=standard independent=true modes=[CLOSE,TO_BACK] flags=NONE mustBeTask=false order=ANY topActivity=null launchCookie=null windowingMode=undefined},{NOT atype=undefined independent=true modes=[] flags=NONE mustBeTask=true order=ANY topActivity=null launchCookie=null customAnim=true windowingMode=undefined}]} RemoteTransition { remoteTransition = android.window.IRemoteTransition$Stub$Proxy@a58170e, appThread = android.app.IApplicationThread$Stub$Proxy@15c452f, debugName = QuickstepLaunchHome }}
04-14 17:25:51.752  3327  3425 D RemoteTransitionHandler: Found filterPair{{types=[] flags=0x0] notFlags=0x100 checks=[{atype=home independent=true modes=[OPEN,TO_FRONT] flags=NONE mustBeTask=false order=TOP topActivity=ComponentInfo{com.nothing.launcher/com.android.searchlauncher.SearchLauncher} launchCookie=null windowingMode=undefined},{atype=standard independent=true modes=[CLOSE,TO_BACK] flags=NONE mustBeTask=false order=ANY topActivity=null launchCookie=null windowingMode=undefined},{NOT atype=undefined independent=true modes=[] flags=NONE mustBeTask=true order=ANY topActivity=null launchCookie=null customAnim=true windowingMode=undefined}]} RemoteTransition { remoteTransition = android.window.IRemoteTransition$Stub$Proxy@a58170e, appThread = android.app.IApplicationThread$Stub$Proxy@15c452f, debugName = QuickstepLaunchHome }}
04-14 17:25:51.752  3327  3425 V WindowManagerShell:  Delegate animation for (#553) to RemoteTransition { remoteTransition = android.window.IRemoteTransition$Stub$Proxy@a58170e, appThread = android.app.IApplicationThread$Stub$Proxy@15c452f, debugName = QuickstepLaunchHome }
04-14 17:25:51.756  6709 16858 I gs.intelligence: AssetManager2(0xb4000076b0ad1cd8) locale list changing from [] to [de-DE]
04-14 17:25:51.758  6709 16859 I gs.intelligence: AssetManager2(0xb4000076b0ade4d8) locale list changing from [] to [de-DE]
04-14 17:25:51.759  3873  3873 I AIWidgetAIWidgetController: setWidgetsTouchable last=true, new=false, reason=NTDragLayer FloatingView isAdd=true, force=false
04-14 17:25:51.759  2603  3116 I system_server: AssetManager2(0xb4000076b0b86778) locale list changing from [] to [de-DE]
04-14 17:25:51.760  6709 16858 I gs.intelligence: AssetManager2(0xb4000076b0ae9d38) locale list changing from [] to [de-DE]
04-14 17:25:51.761  2603  3116 I system_server: AssetManager2(0xb4000076b0b7af18) locale list changing from [] to [de-DE]
04-14 17:25:51.761  1368  4202 I vendor.qti.bluetooth@1.0-ibs_handler: ProcessIbsCmd: Received IBS_SLEEP_IND: 0xFE
04-14 17:25:51.761  3873  3873 D b/311077782: LauncherAnimationRunner.setAnimation
04-14 17:25:51.763  2603  3429 D Dragonite: acquire handle 98
04-14 17:25:51.763  2603  3033 D Dragonite: sceneId = 1, pid = 3873, packageName = com.nothing.launcher, duration = 60000, params = null
04-14 17:25:51.764  2603  2641 D NtPerfTraceManagerImpl: packageName = com.nothing.launcher, taskId = 3547
04-14 17:25:51.765  2603  3116 I system_server: AssetManager2(0xb4000076b0b26c38) locale list changing from [] to [de-DE]
04-14 17:25:51.767  2603  2638 V WindowManager: Sent Transition (#553) createdAt=04-14 17:25:51.650 via request=TransitionRequestInfo { type = CLOSE, triggerTask = TaskInfo{userId=0 taskId=3615 effectiveUid=10610 displayId=0 isRunning=false baseIntent=Intent { act=android.intent.action.MAIN cat=[android.intent.category.LAUNCHER] flg=0x10200000 cmp=com.benschwank.blop/org.qtproject.qt.android.bindings.QtActivity } baseActivity=null topActivity=null origActivity=null realActivity=ComponentInfo{com.benschwank.blop/org.qtproject.qt.android.bindings.QtActivity} numActivities=0 lastActiveTime=21382687 supportsMultiWindow=true resizeMode=1 isResizeable=true minWidth=-1 minHeight=-1 defaultMinSize=220 token=WCT{RemoteToken{7d70ef Task{27305d2 #3615 type=standard A=10610:com.benschwank.blop}}} topActivityType=1 pictureInPictureParams=null shouldDockBigOverlays=false launchIntoPipHostTaskId=-1 lastParentTaskIdBeforePip=-1 displayCutoutSafeInsets=Rect(0, 0 - 0, 0) topActivityInfo=null launchCookies=[android.os.BinderProxy@27d2e85] positionInParent=Point(0, 0) parentTaskId=-1 isFocused=true isVisible=true isVisibleRequested=true isTopActivityNoDisplay=false isSleeping=false locusId=null displayAreaFeatureId=1 isTopActivityTransparent=false isActivityStackTransparent=true lastNonFullscreenBounds=Rect(279, 701 - 802, 1781) capturedLink=null capturedLinkTimestamp=0 requestedVisibleTypes=-9 topActivityRequestOpenInBrowserEducationTimestamp=0 appCompatTaskInfo=AppCompatTaskInfo { topActivityInSizeCompat=false eligibleForLetterboxEducation= false isLetterboxEducationEnabled= false isLetterboxDoubleTapEnabled= false eligibleForUserAspectRatioButton= false topActivityBoundsLetterboxed= false isFromLetterboxDoubleTap= false topActivityLetterboxVerticalPosition= -1 topActivityLetterboxHorizontalPosition= -1 topActivityLetterboxWidth=-1 topActivityLetterboxHeight=-1 topActivityAppBounds=Rect(0, 0 - 0, 0) isUserFullscreenOverrideEnabled=false isSystemFullscreenOverrideEnabled=false hasMinAspectRatioOverride=false topActivityLetterboxBounds=null cameraCompatTaskInfo=CameraCompatTaskInfo { freeformCameraCompatMode=undefined}} topActivityMainWindowFrame=null}, pipChange = null, remoteTransition = null, displayChange = null, flags = 0, debugId = 553 }
04-14 17:25:51.767  2603  2638 V WindowManager:     startWCT=WindowContainerTransaction { changes= {} hops= [] errorCallbackToken=null taskFragmentOrganizer=null }
04-14 17:25:51.769  2603  2638 V WindowManager:     info={id=553 t=CLOSE f=0x0 trk=0 isSameTaskSwitch=false r=[0@Point(0, 0)] c=[
04-14 17:25:51.769  2603  2638 V WindowManager:         {WCT{RemoteToken{eaeda5a Task{67c94c3 #3546 type=home}}} m=TO_FRONT f=SHOW_WALLPAPER|MOVE_TO_TOP leash=Surface(name=Task=3546)/@0xf6420d9 sb=Rect(0, 0 - 1080, 2412) eb=Rect(0, 0 - 1080, 2412) epz=Point(1080, 2412) d=0 taskParent=-1 ntPopUpView={mIsTryEnterWindowingMode=false mIsEnterWindowingModeLandscape=false mIsChangingWindowformBounds=false mStartPos=Point(0, 0) mEndPos=Point(0, 0) mStartScale=0.0 mEndScale=0.0 mStartCornerRadius=0.0 mEndCornerRadius=0.0 mAppBounds=Rect(0, 0 - 0, 0) mWindowCrop=Rect(0, 0 - 0, 0) mStartDragOrChangingBounds=Rect(0, 0 - 0, 0) mEndDragOrChangingBounds=Rect(0, 0 - 0, 0) mBottomLeftCornerLeash=null mBottomRightCornerLeash=null mDragBarLeash=null mCornerHintSize=60x60 mDragBarSize=189x42}},
04-14 17:25:51.769  2603  2638 V WindowManager:         {WCT{RemoteToken{7d70ef Task{27305d2 #3615 type=standard A=10610:com.benschwank.blop}}} m=CLOSE f=NONE leash=Surface(name=Task=3615)/@0x2a37e93 sb=Rect(0, 0 - 1080, 2412) eb=Rect(0, 0 - 1080, 2412) epz=Point(1080, 2412) d=0 taskParent=-1 ntPopUpView={mIsTryEnterWindowingMode=false mIsEnterWindowingModeLandscape=false mIsChangingWindowformBounds=false mStartPos=Point(0, 0) mEndPos=Point(0, 0) mStartScale=0.0 mEndScale=0.0 mStartCornerRadius=0.0 mEndCornerRadius=0.0 mAppBounds=Rect(0, 0 - 0, 0) mWindowCrop=Rect(0, 0 - 0, 0) mStartDragOrChangingBounds=Rect(0, 0 - 0, 0) mEndDragOrChangingBounds=Rect(0, 0 - 0, 0) mBottomLeftCornerLeash=null mBottomRightCornerLeash=null mDragBarLeash=null mCornerHintSize=60x60 mDragBarSize=189x42}},
04-14 17:25:51.769  2603  2638 V WindowManager:         {m=TO_FRONT f=IS_WALLPAPER leash=Surface(name=WallpaperWindowToken{98a1b61 showWhenLocked=false})/@0x7d7588a sb=Rect(0, 0 - 1080, 2412) eb=Rect(0, 0 - 1080, 2412) epz=Point(1080, 2412) d=0 ntPopUpView={mIsTryEnterWindowingMode=false mIsEnterWindowingModeLandscape=false mIsChangingWindowformBounds=false mStartPos=Point(0, 0) mEndPos=Point(0, 0) mStartScale=0.0 mEndScale=0.0 mStartCornerRadius=0.0 mEndCornerRadius=0.0 mAppBounds=Rect(0, 0 - 0, 0) mWindowCrop=Rect(0, 0 - 0, 0) mStartDragOrChangingBounds=Rect(0, 0 - 0, 0) mEndDragOrChangingBounds=Rect(0, 0 - 0, 0) mBottomLeftCornerLeash=null mBottomRightCornerLeash=null mDragBarLeash=null mCornerHintSize=0x0 mDragBarSize=0x0}}
04-14 17:25:51.769  2603  2638 V WindowManager:     ]}
04-14 17:25:51.770  2603  3116 I system_server: AssetManager2(0xb4000076b0b1c058) locale list changing from [] to [de-DE]
04-14 17:25:51.771  3873  3930 I othing.launcher: AssetManager2(0xb4000076b0b55d58) locale list changing from [] to [de-DE]
04-14 17:25:51.771  3873  3873 D NtViewRootImpl: mPopUpViewOffsets: offset=(0.0, 0.0), scale=(1.0, 1.0)
04-14 17:25:51.772  6709 16859 I gs.intelligence: AssetManager2(0xb4000076b0ae1d18) locale list changing from [] to [de-DE]
04-14 17:25:51.773  2603  3115 I ImeTracker: com.nothing.launcher:7f892e5e: onRequestHide at ORIGIN_SERVER reason HIDE_UNSPECIFIED_WINDOW fromUser false
04-14 17:25:51.774  3327  3425 V WindowManagerShell:  animated by com.android.wm.shell.transition.RemoteTransitionHandler@4f2054b
04-14 17:25:51.775  3873  3873 D InsetsController: hide(ime(), fromIme=false)
04-14 17:25:51.775  3873  3873 I ImeTracker: com.nothing.launcher:7f892e5e: onCancelled at PHASE_CLIENT_ALREADY_HIDDEN
04-14 17:25:51.778  2603  4257 W ParceledListSlice: Element #342 is 17808 bytes.
04-14 17:25:51.780  6709 16859 I gs.intelligence: AssetManager2(0xb4000076b0ae7ad8) locale list changing from [] to [de-DE]
04-14 17:25:51.781  6645  6645 I GoogleInputMethodService: GoogleInputMethodService.onFinishInput():2159 
04-14 17:25:51.781  6645  6645 I Module  : DeviceLockedStatusModuleProvider$Module.updateDeviceLockedStatus():103 repeatCheckTimes = 0, locked = false
04-14 17:25:51.782  6645  6645 I GoogleInputMethodService: GoogleInputMethodService.onStartInput():1434 onStartInput(EditorInfo{EditorInfo{packageName=com.nothing.launcher, inputType=0, inputTypeString=NULL, enableLearning=false, autoCorrection=false, autoComplete=false, imeOptions=0, privateImeOptions=null, actionName=UNSPECIFIED, actionLabel=null, initialSelStart=-1, initialSelEnd=-1, initialCapsMode=0, label=null, fieldId=0, fieldName=null, extras=null, hintText=null, hintLocales=[]}}, false)
04-14 17:25:51.782  6645  6645 I AndroidIME: LatinIMEBase.updateInputViewCoverNavigation():312 Update input view padding, isNavbarOverInputWindow=true, bottom inset=113
04-14 17:25:51.783  6645  6645 I Module  : DeviceLockedStatusModuleProvider$Module.updateDeviceLockedStatus():103 repeatCheckTimes = 1, locked = false
04-14 17:25:51.784  6709 16858 I gs.intelligence: AssetManager2(0xb4000076b0aebf98) locale list changing from [] to [de-DE]
04-14 17:25:51.785  6709 16856 D CursorConverter: Returning icon, id :2131230891
04-14 17:25:51.786  2603  5568 W ParceledListSlice: Element #21 is 16956 bytes.
04-14 17:25:51.786  2603  5568 W ParceledListSlice: Element #22 is 16964 bytes.
04-14 17:25:51.787  2603  3429 W PackageConfigPersister: App-specific configuration not found for packageName: com.nothing.launcher and userId: 0
04-14 17:25:51.789  6709 16856 D CursorConverter: Returning icon, id :2131230891
04-14 17:25:51.789  6709  6724 I NT-SettingsIntelligence: SearchResultAggregator -> resultCount : 1 ,limit = 3 ,taskId = 13
04-14 17:25:51.792  2603  3116 I system_server: AssetManager2(0xb4000076b0b11798) locale list changing from [] to [de-DE]
04-14 17:25:51.793  6709 16858 I gs.intelligence: AssetManager2(0xb4000076b0ae6e58) locale list changing from [] to [de-DE]
04-14 17:25:51.794  2603  4317 I ImeTracker: system_server:dd08caad: onRequestHide at ORIGIN_SERVER reason IME_REQUESTED_CHANGED_LISTENER fromUser false
04-14 17:25:51.794  6709 16859 I gs.intelligence: AssetManager2(0xb4000076b0ae2998) locale list changing from [] to [de-DE]
04-14 17:25:51.795  2603  2641 I ImeTracker: system_server:dd08caad: onCancelled at PHASE_SERVER_SHOULD_HIDE
04-14 17:25:51.799  3873  3873 I NotificationListener: Handling notification state refresh for com.arenti.smartlife#0
04-14 17:25:51.799  3873  3873 I NotificationListener: Handling notification state refresh for com.arenti.smartlife#0
04-14 17:25:51.799  3873  3873 I NotificationListener: Handling notification state refresh for com.arenti.smartlife#0
04-14 17:25:51.799  3873  3873 I NotificationListener: Handling notification state refresh for com.arenti.smartlife#0
04-14 17:25:51.799  3873  3873 I NotificationListener: Handling notification state refresh for com.arenti.smartlife#0
04-14 17:25:51.799  3873  3873 I NotificationListener: Handling notification state refresh for com.arenti.smartlife#0
04-14 17:25:51.799  3873  3873 I NotificationListener: Handling notification state refresh for com.arenti.smartlife#0
04-14 17:25:51.799  3873  3873 I NotificationListener: Handling notification state refresh for com.arenti.smartlife#0
04-14 17:25:51.799  3873  3873 I NotificationListener: Handling notification state refresh for com.arenti.smartlife#0
04-14 17:25:51.799  3873  3873 I NotificationListener: Handling notification state refresh for com.arenti.smartlife#0
04-14 17:25:51.799  3873  3873 I NotificationListener: Handling notification state refresh for com.arenti.smartlife#0
04-14 17:25:51.799  3873  3873 I NotificationListener: Handling notification state refresh for com.arenti.smartlife#0
04-14 17:25:51.799  3873  3873 I NotificationListener: Handling notification state refresh for com.arenti.smartlife#0
04-14 17:25:51.799  3873  3873 I NotificationListener: Handling notification state refresh for com.arenti.smartlife#0
04-14 17:25:51.799  3873  3873 I NotificationListener: Handling notification state refresh for com.arenti.smartlife#0
04-14 17:25:51.799  3873  3873 I NotificationListener: Handling notification state refresh for com.arenti.smartlife#0
04-14 17:25:51.799  3873  3873 I NotificationListener: Handling notification state refresh for com.arenti.smartlife#0
04-14 17:25:51.799  3873  3873 I NotificationListener: Handling notification state refresh for com.life360.android.safetymapd#0
04-14 17:25:51.799  3873  3873 I NotificationListener: Handling notification state refresh for com.google.android.gm#0
04-14 17:25:51.799  3873  3873 I NotificationListener: Handling notification state refresh for com.microsoft.appmanager#0
04-14 17:25:51.805  6709 16858 I gs.intelligence: AssetManager2(0xb4000076b0ae0d78) locale list changing from [] to [de-DE]
04-14 17:25:51.805  2603  2622 I system_server: Background young concurrent mark compact GC freed 63MB AllocSpace bytes, 63(1288KB) LOS objects, 41% free, 125MB/213MB, paused 1.781ms,2.926ms total 169.383ms
04-14 17:25:51.809  6709 16857 I gs.intelligence: AssetManager2(0xb4000076b0adc8b8) locale list changing from [] to [de-DE]
04-14 17:25:51.810  6709 16858 I gs.intelligence: AssetManager2(0xb4000076b0ae2fd8) locale list changing from [] to [de-DE]
04-14 17:25:51.813  6709 16859 I gs.intelligence: AssetManager2(0xb4000076b0adf798) locale list changing from [] to [de-DE]
04-14 17:25:51.814  6709  6792 I gs.intelligence: AssetManager2(0xb4000076b0aeb958) locale list changing from [] to [de-DE]
04-14 17:25:51.815  2603  3455 D OomAdjuster: process : com.android.angle, pid = 13184, isTop = false, uid = 10128, hasActivity = false
04-14 17:25:51.815  2603  3455 D OomAdjuster: process : com.android.angle is not top!
04-14 17:25:51.816  2603  3455 D ActivityManager: sync unfroze 13184 com.android.angle for 7
04-14 17:25:51.817  2603  2639 I SensorService: checkAndReportAmbientLightSensorStateChangeLocked new 1 old 1 force 0
04-14 17:25:51.819  2603  3218 D BackgroundInstallControlService: Package event received: 0
04-14 17:25:51.822  6709 16859 I gs.intelligence: AssetManager2(0xb4000076b0add858) locale list changing from [] to [de-DE]
04-14 17:25:51.824  6709  6792 W IndexableDataCollector: Cannot add index data for Uri: content://com.android.angle/settings/non_indexables_key
04-14 17:25:51.831  3873  3873 I NTWidget-Host: Call HostView Resume at onUpdate: WidgetId = 2,position = 2
04-14 17:25:51.838  6709 16857 I gs.intelligence: AssetManager2(0xb4000076b0ade7f8) locale list changing from [] to [de-DE]
04-14 17:25:51.839  2603  3429 W ParceledListSlice: Element #258 is 18204 bytes.
04-14 17:25:51.842  6709 16857 I gs.intelligence: AssetManager2(0xb4000076b0adb2d8) locale list changing from [] to [de-DE]
04-14 17:25:51.845  6709  6792 I gs.intelligence: AssetManager2(0xb4000076b0ae9a18) locale list changing from [] to [de-DE]
04-14 17:25:51.846  2603  3455 D OomAdjuster: process : com.android.settings, pid = 7265, isTop = false, uid = 1000, hasActivity = false
04-14 17:25:51.846  2603  3455 D OomAdjuster: system app not need limit!
04-14 17:25:51.846  2603  3455 D ActivityManager: sync unfroze 7265 com.android.settings for 7
04-14 17:25:51.847  2603  3218 D BackgroundInstallControlService: Package event received: 0
04-14 17:25:51.850  7265 25669 D PrefCtrlListHelper: Could not find Context-only controller for pref: com.android.settings.fuelgauge.batterysaver.BatterySaverButtonPreferenceController
04-14 17:25:51.850  7265 25669 D PrefCtrlListHelper: Could not find Context-only controller for pref: com.android.settings.fuelgauge.batterysaver.BatterySaverStickyPreferenceController
04-14 17:25:51.850  7265 25669 D PrefCtrlListHelper: Could not find Context-only controller for pref: com.android.settings.gestures.SystemNavigationPreferenceController
04-14 17:25:51.851  7265 25669 D PrefCtrlListHelper: Could not find Context-only controller for pref: com.android.settings.gestures.OneHandedEnablePreferenceController
04-14 17:25:51.851  7265 25669 D PrefCtrlListHelper: Could not find Context-only controller for pref: com.android.settings.accessibility.PowerButtonEndsCallPreferenceController
04-14 17:25:51.851  7265 25669 D PrefCtrlListHelper: Could not find Context-only controller for pref: com.android.settings.accessibility.LockScreenRotationPreferenceController
04-14 17:25:51.851  7265 25669 D PrefCtrlListHelper: Could not find Context-only controller for pref: com.android.settings.display.DeviceStateAutoRotateOverviewController
04-14 17:25:51.851  6709 16857 I gs.intelligence: AssetManager2(0xb4000076b0adf478) locale list changing from [] to [de-DE]
04-14 17:25:51.853  6709 16857 I gs.intelligence: AssetManager2(0xb4000076b0ae2038) locale list changing from [] to [de-DE]
04-14 17:25:51.854  2603  3924 D OomAdjuster: process : com.lemon.lvoverseas, pid = 30431, isTop = false, uid = 10332, hasActivity = false
04-14 17:25:51.854  2603  3924 D OomAdjuster: process : com.lemon.lvoverseas is not top!
04-14 17:25:51.854  2603  3924 D OomAdjuster: process : com.lemon.lvoverseas:push, pid = 30793, isTop = false, uid = 10332, hasActivity = false
04-14 17:25:51.854  2603  3924 D OomAdjuster: process : com.lemon.lvoverseas:push is not top!
04-14 17:25:51.855  2603  3218 D BackgroundInstallControlService: Package event received: 0
04-14 17:25:51.855  2603  3218 D BackgroundInstallControlService: Package event received: 0
04-14 17:25:51.855  2603  3218 D BackgroundInstallControlService: Package event received: 0
04-14 17:25:51.855  7265 25669 D PrefCtrlListHelper: Could not find Context-only controller for pref: com.nothing.settings.fuelgauge.BatteryChargingDisplayNotificationPreferenceController
04-14 17:25:51.856  7265 25669 D PrefCtrlListHelper: Could not find Context-only controller for pref: com.android.settings.datetime.timezone.TimeZoneInfoPreferenceController
04-14 17:25:51.856  6709 16857 I gs.intelligence: AssetManager2(0xb4000076b0adfdd8) locale list changing from [] to [de-DE]
04-14 17:25:51.856  7265 25669 V SettingsSearchProvider: com.android.settings.datetime.timezone.x@fbb2421 tried to add an empty non-indexable key
04-14 17:25:51.856  7265 25669 D PrefCtrlListHelper: Could not find Context-only controller for pref: com.nothing.settings.display.font.DisplayDefaultFontController
04-14 17:25:51.856  7265 25669 D PrefCtrlListHelper: Could not find Context-only controller for pref: com.android.settings.accessibility.FontWeightAdjustmentPreferenceController
04-14 17:25:51.857  7265 25669 D PrefCtrlListHelper: Could not find Context-only controller for pref: com.android.settings.security.MemtagPreferenceController
04-14 17:25:51.857  7265 25669 D PrefCtrlListHelper: Could not find Context-only controller for pref: com.android.settings.security.MemtagFooterPreferenceController
04-14 17:25:51.857  7265 25669 V SettingsSearchProvider: com.android.settings.search.b@9e45791 tried to add an empty non-indexable key
04-14 17:25:51.858  7265 25669 D PrefCtrlListHelper: Could not find Context-only controller for pref: com.android.settings.network.BluetoothWiFiResetPreferenceController
04-14 17:25:51.858  7265 25669 D PrefCtrlListHelper: Could not find Context-only controller for pref: com.android.settings.network.EraseEuiccDataController
04-14 17:25:51.858  7265 25669 D PrefCtrlListHelper: Could not find Context-only controller for pref: com.android.settings.privatespace.delete.ResetOptionsDeletePrivateSpaceController
04-14 17:25:51.858  7265 25669 D PrefCtrlListHelper: Could not find Context-only controller for pref: com.android.settings.system.FactoryResetPreferenceController
04-14 17:25:51.858  7265 25669 D PrefCtrlListHelper: Could not find Context-only controller for pref: com.android.settings.system.FactoryResetDemoUserPreferenceController
04-14 17:25:51.862  7265 25669 D PrefCtrlListHelper: Could not find Context-only controller for pref: com.android.settings.gestures.SwipeToNotificationPreferenceController
04-14 17:25:51.862  7265 25669 D PrefCtrlListHelper: Could not find Context-only controller for pref: com.android.settings.emergency.MoreSettingsPreferenceController
04-14 17:25:51.862  7265 25669 D PrefCtrlListHelper: Could not find Context-only controller for pref: com.android.settings.emergency.EmergencyGestureEntrypointPreferenceController
04-14 17:25:51.863  7265 25669 D PrefCtrlListHelper: Could not find Context-only controller for pref: com.android.settings.inputmethod.PointerScaleSeekBarController
04-14 17:25:51.863  7265 25669 D PrefCtrlListHelper: Could not find Context-only controller for pref: com.android.settings.accessibility.AutoclickPreferenceController
04-14 17:25:51.863  7265 25669 D PrefCtrlListHelper: Could not find Context-only controller for pref: com.android.settings.gestures.DoubleTwistPreferenceController
04-14 17:25:51.863  7265 25669 D PrefCtrlListHelper: Could not find Context-only controller for pref: com.android.settings.inputmethod.ModifierKeysPreferenceController
04-14 17:25:51.864  7265 25669 D PrefCtrlListHelper: Could not find Context-only controller for pref: com.android.settings.inputmethod.ModifierKeysRestorePreferenceController
04-14 17:25:51.865  3873  3873 I NTWidget-Host: Call HostView Resume at onUpdate: WidgetId = 3,position = 3
04-14 17:25:51.868  7265 25669 I ndroid.settings: AssetManager2(0xb4000076b0b57978) locale list changing from [] to [de-DE]
04-14 17:25:51.869  7265 25669 I ndroid.settings: AssetManager2(0xb4000076b0b64df8) locale list changing from [] to [de-DE]
04-14 17:25:51.870  7265 25669 I ndroid.settings: AssetManager2(0xb4000076b0b615b8) locale list changing from [] to [de-DE]
04-14 17:25:51.871  6709  6724 I NT-SettingsIntelligence: SearchResultAggregator -> resultCount : 0 ,limit = 3 ,taskId = 14
04-14 17:25:51.871  6709  6724 I NT-SettingsIntelligence: SearchResultAggregator -> resultCount : 0 ,limit = 3 ,taskId = 16
04-14 17:25:51.871  6709  6724 I NT-SettingsIntelligence: SearchResultAggregator -> resultCount : 0 ,limit = 3 ,taskId = 15
04-14 17:25:51.872  7265 25669 V OnDeviceRecognitionPreferenceController: Recognition service in the same package as the default on-device recognizer with settings activity: com.google.android.as/com.google.android.apps.miphone.aiai.speech.languagepacks.settings.ui.SettingsActivity.
04-14 17:25:51.872  7265 25669 V OnDeviceRecognitionPreferenceController: Recognition service not in the same package as the default on-device recognizer: com.google.android.tts/com.google.android.apps.speech.tts.googletts.service.GoogleTTSRecognitionService.
04-14 17:25:51.872  7265 25669 V OnDeviceRecognitionPreferenceController: Recognition service not in the same package as the default on-device recognizer: com.qualcomm.qti.voiceai.speech/com.qualcomm.qti.voiceai.speech.SpeechRecognitionService.
04-14 17:25:51.872  7265 25669 D PrefCtrlListHelper: Could not find Context-only controller for pref: com.android.settings.language.PhoneLanguagePreferenceController
04-14 17:25:51.872  7265 25669 D PrefCtrlListHelper: Could not find Context-only controller for pref: com.android.settings.applications.appinfo.AppsLocalePreferenceController
04-14 17:25:51.872  7265 25669 D PrefCtrlListHelper: Could not find Context-only controller for pref: com.android.settings.regionalpreferences.RegionalPreferencesController
04-14 17:25:51.872  7265 25669 D PrefCtrlListHelper: Could not find Context-only controller for pref: com.android.settings.language.OnDeviceRecognitionPreferenceController
04-14 17:25:51.872  7265 25669 W PrefCtrlListHelper: on_device_recognition_settings already has a controller
04-14 17:25:51.873  7265 25669 D PrefCtrlListHelper: Could not find Context-only controller for pref: com.android.settings.security.ContentProtectionTogglePreferenceController
04-14 17:25:51.875  7265 25669 D PrefCtrlListHelper: Could not find Context-only controller for pref: com.android.settings.security.ContentProtectionWorkSwitchController
04-14 17:25:51.877  3873  3930 I NT-QuickstepModelDelegate: handleUpdate: no diff for -102
04-14 17:25:51.877  7265 25669 D PrefCtrlListHelper: Could not find Context-only controller for pref: com.android.settings.users.MultiUserTopIntroPreferenceController
04-14 17:25:51.878  7265 25669 D PrefCtrlListHelper: Could not find Context-only controller for pref: com.android.settings.users.TimeoutToDockUserPreferenceController
04-14 17:25:51.880  7265 25669 D PrefCtrlListHelper: Could not find Context-only controller for pref: com.android.settings.gestures.ButtonNavigationSettingsAssistController
04-14 17:25:51.881  7265 25669 D PrefCtrlListHelper: Could not find Context-only controller for pref: com.android.settings.notification.SummarizationGlobalPreferenceController
04-14 17:25:51.881  7265 25669 D PrefCtrlListHelper: Could not find Context-only controller for pref: com.android.settings.notification.AdjustmentExcludedAppsPreferenceController
04-14 17:25:51.881  7265 25669 D PrefCtrlListHelper: Could not find Context-only controller for pref: com.android.settings.notification.SummarizationManageAppsPreferenceController
04-14 17:25:51.881  7265 25669 V SettingsSearchProvider: com.android.settings.notification.s1@64dc7 tried to add an empty non-indexable key
04-14 17:25:51.881  7265 25669 D PrefCtrlListHelper: Could not find Context-only controller for pref: com.android.settings.gestures.DoubleTapScreenPreferenceController
04-14 17:25:51.881  7265 25669 V SettingsSearchProvider: com.android.settings.search.b@6c24992 tried to add an empty non-indexable key
04-14 17:25:51.881  7265 25669 D PrefCtrlListHelper: Could not find Context-only controller for pref: com.android.settings.applications.specialaccess.interactacrossprofiles.InteractAcrossProfilesController
04-14 17:25:51.881  7265 25669 D PrefCtrlListHelper: Could not find Context-only controller for pref: com.android.settings.enterprise.ManageDeviceAdminPreferenceController
04-14 17:25:51.881  7265 25669 D PrefCtrlListHelper: Could not find Context-only controller for pref: com.android.settings.applications.specialaccess.SystemAlertWindowPreferenceController
04-14 17:25:51.881  7265 25669 D PrefCtrlListHelper: Could not find Context-only controller for pref: com.android.settings.applications.specialaccess.zenaccess.ZenAccessController
04-14 17:25:51.881  3873  3873 I NTWidget-Host: Call HostView Resume at onUpdate: WidgetId = 4,position = 4
04-14 17:25:51.881  7265 25669 D PrefCtrlListHelper: Could not find Context-only controller for pref: com.android.settings.applications.specialaccess.notificationaccess.NotificationAccessController
04-14 17:25:51.882  7265 25669 D PrefCtrlListHelper: Could not find Context-only controller for pref: com.android.settings.applications.specialaccess.MediaRoutingControlPreferenceController
04-14 17:25:51.882  7265 25669 D PrefCtrlListHelper: Could not find Context-only controller for pref: com.android.settings.spa.app.specialaccess.UseFullScreenIntentPreferenceController
04-14 17:25:51.882  7265 25669 D PrefCtrlListHelper: Could not find Context-only controller for pref: com.android.settings.spa.app.specialaccess.WriteSystemPreferencesPreferenceController
04-14 17:25:51.882  7265 25669 D PrefCtrlListHelper: Could not find Context-only controller for pref: com.android.settings.applications.specialaccess.pictureinpicture.PictureInPictureController
04-14 17:25:51.882  7265 25669 D PrefCtrlListHelper: Could not find Context-only controller for pref: com.android.settings.applications.specialaccess.premiumsms.PremiumSmsController
04-14 17:25:51.882  7265 25669 D PrefCtrlListHelper: Could not find Context-only controller for pref: com.android.settings.applications.specialaccess.DataSaverController
04-14 17:25:51.882  7265 25669 D PrefCtrlListHelper: Could not find Context-only controller for pref: com.android.settings.applications.specialaccess.applications.LongBackgroundTaskController
04-14 17:25:51.882  7265 25669 D PrefCtrlListHelper: Could not find Context-only controller for pref: com.android.settings.applications.specialaccess.vrlistener.EnabledVrListenersController
04-14 17:25:51.882  7265 25669 D PrefCtrlListHelper: Could not find Context-only controller for pref: com.android.settings.applications.specialaccess.MoreSpecialAccessPreferenceController
