04-14 11:52:31.222  6282 15520 I IPCThreadState: oneway function results for code 2 on binder at 0xb400007670af23f0 will be dropped but finished with status UNKNOWN_TRANSACTION
04-14 11:52:31.229 15580 15580 I Finsky:background: [2] Memory trim requested to level 40
04-14 11:52:31.563  2603  3218 D BackgroundInstallControlService: Package event received: 0
04-14 11:52:31.563  2603  5389 D OomAdjuster: process : com.lemon.lvoverseas, pid = 30431, isTop = false, uid = 10332, hasActivity = false
04-14 11:52:31.563  2603  5389 D OomAdjuster: process : com.lemon.lvoverseas is not top!
04-14 11:52:31.563  2603  5389 D OomAdjuster: process : com.lemon.lvoverseas:push, pid = 30793, isTop = false, uid = 10332, hasActivity = false
04-14 11:52:31.564  2603  5389 D OomAdjuster: process : com.lemon.lvoverseas:push is not top!
04-14 11:52:31.564  2603  3218 D BackgroundInstallControlService: Package event received: 0
04-14 11:52:31.564  2603  3218 D BackgroundInstallControlService: Package event received: 0
04-14 11:52:31.613  1781  1781 I [kworke][0x65670e137][09:52:31.587559] qca6490: [1781:I:PMO] pmo_core_enable_wow_in_fw: drv wow is enabled
04-14 11:52:31.648  1781  1781 I [kworke][0x6567aec1e][09:52:31.621838] qca6490: [1781:I:HIF] hif_try_complete_tasks: waiting for tasklets 0 grp tasklets 0 work 2
04-14 11:52:31.738  1368  4202 I vendor.qti.bluetooth@1.0-ibs_handler: ProcessIbsCmd: Received IBS_WAKE_IND: 0xFD
04-14 11:52:31.738  1368  4202 I vendor.qti.bluetooth@1.0-ibs_handler: ProcessIbsCmd: Writing IBS_WAKE_ACK
04-14 11:52:31.781  1368  4202 I vendor.qti.bluetooth@1.0-ibs_handler: ProcessIbsCmd: Received IBS_SLEEP_IND: 0xFE
04-14 11:52:31.834  2603  2975 I SensorService: [NothSensor] com.google.android.gms Calling batch handle 11 flags 0 rate 20000000 timeout 0
04-14 11:52:31.834  1390  1390 I sensors-hal: batch:205, android.sensor.accelerometer/11, period=20000000, max_latency=0
04-14 11:52:31.835  1390  1390 I sensors-hal: set_config:61, sample_period_ns is adjusted to 20000000 based on min/max delay_ns
04-14 11:52:31.835  1390  1390 I sensors-hal: send_sensor_config_request:398, resampler is used, set resampler config
04-14 11:52:31.835  1390  1390 I sensors-hal: send_sync_sensor_request:344, send sync request
04-14 11:52:31.835  1390  1390 I sensors-hal: send_sync_sensor_request:370, wait for notification of response
04-14 11:52:31.838  1390 12651 I sensors-hal: ssc_conn_resp_cb:649, resp_value = 0
04-14 11:52:31.838  1390  1390 I sensors-hal: send_sync_sensor_request:376, takes 3 ms to receive the response with 0
04-14 11:52:31.838  1390  1390 I sensors-hal: batch:214, android.sensor.accelerometer/11, period=20000000, max_latency=0 request completed
04-14 11:52:31.839  1390  1390 I sensors-hal: flush:234, android.sensor.accelerometer/11
04-14 11:52:31.839  1390  1390 I sensors-hal: send_sync_sensor_request:344, send sync request
04-14 11:52:31.839  1390  1390 I sensors-hal: send_sync_sensor_request:370, wait for notification of response
04-14 11:52:31.840  1390 12651 I sensors-hal: ssc_conn_resp_cb:649, resp_value = 0
04-14 11:52:31.840  1390  1390 I sensors-hal: send_sync_sensor_request:376, takes 0 ms to receive the response with 0
04-14 11:52:31.840  1390  1390 I sensors-hal: flush:240, android.sensor.accelerometer/11 completed
04-14 11:52:32.023  3954  3954 D BoundBrokerSvc: onUnbind: Intent { act=com.google.android.gms.libs.gmscorelogger.service.START dat=chimera-action:/... xflg=0x4 cmp=com.google.android.gms/.chimera.PersistentDirectBootAwareApiService }
04-14 11:52:32.050  3295  6250 D ThermalMitigationStrategy: reEvaluate:  mPendingScenesInfo: scenes: [charger] app: com.benschwank.blop appCat: -1 level: 4 temp: 34 uid: 10609 pid: 16638 mScenesInfo: scenes: [charger] app: com.android.settings appCat: -1 level: 4 temp: 34 uid: 1000 pid: 7825 sceneChange: false appChange: true levelChange: false
04-14 11:52:32.050  3295  6250 D ThermalMitigationStrategy: updatePolicyAndNotifyLocked222: origin config: {} last: {}
04-14 11:52:32.050  3295  6250 D ThermalMitigationStrategy: updatePolicyAndNotifyLocked: no any update, return
04-14 11:52:32.050  3295  6250 D ThermalMitigationStrategy: notifyBufferRateLocked: com.benschwank.blop 16638 10609 -1 com.benschwank.blop|charger -1
04-14 11:52:32.232  2603  3143 D InetDiagMessage: Destroyed 0 sockets, proto=IPPROTO_TCP, family=AF_INET, states=14
04-14 11:52:32.237  2603  3143 D InetDiagMessage: Destroyed 1 sockets, proto=IPPROTO_TCP, family=AF_INET6, states=14
04-14 11:52:32.237  2603  3143 D InetDiagMessage: Destroyed live tcp sockets for uids={10377} in 10ms
04-14 11:52:32.240  2603  3143 D InetDiagMessage: Destroyed 0 sockets, proto=IPPROTO_TCP, family=AF_INET, states=14
04-14 11:52:32.243  2603  3143 D InetDiagMessage: Destroyed 0 sockets, proto=IPPROTO_TCP, family=AF_INET6, states=14
04-14 11:52:32.243  2603  3143 D InetDiagMessage: Destroyed live tcp sockets for uids={20377} in 6ms
04-14 11:52:32.245  2603  3143 D InetDiagMessage: Destroyed 0 sockets, proto=IPPROTO_TCP, family=AF_INET, states=14
04-14 11:52:32.270    38    38 I [kworke][0x657314f95][09:52:32.244391] qca6490: [38:I:PMO] pmo_core_psoc_send_host_wakeup_ind_to_fw: Host wakeup indication sent to fw
04-14 11:52:32.247  2603  3143 D InetDiagMessage: Destroyed 0 sockets, proto=IPPROTO_TCP, family=AF_INET6, states=14
04-14 11:52:32.247  2603  3143 D InetDiagMessage: Destroyed live tcp sockets for uids={10215} in 4ms
04-14 11:52:32.249  2603  3143 D InetDiagMessage: Destroyed 0 sockets, proto=IPPROTO_TCP, family=AF_INET, states=14
04-14 11:52:32.251  2603  3143 D InetDiagMessage: Destroyed 0 sockets, proto=IPPROTO_TCP, family=AF_INET6, states=14
04-14 11:52:32.251  2603  3143 D InetDiagMessage: Destroyed live tcp sockets for uids={20215} in 4ms
04-14 11:52:32.322  1368  4202 I vendor.qti.bluetooth@1.0-ibs_handler: ProcessIbsCmd: Received IBS_WAKE_IND: 0xFD
04-14 11:52:32.322  1368  4202 I vendor.qti.bluetooth@1.0-ibs_handler: ProcessIbsCmd: Writing IBS_WAKE_ACK
04-14 11:52:32.324  3954  3954 D BoundBrokerSvc: onUnbind: Intent { act=com.google.android.gms.common.telemetry.service.START dat=chimera-action:/... xflg=0x4 cmp=com.google.android.gms/.chimera.PersistentApiService }
04-14 11:52:32.364  1368  4202 I vendor.qti.bluetooth@1.0-ibs_handler: ProcessIbsCmd: Received IBS_SLEEP_IND: 0xFE
04-14 11:52:32.407  1368  4202 I vendor.qti.bluetooth@1.0-ibs_handler: ProcessIbsCmd: Received IBS_WAKE_IND: 0xFD
04-14 11:52:32.407  1368  4202 I vendor.qti.bluetooth@1.0-ibs_handler: ProcessIbsCmd: Writing IBS_WAKE_ACK
04-14 11:52:32.451  1368  4202 I vendor.qti.bluetooth@1.0-ibs_handler: ProcessIbsCmd: Received IBS_SLEEP_IND: 0xFE
04-14 11:52:32.555  2603  3143 D InetDiagMessage: Destroyed 0 sockets, proto=IPPROTO_TCP, family=AF_INET, states=14
04-14 11:52:32.559  2603  3143 D InetDiagMessage: Destroyed 2 sockets, proto=IPPROTO_TCP, family=AF_INET6, states=14
04-14 11:52:32.559  2603  3143 D InetDiagMessage: Destroyed live tcp sockets for uids={10416} in 6ms
04-14 11:52:32.561  2603  3143 D InetDiagMessage: Destroyed 0 sockets, proto=IPPROTO_TCP, family=AF_INET, states=14
04-14 11:52:32.563  2603  3143 D InetDiagMessage: Destroyed 0 sockets, proto=IPPROTO_TCP, family=AF_INET6, states=14
04-14 11:52:32.563  2603  3143 D InetDiagMessage: Destroyed live tcp sockets for uids={20416} in 4ms
04-14 11:52:32.603  2603  3088 D ActivityManager: freezing 7582 com.google.android.apps.photos
04-14 11:52:32.610  2603  3143 D InetDiagMessage: Destroyed 0 sockets, proto=IPPROTO_TCP, family=AF_INET, states=14
04-14 11:52:32.613  2603  3143 D InetDiagMessage: Destroyed 0 sockets, proto=IPPROTO_TCP, family=AF_INET6, states=14
04-14 11:52:32.613  2603  3143 D InetDiagMessage: Destroyed live tcp sockets for uids={10173} in 4ms
04-14 11:52:32.706  2603  2603 W CachedAppOptimi: type=1400 audit(0.0:2790): avc:  denied  { write } for  dev="tmpfs" ino=2050 scontext=u:r:system_server:s0 tcontext=u:object_r:zygote_tmpfs:s0 tclass=file permissive=0
04-14 11:52:32.978  1368  4202 I vendor.qti.bluetooth@1.0-ibs_handler: ProcessIbsCmd: Received IBS_WAKE_IND: 0xFD
04-14 11:52:32.979  1368  4202 I vendor.qti.bluetooth@1.0-ibs_handler: ProcessIbsCmd: Writing IBS_WAKE_ACK
04-14 11:52:32.983  3954  9026 I NearbyDiscovery: (REDACTED) BloomFilterAdvManager: Detected bloom filter but too far away, ignoring. %sm, %s
04-14 11:52:32.998 14701 14701 W RenderThread: type=1400 audit(0.0:2791): avc:  denied  { getattr } for  path="/proc/kallsyms" dev="proc" ino=4026532063 scontext=u:r:untrusted_app:s0:c121,c257,c512,c768 tcontext=u:object_r:proc_kallsyms:s0 tclass=file permissive=0 app=de.payback.client.android
04-14 11:52:32.998 14701 14701 W RenderThread: type=1400 audit(0.0:2792): avc:  denied  { getattr } for  path="/proc/keys" dev="proc" ino=4026532072 scontext=u:r:untrusted_app:s0:c121,c257,c512,c768 tcontext=u:object_r:proc_keys:s0 tclass=file permissive=0 app=de.payback.client.android
04-14 11:52:32.998 14701 14701 W RenderThread: type=1400 audit(0.0:2793): avc:  denied  { getattr } for  path="/proc/bootconfig" dev="proc" ino=4026532022 scontext=u:r:untrusted_app:s0:c121,c257,c512,c768 tcontext=u:object_r:proc_bootconfig:s0 tclass=file permissive=0 app=de.payback.client.android
04-14 11:52:32.998 14701 14701 W RenderThread: type=1400 audit(0.0:2794): avc:  denied  { getattr } for  path="/proc/modules" dev="proc" ino=4026532062 scontext=u:r:untrusted_app:s0:c121,c257,c512,c768 tcontext=u:object_r:proc_modules:s0 tclass=file permissive=0 app=de.payback.client.android
04-14 11:52:33.029 14759 14759 W audit   : audit_lost=1657 audit_rate_limit=5 audit_backlog_limit=64
04-14 11:52:33.029 14759 14759 E audit   : rate limit exceeded
04-14 11:52:33.019  1368  4202 I vendor.qti.bluetooth@1.0-ibs_handler: ProcessIbsCmd: Received IBS_SLEEP_IND: 0xFE
04-14 11:52:33.085  2603  3218 D BackgroundInstallControlService: Package event received: 0
04-14 11:52:33.086  2603  2975 D OomAdjuster: process : com.lemon.lvoverseas, pid = 30431, isTop = false, uid = 10332, hasActivity = false
04-14 11:52:33.086  2603  2975 D OomAdjuster: process : com.lemon.lvoverseas is not top!
04-14 11:52:33.086  2603  3218 D BackgroundInstallControlService: Package event received: 0
04-14 11:52:33.087  2603  2975 D OomAdjuster: process : com.lemon.lvoverseas:push, pid = 30793, isTop = false, uid = 10332, hasActivity = false
04-14 11:52:33.087  2603  2975 D OomAdjuster: process : com.lemon.lvoverseas:push is not top!
04-14 11:52:33.087  2603  3218 D BackgroundInstallControlService: Package event received: 0
04-14 11:52:33.255 16656 16792 D ProfileInstaller: Skipping profile installation for com.bonial.kaufda
04-14 11:52:33.462    38    38 I [kworke][0x6588e72b4][09:52:33.436112] qca6490: [38:I:PMO] pmo_core_enable_wow_in_fw: drv wow is enabled
04-14 11:52:33.506    38    38 I [kworke][0x6589b62f4][09:52:33.480275] qca6490: [38:I:HIF] hif_try_complete_tasks: waiting for tasklets 0 grp tasklets 0 work 2
04-14 11:52:33.741  1368  4202 I vendor.qti.bluetooth@1.0-ibs_handler: ProcessIbsCmd: Received IBS_WAKE_IND: 0xFD
04-14 11:52:33.741  1368  4202 I vendor.qti.bluetooth@1.0-ibs_handler: ProcessIbsCmd: Writing IBS_WAKE_ACK
04-14 11:52:33.750  2603  3088 D ActivityManager: freezing 30289 com.google.android.apps.messaging
04-14 11:52:33.782  1368  4202 I vendor.qti.bluetooth@1.0-ibs_handler: ProcessIbsCmd: Received IBS_SLEEP_IND: 0xFE
04-14 11:52:33.805  3524  4239 I bt_shim_scanner: system/main/shim/le_scanning_manager.cc:376 BatchscanReadReports: in shim layer
04-14 11:52:33.806  1368  1368 I vendor.qti.bluetooth@1.0-ibs_handler: DeviceWakeUp: Writing IBS_WAKE_IND
04-14 11:52:33.807  1368  4202 I vendor.qti.bluetooth@1.0-ibs_handler: ProcessIbsCmd: Received IBS_WAKE_ACK: 0xFC
04-14 11:52:33.807  1368  4202 I vendor.qti.bluetooth@1.0-ibs_handler: ProcessIbsCmd: Signal wack_cond_
04-14 11:52:33.808  1368  4202 I vendor.qti.bluetooth@1.0-ibs_handler: ProcessIbsCmd: Received IBS_WAKE_IND: 0xFD
04-14 11:52:33.808  1368  4202 I vendor.qti.bluetooth@1.0-ibs_handler: ProcessIbsCmd: Writing IBS_WAKE_ACK
04-14 11:52:33.817  3524  4873 I AdapterProperties: getBondedDevices: length=29
04-14 11:52:33.818  3524  4873 I bt_btif_dm: system/btif/src/btif_dm.cc:955 btif_dm_get_connection_state: Acl is not connected to peer:xx:xx:xx:xx:00:6c
04-14 11:52:33.819  3524  4873 I bt_btif_dm: system/btif/src/btif_dm.cc:955 btif_dm_get_connection_state: Acl is not connected to peer:xx:xx:xx:xx:ef:0c
04-14 11:52:33.820  3524  4873 I bt_btif_dm: system/btif/src/btif_dm.cc:955 btif_dm_get_connection_state: Acl is not connected to peer:xx:xx:xx:xx:11:97
04-14 11:52:33.821  3524  4873 I bt_btif_dm: system/btif/src/btif_dm.cc:955 btif_dm_get_connection_state: Acl is not connected to peer:xx:xx:xx:xx:76:68
04-14 11:52:33.822  3524  4873 I bt_btif_dm: system/btif/src/btif_dm.cc:955 btif_dm_get_connection_state: Acl is not connected to peer:xx:xx:xx:xx:c6:0d
04-14 11:52:33.823  3524  4873 I bt_btif_dm: system/btif/src/btif_dm.cc:955 btif_dm_get_connection_state: Acl is not connected to peer:xx:xx:xx:xx:6d:d5
04-14 11:52:33.824  3524  4873 I bt_btif_dm: system/btif/src/btif_dm.cc:955 btif_dm_get_connection_state: Acl is not connected to peer:xx:xx:xx:xx:8a:44
04-14 11:52:33.825  3524  4873 I bt_btif_dm: system/btif/src/btif_dm.cc:955 btif_dm_get_connection_state: Acl is not connected to peer:xx:xx:xx:xx:d4:b8
04-14 11:52:33.826  3524  4873 I bt_btif_dm: system/btif/src/btif_dm.cc:955 btif_dm_get_connection_state: Acl is not connected to peer:xx:xx:xx:xx:db:0d
04-14 11:52:33.826  3524  4873 I bt_btif_dm: system/btif/src/btif_dm.cc:955 btif_dm_get_connection_state: Acl is not connected to peer:xx:xx:xx:xx:00:be
04-14 11:52:33.827  3524  4873 I bt_btif_dm: system/btif/src/btif_dm.cc:955 btif_dm_get_connection_state: Acl is not connected to peer:xx:xx:xx:xx:ac:0f
04-14 11:52:33.828  3524  4873 I bt_btif_dm: system/btif/src/btif_dm.cc:955 btif_dm_get_connection_state: Acl is not connected to peer:xx:xx:xx:xx:f7:3a
04-14 11:52:33.829  3524  4873 I bt_btif_dm: system/btif/src/btif_dm.cc:955 btif_dm_get_connection_state: Acl is not connected to peer:xx:xx:xx:xx:49:ea
04-14 11:52:33.830  3524  4873 I bt_btif_dm: system/btif/src/btif_dm.cc:955 btif_dm_get_connection_state: Acl is not connected to peer:xx:xx:xx:xx:c9:66
04-14 11:52:33.830  3524  5084 I bt_btif_dm: system/btif/src/btif_dm.cc:955 btif_dm_get_connection_state: Acl is not connected to peer:xx:xx:xx:xx:98:2d
04-14 11:52:33.831  3524  5084 I bt_btif_dm: system/btif/src/btif_dm.cc:955 btif_dm_get_connection_state: Acl is not connected to peer:xx:xx:xx:xx:fc:45
04-14 11:52:33.832  3524  5084 I bt_btif_dm: system/btif/src/btif_dm.cc:955 btif_dm_get_connection_state: Acl is not connected to peer:xx:xx:xx:xx:18:69
04-14 11:52:33.832  3524  5084 I bt_btif_dm: system/btif/src/btif_dm.cc:955 btif_dm_get_connection_state: Acl is not connected to peer:xx:xx:xx:xx:1d:d9
04-14 11:52:33.833  3524  5084 I bt_btif_dm: system/btif/src/btif_dm.cc:955 btif_dm_get_connection_state: Acl is not connected to peer:xx:xx:xx:xx:6a:51
04-14 11:52:33.833  3524  5084 I bt_btif_dm: system/btif/src/btif_dm.cc:955 btif_dm_get_connection_state: Acl is not connected to peer:xx:xx:xx:xx:1d:84
04-14 11:52:33.835  3524  5052 I bt_btif_dm: system/btif/src/btif_dm.cc:955 btif_dm_get_connection_state: Acl is not connected to peer:xx:xx:xx:xx:fd:72
04-14 11:52:33.837  3524  5052 I bt_btif_dm: system/btif/src/btif_dm.cc:955 btif_dm_get_connection_state: Acl is not connected to peer:xx:xx:xx:xx:a6:bf
04-14 11:52:33.837  3524  5052 I bt_btif_dm: system/btif/src/btif_dm.cc:955 btif_dm_get_connection_state: Acl is not connected to peer:xx:xx:xx:xx:30:01
04-14 11:52:33.838  3524  5052 I bt_btif_dm: system/btif/src/btif_dm.cc:955 btif_dm_get_connection_state: Acl is not connected to peer:xx:xx:xx:xx:00:a8
04-14 11:52:33.838  3524  5052 I bt_btif_dm: system/btif/src/btif_dm.cc:955 btif_dm_get_connection_state: Acl is not connected to peer:xx:xx:xx:xx:25:71
04-14 11:52:33.863  1781  1781 I [kworke][0x65903f701][09:52:33.837236] qca6490: [1781:I:PMO] pmo_core_psoc_send_host_wakeup_ind_to_fw: Host wakeup indication sent to fw
04-14 11:52:33.839  3524  5052 I bt_btif_dm: system/btif/src/btif_dm.cc:955 btif_dm_get_connection_state: Acl is not connected to peer:xx:xx:xx:xx:e9:eb
04-14 11:52:33.839  3524  5052 I bt_btif_dm: system/btif/src/btif_dm.cc:955 btif_dm_get_connection_state: Acl is not connected to peer:xx:xx:xx:xx:ad:b4
04-14 11:52:33.839  3524  5052 I bt_btif_dm: system/btif/src/btif_dm.cc:955 btif_dm_get_connection_state: Acl is not connected to peer:xx:xx:xx:xx:87:8d
04-14 11:52:33.840  3524  5052 I AdapterProperties: getBondedDevices: length=29
04-14 11:52:33.840  3524  4873 I bt_btif_dm: system/btif/src/btif_dm.cc:955 btif_dm_get_connection_state: Acl is not connected to peer:xx:xx:xx:xx:00:6c
04-14 11:52:33.840  3524  4873 I bt_btif_dm: system/btif/src/btif_dm.cc:955 btif_dm_get_connection_state: Acl is not connected to peer:xx:xx:xx:xx:ef:0c
04-14 11:52:33.841  3524  4873 I bt_btif_dm: system/btif/src/btif_dm.cc:955 btif_dm_get_connection_state: Acl is not connected to peer:xx:xx:xx:xx:11:97
04-14 11:52:33.841  3524  4873 I bt_btif_dm: system/btif/src/btif_dm.cc:955 btif_dm_get_connection_state: Acl is not connected to peer:xx:xx:xx:xx:76:68
04-14 11:52:33.842  3524  4873 I bt_btif_dm: system/btif/src/btif_dm.cc:955 btif_dm_get_connection_state: Acl is not connected to peer:xx:xx:xx:xx:c6:0d
04-14 11:52:33.842  3524  4873 I bt_btif_dm: system/btif/src/btif_dm.cc:955 btif_dm_get_connection_state: Acl is not connected to peer:xx:xx:xx:xx:6d:d5
04-14 11:52:33.842  3524  4873 I bt_btif_dm: system/btif/src/btif_dm.cc:955 btif_dm_get_connection_state: Acl is not connected to peer:xx:xx:xx:xx:8a:44
04-14 11:52:33.843  3524  4873 I bt_btif_dm: system/btif/src/btif_dm.cc:955 btif_dm_get_connection_state: Acl is not connected to peer:xx:xx:xx:xx:d4:b8
04-14 11:52:33.843  3524  4873 I bt_btif_dm: system/btif/src/btif_dm.cc:955 btif_dm_get_connection_state: Acl is not connected to peer:xx:xx:xx:xx:db:0d
04-14 11:52:33.844  3524  4873 I bt_btif_dm: system/btif/src/btif_dm.cc:955 btif_dm_get_connection_state: Acl is not connected to peer:xx:xx:xx:xx:00:be
04-14 11:52:33.844  3524  4873 I bt_btif_dm: system/btif/src/btif_dm.cc:955 btif_dm_get_connection_state: Acl is not connected to peer:xx:xx:xx:xx:ac:0f
04-14 11:52:33.844  3524  4873 I bt_btif_dm: system/btif/src/btif_dm.cc:955 btif_dm_get_connection_state: Acl is not connected to peer:xx:xx:xx:xx:f7:3a
04-14 11:52:33.845  3524  4873 I bt_btif_dm: system/btif/src/btif_dm.cc:955 btif_dm_get_connection_state: Acl is not connected to peer:xx:xx:xx:xx:49:ea
04-14 11:52:33.845  3524  4873 I bt_btif_dm: system/btif/src/btif_dm.cc:955 btif_dm_get_connection_state: Acl is not connected to peer:xx:xx:xx:xx:c9:66
04-14 11:52:33.845  3524  4873 I bt_btif_dm: system/btif/src/btif_dm.cc:955 btif_dm_get_connection_state: Acl is not connected to peer:xx:xx:xx:xx:98:2d
04-14 11:52:33.846  3524  4873 I bt_btif_dm: system/btif/src/btif_dm.cc:955 btif_dm_get_connection_state: Acl is not connected to peer:xx:xx:xx:xx:fc:45
04-14 11:52:33.846  3524  4873 I bt_btif_dm: system/btif/src/btif_dm.cc:955 btif_dm_get_connection_state: Acl is not connected to peer:xx:xx:xx:xx:18:69
04-14 11:52:33.847  3524  4873 I bt_btif_dm: system/btif/src/btif_dm.cc:955 btif_dm_get_connection_state: Acl is not connected to peer:xx:xx:xx:xx:1d:d9
04-14 11:52:33.847  3524  4873 I bt_btif_dm: system/btif/src/btif_dm.cc:955 btif_dm_get_connection_state: Acl is not connected to peer:xx:xx:xx:xx:6a:51
04-14 11:52:33.847  3524  4873 I bt_btif_dm: system/btif/src/btif_dm.cc:955 btif_dm_get_connection_state: Acl is not connected to peer:xx:xx:xx:xx:1d:84
04-14 11:52:33.848  3524  4873 I bt_btif_dm: system/btif/src/btif_dm.cc:955 btif_dm_get_connection_state: Acl is not connected to peer:xx:xx:xx:xx:fd:72
04-14 11:52:33.848  3524  4873 I bt_btif_dm: system/btif/src/btif_dm.cc:955 btif_dm_get_connection_state: Acl is not connected to peer:xx:xx:xx:xx:a6:bf
04-14 11:52:33.849  3524  4873 I bt_btif_dm: system/btif/src/btif_dm.cc:955 btif_dm_get_connection_state: Acl is not connected to peer:xx:xx:xx:xx:30:01
04-14 11:52:33.849  3524  4873 I bt_btif_dm: system/btif/src/btif_dm.cc:955 btif_dm_get_connection_state: Acl is not connected to peer:xx:xx:xx:xx:00:a8
04-14 11:52:33.849  3524  4873 I bt_btif_dm: system/btif/src/btif_dm.cc:955 btif_dm_get_connection_state: Acl is not connected to peer:xx:xx:xx:xx:25:71
04-14 11:52:33.850  3524  4873 I bt_btif_dm: system/btif/src/btif_dm.cc:955 btif_dm_get_connection_state: Acl is not connected to peer:xx:xx:xx:xx:e9:eb
04-14 11:52:33.850  3524  4873 I bt_btif_dm: system/btif/src/btif_dm.cc:955 btif_dm_get_connection_state: Acl is not connected to peer:xx:xx:xx:xx:ad:b4
04-14 11:52:33.851  3524  4873 I bt_btif_dm: system/btif/src/btif_dm.cc:955 btif_dm_get_connection_state: Acl is not connected to peer:xx:xx:xx:xx:87:8d
04-14 11:52:33.854  1368  4202 I vendor.qti.bluetooth@1.0-ibs_handler: ProcessIbsCmd: Received IBS_SLEEP_IND: 0xFE
04-14 11:52:34.013  1378  1378 W healthd : time_last:1216, soc_current_time=1415, soc_pre_time=199,charging_status:1,soc_temp:100
04-14 11:52:34.013  1378  1378 W healthd : soc_b:100, soc:100, soc_c:100, Vol:4495, Cur:688,chg_s:1,t_l:1216,b_s:2,OffTlast:0,lcd_off:0,Vu:4927,Vw:-5,pid:1378,brightness:7.514338,rmCap:3260
04-14 11:52:34.013  1378  1378 W healthd : battery l=100 v=4495 t=33.0 h=2 st=2 c=688000 fc=3260000 cc=691 chg=a
04-14 11:52:34.030  1378  1378 W healthd : time_last:1216, soc_current_time=1415, soc_pre_time=199,charging_status:1,soc_temp:100
04-14 11:52:34.031  1378  1378 W healthd : soc_b:100, soc:100, soc_c:100, Vol:4495, Cur:688,chg_s:1,t_l:1216,b_s:2,OffTlast:0,lcd_off:0,Vu:4922,Vw:-6,pid:1378,brightness:7.514338,rmCap:3260
04-14 11:52:34.036  1378  1378 W HealthLoop: debug.nt.screen_brightness:7.514338
04-14 11:52:34.023  3327  5217 D PowerUI : can't show warning due to - plugged: true status unknown: false
04-14 11:52:34.024  2603  2603 V UiModeManager: updateLocked: null action, mDockState=0, category=null
04-14 11:52:34.025  2603  2603 E UiModeManager: mComputedNightMode:true, mNightMode.get():2, mOverrideNightModeOn:false, mOverrideNightModeOff:falsemTwilightManager.getLastTwilightState():null
04-14 11:52:34.025  3295  3295 D BatteryHealthController: plugType=1
04-14 11:52:34.025  2603  2603 D UiModeManager: updateConfigurationLocked: mDockState=0; mCarMode=false; mNightMode=com.android.server.UiModeManagerService$1@122d458; mNightModeCustomType=-1; uiMode=33
04-14 11:52:34.027  1422  1422 E NtChgAidl: NtChgAidl: mBattTempRegion _aidl_return:0
04-14 11:52:34.027  2603  2603 D NtThemeManager: setExtraDark, currentUser:0, enableOverlay:true, mCurrentExtraDarkMode:true
04-14 11:52:34.027  3582  3582 D QtiCarrierConfigHelper: WARNING, no carrier configs on phone Id: 1
04-14 11:52:34.029  2603  3132 D WifiStaIfaceHidlImpl: getCachedScanData is not implemented by HIDL
04-14 11:52:34.030  3555  3555 D DeviceStatisticsService: onReceive: action= android.intent.action.BATTERY_CHANGED
04-14 11:52:34.031  3327  3475 D ChargeStateMonitor: syncNtChgData() adaptorPowerRate = 0 phoneMaxPowerRate = 45
04-14 11:52:34.033  3555  3555 V DeviceStatisticsService: chargerType=1 batteryLevel=100 totalBatteryCapacity=3260000
04-14 11:52:34.033  3555  3555 D DeviceInfoHidlClient: isRadioOn()=true
04-14 11:52:34.033  3555  3555 I DeviceInfoHidlClient: isPowerInfoNeverSent=false batteryLevel=100 batteryLevelIndex=6 chargingMode=1 totalCapacity=3260000 powerSaveMode=false
04-14 11:52:34.399  3954 16627 I NearbyMediums: Found Fast Ble Advertisements :
04-14 11:52:34.399  3954 16627 I NearbyMediums: BleAdvertisement { version=2, socketVersion=2, isFast=true, serviceIdHash=null, data=[ 0x23 0x55 0x55 0x42 0x59 0x11 0x32 0x52 0xa4 0x66 0x5e 0xf7 0x9a 0xfd 0x77 0xf8 0xfc 0x50 0x6d 0xee 0xfc 0x6b 0x89 ], deviceToken=[ 0xc9 0x2e ], rxAdvertisement=[ 0xa0 0x17 0x49 0x60 0x27 0xf8 0xb6 0x96 0x52 0x77 0xf7 0xa9 0x2e 0xc0 0x81 0xdc 0x38 0x6a 0xa2 0x1d 0x66 0x52 0x83 0xaf 0xb0 0xac 0x21 0xa4 0xa6 0x86 0x5e 0x45 0x57 0x0b 0x84 0x15 0x05 0x7f 0x00 0x00 0x84 0x15 0x06 0x61 0x00 0x00 0x84 0x15 0x04 0x7f 0x00 0x00 0x84 0x15 0x07 0x61 0x00 0x00 0x83 0x15 0x01 0x14 0x3c ] } : 5 times.
04-14 11:52:34.399  3954 16627 I NearbyMediums: BleAdvertisement { version=2, socketVersion=2, isFast=true, serviceIdHash=null, data=[ 0x23 0x31 0x56 0x53 0x52 0x11 0x32 0xa5 0xfa 0x83 0xa0 0xd9 0x9a 0x08 0xdd 0x02 0x28 0xde 0xe7 0x4f 0x1d 0xa8 0xff ], deviceToken=[ 0x71 0x08 ], rxAdvertisement=null } : 8 times.
04-14 11:52:34.399  3954 16627 I NearbyMediums: BleAdvertisement { version=2, socketVersion=2, isFast=true, serviceIdHash=null, data=[ 0x23 0x33 0x35 0x4c 0x45 0x11 0x32 0x28 0x7b 0xa8 0x34 0xcf 0xec 0x97 0x55 0x83 0xc8 0x48 0x13 0x52 0x26 0x76 0xa0 ], deviceToken=[ 0x4a 0x3f ], rxAdvertisement=null } : 1 times.
04-14 11:52:34.399  3954 16627 I NearbyMediums: Total 14 fast advertisements from 3 unique advertisers.
04-14 11:52:34.400  3954 16627 I NearbyMediums: Current Tracked Scanning Clients are : {NearbyConnections.EnvironmentMonitor, NearbySharing}
04-14 11:52:34.407  3954  9747 I cn_CronetUrlRequestContext: destroyNativeStreamLocked org.chromium.net.impl.CronetBidirectionalStream@c3bb98a
04-14 11:52:34.409  3954  6731 E CloudNode: aborted sync loop in NetworkEventHandler: type3, Error reading gRPC response.
04-14 11:52:34.409  3954  6731 E CloudNode: Cause: jpkd: INTERNAL: Internal error encountered.
04-14 11:52:34.452  1368  4202 I vendor.qti.bluetooth@1.0-ibs_handler: ProcessIbsCmd: Received IBS_WAKE_IND: 0xFD
04-14 11:52:34.452  1368  4202 I vendor.qti.bluetooth@1.0-ibs_handler: ProcessIbsCmd: Writing IBS_WAKE_ACK
04-14 11:52:34.460  3954  9026 I NearbyDiscovery: (REDACTED) BloomFilterAdvManager: Detected bloom filter but too far away, ignoring. %sm, %s
04-14 11:52:34.494  1368  4202 I vendor.qti.bluetooth@1.0-ibs_handler: ProcessIbsCmd: Received IBS_SLEEP_IND: 0xFE
04-14 11:52:34.519  1368  4202 I vendor.qti.bluetooth@1.0-ibs_handler: ProcessIbsCmd: Received IBS_WAKE_IND: 0xFD
04-14 11:52:34.519  1368  4202 I vendor.qti.bluetooth@1.0-ibs_handler: ProcessIbsCmd: Writing IBS_WAKE_ACK
04-14 11:52:34.520  2603  3454 W BroadcastQueue: Ignoring finishReceiverLocked; no active broadcast for BroadcastProcessQueue{c1c2ba6 30431:com.lemon.lvoverseas/u0a332}
04-14 11:52:34.560  1368  4202 I vendor.qti.bluetooth@1.0-ibs_handler: ProcessIbsCmd: Received IBS_SLEEP_IND: 0xFE
04-14 11:52:34.585  1368  4202 I vendor.qti.bluetooth@1.0-ibs_handler: ProcessIbsCmd: Received IBS_WAKE_IND: 0xFD
04-14 11:52:34.585  1368  4202 I vendor.qti.bluetooth@1.0-ibs_handler: ProcessIbsCmd: Writing IBS_WAKE_ACK
04-14 11:52:34.609  2603  3454 D OomAdjuster: process : com.lemon.lvoverseas, pid = 30431, isTop = false, uid = 10332, hasActivity = false
04-14 11:52:34.609  2603  3218 D BackgroundInstallControlService: Package event received: 0
04-14 11:52:34.609  2603  3454 D OomAdjuster: process : com.lemon.lvoverseas is not top!
04-14 11:52:34.610  2603  3454 D OomAdjuster: process : com.lemon.lvoverseas:push, pid = 30793, isTop = false, uid = 10332, hasActivity = false
04-14 11:52:34.610  2603  3454 D OomAdjuster: process : com.lemon.lvoverseas:push is not top!
04-14 11:52:34.612  2603  3218 D BackgroundInstallControlService: Package event received: 0
04-14 11:52:34.613  2603  3218 D BackgroundInstallControlService: Package event received: 0
04-14 11:52:34.643  1368  4202 I vendor.qti.bluetooth@1.0-ibs_handler: ProcessIbsCmd: Received IBS_SLEEP_IND: 0xFE
04-14 11:52:34.815  1368  4205 I vendor.qti.bluetooth@1.0-ibs_handler: DeviceSleep: TX Awake, Sending SLEEP_IND
04-14 11:52:34.869  1422  1422 E NtChgAidl: NtChgAidl: Charger type:PD
04-14 11:52:34.870  2603  2998 E NtCharge: mICharge.getUsb_real_type :PD
04-14 11:52:34.871  1422  1422 E NtChgAidl: NtChgAidl: getMaxChargingCurrentInt PATH not found
04-14 11:52:34.871  1422  1422 E NtChgAidl: NtChgAidl: getMaxChargingVoltageInt PATH not found
04-14 11:52:34.871  2603  2998 E NtCharge: mMaxChgVoltage :5000000
04-14 11:52:34.872  2603  2998 E NtCharge: mMaxChgCurrent :1600000
04-14 11:52:34.872  2603  2998 D NtCharge: Charging info:Bundle[{plugType=1, BatteryTemperature=330, chargingProtocol=PD, maxChargingVoltage=5000000, maxChargingCurrent=1600000}]
04-14 11:52:34.998 14701 14701 W RenderThread: type=1400 audit(0.0:2796): avc:  denied  { getattr } for  path="/proc/kallsyms" dev="proc" ino=4026532063 scontext=u:r:untrusted_app:s0:c121,c257,c512,c768 tcontext=u:object_r:proc_kallsyms:s0 tclass=file permissive=0 app=de.payback.client.android
04-14 11:52:34.998 14701 14701 W RenderThread: type=1400 audit(0.0:2797): avc:  denied  { getattr } for  path="/proc/keys" dev="proc" ino=4026532072 scontext=u:r:untrusted_app:s0:c121,c257,c512,c768 tcontext=u:object_r:proc_keys:s0 tclass=file permissive=0 app=de.payback.client.android
04-14 11:52:34.998 14701 14701 W RenderThread: type=1400 audit(0.0:2798): avc:  denied  { getattr } for  path="/proc/bootconfig" dev="proc" ino=4026532022 scontext=u:r:untrusted_app:s0:c121,c257,c512,c768 tcontext=u:object_r:proc_bootconfig:s0 tclass=file permissive=0 app=de.payback.client.android
04-14 11:52:34.998 14701 14701 W RenderThread: type=1400 audit(0.0:2799): avc:  denied  { getattr } for  path="/proc/modules" dev="proc" ino=4026532062 scontext=u:r:untrusted_app:s0:c121,c257,c512,c768 tcontext=u:object_r:proc_modules:s0 tclass=file permissive=0 app=de.payback.client.android
04-14 11:52:34.998 14701 14701 W RenderThread: type=1400 audit(0.0:2800): avc:  denied  { read } for  name="enforce" dev="selinuxfs" ino=4 scontext=u:r:untrusted_app:s0:c121,c257,c512,c768 tcontext=u:object_r:selinuxfs:s0 tclass=file permissive=0 app=de.payback.client.android
04-14 11:52:35.119  1781  1781 I [kworke][0x65a740140][09:52:35.093479] qca6490: [1781:I:PMO] pmo_core_enable_wow_in_fw: drv wow is enabled
04-14 11:52:35.171  1368  4202 I vendor.qti.bluetooth@1.0-ibs_handler: ProcessIbsCmd: Received IBS_WAKE_IND: 0xFD
04-14 11:52:35.171  1368  4202 I vendor.qti.bluetooth@1.0-ibs_handler: ProcessIbsCmd: Writing IBS_WAKE_ACK
04-14 11:52:35.213  1368  4202 I vendor.qti.bluetooth@1.0-ibs_handler: ProcessIbsCmd: Received IBS_SLEEP_IND: 0xFE
04-14 11:52:35.261  1368  4202 I vendor.qti.bluetooth@1.0-ibs_handler: ProcessIbsCmd: Received IBS_WAKE_IND: 0xFD
04-14 11:52:35.261  1368  4202 I vendor.qti.bluetooth@1.0-ibs_handler: ProcessIbsCmd: Writing IBS_WAKE_ACK
04-14 11:52:35.268  1390  1390 I sensors-hal: batch:205, android.sensor.accelerometer/11, period=20000000, max_latency=2000000000
04-14 11:52:35.268  1390  1390 I sensors-hal: set_config:61, sample_period_ns is adjusted to 20000000 based on min/max delay_ns
04-14 11:52:35.268  1390  1390 I sensors-hal: send_sensor_config_request:398, resampler is used, set resampler config
04-14 11:52:35.268  1390  1390 I sensors-hal: send_sync_sensor_request:344, send sync request
04-14 11:52:35.268  1390  1390 I sensors-hal: send_sync_sensor_request:370, wait for notification of response
04-14 11:52:35.272  1390 12651 I sensors-hal: ssc_conn_resp_cb:649, resp_value = 0
04-14 11:52:35.272  1390  1390 I sensors-hal: send_sync_sensor_request:376, takes 3 ms to receive the response with 0
04-14 11:52:35.272  1390  1390 I sensors-hal: batch:214, android.sensor.accelerometer/11, period=20000000, max_latency=2000000000 request completed
04-14 11:52:35.272  2603  5389 I SensorService: [NothSensor] disable handle 11 deactive(0)
04-14 11:52:35.299  2603  5389 W AppOps  : Noting op not finished: uid 10124 pkg com.google.android.gms code 113 startTime of in progress event=1776159825197
04-14 11:52:35.303  2603  5389 W AppOps  : Noting op not finished: uid 10124 pkg com.google.android.gms code 113 startTime of in progress event=1776159825197
04-14 11:52:35.317  2603  3454 W AppOps  : Noting op not finished: uid 10249 pkg com.life360.android.safetymapd code 79 startTime of in progress event=1776159830198
04-14 11:52:35.321  1368  4202 I vendor.qti.bluetooth@1.0-ibs_handler: ProcessIbsCmd: Received IBS_SLEEP_IND: 0xFE
04-14 11:52:35.322  2603  4330 W AppOps  : Noting op not finished: uid 10249 pkg com.life360.android.safetymapd code 79 startTime of in progress event=1776159830198
04-14 11:52:35.327  2603  4330 W AppOps  : Noting op not finished: uid 10124 pkg com.google.android.gms code 113 startTime of in progress event=1776159825197
04-14 11:52:35.329  2603  5389 W AppOps  : Noting op not finished: uid 10124 pkg com.google.android.gms code 79 startTime of in progress event=1776159825197
04-14 11:52:35.332  1390  1390 I sensors-hal: batch:205, android.sensor.accelerometer/11, period=200000000, max_latency=2000000000
04-14 11:52:35.332  1390  1390 I sensors-hal: set_config:61, sample_period_ns is adjusted to 200000000 based on min/max delay_ns
04-14 11:52:35.332  1390  1390 I sensors-hal: send_sensor_config_request:398, resampler is used, set resampler config
04-14 11:52:35.332  1390  1390 I sensors-hal: send_sync_sensor_request:344, send sync request
04-14 11:52:35.333  1390  1390 I sensors-hal: send_sync_sensor_request:370, wait for notification of response
04-14 11:52:35.335  1390 12651 I sensors-hal: ssc_conn_resp_cb:649, resp_value = 0
04-14 11:52:35.335  1390  1390 I sensors-hal: send_sync_sensor_request:376, takes 2 ms to receive the response with 0
04-14 11:52:35.335  1390  1390 I sensors-hal: batch:214, android.sensor.accelerometer/11, period=200000000, max_latency=2000000000 request completed
04-14 11:52:35.335  2603  3454 I SensorService: [NothSensor] disable handle 11 deactive(0)
04-14 11:52:35.339  2603  3454 I SensorService: [NothSensor] com.google.android.gms Calling batch handle 172 flags 0 rate 0 timeout 0
04-14 11:52:35.868  1422  1446 E NtChgAidl: NtChgAidl: InGameStatus: 0
04-14 11:52:35.868  1422  1446 E NtChg   : NtChg:handle_batt_temp_little_cool triggered
04-14 11:52:35.868  1422  1446 E NtChg   : NtChg:set temp_region=3
04-14 11:52:35.868  1422  1446 E NtChg   : NtChg:set ibatmax=2500 and set vbatmax=4500
04-14 11:52:35.894  1446  1446 I NtChg   : T0-6:[50,100,350,370,390,410,500],chg_series:8,is_changed:1,TeBoT0-6:[50,100,330,370,390,410,500],TRegion:3,Temp:348,tzname:shell_front,Ibat:2500,onlineI:-400,param_type:6,AbnormalStatus:0,tzn:92,g_cp_mode:5,vbat:0,pr_id:1,OnGameStatus:0
04-14 11:52:35.895  1446  1446 W nt_vote : FCC_MAIN: FCC_NT_CHG_VOTER,0 same vote on of val=2500
04-14 11:52:35.895  1446  1446 W nt_vote : FCC_MAIN: FCC_NT_CHG_VOTER,0 Ignoring similar vote on of val=2500
04-14 11:52:35.965  1368  4202 I vendor.qti.bluetooth@1.0-ibs_handler: ProcessIbsCmd: Received IBS_WAKE_IND: 0xFD
04-14 11:52:35.990  4638  4638 E simulated_ntc: proc_shell_write write invalid para
04-14 11:52:35.966  1368  4202 I vendor.qti.bluetooth@1.0-ibs_handler: ProcessIbsCmd: Writing IBS_WAKE_ACK
04-14 11:52:35.973  3954  9026 I NearbyDiscovery: (REDACTED) BloomFilterAdvManager: Detected bloom filter but too far away, ignoring. %sm, %s
04-14 11:52:36.044  1368  4202 I vendor.qti.bluetooth@1.0-ibs_handler: ProcessIbsCmd: Received IBS_SLEEP_IND: 0xFE
04-14 11:52:36.057  1368  4202 I vendor.qti.bluetooth@1.0-ibs_handler: ProcessIbsCmd: Received IBS_WAKE_IND: 0xFD
04-14 11:52:36.057  1368  4202 I vendor.qti.bluetooth@1.0-ibs_handler: ProcessIbsCmd: Writing IBS_WAKE_ACK
04-14 11:52:36.102  1368  4202 I vendor.qti.bluetooth@1.0-ibs_handler: ProcessIbsCmd: Received IBS_SLEEP_IND: 0xFE
