04-14 10:47:59.274  2635  3185 D InetDiagMessage: Destroyed 0 sockets, proto=IPPROTO_TCP, family=AF_INET, states=14
04-14 10:47:59.275  2635  3185 D InetDiagMessage: Destroyed 0 sockets, proto=IPPROTO_TCP, family=AF_INET6, states=14
04-14 10:47:59.275  2635  3185 D InetDiagMessage: Destroyed live tcp sockets for uids={10120} in 2ms
04-14 10:47:59.334 12979 22774 I egip    : (REDACTED) appOpsListener %s %s
04-14 10:47:59.336 12979 22774 I egip    : (REDACTED) Ignoring irrelevant audio permission changes for package %s
04-14 10:47:59.359  1501  5110 E ANDR-PERF-LM: VmRssMeter:: start() 358: Could not find pid, can not collect vmrss data
04-14 10:47:59.360  1501  5110 E ANDR-PERF-LM: AdaptiveLaunch: writeToDataBase() 64: Meter aborted or could not get meter data for this run
04-14 10:47:59.365  1501  5109 E ANDR-PERF-LM: VmRssMeter:: start() 358: Could not find pid, can not collect vmrss data
04-14 10:47:59.369   525   525 D lowmemorykiller: medium pressure event polling check
04-14 10:47:59.369   525   525 I lowmemorykiller: nr_free_pages: 91226 nr_inactive_file: 682068 nr_active_file: 381092 workingset_refault: 112189571 pgrefill: 204189636 pgscan_kswapd: 589670477 pgscan_direct: 3511614 pgscan_direct_throttle: 0 init_pgscan_direct: 3495994 init_pgscan_kswapd: 589670477 base_file_lru: 1063136 init_ws_refault: 112189547 free_swap: 209890 total_swap: 1048575 swap_free_percentage: 20%
04-14 10:47:59.369   525   525 D lowmemorykiller: Ignoring medium pressure event; system is not in reclaim or compaction and no refaults
04-14 10:47:59.408  2635  2635 W CachedAppOptimi: type=1400 audit(0.0:182344): avc:  denied  { write } for  dev="tmpfs" ino=3076 scontext=u:r:system_server:s0 tcontext=u:object_r:zygote_tmpfs:s0 tclass=file permissive=0
04-14 10:47:59.469   525   525 D lowmemorykiller: medium pressure event polling check
04-14 10:47:59.470   525   525 I lowmemorykiller: nr_free_pages: 95236 nr_inactive_file: 679625 nr_active_file: 380117 workingset_refault: 112189571 pgrefill: 204189636 pgscan_kswapd: 589670477 pgscan_direct: 3511614 pgscan_direct_throttle: 0 init_pgscan_direct: 3495994 init_pgscan_kswapd: 589670477 base_file_lru: 1063136 init_ws_refault: 112189547 free_swap: 209014 total_swap: 1048575 swap_free_percentage: 19%
04-14 10:47:59.470   525   525 D lowmemorykiller: Ignoring medium pressure event; system is not in reclaim or compaction and no refaults
04-14 10:47:59.570   525   525 D lowmemorykiller: medium pressure event polling check
04-14 10:47:59.571   525   525 I lowmemorykiller: nr_free_pages: 101105 nr_inactive_file: 678262 nr_active_file: 376220 workingset_refault: 112189571 pgrefill: 204189636 pgscan_kswapd: 589670477 pgscan_direct: 3511614 pgscan_direct_throttle: 0 init_pgscan_direct: 3495994 init_pgscan_kswapd: 589670477 base_file_lru: 1063136 init_ws_refault: 112189547 free_swap: 208387 total_swap: 1048575 swap_free_percentage: 19%
04-14 10:47:59.571   525   525 D lowmemorykiller: Ignoring medium pressure event; system is not in reclaim or compaction and no refaults
04-14 10:47:59.633  7696  7696 D BoundBrokerSvc: onRebind: Intent { act=com.google.android.gms.libs.gmscorelogger.service.START dat=chimera-action:/... xflg=0x4 cmp=com.google.android.gms/.chimera.PersistentDirectBootAwareApiService }
04-14 10:47:59.671   525   525 D lowmemorykiller: medium pressure event polling check
04-14 10:47:59.672   525   525 I lowmemorykiller: nr_free_pages: 102534 nr_inactive_file: 678249 nr_active_file: 376190 workingset_refault: 112189571 pgrefill: 204189636 pgscan_kswapd: 589670477 pgscan_direct: 3511614 pgscan_direct_throttle: 0 init_pgscan_direct: 3495994 init_pgscan_kswapd: 589670477 base_file_lru: 1063136 init_ws_refault: 112189547 free_swap: 206760 total_swap: 1048575 swap_free_percentage: 19%
04-14 10:47:59.672   525   525 D lowmemorykiller: Ignoring medium pressure event; system is not in reclaim or compaction and no refaults
04-14 10:47:56.428  8400  8400 I [kworke][0x3fffb12c7d2][08:47:59.709049] qca6490: [8400:I:PMO] pmo_core_enable_wow_in_fw: drv wow is enabled
04-14 10:47:56.458  8400  8400 I [kworke][0x3fffb1bae81][08:47:59.739431] qca6490: [8400:I:HIF] hif_try_complete_tasks: waiting for tasklets 0 grp tasklets 0 work 2
04-14 10:47:59.772   525   525 D lowmemorykiller: medium pressure event polling check
04-14 10:47:59.773   525   525 I lowmemorykiller: nr_free_pages: 103991 nr_inactive_file: 678140 nr_active_file: 375905 workingset_refault: 112189593 pgrefill: 204189636 pgscan_kswapd: 589670477 pgscan_direct: 3511614 pgscan_direct_throttle: 0 init_pgscan_direct: 3495994 init_pgscan_kswapd: 589670477 base_file_lru: 1063136 init_ws_refault: 112189547 free_swap: 205590 total_swap: 1048575 swap_free_percentage: 19%
04-14 10:47:59.773   525   525 D lowmemorykiller: thrashing: 0% thrashing_limit: 30%
04-14 10:47:59.774   525   525 D lowmemorykiller: Not killing for medium pressure event polling check
04-14 10:47:59.812  2635  3172 D WifiStaIfaceHidlImpl: getCachedScanData is not implemented by HIDL
04-14 10:47:59.875   525   525 D lowmemorykiller: medium pressure event polling check
04-14 10:47:59.876   525   525 I lowmemorykiller: nr_free_pages: 103922 nr_inactive_file: 678140 nr_active_file: 375905 workingset_refault: 112189593 pgrefill: 204189636 pgscan_kswapd: 589670477 pgscan_direct: 3511614 pgscan_direct_throttle: 0 init_pgscan_direct: 3495994 init_pgscan_kswapd: 589670477 base_file_lru: 1063136 init_ws_refault: 112189547 free_swap: 205590 total_swap: 1048575 swap_free_percentage: 19%
04-14 10:47:59.876   525   525 D lowmemorykiller: Ignoring medium pressure event; system is not in reclaim or compaction and no refaults
04-14 10:47:59.976   525   525 D lowmemorykiller: medium pressure event polling check
04-14 10:47:59.977   525   525 I lowmemorykiller: nr_free_pages: 103796 nr_inactive_file: 678140 nr_active_file: 375905 workingset_refault: 112189593 pgrefill: 204189636 pgscan_kswapd: 589670477 pgscan_direct: 3511614 pgscan_direct_throttle: 0 init_pgscan_direct: 3495994 init_pgscan_kswapd: 589670477 base_file_lru: 1063136 init_ws_refault: 112189547 free_swap: 205590 total_swap: 1048575 swap_free_percentage: 19%
04-14 10:47:59.977   525   525 D lowmemorykiller: Ignoring medium pressure event; system is not in reclaim or compaction and no refaults
04-14 10:47:56.722     0     0 I [    C5] [irq][0x3fffb690fb3][08: 48:00.003554] qca6490: [0:I:HIF] hif_wake_interrupt_handler: wake interrupt received on irq 335
04-14 10:47:56.722     0     0 I [    C5] [irq][0x3fffb691298][08: 48:00.003592] qca6490: [0:I:HIF] hif_pm_runtime_request_resume: request runtime PM resume, rtpm_dbgid(15,RTPM_ID_WAKE_INTR_HANDLER)
04-14 10:48:00.013  3572  4307 W ScanManager: Moving filtered scan client to downgraded scan (scannerId 1)
04-14 10:47:56.737  8400  8400 I [kworke][0x3fffb6d5bde][08:48:00.018223] qca6490: [8400:I:PMO] pmo_core_psoc_send_host_wakeup_ind_to_fw: Host wakeup indication sent to fw
04-14 10:48:00.023  3572  4307 W ScanManager: Moving filtered scan client to downgraded scan (scannerId 2)
04-14 10:48:00.023  3572  4307 W ScanManager: Moving filtered scan client to downgraded scan (scannerId 3)
04-14 10:48:00.023  3572  4307 W ScanManager: Moving filtered scan client to downgraded scan (scannerId 4)
04-14 10:48:00.024  3572  4307 W ScanManager: Moving filtered scan client to downgraded scan (scannerId 5)
04-14 10:48:00.029  3572  4307 W ScanManager: Moving filtered scan client to downgraded scan (scannerId 6)
04-14 10:48:00.030  3572  4307 I bt_shim_scanner: system/main/shim/le_scanning_manager.cc:153 Scan: in shim layer stopped
04-14 10:48:00.030  3572  4033 I bluetooth: system/gd/hci/le_address_manager.cc:280 unregister_client: Client unregistered
04-14 10:48:00.031  3572  4307 W BtGatt.JNI: android/app/jni/com_android_bluetooth_gatt.cpp:1565 gattSetScanParametersNative: gattSetScanParametersNative
04-14 10:48:00.031  3572  4307 I bt_shim_scanner: system/main/shim/le_scanning_manager.cc:317 SetScanParameters: in shim layer, scannerId1m=8, scannerIdCoded=0
04-14 10:48:00.031  3572  4307 I bt_shim_scanner: system/main/shim/le_scanning_manager.cc:153 Scan: in shim layer started
04-14 10:48:00.031  1399  1399 I vendor.qti.bluetooth@1.0-ibs_handler: DeviceWakeUp: Writing IBS_WAKE_IND
04-14 10:48:00.032  1399  4269 I vendor.qti.bluetooth@1.0-ibs_handler: ProcessIbsCmd: Received IBS_WAKE_ACK: 0xFC
04-14 10:48:00.032  1399  4269 I vendor.qti.bluetooth@1.0-ibs_handler: ProcessIbsCmd: Signal wack_cond_
04-14 10:48:00.033  3572  4033 I bluetooth: system/gd/hci/le_scanning_manager.cc:650 stop_scan: Scanning already stopped, return!
04-14 10:48:00.033  3572  4033 I bluetooth: system/gd/hci/le_address_manager.cc:265 register_client: Client registered
04-14 10:48:00.033  1399  4269 I vendor.qti.bluetooth@1.0-ibs_handler: ProcessIbsCmd: Received IBS_WAKE_IND: 0xFD
04-14 10:48:00.033  1399  4269 I vendor.qti.bluetooth@1.0-ibs_handler: ProcessIbsCmd: Writing IBS_WAKE_ACK
04-14 10:47:56.753     0     0 I [    C5] [soft_i][0x3fffb722855][08: 48:00.034602] qca6490: [0:I:WMA] WLAN triggered wakeup: BPF_ALLOW (39), vdev: 0 (STA)
04-14 10:47:56.753     0     0 I [    C5] [soft_i][0x3fffb723294][08: 48:00.034739] qca6490: [0:I:WMA] wma_wake_event_packet: Wake event packet:
04-14 10:47:56.753     0     0 I [    C5] [soft_i][0x3fffb723826][08: 48:00.034813] qca6490: [0:I:WMA] 00000000: 01 00 5e 00 00 fb 96 50 18 70 25 2f 08 00 45 00
04-14 10:47:56.753     0     0 I [    C5] [soft_i][0x3fffb723858][08: 48:00.034816] qca6490: [0:I:WMA] 00000010: 00 65 8d 89 00 00 ff 11 86 7d c0 a8 05 dd e0 00
04-14 10:47:56.753     0     0 I [    C5] [soft_i][0x3fffb723882][08: 48:00.034818] qca6490: [0:I:WMA] 00000020: 00 fb 14 e9 14 e9 00 51 18 90 00 00 00 00 00 03
04-14 10:47:56.753     0     0 I [    C5] [soft_i][0x3fffb7238a8][08: 48:00.034820] qca6490: [0:I:WMA] 00000030: 00 00 00 00 00 00 0f 5f 63 6f 6d 70 61 6e 69 6f
04-14 10:47:56.753     0     0 I [    C5] [soft_i][0x3fffb7238cd][08: 48:00.034822] qca6490: [0:I:WMA] 00000040: 6e 2d 6c 69 6e 6b 04 5f 74 63 70 05 6c 6f 63 61
04-14 10:47:56.753     0     0 I [    C5] [soft_i][0x3fffb7238f2][08: 48:00.034824] qca6490: [0:I:WMA] 00000050: 6c 00 00 0c 80 01 07 5f 72 64 6c 69 6e 6b c0 1c
04-14 10:47:56.753     0     0 I [    C5] [soft_i][0x3fffb723918][08: 48:00.034826] qca6490: [0:I:WMA] 00000060: 00 0c 80 01 08 5f 68 6f 6d 65 6b 69 74 c0 1c 00
04-14 10:47:56.753     0     0 I [    C5] [soft_i][0x3fffb72393d][08: 48:00.034827] qca6490: [0:I:WMA] 00000070: 0c 80 01
04-14 10:47:56.753     0     0 I [    C5] [soft_i][0x3fffb723a58][08: 48:00.034842] qca6490: [0:I:WMA] wma_log_pkt_ipv4: Pkt_len: 101, src_port: 5353, dst_port: 5353
04-14 10:48:00.077   525   525 D lowmemorykiller: medium pressure event polling check
04-14 10:48:00.078   525   525 I lowmemorykiller: nr_free_pages: 103355 nr_inactive_file: 678244 nr_active_file: 375924 workingset_refault: 112189623 pgrefill: 204189636 pgscan_kswapd: 589670477 pgscan_direct: 3511614 pgscan_direct_throttle: 0 init_pgscan_direct: 3495994 init_pgscan_kswapd: 589670477 base_file_lru: 1063136 init_ws_refault: 112189547 free_swap: 205718 total_swap: 1048575 swap_free_percentage: 19%
04-14 10:48:00.078   525   525 D lowmemorykiller: thrashing: 0% thrashing_limit: 30%
04-14 10:48:00.078   525   525 D lowmemorykiller: Not killing for medium pressure event polling check
04-14 10:48:00.150  1399  4269 I vendor.qti.bluetooth@1.0-ibs_handler: ProcessIbsCmd: Received IBS_SLEEP_IND: 0xFE
04-14 10:48:00.179   525   525 D lowmemorykiller: medium pressure event polling check
04-14 10:48:00.179   525   525 I lowmemorykiller: nr_free_pages: 103243 nr_inactive_file: 678189 nr_active_file: 375868 workingset_refault: 112189623 pgrefill: 204189636 pgscan_kswapd: 589670477 pgscan_direct: 3511614 pgscan_direct_throttle: 0 init_pgscan_direct: 3495994 init_pgscan_kswapd: 589670477 base_file_lru: 1063136 init_ws_refault: 112189547 free_swap: 205718 total_swap: 1048575 swap_free_percentage: 19%
04-14 10:48:00.179   525   525 D lowmemorykiller: Ignoring medium pressure event; system is not in reclaim or compaction and no refaults
04-14 10:48:00.215  1399  4269 I vendor.qti.bluetooth@1.0-ibs_handler: ProcessIbsCmd: Received IBS_WAKE_IND: 0xFD
04-14 10:48:00.215  1399  4269 I vendor.qti.bluetooth@1.0-ibs_handler: ProcessIbsCmd: Writing IBS_WAKE_ACK
04-14 10:48:00.256  1399  4269 I vendor.qti.bluetooth@1.0-ibs_handler: ProcessIbsCmd: Received IBS_SLEEP_IND: 0xFE
04-14 10:48:00.285  7696 20235 I CastDatabase: Saving the database
04-14 10:48:00.310  7696 20235 I SQLiteCastStore: [CastNetworkInfo] saved: 1, skipped: 0, [CastDeviceInfo]: saved 1, skipped 0, [ProbedNetworks]: saved 0, skipped: 0, [ProbedSocketAddress]: saved 1, skipped: 0, [Network-Device pairs]: saved: 1
04-14 10:48:00.695  3572  4028 I bt_btm_pm: system/stack/acl/btm_pm.cc:261 BTM_SetPowerMode: Setting power mode for peer:xx:xx:xx:xx:44:99 current_mode:immediate:active[0] new_mode:forced:sniff[2]
04-14 10:48:00.695  3572  4028 I bt_btm_pm: system/stack/acl/btm_pm.cc:554 btm_pm_snd_md_req: Switching from immediate:active[0x00] to immediate:sniff[0x02]
04-14 10:48:00.696  1399  4269 I vendor.qti.bluetooth@1.0-ibs_handler: ProcessIbsCmd: Received IBS_WAKE_IND: 0xFD
04-14 10:48:00.697  1399  4269 I vendor.qti.bluetooth@1.0-ibs_handler: ProcessIbsCmd: Writing IBS_WAKE_ACK
04-14 10:48:00.701  3572  4028 I bt_btm_pm: system/stack/acl/btm_pm.cc:700 btm_pm_proc_mode_change: Power mode switched from immediate:pending[5] to immediate:sniff[2]
04-14 10:48:00.715  3364  3364 D TimeoutHandler: cancel timeout
04-14 10:48:00.740  1399  4269 I vendor.qti.bluetooth@1.0-ibs_handler: ProcessIbsCmd: Received IBS_SLEEP_IND: 0xFE
04-14 10:47:57.537   799   799 I logd    : logdr: UID=2000 GID=2000 PID=20319 b tail=0 logMask=99 pid=0 start=0ns deadline=0ns
04-14 10:47:57.633  8400  8400 I [kworke][0x3fffc74002b][08:48:00.914707] qca6490: [8400:I:PMO] pmo_core_enable_wow_in_fw: drv wow is enabled
04-14 10:48:00.918  1399  4269 I vendor.qti.bluetooth@1.0-ibs_handler: ProcessIbsCmd: Received IBS_WAKE_IND: 0xFD
04-14 10:48:00.918  1399  4269 I vendor.qti.bluetooth@1.0-ibs_handler: ProcessIbsCmd: Writing IBS_WAKE_ACK
04-14 10:48:00.959  1399  4269 I vendor.qti.bluetooth@1.0-ibs_handler: ProcessIbsCmd: Received IBS_SLEEP_IND: 0xFE
04-14 10:47:57.747     0     0 I [    C5] [irq][0x3fffc955961][08: 48:01.028537] qca6490: [0:I:HIF] hif_wake_interrupt_handler: wake interrupt received on irq 335
04-14 10:47:57.747     0     0 I [    C5] [irq][0x3fffc955d37][08: 48:01.028587] qca6490: [0:I:HIF] hif_pm_runtime_request_resume: request runtime PM resume, rtpm_dbgid(15,RTPM_ID_WAKE_INTR_HANDLER)
04-14 10:47:57.749  8400  8400 I [kworke][0x3fffc96075b][08:48:01.030856] qca6490: [8400:I:PMO] pmo_core_psoc_send_host_wakeup_ind_to_fw: Host wakeup indication sent to fw
04-14 10:47:57.767     0     0 I [    C5] [soft_i][0x3fffc9b10f8][08: 48:01.048051] qca6490: [0:I:WMA] WLAN triggered wakeup: BPF_ALLOW (39), vdev: 0 (STA)
04-14 10:47:57.767     0     0 I [    C5] [soft_i][0x3fffc9b2714][08: 48:01.048345] qca6490: [0:I:WMA] wma_wake_event_packet: Wake event packet:
04-14 10:47:57.767     0     0 I [    C5] [soft_i][0x3fffc9b27de][08: 48:01.048356] qca6490: [0:I:WMA] 00000000: 01 00 5e 00 00 fb 96 50 18 70 25 2f 08 00 45 00
04-14 10:47:57.767     0     0 I [    C5] [soft_i][0x3fffc9b286b][08: 48:01.048363] qca6490: [0:I:WMA] 00000010: 00 81 fb 2b 00 00 ff 11 18 bf c0 a8 05 dd e0 00
04-14 10:47:57.767     0     0 I [    C5] [soft_i][0x3fffc9b28e3][08: 48:01.048370] qca6490: [0:I:WMA] 00000020: 00 fb 14 e9 14 e9 00 6d fa dd 00 00 00 00 00 03
04-14 10:47:57.767     0     0 I [    C5] [soft_i][0x3fffc9b2958][08: 48:01.048376] qca6490: [0:I:WMA] 00000030: 00 01 00 00 00 00 0f 5f 63 6f 6d 70 61 6e 69 6f
04-14 10:47:57.767     0     0 I [    C5] [soft_i][0x3fffc9b29d5][08: 48:01.048382] qca6490: [0:I:WMA] 00000040: 6e 2d 6c 69 6e 6b 04 5f 74 63 70 05 6c 6f 63 61
04-14 10:47:57.767     0     0 I [    C5] [soft_i][0x3fffc9b2a45][08: 48:01.048388] qca6490: [0:I:WMA] 00000050: 6c 00 00 0c 00 01 07 5f 72 64 6c 69 6e 6b c0 1c
04-14 10:47:57.767     0     0 I [    C5] [soft_i][0x3fffc9b2ab7][08: 48:01.048394] qca6490: [0:I:WMA] 00000060: 00 0c 00 01 08 5f 68 6f 6d 65 6b 69 74 c0 1c 00
04-14 10:47:57.767     0     0 I [    C5] [soft_i][0x3fffc9b2b2c][08: 48:01.048400] qca6490: [0:I:WMA] 00000070: 0c 00 01 c0 0c 00 0c 00 01 00 00 11 94 00 10 0d
04-14 10:47:57.767     0     0 I [    C5] [soft_i][0x3fffc9b2ba7][08: 48:01.048406] qca6490: [0:I:WMA] 00000080: 69 50 61 64 20 76 6f 6e 20 54 69 6d 6f c0 0c
04-14 10:47:57.767     0     0 I [    C5] [soft_i][0x3fffc9b31bf][08: 48:01.048488] qca6490: [0:I:WMA] wma_log_pkt_ipv4: Pkt_len: 129, src_port: 5353, dst_port: 5353
04-14 10:48:01.632  3572  4307 W ScanManager: Moving filtered scan client to downgraded scan (scannerId 8)
04-14 10:48:01.633  3572  4307 I bt_shim_scanner: system/main/shim/le_scanning_manager.cc:153 Scan: in shim layer stopped
04-14 10:48:01.633  3572  4033 I bluetooth: system/gd/hci/le_address_manager.cc:280 unregister_client: Client unregistered
04-14 10:48:01.635  3572  4307 W BtGatt.JNI: android/app/jni/com_android_bluetooth_gatt.cpp:1565 gattSetScanParametersNative: gattSetScanParametersNative
04-14 10:48:01.635  3572  4307 I bt_shim_scanner: system/main/shim/le_scanning_manager.cc:317 SetScanParameters: in shim layer, scannerId1m=1, scannerIdCoded=0
04-14 10:48:01.635  3572  4307 I bt_shim_scanner: system/main/shim/le_scanning_manager.cc:153 Scan: in shim layer started
04-14 10:48:01.635  3572  4033 I bluetooth: system/gd/hci/le_scanning_manager.cc:650 stop_scan: Scanning already stopped, return!
04-14 10:48:01.636  3572  4033 I bluetooth: system/gd/hci/le_address_manager.cc:265 register_client: Client registered
04-14 10:48:01.636  1399  4269 I vendor.qti.bluetooth@1.0-ibs_handler: ProcessIbsCmd: Received IBS_WAKE_IND: 0xFD
04-14 10:48:01.636  1399  4269 I vendor.qti.bluetooth@1.0-ibs_handler: ProcessIbsCmd: Writing IBS_WAKE_ACK
04-14 10:48:01.681  1399  4269 I vendor.qti.bluetooth@1.0-ibs_handler: ProcessIbsCmd: Received IBS_SLEEP_IND: 0xFE
04-14 10:48:01.704  3364  3364 W TouchableRegionManager: onHeadsUpPinnedModeChanged
04-14 10:48:01.725  7696 20241 I NearbyMediums: Found Fast Ble Advertisements :
04-14 10:48:01.725  7696 20241 I NearbyMediums: BleAdvertisement { version=2, socketVersion=2, isFast=true, serviceIdHash=null, data=[ 0x23 0x4a 0x4b 0x49 0x4a 0x11 0x32 0x26 0x5d 0x3a 0x72 0x48 0x9b 0x60 0xb8 0x88 0x9b 0xc3 0x96 0x31 0x28 0xd6 0xbd ], deviceToken=[ 0xc1 0x38 ], rxAdvertisement=null } : 1 times.
04-14 10:48:01.725  7696 20241 I NearbyMediums: BleAdvertisement { version=2, socketVersion=2, isFast=true, serviceIdHash=null, data=[ 0x23 0x55 0x4f 0x5a 0x56 0x11 0x32 0xff 0x90 0x50 0xf2 0x70 0xce 0x7a 0x44 0x0c 0x09 0x2c 0x5a 0xc0 0x1c 0x97 0x37 ], deviceToken=[ 0x71 0x08 ], rxAdvertisement=[ 0xa0 0x17 0xe4 0x15 0x9c 0xd0 0x2f 0x7d 0x2f 0x2f 0x78 0x39 0x1f 0xf4 0xcc 0xf0 0x66 0x69 0xa8 0x0d 0x37 0x4e 0x57 0x6f 0x9a 0x24 0xc3 0x96 0xfd 0xd8 0x28 0xc7 0xa0 0x65 0x84 0x15 0x05 0x7f 0x00 0x00 0x84 0x15 0x06 0x60 0x00 0x00 0x84 0x15 0x04 0x7f 0x00 0x00 0x83 0x15 0x01 0x14 0x3c ] } : 5 times.
04-14 10:48:01.725  7696 20241 I NearbyMediums: Total 6 fast advertisements from 2 unique advertisers.
04-14 10:48:01.725  7696 20241 I NearbyMediums: Current Tracked Scanning Clients are : {NearbyConnections.EnvironmentMonitor, NearbySharing}
04-14 10:48:01.825  1418  1418 I sensors-hal: batch:205, android.sensor.accelerometer/11, period=20000000, max_latency=2000000000
04-14 10:48:01.825  1418  1418 I sensors-hal: set_config:61, sample_period_ns is adjusted to 20000000 based on min/max delay_ns
04-14 10:48:01.825  1418  1418 I sensors-hal: send_sensor_config_request:398, resampler is used, set resampler config
04-14 10:48:01.825  1418  1418 I sensors-hal: send_sync_sensor_request:344, send sync request
04-14 10:48:01.825  1418  1418 I sensors-hal: send_sync_sensor_request:370, wait for notification of response
04-14 10:48:01.829  1418 16706 I sensors-hal: ssc_conn_resp_cb:649, resp_value = 0
04-14 10:48:01.829  1418  1418 I sensors-hal: send_sync_sensor_request:376, takes 3 ms to receive the response with 0
04-14 10:48:01.829  1418  1418 I sensors-hal: batch:214, android.sensor.accelerometer/11, period=20000000, max_latency=2000000000 request completed
04-14 10:48:01.829  2635  4020 I SensorService: [NothSensor] disable handle 11 deactive(0)
04-14 10:48:01.838  7696  7696 D BoundBrokerSvc: onRebind: Intent { act=com.google.android.gms.common.telemetry.service.START dat=chimera-action:/... xflg=0x4 cmp=com.google.android.gms/.chimera.PersistentApiService }
04-14 10:48:01.848  2635  4020 W AppOps  : Noting op not finished: uid 10124 pkg com.google.android.gms code 113 startTime of in progress event=1776156180586
04-14 10:48:01.853  2635  3558 W AppOps  : Noting op not finished: uid 10124 pkg com.google.android.gms code 113 startTime of in progress event=1776156180586
04-14 10:48:01.860  7696  7696 D BoundBrokerSvc: onRebind: Intent { act=com.google.android.gms.auth.aang.events.services.START dat=chimera-action:/... xflg=0x4 cmp=com.google.android.gms/.chimera.PersistentApiService }
04-14 10:48:01.867  2635  3558 W AppOps  : Noting op not finished: uid 10249 pkg com.life360.android.safetymapd code 79 startTime of in progress event=1776156187277
04-14 10:48:01.871  2635  3009 W AppOps  : Noting op not finished: uid 10124 pkg com.google.android.gms code 113 startTime of in progress event=1776156180586
04-14 10:48:01.878  2635  3009 W AppOps  : Noting op not finished: uid 10124 pkg com.google.android.gms code 79 startTime of in progress event=1776156180586
04-14 10:48:01.890  2635  3558 W AppOps  : Noting op not finished: uid 10249 pkg com.life360.android.safetymapd code 79 startTime of in progress event=1776156187277
04-14 10:48:01.895  1418  1418 I sensors-hal: batch:205, android.sensor.accelerometer/11, period=200000000, max_latency=2000000000
04-14 10:48:01.895  1418  1418 I sensors-hal: set_config:61, sample_period_ns is adjusted to 200000000 based on min/max delay_ns
04-14 10:48:01.895  1418  1418 I sensors-hal: send_sensor_config_request:398, resampler is used, set resampler config
04-14 10:48:01.895  1418  1418 I sensors-hal: send_sync_sensor_request:344, send sync request
04-14 10:48:01.895  1418  1418 I sensors-hal: send_sync_sensor_request:370, wait for notification of response
04-14 10:48:01.898  1418 16706 I sensors-hal: ssc_conn_resp_cb:649, resp_value = 0
04-14 10:48:01.898  1418  1418 I sensors-hal: send_sync_sensor_request:376, takes 2 ms to receive the response with 0
04-14 10:48:01.898  1418  1418 I sensors-hal: batch:214, android.sensor.accelerometer/11, period=200000000, max_latency=2000000000 request completed
04-14 10:48:01.899  2635  4020 I SensorService: [NothSensor] disable handle 11 deactive(0)
04-14 10:48:01.900  2635  4020 I SensorService: [NothSensor] com.google.android.gms Calling batch handle 172 flags 0 rate 0 timeout 0
04-14 10:47:58.718   302   302 I (virq   : irq_count)- GICv3:arch_timer(11):660541016 GICv3:IPI(1):448866783 GICv3:IPI(6):68609868 GICv3:ufshcd(33):57190763 GICv3:IPI(2):26037180 GICv3:apps_rsc(24):17702841 GICv3:ipcc_0(30):10339849 GICv3:msm_drm(219):7693118 ipcc:glink-native-slpi(364):5476460 ipcc:glink-native-adsp(365):5367957
04-14 10:47:58.718   302   302 I (cpu    : irq_count)- 0:288490086 1:282457669 2:273399214 3:272402961 4:75654786 5:57731185 6:58536182 7:23968787
04-14 10:47:58.718   302   302 I (ipi    : irq_count)- 0:448866785 1:26037180 2:0 3:0 4:0 5:68609868 6:0
04-14 10:47:58.804  1111  1111 I [GTP-INF][goodix_ts_report_finger] ACTION_DOWN: 1, 1, id[0], x 131, y 1478, w 42
04-14 10:48:02.094  3364  3364 D EdgeBackGestureHandler: mAllowGesture false | mDisableForQuickstep: false, mIsBackGestureAllowed: true, mGestureBlockingActivityRunning: false, isBackGestureDisabled by Flags: false, mIsTrackpadThreeFingerSwipe: false, isWithinTouchRegion: false
04-14 10:48:02.095  4960  4960 I AIWidgetAIWidgetController: setWidgetsTouchable last=true, new=false, reason=Workspace touch start, force=false
04-14 10:48:02.096  4960  4960 I NT-AIWidgetAIWidgetInputConsumer: onInputEvent inactive
04-14 10:47:58.883  1111  1111 I         : [GTP-INF][goodix_ts_report_finger] ACTION_UP
04-14 10:48:02.168  4960  4960 I AIWidgetAIWidgetController: setWidgetsTouchable last=false, new=true, reason=Workspace touch end, force=false
04-14 10:48:02.173  4960  4960 I NT-ItemClickHandler: ItemClickHandler.onClick
04-14 10:48:02.174  4960  4960 D StatsLog: LAUNCHER_APP_LAUNCH_TAP
04-14 10:48:02.174  4960  4960 I NT-DrawerTracker: getTriggerType trigger = -1
04-14 10:48:02.174  2635  4020 D Dragonite: acquire handle 86
04-14 10:48:02.175  2635  3077 D Dragonite: sceneId = 1, pid = 4960, packageName = com.nothing.launcher, duration = 60000, params = null
04-14 10:48:02.181  4960  4980 I othing.launcher: AssetManager2(0xb40000701c4da498) locale list changing from [] to [de-DE]
04-14 10:48:02.183  2635  4020 V GrammaticalInflectionUtils: AttributionSource: android.content.AttributionSource@a7d22fd7 does not have READ_SYSTEM_GRAMMATICAL_GENDER permission.
04-14 10:48:02.183  2635  4020 W OptProp : Cannot read opt property android.window.PROPERTY_COMPAT_ALLOW_RESIZEABLE_ACTIVITY_OVERRIDES
04-14 10:48:02.186  4960  4980 D QuickstepModelDelegate: notifyAppTargetEvent action=1 launchLocation=workspace/2/[0,5]/[1,1]
04-14 10:48:02.187  2635  4020 W OptProp : Cannot read opt property android.window.PROPERTY_COMPAT_ALLOW_MIN_ASPECT_RATIO_OVERRIDE
04-14 10:48:02.188  2635  4020 D CompatChangeReporter: Compat change id reported: 306666082; UID 10608; state: ENABLED
04-14 10:48:02.190  1501  1581 E ANDR-PERF-LM: MetaMeter: handleAsync() 166: AdaptLaunch Invalid Async
04-14 10:48:02.190  1501  1581 E ANDR-PERF-LM: MetaMeter: handleAsync() 166: AdaptLaunch Invalid Async
04-14 10:48:02.190  2635  4020 E ANDR-PERF-JNI: com_qualcomm_qtiperformance_native_perf_io_prefetch_start
04-14 10:48:02.193  2635  4020 V NtGameModeImpl: onAppFocusChanged: pkg=com.nothing.launcher, uid=10182, category=-1, launchMode= 1
04-14 10:48:02.193  2635  4020 D NtTaskWindowSurfaceInfo: PopUpView: onWindowingModeChanged 0->1 mTask=Task{212584 #3528 type=standard}
04-14 10:48:02.193  1495  5112 E ANDR-IOP: io prefetch is disabled
04-14 10:48:02.196  1501  1581 E ANDR-PERF-LM: MetaMeter: handleAsync() 166: AdaptLaunch Invalid Async
04-14 10:48:02.196  2635  4020 W OptProp : Cannot read opt property android.window.PROPERTY_COMPAT_ALLOW_ORIENTATION_OVERRIDE
04-14 10:48:02.199  3328  5945 W PopUpWinSceneDetector: Malformat: no colon symbol ':', so discard it.
04-14 10:48:02.199  3328  5945 W PopUpWinSceneDetector: PopUpWinEvent format is wrong! Ignore it
04-14 10:48:02.199  2635  4020 D ActivityTrigger: ActivityTrigger activityPauseTrigger 
04-14 10:48:02.200  3744  3790 I DynamicDDSService: handleMessage(ACTIVITY_INVOKE{appInfo=com.benschwank.blop isFullScreen=}true)
04-14 10:48:02.201  2635  3558 D CompatChangeReporter: Compat change id reported: 309578419; UID 10608; state: ENABLED
04-14 10:48:02.202  3744 14791 W DynamicDDSService: appName is running in background.com.nothing.launcher
04-14 10:48:02.203  2635  4020 I ActivityTaskManager: START u0 {act=android.intent.action.MAIN cat=[android.intent.category.LAUNCHER] flg=0x10200000 xflg=0x4 cmp=com.benschwank.blop/org.qtproject.qt.android.bindings.QtActivity bnds=[38,1373][239,1621]} with LAUNCH_SINGLE_TOP from uid 10182 pid 4960 (sr=71745429) (BAL_ALLOW_VISIBLE_WINDOW) result code=0
04-14 10:48:02.203  3364  3454 V WindowManagerShell: Transition requested (#3321): android.os.BinderProxy@a0b1c39 TransitionRequestInfo { type = OPEN, triggerTask = TaskInfo{userId=0 taskId=3528 effectiveUid=10608 displayId=0 isRunning=true baseIntent=Intent { act=android.intent.action.MAIN cat=[android.intent.category.LAUNCHER] flg=0x10200000 cmp=com.benschwank.blop/org.qtproject.qt.android.bindings.QtActivity } baseActivity=ComponentInfo{com.benschwank.blop/org.qtproject.qt.android.bindings.QtActivity} topActivity=ComponentInfo{com.benschwank.blop/org.qtproject.qt.android.bindings.QtActivity} origActivity=null realActivity=ComponentInfo{com.benschwank.blop/org.qtproject.qt.android.bindings.QtActivity} numActivities=1 lastActiveTime=229059096 supportsMultiWindow=true resizeMode=1 isResizeable=true minWidth=-1 minHeight=-1 defaultMinSize=220 token=WCT{android.window.IWindowContainerToken$Stub$Proxy@66a927e} topActivityType=1 pictureInPictureParams=null shouldDockBigOverlays=false launchIntoPipHostTaskId=-1 lastParentTaskIdBeforePip=-1 displayCutoutSafeInsets=Rect(0, 126 - 0, 0) topActivityInfo=ActivityInfo{f76f3df org.qtproject.qt.android.bindings.QtActivity} launchCookies=[android.os.BinderProxy@16df82c] positionInParent=Point(0, 0) parentTaskId=-1 isFocused=false isVisible=false isVisibleRequested=false isTopActivityNoDisplay=false isSleeping=false locusId=null displayAreaFeatureId=1 isTopActivityTransparent=false isActivityStackTransparent=false lastNonFullscreenBounds=Rect(279, 701 - 802, 1781) capturedLink=null capturedLinkTimestamp=0 requestedVisibleTypes=-9 topActivityRequestOpenInBrowserEducationTimestamp=0 appCompatTaskInfo=AppCompatTaskInfo { topActivityInSizeCompat=false eligibleForLetterboxEducation= false isLetterboxEducationEnabled= false isLetterboxDoubleTapEnabled= false eligibleForUserAspectRatioButton= false topActivityBoundsLetterboxed= false isFromLetterboxDoubleTap= false topActivityLetterboxVerticalPosition= -1 topActivityLetterboxHorizontalPosition= -1 topActivityLetterboxWidth=-1 topActivityLetterboxHeight=-1 topActivityAppBounds=Rect(0, 0 - 1080, 2412) isUserFullscreenOverrideEnabled=false isSystemFullscreenOverrideEnabled=false hasMinAspectRatioOverride=false topActivityLetterboxBounds=null cameraCompatTaskInfo=CameraCompatTaskInfo { freeformCameraCompatMode=inactive}} topActivityMainWindowFrame=null}, pipChange = null, remoteTransition = RemoteTransition { remoteTransition = android.window.IRemoteTransition$Stub$Proxy@b7842f5, appThread = android.app.IApplicationThread$Stub$Proxy@519588a, debugName = QuickstepLaunch }, displayChange = null, flags = 0, debugId = 3321 }
04-14 10:48:02.203  3364  3454 D ShellSplitScreen: logExit: no-op, mLoggerSessionId is null
04-14 10:48:02.203  3364  3454 V WindowManagerShell: RemoteTransition directly requested for (#3321) android.os.BinderProxy@a0b1c39: RemoteTransition { remoteTransition = android.window.IRemoteTransition$Stub$Proxy@b7842f5, appThread = android.app.IApplicationThread$Stub$Proxy@519588a, debugName = QuickstepLaunch }
04-14 10:48:02.203  3364  3454 V WindowManagerShell: Transition (#3321): request handled by DefaultMixedHandler
04-14 10:48:02.204  4960  4960 I NT-AIWidgetAIWidgetInputMonitor: Lifecycle onStateChanged event=ON_PAUSE
04-14 10:48:02.204  4960  4960 I NT-AIWidgetAIWidgetController: Lifecycle onStateChanged event=ON_PAUSE
04-14 10:48:02.205  4960  4960 W SplitSelectStateCtor: Missing session instanceIds
04-14 10:48:02.205  4960  4960 D StatsLog: LAUNCHER_SPLIT_SELECTION_EXIT_INTERRUPTED
04-14 10:48:02.206  1501  1581 W ANDR-PERF-LM: MetaMeter: handlePrimaryAsync() 118: AdaptLaunch MetaMeter. No MeterMgr Available to handle this Primary Async. !!!!
04-14 10:48:02.206  1501  1581 W ANDR-PERF-LM: MetaMeter: handlePrimaryAsync() 118: AdaptLaunch MetaMeter. No MeterMgr Available to handle this Primary Async. !!!!
04-14 10:48:02.206  2635  3804 D NtMemoryManager: mIsHighPressureScene: false : com.benschwank.blop
04-14 10:48:02.206  2635  3804 D NtProcessManager: Top app: com.benschwank.blop
04-14 10:48:02.209  2635  3804 I AppsFilter: interaction: PackageSetting{3998d0d com.pavelrekun.rekado/10004} -> PackageSetting{34d15f0 com.benschwank.blop/10608} BLOCKED
04-14 10:48:02.209  3364  3454 D WindowManagerShell: setLauncherKeepClearAreaHeight: visible=false, height=210
04-14 10:48:02.210  3364  3364 W NotifRow: cancelAppearDrawing childKey: 0|com.arenti.smartlife|260|null|10352 wasDrawing:false
04-14 10:48:02.212  1602  1602 I BpBinder: onLastStrongRef automatically unlinking death recipients: 
04-14 10:48:02.212  2635  2681 V GrammaticalInflectionUtils: AttributionSource: android.content.AttributionSource@a7d22fd7 does not have READ_SYSTEM_GRAMMATICAL_GENDER permission.
04-14 10:48:02.213  4960  4960 I NT-TopTaskTracker: Call back onTaskMovedToFront taskId = 3528
04-14 10:48:02.213  4960  4999 I NT-AppEventTracker: Begin non-home task duration timing:TaskDuration(taskId=3528, pkgName=com.benschwank.blop, userId=UserHandle{0}, beginTime=1776156482213, endTime=0, windowType=1, duration=0, state=2)
04-14 10:48:02.214  1602  1732 I BpBinder: onLastStrongRef automatically unlinking death recipients: 
04-14 10:48:02.214  3364  3364 D ShadeControllerImpl: NotificationShadeWindowView: com.android.systemui.shade.NotificationShadeWindowView{cb3e309 V.E...... ........ 0,0-1080,2412 #7f0a04f3 app:id/legacy_window_root}, canBeCollapsed: false, flags: 0
04-14 10:48:02.216  3364  3364 D ShadeControllerImpl: makeExpandedInvisible: mExpandedVisible=true
04-14 10:48:02.216  3364  3364 W WindowOnBackDispatcher: sendCancelIfRunning: isInProgress=false callback=com.android.systemui.back.domain.interactor.BackActionInteractor$callback$2@2f63242
04-14 10:48:02.219  2635  3253 D BackgroundInstallControlService: Package event received: 0
04-14 10:48:02.224  2635  3010 D CoreBackPreview: Window{7f63d82 u0 NotificationShade}: Setting back callback null
04-14 10:48:02.224  3364  3364 D QSImplEx: setExpansionEnabledPolicy true dragLayer com.android.launcher3.dragndrop.DragLayer{8ee9a82 V.E...... .......D 0,0-1080,2356 #7f0a032a app:id/drag_layer}
04-14 10:48:02.226  4824  4882 V OsAgent : broadcastSystemEvent - 7
04-14 10:48:02.227  2635  2674 D CoreBackPreview: Window{f8c75ee u0 Splash Screen com.benschwank.blop}: Setting back callback OnBackInvokedCallbackInfo{mCallback=android.window.IOnBackInvokedCallback$Stub$Proxy@59b308, mPriority=0, mIsAnimationCallback=false, mOverrideBehavior=0}
04-14 10:48:02.227  2635  3158 I system_server: AssetManager2(0xb40000701c4c33d8) locale list changing from [] to [de-DE]
04-14 10:48:02.230  1335  1335 D Zygote  : Forked child process 20331
04-14 10:48:02.231  1501  1581 E ANDR-PERF-LM: MetaMeter: handleAsync() 166: AdaptLaunch Invalid Async
04-14 10:48:02.232  2635  2688 I ActivityManager: Start proc 20331:com.benschwank.blop/u0a608 for next-top-activity {com.benschwank.blop/org.qtproject.qt.android.bindings.QtActivity}
04-14 10:48:02.233  2635 20332 W ContextImpl: Calling a method in the system process without a qualified user: android.app.ContextImpl.sendBroadcast:1269 com.qualcomm.qti.Performance$SendGameLaunchBroadcast.run:292 java.lang.Thread.run:1564 <bottom of call stack> <bottom of call stack> 
04-14 10:48:02.233  2635  2688 I ActivityManager: ProcessObserver broadcast disabled
04-14 10:48:02.233  2635  2688 D MemoryStatusReporter: com.benschwank.blop is UI Cold Start
04-14 10:48:02.234  3364  3489 D NtViewRootImpl: mPopUpViewOffsets: offset=(0.0, 0.0), scale=(1.0, 1.0)
04-14 10:48:02.242 20331 20331 I benschwank.blop: Using CollectorTypeCMC GC.
04-14 10:48:02.245  3364  3364 D LightBarController: updateStatus= numStacks: 1, size: 0, appearance: 0
04-14 10:48:02.245  2635  2678 V WindowManager: Sent Transition (#3321) createdAt=04-14 10:48:02.189 via request=TransitionRequestInfo { type = OPEN, triggerTask = TaskInfo{userId=0 taskId=3528 effectiveUid=10608 displayId=0 isRunning=true baseIntent=Intent { act=android.intent.action.MAIN cat=[android.intent.category.LAUNCHER] flg=0x10200000 cmp=com.benschwank.blop/org.qtproject.qt.android.bindings.QtActivity } baseActivity=ComponentInfo{com.benschwank.blop/org.qtproject.qt.android.bindings.QtActivity} topActivity=ComponentInfo{com.benschwank.blop/org.qtproject.qt.android.bindings.QtActivity} origActivity=null realActivity=ComponentInfo{com.benschwank.blop/org.qtproject.qt.android.bindings.QtActivity} numActivities=1 lastActiveTime=229059096 supportsMultiWindow=true resizeMode=1 isResizeable=true minWidth=-1 minHeight=-1 defaultMinSize=220 token=WCT{RemoteToken{f7c0eb1 Task{212584 #3528 type=standard A=10608:com.benschwank.blop}}} topActivityType=1 pictureInPictureParams=null shouldDockBigOverlays=false launchIntoPipHostTaskId=-1 lastParentTaskIdBeforePip=-1 displayCutoutSafeInsets=Rect(0, 126 - 0, 0) topActivityInfo=ActivityInfo{2325f96 org.qtproject.qt.android.bindings.QtActivity} launchCookies=[android.os.BinderProxy@c969717] positionInParent=Point(0, 0) parentTaskId=-1 isFocused=false isVisible=false isVisibleRequested=false isTopActivityNoDisplay=false isSleeping=false locusId=null displayAreaFeatureId=1 isTopActivityTransparent=false isActivityStackTransparent=false lastNonFullscreenBounds=Rect(279, 701 - 802, 1781) capturedLink=null capturedLinkTimestamp=0 requestedVisibleTypes=-9 topActivityRequestOpenInBrowserEducationTimestamp=0 appCompatTaskInfo=AppCompatTaskInfo { topActivityInSizeCompat=false eligibleForLetterboxEducation= false isLetterboxEducationEnabled= false isLetterboxDoubleTapEnabled= false eligibleForUserAspectRatioButton= false topActivityBoundsLetterboxed= false isFromLetterboxDoubleTap= false topActivityLetterboxVerticalPosition= -1 topActivityLetterboxHorizontalPosition= -1 topActivityLetterboxWidth=-1 topActivityLetterboxHeight=-1 topActivityAppBounds=Rect(0, 0 - 1080, 2412) isUserFullscreenOverrideEnabled=false isSystemFullscreenOverrideEnabled=false hasMinAspectRatioOverride=false topActivityLetterboxBounds=null cameraCompatTaskInfo=CameraCompatTaskInfo { freeformCameraCompatMode=inactive}} topActivityMainWindowFrame=null}, pipChange = null, remoteTransition = RemoteTransition { remoteTransition = android.window.IRemoteTransition$Stub$Proxy@f18704, appThread = android.app.IApplicationThread$Stub$Proxy@f11e4ed, debugName = QuickstepLaunch }, displayChange = null, flags = 0, debugId = 3321 }
04-14 10:48:02.245  3364  3972 V WindowManagerShell: onTransitionReady(transaction=11317239044722)
04-14 10:48:02.245  2635  2678 V WindowManager:     startWCT=WindowContainerTransaction { changes= {} hops= [] errorCallbackToken=null taskFragmentOrganizer=null }
04-14 10:48:02.245  2635  2678 V WindowManager:     info={id=3321 t=OPEN f=0x0 trk=0 isSameTaskSwitch=false r=[0@Point(0, 0)] c=[
04-14 10:48:02.245  2635  2678 V WindowManager:         {WCT{RemoteToken{f7c0eb1 Task{212584 #3528 type=standard A=10608:com.benschwank.blop}}} m=OPEN f=NONE leash=Surface(name=Task=3528)/@0xe5c6435 sb=Rect(0, 0 - 1080, 2412) eb=Rect(0, 0 - 1080, 2412) epz=Point(1080, 2412) d=0 taskParent=-1 ntPopUpView={mIsTryEnterWindowingMode=false mIsEnterWindowingModeLandscape=false mIsChangingWindowformBounds=false mStartPos=Point(0, 0) mEndPos=Point(0, 0) mStartScale=0.0 mEndScale=0.0 mStartCornerRadius=0.0 mEndCornerRadius=0.0 mAppBounds=Rect(0, 0 - 0, 0) mWindowCrop=Rect(0, 0 - 0, 0) mStartDragOrChangingBounds=Rect(0, 0 - 0, 0) mEndDragOrChangingBounds=Rect(0, 0 - 0, 0) mBottomLeftCornerLeash=null mBottomRightCornerLeash=null mDragBarLeash=null mCornerHintSize=60x60 mDragBarSize=189x42}},
04-14 10:48:02.245  2635  2678 V WindowManager:         {WCT{RemoteToken{15d8863 Task{6c5d6f9 #3231 type=home}}} m=TO_BACK f=SHOW_WALLPAPER leash=Surface(name=Task=3231)/@0xe3d730 sb=Rect(0, 0 - 1080, 2412) eb=Rect(0, 0 - 1080, 2412) epz=Point(1080, 2412) d=0 taskParent=-1 ntPopUpView={mIsTryEnterWindowingMode=false mIsEnterWindowingModeLandscape=false mIsChangingWindowformBounds=false mStartPos=Point(0, 0) mEndPos=Point(0, 0) mStartScale=0.0 mEndScale=0.0 mStartCornerRadius=0.0 mEndCornerRadius=0.0 mAppBounds=Rect(0, 0 - 0, 0) mWindowCrop=Rect(0, 0 - 0, 0) mStartDragOrChangingBounds=Rect(0, 0 - 0, 0) mEndDragOrChangingBounds=Rect(0, 0 - 0, 0) mBottomLeftCornerLeash=null mBottomRightCornerLeash=null mDragBarLeash=null mCornerHintSize=60x60 mDragBarSize=189x42}},
04-14 10:48:02.245  2635  2678 V WindowManager:         {m=TO_BACK f=IS_WALLPAPER leash=Surface(name=WallpaperWindowToken{b8cb725 showWhenLocked=false})/@0x7488cfa sb=Rect(0, 0 - 1080, 2412) eb=Rect(0, 0 - 1080, 2412) epz=Point(1080, 2412) d=0 ntPopUpView={mIsTryEnterWindowingMode=false mIsEnterWindowingModeLandscape=false mIsChangingWindowformBounds=false mStartPos=Point(0, 0) mEndPos=Point(0, 0) mStartScale=0.0 mEndScale=0.0 mStartCornerRadius=0.0 mEndCornerRadius=0.0 mAppBounds=Rect(0, 0 - 0, 0) mWindowCrop=Rect(0, 0 - 0, 0) mStartDragOrChangingBounds=Rect(0, 0 - 0, 0) mEndDragOrChangingBounds=Rect(0, 0 - 0, 0) mBottomLeftCornerLeash=null mBottomRightCornerLeash=null mDragBarLeash=null mCornerHintSize=0x0 mDragBarSize=0x0}}
04-14 10:48:02.245  2635  2678 V WindowManager:     ]}
04-14 10:48:02.246  3364  3454 V WindowManagerShell: onTransitionReady (#3321) android.os.BinderProxy@a0b1c39: {id=3321 t=OPEN f=0x0 trk=0 isSameTaskSwitch=false r=[0@Point(0, 0)] c=[
04-14 10:48:02.246  3364  3454 V WindowManagerShell:         {m=OPEN f=NONE leash=Surface(name=Task=3528)/@0xd7e4203 sb=Rect(0, 0 - 1080, 2412) eb=Rect(0, 0 - 1080, 2412) epz=Point(1080, 2412) d=0 taskParent=-1 ntPopUpView={mIsTryEnterWindowingMode=false mIsEnterWindowingModeLandscape=false mIsChangingWindowformBounds=false mStartPos=Point(0, 0) mEndPos=Point(0, 0) mStartScale=0.0 mEndScale=0.0 mStartCornerRadius=0.0 mEndCornerRadius=0.0 mAppBounds=Rect(0, 0 - 0, 0) mWindowCrop=Rect(0, 0 - 0, 0) mStartDragOrChangingBounds=Rect(0, 0 - 0, 0) mEndDragOrChangingBounds=Rect(0, 0 - 0, 0) mBottomLeftCornerLeash=null mBottomRightCornerLeash=null mDragBarLeash=null mCornerHintSize=60x60 mDragBarSize=189x42}},
04-14 10:48:02.246  3364  3454 V WindowManagerShell:         {m=TO_BACK f=SHOW_WALLPAPER leash=Surface(name=Task=3231)/@0x8313580 sb=Rect(0, 0 - 1080, 2412) eb=Rect(0, 0 - 1080, 2412) epz=Point(1080, 2412) d=0 taskParent=-1 ntPopUpView={mIsTryEnterWindowingMode=false mIsEnterWindowingModeLandscape=false mIsChangingWindowformBounds=false mStartPos=Point(0, 0) mEndPos=Point(0, 0) mStartScale=0.0 mEndScale=0.0 mStartCornerRadius=0.0 mEndCornerRadius=0.0 mAppBounds=Rect(0, 0 - 0, 0) mWindowCrop=Rect(0, 0 - 0, 0) mStartDragOrChangingBounds=Rect(0, 0 - 0, 0) mEndDragOrChangingBounds=Rect(0, 0 - 0, 0) mBottomLeftCornerLeash=null mBottomRightCornerLeash=null mDragBarLeash=null mCornerHintSize=60x60 mDragBarSize=189x42}},
04-14 10:48:02.246  3364  3454 V WindowManagerShell:         {m=TO_BACK f=IS_WALLPAPER leash=Surface(name=WallpaperWindowToken{b8cb725 showWhenLocked=false})/@0xc40f7b9 sb=Rect(0, 0 - 1080, 2412) eb=Rect(0, 0 - 1080, 2412) epz=Point(1080, 2412) d=0 ntPopUpView={mIsTryEnterWindowingMode=false mIsEnterWindowingModeLandscape=false mIsChangingWindowformBounds=false mStartPos=Point(0, 0) mEndPos=Point(0, 0) mStartScale=0.0 mEndScale=0.0 mStartCornerRadius=0.0 mEndCornerRadius=0.0 mAppBounds=Rect(0, 0 - 0, 0) mWindowCrop=Rect(0, 0 - 0, 0) mStartDragOrChangingBounds=Rect(0, 0 - 0, 0) mEndDragOrChangingBounds=Rect(0, 0 - 0, 0) mBottomLeftCornerLeash=null mBottomRightCornerLeash=null mDragBarLeash=null mCornerHintSize=0x0 mDragBarSize=0x0}}
04-14 10:48:02.246  3364  3454 V WindowManagerShell:     ]}
04-14 10:48:02.247  4960  4960 I NT-TopTaskTracker: Call back onTaskMovedToFront taskId = 3528
04-14 10:48:02.249  3364  3498 D ControlsListingControllerImpl: Unsubscribing callback
04-14 10:48:02.250  3364  3454 V WindowManagerShell: Playing animation for (#3321) android.os.BinderProxy@a0b1c39@0
04-14 10:48:02.250  3364  3454 V WindowManagerShell:  try firstHandler com.android.wm.shell.transition.DefaultMixedHandler@788af59
04-14 10:48:02.250  3364  3498 D ControlsListingControllerImpl: Unsubscribing callback
04-14 10:48:02.250  3364  3992 W HWUI    : Image decoding logging dropped!
04-14 10:48:02.250  3364  3454 V WindowManagerShell: Mixed transition for opening an intent with a remote transition and PIP or Desktop #3321
04-14 10:48:02.250  3364  3454 V WindowManagerShell: tryAnimateOpenIntentWithRemoteAndPipOrDesktop
04-14 10:48:02.250  3364  3454 V WindowManagerShell:  Delegate animation for (#3321) to RemoteTransition { remoteTransition = android.window.IRemoteTransition$Stub$Proxy@b7842f5, appThread = android.app.IApplicationThread$Stub$Proxy@519588a, debugName = QuickstepLaunch }
04-14 10:48:02.251 20331 20331 D nativeloader: Load libframework-connectivity-tiramisu-jni.so using APEX ns com_android_tethering for caller /apex/com.android.tethering/javalib/framework-connectivity-t.jar: ok
04-14 10:48:02.251  3364  3498 D ControlsListingControllerImpl: Unsubscribing callback
04-14 10:48:02.253  3364  3454 V WindowManagerShell:  animated by firstHandler
04-14 10:48:02.254  4960 31684 D RemoteAnimRunnerCompat: mLeashForSameTaskSwitch=Surface(name=Task=3528)/@0xdcdd37e
04-14 10:48:02.255  3364  3992 W HWUI    : Image decoding logging dropped!
04-14 10:48:02.255  4960  4960 I NT-TransitionSmoothHelper: clear
04-14 10:48:02.255  2635  3158 I system_server: AssetManager2(0xb40000701c4a0798) locale list changing from [] to [de-DE]
04-14 10:48:02.255  4960  4960 I AIWidgetAIWidgetController: setWidgetsTouchable last=true, new=false, reason=NTDragLayer FloatingView isAdd=true, force=false
04-14 10:48:02.258  3364  3992 W HWUI    : Image decoding logging dropped!
04-14 10:48:02.261  1501  1581 E ANDR-PERF-LM: MetaMeter: handleAsync() 166: AdaptLaunch Invalid Async
04-14 10:48:02.265  2635  3558 D CompatibilityInfo: mCompatibilityFlags - 0
04-14 10:48:02.265  2635  3558 D CompatibilityInfo: applicationDensity - 375
04-14 10:48:02.265  2635  3558 D CompatibilityInfo: applicationScale - 1.0
04-14 10:48:02.265  2635  3158 I system_server: AssetManager2(0xb40000701c498db8) locale list changing from [] to [de-DE]
04-14 10:48:02.266  2635  3253 D BackgroundInstallControlService: Package event received: 0
04-14 10:48:02.269  2635  2679 I SensorService: checkAndReportAmbientLightSensorStateChangeLocked new 1 old 1 force 0
04-14 10:48:02.270  4824  4882 V OsAgent : broadcastSystemEvent - 7
04-14 10:48:02.277 20331 20331 W benschwank.blop: Failed to find entry 'classes.dex': Entry not found
04-14 10:48:02.277 20331 20331 W benschwank.blop: Failed to find entry 'classes.dex': Entry not found
04-14 10:48:02.277 20331 20331 D nativeloader: Configuring clns-9 for other apk /data/app/~~iIlKhXb8PIzuUA1M_P7lWQ==/com.benschwank.blop-Su-UMROh2DJqR_DpjpgeSQ==/base.apk:/data/app/~~iIlKhXb8PIzuUA1M_P7lWQ==/com.benschwank.blop-Su-UMROh2DJqR_DpjpgeSQ==/split_config.arm64_v8a.apk:/data/app/~~iIlKhXb8PIzuUA1M_P7lWQ==/com.benschwank.blop-Su-UMROh2DJqR_DpjpgeSQ==/split_config.xxhdpi.apk. target_sdk_version=35, uses_libraries=, library_path=/data/app/~~iIlKhXb8PIzuUA1M_P7lWQ==/com.benschwank.blop-Su-UMROh2DJqR_DpjpgeSQ==/lib/arm64:/data/app/~~iIlKhXb8PIzuUA1M_P7lWQ==/com.benschwank.blop-Su-UMROh2DJqR_DpjpgeSQ==/base.apk!/lib/arm64-v8a:/data/app/~~iIlKhXb8PIzuUA1M_P7lWQ==/com.benschwank.blop-Su-UMROh2DJqR_DpjpgeSQ==/split_config.arm64_v8a.apk!/lib/arm64-v8a:/data/app/~~iIlKhXb8PIzuUA1M_P7lWQ==/com.benschwank.blop-Su-UMROh2DJqR_DpjpgeSQ==/split_config.xxhdpi.apk!/lib/arm64-v8a, permitted_path=/data:/mnt/expand:/data/user/0/com.benschwank.blop
04-14 10:48:02.278 20331 20331 D CompatChangeReporter: Compat change id reported: 202956589; UID 10608; state: ENABLED
04-14 10:48:02.280 20331 20331 I benschwank.blop: AssetManager2(0xb40000701c4460b8) locale list changing from [] to [de-DE]
04-14 10:48:02.280  2635  3158 I system_server: AssetManager2(0xb40000701c4afb58) locale list changing from [] to [de-DE]
04-14 10:48:02.282 20331 20331 I Perf    : Connecting to perf service.
04-14 10:48:02.283  2635  3158 I system_server: AssetManager2(0xb40000701c4c04f8) locale list changing from [] to [de-DE]
04-14 10:48:02.283 20331 20331 V GraphicsEnvironment: Currently set values for:
04-14 10:48:02.283 20331 20331 V GraphicsEnvironment:   angle_gl_driver_selection_pkgs=[com.android.angle, com.linecorp.b612.android, com.campmobile.snow, com.google.android.apps.tachyon]
04-14 10:48:02.283 20331 20331 V GraphicsEnvironment:   angle_gl_driver_selection_values=[angle, native, native, native]
04-14 10:48:02.283 20331 20331 V GraphicsEnvironment: com.benschwank.blop is not listed in per-application setting
04-14 10:48:02.283 20331 20331 V GraphicsEnvironment: ANGLE allowlist from config: 
04-14 10:48:02.283 20331 20331 V GraphicsEnvironment: com.benschwank.blop is not listed in ANGLE allowlist or settings, returning default
04-14 10:48:02.284 20331 20331 V GraphicsEnvironment: Updatable production driver is not supported on the device.
04-14 10:48:02.287 20331 20331 D CompatChangeReporter: Compat change id reported: 279646685; UID 10608; state: ENABLED
04-14 10:48:02.291  2635  3804 D CompatChangeReporter: Compat change id reported: 324203798; UID 10608; state: ENABLED
04-14 10:48:02.292  2635  3804 V NtGameModeImpl: onAppFocusChanged: pkg=com.benschwank.blop, uid=10608, category=-1, launchMode= 1
04-14 10:48:02.292  2635  3804 D NtPopUpViewImpl: PopUpView: onAppFocusChanged: newTask=Task{212584 #3528 type=standard A=10608:com.benschwank.blop}, showDimmer=false
04-14 10:48:02.292  2635  3804 D NtKafkaEventHelper: onActivityRecordChanged: info com.benschwank.blop:10608:20331
04-14 10:48:02.296  2635  3253 D BackgroundInstallControlService: Package event received: 0
04-14 10:48:02.296  2635  3253 D BackgroundInstallControlService: Package event received: 0
04-14 10:48:02.297 20331 20366 I DisplayManager: Choreographer implicitly registered for the refresh rate.
04-14 10:48:02.299  2635  3158 I system_server: AssetManager2(0xb40000701c4b55f8) locale list changing from [] to [de-DE]
04-14 10:48:02.300 20331 20366 I AdrenoGLES-0: QUALCOMM build                   : 0c393b63cf, I94e2bd5684
04-14 10:48:02.300 20331 20366 I AdrenoGLES-0: Build Date                       : 05/02/25
04-14 10:48:02.300 20331 20366 I AdrenoGLES-0: OpenGL ES Shader Compiler Version: EV031.36.08.33
04-14 10:48:02.300 20331 20366 I AdrenoGLES-0: Local Branch                     : 
