04-14 11:32:15.465 26447 26561 W ation.temu:push: ClassLoaderContext classpath size mismatch. expected=1, found=2 (DLC[];PCL[base.apk*3395480911]{PCL[/system/framework/org.apache.http.legacy.jar*4247870504]#PCL[/system/framework/com.android.location.provider.jar*1570284764]#PCL[/system/framework/com.android.media.remotedisplay.jar*487574312]#PCL[/system_ext/framework/com.android.extensions.appfunctions.jar*2880224042]#PCL[/system_ext/framework/androidx.window.extensions.jar*2649168746]#PCL[/system_ext/framework/androidx.window.sidecar.jar*2491547954]} | DLC[];PCL[/data/app/~~QWiPD0qxVs9urWLS2x2tDw==/com.einnovation.temu-uTZgQxYWT45enZtWoU4qYA==/base.apk*2030995604:/data/app/~~QWiPD0qxVs9urWLS2x2tDw==/com.einnovation.temu-uTZgQxYWT45enZtWoU4qYA==/split_avif_df.apk*230621110]{PCL[/system_ext/framework/androidx.window.extensions.jar*2649168746]#PCL[/system_ext/framework/androidx.window.sidecar.jar*2491547954]#PCL[/system/framework/org.apache.http.legacy.jar*4247870504]})
04-14 11:32:15.473 26525 26525 D FirebaseSessions: Initializing Firebase Sessions SDK.
04-14 11:32:15.473 26397 26408 W chromium: [WARNING:content/child/runtime_features.cc:563] Fenced frames cannot be enabled in this configuration. Use --enable-features=FencedFrames instead.
04-14 11:32:15.474 26397 26408 W chromium: [WARNING:content/child/runtime_features.cc:588] Topics cannot be enabled in this configuration. Use --enable-features=BrowsingTopics in addition.
04-14 11:32:15.474 26397 26408 W chromium: [WARNING:content/child/runtime_features.cc:609] SharedStorage cannot be enabled in this configuration. Use --enable-features=SharedStorageAPI in addition.
04-14 11:32:15.474 26525 26525 I FirebaseCrashlytics: Initializing Firebase Crashlytics 19.4.1 for de.number26.android
04-14 11:32:15.483 26525 26525 D SessionsDependencies: Subscriber CRASHLYTICS registered.
04-14 11:32:15.487 26525 26610 D CompatChangeReporter: Compat change id reported: 312399441; UID 10406; state: ENABLED
04-14 11:32:15.489 26447 26561 I ation.temu:push: AssetManager2(0xb4000076b0ae0a58) locale list changing from [] to [de-DE]
04-14 11:32:15.492 26447 26561 I ation.temu:push: AssetManager2(0xb4000076b0ae00f8) locale list changing from [] to [de-DE]
04-14 11:32:15.507 26525 26607 D LifecycleServiceBinder: Binding service to application.
04-14 11:32:15.512   780   780 D lowmemorykiller: medium pressure event polling check
04-14 11:32:15.513   780   780 I lowmemorykiller: nr_free_pages: 39673 nr_inactive_file: 784520 nr_active_file: 266618 workingset_refault: 3788467 pgrefill: 7649704 pgscan_kswapd: 33966872 pgscan_direct: 964528 pgscan_direct_throttle: 0 init_pgscan_direct: 963397 init_pgscan_kswapd: 33935129 base_file_lru: 1067950 init_ws_refault: 3784459 free_swap: 362075 total_swap: 1048575 swap_free_percentage: 34%
04-14 11:32:15.513   780   780 D lowmemorykiller: thrashing: 0% thrashing_limit: 30%
04-14 11:32:15.513  2603  3314 D FileUtils: Rounded bytes from 11807469568 to 16000000000
04-14 11:32:15.513   780   780 D lowmemorykiller: Not killing for medium pressure event polling check
04-14 11:32:15.514  3954  3976 I FontLog : (REDACTED) Received query %s, URI %s
04-14 11:32:15.514  3954  3976 I FontLog : (REDACTED) Query [%s] resolved to %s
04-14 11:32:15.518  3954  3976 I FontLog : (REDACTED) Font PFD returned from cache for %s
04-14 11:32:15.518  3954  3976 I FontLog : (REDACTED) Fetch %s end status %s
04-14 11:32:15.520 26236 26565 D vulkan  : searching for layers in '/data/app/~~JGiHUeSQv6sCXmQqoeMZTw==/de.mcdonalds.mcdonaldsinfoapp-JZJa4Kl3YNvY4jaziuSL2w==/lib/arm64'
04-14 11:32:15.524 26236 26565 D vulkan  : searching for layers in '/data/app/~~JGiHUeSQv6sCXmQqoeMZTw==/de.mcdonalds.mcdonaldsinfoapp-JZJa4Kl3YNvY4jaziuSL2w==/base.apk!/lib/arm64-v8a'
04-14 11:32:15.524 26525 26607 I FirebaseCrashlytics: Saved version control info
04-14 11:32:15.526 26236 26565 D vulkan  : searching for layers in '/data/app/~~JGiHUeSQv6sCXmQqoeMZTw==/de.mcdonalds.mcdonaldsinfoapp-JZJa4Kl3YNvY4jaziuSL2w==/split_config.arm64_v8a.apk!/lib/arm64-v8a'
04-14 11:32:15.527  3954  3976 I FontLog : (REDACTED) Pulling font file for id = %d, cache size = %d
04-14 11:32:15.530  3954  3976 I FontLog : (REDACTED) Received query %s, URI %s
04-14 11:32:15.530  3954  3976 I FontLog : (REDACTED) Query [%s] resolved to %s
04-14 11:32:15.531  3954  3976 I FontLog : (REDACTED) Fetch %s end status %s
04-14 11:32:15.531 26236 26565 D vulkan  : searching for layers in '/data/app/~~JGiHUeSQv6sCXmQqoeMZTw==/de.mcdonalds.mcdonaldsinfoapp-JZJa4Kl3YNvY4jaziuSL2w==/split_config.de.apk!/lib/arm64-v8a'
04-14 11:32:15.532 26236 26565 D vulkan  : searching for layers in '/data/app/~~JGiHUeSQv6sCXmQqoeMZTw==/de.mcdonalds.mcdonaldsinfoapp-JZJa4Kl3YNvY4jaziuSL2w==/split_config.xxhdpi.apk!/lib/arm64-v8a'
04-14 11:32:15.532  3954  3976 I FontLog : (REDACTED) Pulling font file for id = %d, cache size = %d
04-14 11:32:15.535  2603  3314 D NtLocationInfoTrackerImpl: recordRegisterRequest ThirdParty APP: de.mcdonalds.mcdonaldsinfoapp:gps
04-14 11:32:15.536  3954  3976 I FontLog : (REDACTED) Received query %s, URI %s
04-14 11:32:15.536  3954  3976 I FontLog : (REDACTED) Query [%s] resolved to %s
04-14 11:32:15.536  2603  3314 E LocationManagerService: getLastLocation called by 10260/de.mcdonalds.mcdonaldsinfoapp
04-14 11:32:15.537  3954  3976 I FontLog : (REDACTED) Font PFD returned from cache for %s
04-14 11:32:15.537  3954  3976 I FontLog : (REDACTED) Fetch %s end status %s
04-14 11:32:15.543  2603  5568 D ConnectivityService: Returning BLOCKED NetworkInfo to uid=10406
04-14 11:32:15.545  3954  3976 I FontLog : (REDACTED) Pulling font file for id = %d, cache size = %d
04-14 11:32:15.549  3954  3976 I FontLog : (REDACTED) Received query %s, URI %s
04-14 11:32:15.549  3954  3976 I FontLog : (REDACTED) Query [%s] resolved to %s
04-14 11:32:15.549  3954  3976 I FontLog : (REDACTED) Font PFD returned from cache for %s
04-14 11:32:15.549  3954  3976 I FontLog : (REDACTED) Fetch %s end status %s
04-14 11:32:15.551  3954  3976 I FontLog : (REDACTED) Pulling font file for id = %d, cache size = %d
04-14 11:32:15.553 26525 26624 I TRuntime.CctTransportBackend: Making request to: https://crashlyticsreports-pa.googleapis.com/v1/firelog/legacy/batchlog
04-14 11:32:15.555 26525 26624 E TRuntime.CctTransportBackend: Couldn't open connection, returning with 500
04-14 11:32:15.559  3954  3976 I FontLog : (REDACTED) Received query %s, URI %s
04-14 11:32:15.559  3954  3976 I FontLog : (REDACTED) Query [%s] resolved to %s
04-14 11:32:15.560  3954  3976 I FontLog : (REDACTED) Font PFD returned from cache for %s
04-14 11:32:15.560  3954  3976 I FontLog : (REDACTED) Fetch %s end status %s
04-14 11:32:15.561  3954  3976 I FontLog : (REDACTED) Pulling font file for id = %d, cache size = %d
04-14 11:32:15.571  7117  7117 I Finsky  : [2] SCH: job service start with id 9202.
04-14 11:32:15.574  7117  8891 I Finsky  : [67] SCH: Satisfied jobs for 9202 are: 12-1
04-14 11:32:15.574  7117 21805 I Finsky  : [291] SCH: Job 12-1 starting
04-14 11:32:15.574  7117  7117 I Finsky  : [2] WM::SCH: Logging work start for 12-1
04-14 11:32:15.574  7117  7117 I Finsky  : [2] [ContentSync] job started
04-14 11:32:15.611  1446  1446 I NtChg   : T0-6:[50,100,350,370,390,410,500],chg_series:8,is_changed:0,TeBoT0-6:[50,100,350,350,370,390,500],TRegion:6,Temp:448,tzname:shell_front,Ibat:500,onlineI:-400,param_type:6,AbnormalStatus:0,tzn:92,g_cp_mode:5,vbat:0,pr_id:1,OnGameStatus:0
04-14 11:32:15.585  1422  1446 E NtChgAidl: NtChgAidl: InGameStatus: 0
04-14 11:32:15.588 26236 26270 D RingtoneManager: getActualDefaultRingtoneUri type 1
04-14 11:32:15.601 26236 26270 D RingtoneManager: getActualDefaultRingtoneUri return content://media/internal/audio/media/24?title=crossing&canonical=1
04-14 11:32:15.607  2603  3314 W WifiService: Permission violation - getConfiguredNetworks not allowed for uid=10260, packageName=de.mcdonalds.mcdonaldsinfoapp, reason=java.lang.SecurityException: UID 10260 has no location permission
04-14 11:32:15.607  5310  5335 I egip    : (REDACTED) appOpsListener %s %s
04-14 11:32:15.608  5310  5335 I egip    : (REDACTED) Ignoring irrelevant audio permission changes for package %s
04-14 11:32:15.612   780   780 D lowmemorykiller: medium pressure event polling check
04-14 11:32:15.612   780   780 I lowmemorykiller: nr_free_pages: 43949 nr_inactive_file: 782103 nr_active_file: 263460 workingset_refault: 3789645 pgrefill: 7656944 pgscan_kswapd: 33999876 pgscan_direct: 964528 pgscan_direct_throttle: 0 init_pgscan_direct: 963397 init_pgscan_kswapd: 33966872 base_file_lru: 1067950 init_ws_refault: 3784459 free_swap: 359872 total_swap: 1048575 swap_free_percentage: 34%
04-14 11:32:15.612   780   780 D lowmemorykiller: thrashing: 0% thrashing_limit: 30%
04-14 11:32:15.613   780   780 D lowmemorykiller: Not killing for medium pressure event polling check
04-14 11:32:15.624  2603  3314 D FileUtils: Rounded bytes from 11807469568 to 16000000000
04-14 11:32:15.631  2603  5568 W TelephonyPermissions: reportAccessDeniedToReadIdentifiers:de.mcdonalds.mcdonaldsinfoapp:getSerial:-1
04-14 11:32:15.631  5242 16807 I MediaProvider: Filtering owner package name for de.mcdonalds.mcdonaldsinfoapp, projection: [title_key, instance_id, compilation, disc_number, duration, is_ringtone, album_artist, resolution, orientation, artist, author, inferred_date, height, is_drm, bucket_display_name, is_audiobook, owner_package_name, volume_name, title_resource_uri, date_modified, writer, date_expires, composer, bits_per_sample, _display_name, is_recording, datetaken, mime_type, is_notification, bitrate, cd_track_number, _id, xmp, year, null as oem_metadata, _data, _size, album, genre, is_alarm, title, track, width, is_music, samplerate, album_key, is_favorite, is_trashed, group_id, document_id, artist_id, generation_added, artist_key, genre_key, is_download, generation_modified, is_pending, date_added, is_podcast, capture_framerate, album_id, num_tracks, original_document_id, genre_id, bucket_id, bookmark, relative_path]
04-14 11:32:15.634  5242 16807 D MediaProvider: Constructed owner_package_name substitution: CASE WHEN owner_package_name IN () THEN owner_package_name ELSE NULL END AS owner_package_name
04-14 11:32:15.634  5242 16807 W SQLiteQueryBuilder: Allowing abusive custom column: CASE WHEN owner_package_name IN () THEN owner_package_name ELSE NULL END AS owner_package_name
04-14 11:32:15.634  5242 16807 W SQLiteQueryBuilder: Allowing abusive custom column: null as oem_metadata
04-14 11:32:15.644  3954 24977 I PhenotypeResourceReader: unable to find any Phenotype resource metadata for com.einnovation.temu
04-14 11:32:15.649 26236 26270 D RingtoneManager: getActualDefaultRingtoneUri type 2
04-14 11:32:15.650 26236 26270 D RingtoneManager: getActualDefaultRingtoneUri return content://media/internal/audio/media/47?title=cuckoo&soundOnly=0
04-14 11:32:15.653 26236 26300 I AdrenoGLES-0: QUALCOMM build                   : 0c393b63cf, I94e2bd5684
04-14 11:32:15.653 26236 26300 I AdrenoGLES-0: Build Date                       : 05/02/25
04-14 11:32:15.653 26236 26300 I AdrenoGLES-0: OpenGL ES Shader Compiler Version: EV031.36.08.33
04-14 11:32:15.653 26236 26300 I AdrenoGLES-0: Local Branch                     : 
04-14 11:32:15.653 26236 26300 I AdrenoGLES-0: Remote Branch                    : refs/tags/AU_LINUX_ANDROID_LA.VENDOR.1.0.R1.11.00.00.816.269
04-14 11:32:15.653 26236 26300 I AdrenoGLES-0: Remote Branch                    : NONE
04-14 11:32:15.653 26236 26300 I AdrenoGLES-0: Reconstruct Branch               : NOTHING
04-14 11:32:15.653 26236 26300 I AdrenoGLES-0: Build Config                     : S P 12.1.1 AArch64
04-14 11:32:15.653 26236 26300 I AdrenoGLES-0: Driver Path                      : /vendor/lib64/egl/libGLESv2_adreno.so
04-14 11:32:15.653 26236 26300 I AdrenoGLES-0: Driver Version                   : 0615.98
04-14 11:32:15.660 26236 26270 D RingtoneManager: getActualDefaultRingtoneUri type 4
04-14 11:32:15.661 26236 26270 D RingtoneManager: getActualDefaultRingtoneUri return content://media/internal/audio/media/33?title=trad&canonical=1
04-14 11:32:15.663  5242 16807 I MediaProvider: Filtering owner package name for de.mcdonalds.mcdonaldsinfoapp, projection: [title_key, instance_id, compilation, disc_number, duration, is_ringtone, album_artist, resolution, orientation, artist, author, inferred_date, height, is_drm, bucket_display_name, is_audiobook, owner_package_name, volume_name, title_resource_uri, date_modified, writer, date_expires, composer, bits_per_sample, _display_name, is_recording, datetaken, mime_type, is_notification, bitrate, cd_track_number, _id, xmp, year, null as oem_metadata, _data, _size, album, genre, is_alarm, title, track, width, is_music, samplerate, album_key, is_favorite, is_trashed, group_id, document_id, artist_id, generation_added, artist_key, genre_key, is_download, generation_modified, is_pending, date_added, is_podcast, capture_framerate, album_id, num_tracks, original_document_id, genre_id, bucket_id, bookmark, relative_path]
04-14 11:32:15.664 26236 26300 I AdrenoGLES-0: PFP: 0x01730181, ME: 0x00000000
04-14 11:32:15.665 26236 26565 I AdrenoVK-0: ===== BEGIN DUMP OF OVERRIDDEN SETTINGS =====
04-14 11:32:15.665 26236 26565 I AdrenoVK-0: ===== END DUMP OF OVERRIDDEN SETTINGS =====
04-14 11:32:15.670  5242 16807 D MediaProvider: Constructed owner_package_name substitution: CASE WHEN owner_package_name IN () THEN owner_package_name ELSE NULL END AS owner_package_name
04-14 11:32:15.670  5242 16807 W SQLiteQueryBuilder: Allowing abusive custom column: CASE WHEN owner_package_name IN () THEN owner_package_name ELSE NULL END AS owner_package_name
04-14 11:32:15.670  5242 16807 W SQLiteQueryBuilder: Allowing abusive custom column: null as oem_metadata
04-14 11:32:15.673  2603  5570 W ParceledListSlice: Element #420 is 21224 bytes.
04-14 11:32:15.698 26236 26299 I DrmHalHidl: found instance=clearkey version=android.hardware.drm@1.4::IDrmFactory
04-14 11:32:15.698 26236 26299 I DrmHalHidl: found instance=wfdhdcp version=android.hardware.drm@1.3::IDrmFactory
04-14 11:32:15.698 26236 26299 I DrmHalHidl: found instance=widevine version=android.hardware.drm@1.4::IDrmFactory
04-14 11:32:15.699  2603  3437 W ParceledListSlice: Element #341 is 19560 bytes.
04-14 11:32:15.712  1375  1442 I WVCdm   : [app][de.mcdonalds.mcdonaldsinfoapp] calling virtual Return<void> wvdrm::hardware::drm::V1_4::widevine::WVDrmFactory::createPlugin(const hidl_array<uint8_t, 16> &, const android::hardware::hidl_string &, android::hardware::drm::V1_4::IDrmFactory::createPlugin_cb)
04-14 11:32:15.712  1375  1442 D WVCdm   : Instantiating CDM.
04-14 11:32:15.713   780   780 D lowmemorykiller: medium pressure event polling check
04-14 11:32:15.713   780   780 I lowmemorykiller: nr_free_pages: 43276 nr_inactive_file: 778694 nr_active_file: 262517 workingset_refault: 3792839 pgrefill: 7661378 pgscan_kswapd: 34024744 pgscan_direct: 964528 pgscan_direct_throttle: 0 init_pgscan_direct: 963397 init_pgscan_kswapd: 33999876 base_file_lru: 1067950 init_ws_refault: 3784459 free_swap: 357698 total_swap: 1048575 swap_free_percentage: 34%
04-14 11:32:15.713   780   780 D lowmemorykiller: thrashing: 0% thrashing_limit: 30%
04-14 11:32:15.713   780   780 D lowmemorykiller: Not killing for medium pressure event polling check
04-14 11:32:15.717   957   957 E KeymasterUtils: rsp_header->status: -28
04-14 11:32:15.717   957   957 E KeyMasterHalDevice: abort_operation
04-14 11:32:15.717   957   957 E KeyMasterHalDevice: ret: -28
04-14 11:32:15.725  1375  1442 D WVCdm   : [cdm_engine.cpp(544):QueryStatus] security_level = Default, query_token = WidevineCdmVersion
04-14 11:32:15.725  1375  1442 I WVCdm   : [file_utils.cpp(40):Exists] stat failed: ENOENT
04-14 11:32:15.725  1375  1442 I WVCdm   : [oemcrypto_adapter_dynamic.cpp(783):Initialize] Level 3 Build Info (v16): OEMCrypto Level3 Code 28917 Feb  2 2023 02:22:33
04-14 11:32:15.725  1375 26646 I WVCdm   : [(0):] Level3 Library 28917 Feb  2 2023 02:22:33
04-14 11:32:15.729  1375  1442 I WVCdm   : [oemcrypto_adapter_dynamic.cpp(797):Initialize] L3 Initialized. Trying L1.
04-14 11:32:15.760  1079  1079 I [GTP-INF][goodix_ts_report_finger] ACTION_DOWN: 1, 1, id[0], x 279, y 794, w 51
04-14 11:32:15.729  1375  1442 I QCOM-OEMCrypto: OEMCrypto_Initialize
04-14 11:32:15.729  1375  1442 I QCOM-OEMCrypto: License: Widevine: YES CPZ: YES
04-14 11:32:15.730   957   957 E KeymasterUtils: rsp_header->status: -28
04-14 11:32:15.730   957   957 E KeyMasterHalDevice: abort_operation
04-14 11:32:15.730   957   957 E KeyMasterHalDevice: ret: -28
04-14 11:32:15.747 26236 26565 I AdrenoVK-0: QUALCOMM build          : 0c393b63cf, I94e2bd5684
04-14 11:32:15.747 26236 26565 I AdrenoVK-0: Build Date              : 05/02/25
04-14 11:32:15.747 26236 26565 I AdrenoVK-0: Shader Compiler Version : EV031.36.08.33
04-14 11:32:15.747 26236 26565 I AdrenoVK-0: Local Branch            : 
04-14 11:32:15.747 26236 26565 I AdrenoVK-0: Remote Branch           : refs/tags/AU_LINUX_ANDROID_LA.VENDOR.1.0.R1.11.00.00.816.269
04-14 11:32:15.747 26236 26565 I AdrenoVK-0: Remote Branch           : NONE
04-14 11:32:15.747 26236 26565 I AdrenoVK-0: Reconstruct Branch      : NOTHING
04-14 11:32:15.747 26236 26565 I AdrenoVK-0: Build Config            : S P 12.1.1 AArch64
04-14 11:32:15.747 26236 26565 I AdrenoVK-0: Driver Path             : /vendor/lib64/hw/vulkan.adreno.so
04-14 11:32:15.747 26236 26565 I AdrenoVK-0: Driver Version          : 0615.98
04-14 11:32:15.747 26236 26565 I AdrenoVK-0: PFP                     : 0x01730181
04-14 11:32:15.747 26236 26565 I AdrenoVK-0: ME                      : 0x00000000
04-14 11:32:15.747 26236 26565 I AdrenoVK-0: Application Name    : 
04-14 11:32:15.747 26236 26565 I AdrenoVK-0: Application Version : 0x00000001
04-14 11:32:15.747 26236 26565 I AdrenoVK-0: Engine Name         : 
04-14 11:32:15.747 26236 26565 I AdrenoVK-0: Engine Version      : 0x00000001
04-14 11:32:15.747 26236 26565 I AdrenoVK-0: Api Version         : 0x00404000
04-14 11:32:15.766  1375  1442 I QCOM-OEMCrypto: ---------------Widevine OEMCrypto configuration-----------------
04-14 11:32:15.766  1375  1442 I QCOM-OEMCrypto: TA-HLOS interface                      :   SMCInvoke
04-14 11:32:15.766  1375  1442 I QCOM-OEMCrypto: Crypto Engine SMMU Virtual Address     :   Yes
04-14 11:32:15.766  1375  1442 I QCOM-OEMCrypto: Measure elapsed time                   :   No
04-14 11:32:15.766  1375  1442 I QCOM-OEMCrypto: Inplace decryption for clear buffer    :   Yes
04-14 11:32:15.766  1375  1442 I QCOM-OEMCrypto: Frame Assembly                         :   Yes
04-14 11:32:15.766  1375  1442 I QCOM-OEMCrypto: Scratch buffer size                    :   4194304
04-14 11:32:15.766  1375  1442 I QCOM-OEMCrypto: Decrypt hash tests                     :   No
04-14 11:32:15.766  1375  1442 I QCOM-OEMCrypto: Secure buffer tests                    :   No
04-14 11:32:15.766  1375  1442 I QCOM-OEMCrypto: Idle mode enabled for external display :   No
04-14 11:32:15.766  1375  1442 I QCOM-OEMCrypto: HLOS data path                       :   No
04-14 11:32:15.766  1375  1442 I QCOM-OEMCrypto: ----------------------------------------------------------------
04-14 11:32:15.768   957   957 E KeymasterUtils: rsp_header->status: -28
04-14 11:32:15.768   957   957 E KeyMasterHalDevice: abort_operation
04-14 11:32:15.768   957   957 E KeyMasterHalDevice: ret: -28
04-14 11:32:15.769   958   968 D DrmLibTime: got the req here! ret=0
04-14 11:32:15.769   958   968 D DrmLibTime: command id, time_cmd_id = 770
04-14 11:32:15.769   958   968 D DrmLibTime: time_getutcsec starts!
04-14 11:32:15.769   958   968 D DrmLibTime: QSEE Time Listener: time_getutcsec
04-14 11:32:15.769   958   968 D DrmLibTime: QSEE Time Listener: get_utc_seconds
04-14 11:32:15.769   958   968 D DrmLibTime: QSEE Time Listener: time_get_modem_time
04-14 11:32:15.769   958   968 D DrmLibTime: QSEE Time Listener: Checking if ATS_MODEM is set or not.
04-14 11:32:15.769   958   968 D QC-time-services: Lib:time_genoff_operation: pargs->base = 13
04-14 11:32:15.769   958   968 D QC-time-services: Lib:time_genoff_operation: pargs->operation = 2
04-14 11:32:15.769   958   968 D QC-time-services: Lib:time_genoff_operation: pargs->ts_val = 0
04-14 11:32:15.771  1273  1283 D QC-time-services: Daemon: Connection accepted:time_genoff
04-14 11:32:15.771  1273 26651 D QC-time-services: Daemon:Received base = 13, unit = 1, operation = 2,value = 0
04-14 11:32:15.771  1273 26651 D QC-time-services: Daemon:genoff_opr: Base = 13, val = 0, operation = 2
04-14 11:32:15.771   958   968 D QC-time-services: Lib:time_genoff_operation: Send to server  passed!!
04-14 11:32:15.771  1273 26651 D QC-time-services: offset is: 1 for base: 13
04-14 11:32:15.771   958   968 E QC-time-services: Receive Passed == base = 13, unit = 1, operation = 2, result = 0
04-14 11:32:15.771   958   968 D DrmLibTime: QSEE Time Listener: ATS_MODEM is set. Try to retrieve it.
04-14 11:32:15.772  1273  1283 E QC-time-services: Daemon: Time-services: Waiting to acceptconnection
04-14 11:32:15.772  1273  1283 D QC-time-services: Daemon: Connection accepted:time_genoff
04-14 11:32:15.773  1273 26653 D QC-time-services: Daemon:Received base = 13, unit = 1, operation = 1,value = 0
04-14 11:32:15.773  1273 26653 D QC-time-services: Daemon:genoff_opr: Base = 13, val = 0, operation = 1
04-14 11:32:15.773  1273 26653 D QC-time-services: Daemon: genoff get for 13
04-14 11:32:15.773  1273 26653 D QC-time-services: Daemon:Value read from QTimer mseconds = 201896
04-14 11:32:15.773  1273 26653 D QC-time-services: Daemon:Value read from RTC mseconds on boot = 19662803000
04-14 11:32:15.773  1273 26653 D QC-time-services: Daemon:Value read from QTimer mseconds = 201896
04-14 11:32:15.773  1273 26653 D QC-time-services: Daemon:Value read from generic offset = 1756496139928
04-14 11:32:15.773  1273 26653 D QC-time-services: Daemon:Delta read on boot mseconds = 19662794114
04-14 11:32:15.773  1273 26653 D QC-time-services: Daemon:Final Time = 1776159135938
04-14 11:32:15.773   958   968 D DrmLibTime: QSEE Time Listener: Time GenOff - seconds: 1776159135
04-14 11:32:15.773   958   968 D DrmLibTime: time_getutcsec returns 0, sec = 1776159135; nsec = 0
04-14 11:32:15.773   958   968 D DrmLibTime: time_getutcsec finished! 
04-14 11:32:15.773   958   968 D DrmLibTime: iotcl_continue_command finished! and return 0 
04-14 11:32:15.773   958   968 D DrmLibTime: before calling ioctl to read the next time_cmd
04-14 11:32:15.773  1273  1283 E QC-time-services: Daemon: Time-services: Waiting to acceptconnection
04-14 11:32:15.784 26236 26269 E cdonaldsinfoapp: hiddenapi: Accessing hidden method Landroid/net/ConnectivityManager;->getProxyForNetwork(Landroid/net/Network;)Landroid/net/ProxyInfo; (runtime_flags=0, domain=platform, api=max-target-o) from Lcom/forter/mobile/fortersdk/z4; (domain=app, TargetSdkVersion=35) using reflection: denied
04-14 11:32:15.799   957   957 E KeymasterUtils: rsp_header->status: -28
04-14 11:32:15.799   957   957 E KeyMasterHalDevice: abort_operation
04-14 11:32:15.799   957   957 E KeyMasterHalDevice: ret: -28
04-14 11:32:15.810   780   780 D lowmemorykiller: medium pressure event polling check
04-14 11:32:15.811   780   780 I lowmemorykiller: nr_free_pages: 41296 nr_inactive_file: 778375 nr_active_file: 263303 workingset_refault: 3793709 pgrefill: 7662410 pgscan_kswapd: 34028225 pgscan_direct: 964528 pgscan_direct_throttle: 0 init_pgscan_direct: 963397 init_pgscan_kswapd: 34024744 base_file_lru: 1067950 init_ws_refault: 3784459 free_swap: 357508 total_swap: 1048575 swap_free_percentage: 34%
04-14 11:32:15.811   780   780 D lowmemorykiller: thrashing: 0% thrashing_limit: 30%
04-14 11:32:15.811   780   780 D lowmemorykiller: Not killing for medium pressure event polling check
04-14 11:32:15.812 26447 26627 E ation.temu:push: No package ID 6a found for resource ID 0x6a0b0013.
04-14 11:32:15.813 26447 26627 I FA      : App measurement initialized, version: 161007
04-14 11:32:15.813 26447 26627 I FA      : To enable debug logging run: adb shell setprop log.tag.FA VERBOSE
04-14 11:32:15.813 26447 26627 I FA      : To enable faster debug mode event logging run:
04-14 11:32:15.813 26447 26627 I FA      :   adb shell setprop debug.firebase.analytics.app com.einnovation.temu
04-14 11:32:15.838  1079  1079 I         : [GTP-INF][goodix_ts_report_finger] ACTION_UP
04-14 11:32:15.821   957   957 E KeymasterUtils: rsp_header->status: -28
04-14 11:32:15.821   957   957 E KeyMasterHalDevice: abort_operation
04-14 11:32:15.821   957   957 E KeyMasterHalDevice: ret: -28
04-14 11:32:15.825  2603  5570 D CompatChangeReporter: Compat change id reported: 151861875; UID 10608; state: ENABLED
04-14 11:32:15.826  2603  5570 V GrammaticalInflectionUtils: AttributionSource: android.content.AttributionSource@37805159 does not have READ_SYSTEM_GRAMMATICAL_GENDER permission.
04-14 11:32:15.827  2603  5570 W OptProp : Cannot read opt property android.window.PROPERTY_COMPAT_ALLOW_RESIZEABLE_ACTIVITY_OVERRIDES
04-14 11:32:15.827  1375  1442 I DMABUFHEAPS: Using DMA-BUF heap named: qcom,qseecom-ta
04-14 11:32:15.828  2603  5570 W OptProp : Cannot read opt property android.window.PROPERTY_COMPAT_ALLOW_MIN_ASPECT_RATIO_OVERRIDE
04-14 11:32:15.829  2603  5570 D CompatChangeReporter: Compat change id reported: 306666082; UID 10608; state: ENABLED
04-14 11:32:15.861  1442  1442 I qcedev_ioctl: info: vaddr = ffc00000
04-14 11:32:15.861  1442  1442 I         : , fd = 13
04-14 11:32:15.835  1375  1442 I DMABUFHEAPS: Using DMA-BUF heap named: qcom,qseecom-ta
04-14 11:32:15.836  1463  1575 E ANDR-PERF-LM: MetaMeter: handleAsync() 166: AdaptLaunch Invalid Async
04-14 11:32:15.837  1463  1575 E ANDR-PERF-LM: MetaMeter: handleAsync() 166: AdaptLaunch Invalid Async
04-14 11:32:15.837  2603  5570 E ANDR-PERF-JNI: com_qualcomm_qtiperformance_native_perf_io_prefetch_start
04-14 11:32:15.838  1451  5131 E ANDR-IOP: io prefetch is disabled
04-14 11:32:15.842  2603  5570 V NtGameModeImpl: onAppFocusChanged: pkg=com.android.vending, uid=10139, category=7, launchMode= 1
04-14 11:32:15.842  2603  5570 D NtTaskWindowSurfaceInfo: PopUpView: onWindowingModeChanged 0->1 mTask=Task{11ca454 #3560 type=standard}
04-14 11:32:15.869  1442  1442 I qcedev_ioctl: info: vaddr = ff800000
04-14 11:32:15.869  1442  1442 I         : , fd = 15
04-14 11:32:15.843  1375  1442 I DMABUFHEAPS: Using DMA-BUF heap named: qcom,qseecom-ta
04-14 11:32:15.844   957   957 E KeymasterUtils: rsp_header->status: -28
04-14 11:32:15.844   957   957 E KeyMasterHalDevice: abort_operation
04-14 11:32:15.844   957   957 E KeyMasterHalDevice: ret: -28
04-14 11:32:15.846 26525 26525 I EngineFactory: Provider GmsCore_OpenSSL not available
04-14 11:32:15.846  1463  1575 E ANDR-PERF-LM: MetaMeter: handleAsync() 166: AdaptLaunch Invalid Async
04-14 11:32:15.849  1375  1442 I QCOM-OEMCrypto: Allocated all scratch buffers
04-14 11:32:15.849  1375  1442 I QCOM-OEMCrypto: LibOEMCrypto version 1.77
04-14 11:32:15.849  1375  1442 I QCOM-OEMCrypto: TA   version 1.143
04-14 11:32:15.849  1375  1442 I QCOM-OEMCrypto: Api  version 16.4
04-14 11:32:15.849  1375  1442 W WVCdm   : [oemcrypto_adapter_dynamic.cpp(998):LoadLevel1] Could not load L1 _oecc109.
04-14 11:32:15.849  1375  1442 W WVCdm   : [oemcrypto_adapter_dynamic.cpp(999):LoadLevel1] Could not load L1 _oecc110.
04-14 11:32:15.849  1375  1442 W WVCdm   : [oemcrypto_adapter_dynamic.cpp(1003):LoadLevel1] Could not load L1 _oecc113.
04-14 11:32:15.849  1375  1442 W WVCdm   : [oemcrypto_adapter_dynamic.cpp(1004):LoadLevel1] Could not load L1 _oecc114.
04-14 11:32:15.849  1375  1442 D WVCdm   : [oemcrypto_adapter_dynamic.cpp(816):Initialize] OEMCrypto_Initialize Level 1 success. I will use level 1.
04-14 11:32:15.849  1375  1442 I QCOM-OEMCrypto: Created OEMCrypto idle_thread
04-14 11:32:15.849  1375  1442 I WVCdm   : [oemcrypto_adapter_dynamic.cpp(819):Initialize] Level 1 Build Info (v16): Build Information: API_Version: 16.4 LibOEMCrypto_Version: 1.77 TA_Version: 1.143
04-14 11:32:15.849  2603  5570 W OptProp : Cannot read opt property android.window.PROPERTY_COMPAT_ALLOW_ORIENTATION_OVERRIDE
04-14 11:32:15.849  1542  2810 I BpBinder: onLastStrongRef automatically unlinking death recipients: 
04-14 11:32:15.849  3295  6250 W PopUpWinSceneDetector: Malformat: no colon symbol ':', so discard it.
04-14 11:32:15.849  3295  6250 W PopUpWinSceneDetector: PopUpWinEvent format is wrong! Ignore it
04-14 11:32:15.850  1375  1442 I WVCdm   : [file_utils.cpp(40):Exists] stat failed: ENOENT
04-14 11:32:15.850  1375  1442 D WVCdm   : [crypto_session.cpp(398):CacheVersion] OEMCrypto version (default security level): 16.4
04-14 11:32:15.850  1375  1442 D WVCdm   : [crypto_session.cpp(407):CacheVersion] OEMCrypto version (L3 security level): 16.3
04-14 11:32:15.875  1442  1442 I qcedev_ioctl: info: vaddr = ff400000
04-14 11:32:15.875  1442  1442 I         : , fd = 17
04-14 11:32:15.852  1375  1442 D WVCdm   : [cdm_engine.cpp(544):QueryStatus] security_level = Default, query_token = SecurityLevel
04-14 11:32:15.853  2603  5570 D ActivityTrigger: ActivityTrigger activityPauseTrigger 
04-14 11:32:15.853  1375  1442 D WVCdm   : [cdm_engine.cpp(544):QueryStatus] security_level = Default, query_token = SystemID
04-14 11:32:15.853  1375  1442 D WVCdm   : [crypto_session.cpp(889):Open] Opening crypto session: requested_security_level = Default
04-14 11:32:15.853  1375  1442 D WVCdm   : [usage_table_header.cpp(162):Init] security_level = L1
04-14 11:32:15.853  1375  1442 I QCOM-OEMCrypto: Number of open sessions: 0
04-14 11:32:15.853  1375  1442 D WVCdm   : [usage_table_header.cpp(524):DetermineTableCapacity] capacity = 320, security_level = L1
04-14 11:32:15.853  1375  1442 I WVCdm   : [usage_table_header.cpp(204):RestoreTable] Found usage table to restore: entry_count = 0
04-14 11:32:15.854  2603  3143 D InetDiagMessage: Destroyed 0 sockets, proto=IPPROTO_TCP, family=AF_INET, states=14
04-14 11:32:15.854  1368  4202 I vendor.qti.bluetooth@1.0-ibs_handler: ProcessIbsCmd: Received IBS_WAKE_IND: 0xFD
04-14 11:32:15.854  1368  4202 I vendor.qti.bluetooth@1.0-ibs_handler: ProcessIbsCmd: Writing IBS_WAKE_ACK
04-14 11:32:15.855  2603  5570 I ActivityTaskManager: START u0 {act=android.intent.action.MAIN cat=[android.intent.category.LAUNCHER] flg=0x10000000 xflg=0x4 pkg=com.benschwank.blop cmp=com.benschwank.blop/org.qtproject.qt.android.bindings.QtActivity} with LAUNCH_SINGLE_TOP from uid 10139 pid 7117 (sr=121762387) (BAL_ALLOW_VISIBLE_WINDOW) result code=0
04-14 11:32:15.856  2603  2641 V GrammaticalInflectionUtils: AttributionSource: android.content.AttributionSource@37805159 does not have READ_SYSTEM_GRAMMATICAL_GENDER permission.
04-14 11:32:15.856  3327  3425 V WindowManagerShell: Transition requested (#35): android.os.BinderProxy@62299b7 TransitionRequestInfo { type = OPEN, triggerTask = TaskInfo{userId=0 taskId=3560 effectiveUid=10608 displayId=0 isRunning=true baseIntent=Intent { act=android.intent.action.MAIN cat=[android.intent.category.LAUNCHER] flg=0x10000000 pkg=com.benschwank.blop cmp=com.benschwank.blop/org.qtproject.qt.android.bindings.QtActivity } baseActivity=ComponentInfo{com.benschwank.blop/org.qtproject.qt.android.bindings.QtActivity} topActivity=ComponentInfo{com.benschwank.blop/org.qtproject.qt.android.bindings.QtActivity} origActivity=null realActivity=ComponentInfo{com.benschwank.blop/org.qtproject.qt.android.bindings.QtActivity} numActivities=1 lastActiveTime=197275 supportsMultiWindow=true resizeMode=1 isResizeable=true minWidth=-1 minHeight=-1 defaultMinSize=220 token=WCT{android.window.IWindowContainerToken$Stub$Proxy@21b6524} topActivityType=1 pictureInPictureParams=null shouldDockBigOverlays=false launchIntoPipHostTaskId=-1 lastParentTaskIdBeforePip=-1 displayCutoutSafeInsets=Rect(0, 126 - 0, 0) topActivityInfo=ActivityInfo{c53388d org.qtproject.qt.android.bindings.QtActivity} launchCookies=[] positionInParent=Point(0, 0) parentTaskId=-1 isFocused=false isVisible=false isVisibleRequested=false isTopActivityNoDisplay=false isSleeping=false locusId=null displayAreaFeatureId=1 isTopActivityTransparent=false isActivityStackTransparent=false lastNonFullscreenBounds=Rect(279, 701 - 802, 1781) capturedLink=null capturedLinkTimestamp=0 requestedVisibleTypes=-9 topActivityRequestOpenInBrowserEducationTimestamp=0 appCompatTaskInfo=AppCompatTaskInfo { topActivityInSizeCompat=false eligibleForLetterboxEducation= false isLetterboxEducationEnabled= false isLetterboxDoubleTapEnabled= false eligibleForUserAspectRatioButton= false topActivityBoundsLetterboxed= false isFromLetterboxDoubleTap= false topActivityLetterboxVerticalPosition= -1 topActivityLetterboxHorizontalPosition= -1 topActivityLetterboxWidth=-1 topActivityLetterboxHeight=-1 topActivityAppBounds=Rect(0, 0 - 1080, 2412) isUserFullscreenOverrideEnabled=false isSystemFullscreenOverrideEnabled=false hasMinAspectRatioOverride=false topActivityLetterboxBounds=null cameraCompatTaskInfo=CameraCompatTaskInfo { freeformCameraCompatMode=inactive}} topActivityMainWindowFrame=null}, pipChange = null, remoteTransition = null, displayChange = null, flags = 0, debugId = 35 }
04-14 11:32:15.858  3873  3873 I NT-TopTaskTracker: Call back onTaskMovedToFront taskId = 3560
04-14 11:32:15.859  3327  3425 D ShellSplitScreen: logExit: no-op, mLoggerSessionId is null
04-14 11:32:15.859  3873  3935 I NT-AppEventTracker: Begin non-home task duration timing:TaskDuration(taskId=3560, pkgName=com.benschwank.blop, userId=UserHandle{0}, beginTime=1776159135859, endTime=0, windowType=1, duration=0, state=2)
04-14 11:32:15.859  3327  3451 I ndroid.systemui: AssetManager2(0xb4000076b0b715f8) locale list changing from [] to [de-DE]
04-14 11:32:15.860  2603  4201 D CompatChangeReporter: Compat change id reported: 309578419; UID 10608; state: ENABLED
04-14 11:32:15.863  2603  3143 D InetDiagMessage: Destroyed 2 sockets, proto=IPPROTO_TCP, family=AF_INET6, states=14
04-14 11:32:15.863  2603  3143 D InetDiagMessage: Destroyed live tcp sockets for uids={10467} in 14ms
04-14 11:32:15.853  3707  3741 I DynamicDDSService: handleMessage(ACTIVITY_INVOKE{appInfo=com.benschwank.blop isFullScreen=}true)
04-14 11:32:15.865  3327  3452 W ShellStartingWindow: Window background does not exist, using android.graphics.drawable.ColorDrawable@53d1a53
04-14 11:32:15.866  2603  3143 D InetDiagMessage: Destroyed 0 sockets, proto=IPPROTO_TCP, family=AF_INET, states=14
04-14 11:32:15.866  7117  7117 E AbstractLogEventBuilder: The provided ProductIdOrigin 3 is not one of the process-level expected values: 1 or 2
04-14 11:32:15.869  2603  3143 D InetDiagMessage: Destroyed 0 sockets, proto=IPPROTO_TCP, family=AF_INET6, states=14
04-14 11:32:15.869  2603  3143 D InetDiagMessage: Destroyed live tcp sockets for uids={20467} in 5ms
04-14 11:32:15.872  3707 14482 W DynamicDDSService: appName is running in background.com.android.vending
04-14 11:32:15.874  2603  3314 D NtMemoryManager: mIsHighPressureScene: false : com.benschwank.blop
04-14 11:32:15.874  2603  3314 D NtProcessManager: Top app: com.benschwank.blop
04-14 11:32:15.874  2603  2655 D OomAdjuster: set group = 5
04-14 11:32:15.874  2603  2655 D OomAdjuster: set cpuset: 5
04-14 11:32:15.875  1542  1542 I BpBinder: onLastStrongRef automatically unlinking death recipients: 
04-14 11:32:15.875  1302  1302 D Zygote  : Forked child process 26673
04-14 11:32:15.878  1463  1575 W ANDR-PERF-LM: MetaMeter: handlePrimaryAsync() 118: AdaptLaunch MetaMeter. No MeterMgr Available to handle this Primary Async. !!!!
04-14 11:32:15.878  1463  1575 W ANDR-PERF-LM: MetaMeter: handlePrimaryAsync() 118: AdaptLaunch MetaMeter. No MeterMgr Available to handle this Primary Async. !!!!
04-14 11:32:15.881  2603  3314 I AppsFilter: interaction: PackageSetting{7476823 com.pavelrekun.rekado/10004} -> PackageSetting{8cfe61c com.benschwank.blop/10608} BLOCKED
04-14 11:32:15.881  1463  1575 E ANDR-PERF-LM: MetaMeter: handleAsync() 166: AdaptLaunch Invalid Async
04-14 11:32:15.888 26673 26673 I benschwank.blop: Using CollectorTypeCMC GC.
04-14 11:32:15.891  2603  3218 D BackgroundInstallControlService: Package event received: 0
04-14 11:32:15.891  2603  2648 I ActivityManager: Start proc 26673:com.benschwank.blop/u0a608 for next-top-activity {com.benschwank.blop/org.qtproject.qt.android.bindings.QtActivity}
04-14 11:32:15.891  2603  2648 I ActivityManager: ProcessObserver broadcast disabled
04-14 11:32:15.891  2603  2648 D MemoryStatusReporter: com.benschwank.blop is UI Cold Start
04-14 11:32:15.895  2603  2639 I SensorService: checkAndReportAmbientLightSensorStateChangeLocked new 1 old 1 force 0
04-14 11:32:15.895  1368  4202 I vendor.qti.bluetooth@1.0-ibs_handler: ProcessIbsCmd: Received IBS_SLEEP_IND: 0xFE
04-14 11:32:15.896  5310  5335 I egip    : (REDACTED) appOpsListener %s %s
04-14 11:32:15.897  2603  5568 D CoreBackPreview: Window{929f2ee u0 Splash Screen com.benschwank.blop}: Setting back callback OnBackInvokedCallbackInfo{mCallback=android.window.IOnBackInvokedCallback$Stub$Proxy@b884ba1, mPriority=0, mIsAnimationCallback=false, mOverrideBehavior=0}
04-14 11:32:15.897 26673 26673 D nativeloader: Load libframework-connectivity-tiramisu-jni.so using APEX ns com_android_tethering for caller /apex/com.android.tethering/javalib/framework-connectivity-t.jar: ok
04-14 11:32:15.898  5310  5335 I egip    : (REDACTED) Ignoring irrelevant audio permission changes for package %s
04-14 11:32:15.898  2603 26674 W ContextImpl: Calling a method in the system process without a qualified user: android.app.ContextImpl.sendBroadcast:1269 com.qualcomm.qti.Performance$SendGameLaunchBroadcast.run:292 java.lang.Thread.run:1564 <bottom of call stack> <bottom of call stack> 
04-14 11:32:15.898  5310 14223 I egip    : (REDACTED) appOpsListener %s %s
04-14 11:32:15.898  5310 14223 I egip    : (REDACTED) Ignoring irrelevant audio permission changes for package %s
04-14 11:32:15.898  3327  3451 D NtViewRootImpl: mPopUpViewOffsets: offset=(0.0, 0.0), scale=(1.0, 1.0)
04-14 11:32:15.908 26525 26525 I Choreographer: Skipped 58 frames!  The application may be doing too much work on its main thread.
04-14 11:32:15.910   780   780 D lowmemorykiller: medium pressure event polling check
04-14 11:32:15.910   780   780 I lowmemorykiller: nr_free_pages: 31764 nr_inactive_file: 774585 nr_active_file: 262642 workingset_refault: 3797299 pgrefill: 7667680 pgscan_kswapd: 34046757 pgscan_direct: 964528 pgscan_direct_throttle: 0 init_pgscan_direct: 963397 init_pgscan_kswapd: 34028225 base_file_lru: 1067950 init_ws_refault: 3784459 free_swap: 356213 total_swap: 1048575 swap_free_percentage: 33%
04-14 11:32:15.910   780   780 D lowmemorykiller: thrashing: 1% thrashing_limit: 30%
04-14 11:32:15.910   780   780 D lowmemorykiller: Not killing for medium pressure event polling check
04-14 11:32:15.913  3327  4531 V WindowManagerShell: onTransitionReady(transaction=11179799873399)
04-14 11:32:15.913  3327  3425 V WindowManagerShell: onTransitionReady (#35) android.os.BinderProxy@62299b7: {id=35 t=OPEN f=0x0 trk=0 isSameTaskSwitch=false r=[0@Point(0, 0)] c=[
04-14 11:32:15.913  3327  3425 V WindowManagerShell:         {m=OPEN f=NONE leash=Surface(name=Task=3560)/@0x9ee3e33 sb=Rect(0, 0 - 1080, 2412) eb=Rect(0, 0 - 1080, 2412) epz=Point(1080, 2412) d=0 taskParent=-1 ntPopUpView={mIsTryEnterWindowingMode=false mIsEnterWindowingModeLandscape=false mIsChangingWindowformBounds=false mStartPos=Point(0, 0) mEndPos=Point(0, 0) mStartScale=0.0 mEndScale=0.0 mStartCornerRadius=0.0 mEndCornerRadius=0.0 mAppBounds=Rect(0, 0 - 0, 0) mWindowCrop=Rect(0, 0 - 0, 0) mStartDragOrChangingBounds=Rect(0, 0 - 0, 0) mEndDragOrChangingBounds=Rect(0, 0 - 0, 0) mBottomLeftCornerLeash=null mBottomRightCornerLeash=null mDragBarLeash=null mCornerHintSize=60x60 mDragBarSize=189x42}},
04-14 11:32:15.913  3327  3425 V WindowManagerShell:         {m=TO_BACK f=NONE leash=Surface(name=Task=3558)/@0xfd635f0 sb=Rect(0, 0 - 1080, 2412) eb=Rect(0, 0 - 1080, 2412) epz=Point(1080, 2412) d=0 taskParent=-1 ntPopUpView={mIsTryEnterWindowingMode=false mIsEnterWindowingModeLandscape=false mIsChangingWindowformBounds=false mStartPos=Point(0, 0) mEndPos=Point(0, 0) mStartScale=0.0 mEndScale=0.0 mStartCornerRadius=0.0 mEndCornerRadius=0.0 mAppBounds=Rect(0, 0 - 0, 0) mWindowCrop=Rect(0, 0 - 0, 0) mStartDragOrChangingBounds=Rect(0, 0 - 0, 0) mEndDragOrChangingBounds=Rect(0, 0 - 0, 0) mBottomLeftCornerLeash=null mBottomRightCornerLeash=null mDragBarLeash=null mCornerHintSize=60x60 mDragBarSize=189x42}}
04-14 11:32:15.913  3327  3425 V WindowManagerShell:     ]}
04-14 11:32:15.914  3327  3425 V WindowManagerShell: Playing animation for (#35) android.os.BinderProxy@62299b7@0
04-14 11:32:15.914  3873  3873 I NT-TopTaskTracker: Call back onTaskMovedToFront taskId = 3560
04-14 11:32:15.915  3327  3425 V ShellRecents: RecentsTransitionHandler.startAnimation: no controller found
04-14 11:32:15.915  3327  3425 V WindowManagerShell: Transition doesn't have explicit remote, search filters for match for {id=35 t=OPEN f=0x0 trk=0 isSameTaskSwitch=false r=[0@Point(0, 0)] c=[{m=OPEN f=NONE leash=Surface(name=Task=3560)/@0x9ee3e33 sb=Rect(0, 0 - 1080, 2412) eb=Rect(0, 0 - 1080, 2412) epz=Point(1080, 2412) d=0 taskParent=-1 ntPopUpView={mIsTryEnterWindowingMode=false mIsEnterWindowingModeLandscape=false mIsChangingWindowformBounds=false mStartPos=Point(0, 0) mEndPos=Point(0, 0) mStartScale=0.0 mEndScale=0.0 mStartCornerRadius=0.0 mEndCornerRadius=0.0 mAppBounds=Rect(0, 0 - 0, 0) mWindowCrop=Rect(0, 0 - 0, 0) mStartDragOrChangingBounds=Rect(0, 0 - 0, 0) mEndDragOrChangingBounds=Rect(0, 0 - 0, 0) mBottomLeftCornerLeash=null mBottomRightCornerLeash=null mDragBarLeash=null mCornerHintSize=60x60 mDragBarSize=189x42}},{m=TO_BACK f=NONE leash=Surface(name=Task=3558)/@0xfd635f0 sb=Rect(0, 0 - 1080, 2412) eb=Rect(0, 0 - 1080, 2412) epz=Point(1080, 2412) d=0 taskParent=-1 ntPopUpView={mIsTryEnterWindowingMode=false mIsEnterWindowingModeLandscape=false mIsChangingWindowformBounds=false mStartPos=Point(0, 0) mEndPos=Point(0, 0) mStartScale=0.0 mEndScale=0.0 mStartCornerRadius=0.0 mEndCornerRadius=0.0 mAppBounds=Rect(0, 0 - 0, 0) mWindowCrop=Rect(0, 0 - 0, 0) mStartDragOrChangingBounds=Rect(0, 0 - 0, 0) mEndDragOrChangingBounds=Rect(0, 0 - 0, 0) mBottomLeftCornerLeash=null mBottomRightCornerLeash=null mDragBarLeash=null mCornerHintSize=60x60 mDragBarSize=189x42}}]}
04-14 11:32:15.917  3327  3425 V WindowManagerShell:  Checking filter Pair{{types=[] flags=0x0] notFlags=0x100 checks=[{atype=home independent=true modes=[OPEN,TO_FRONT] flags=NONE mustBeTask=false order=TOP topActivity=ComponentInfo{com.nothing.launcher/com.android.searchlauncher.SearchLauncher} launchCookie=null windowingMode=undefined},{atype=standard independent=true modes=[CLOSE,TO_BACK] flags=NONE mustBeTask=false order=ANY topActivity=null launchCookie=null windowingMode=undefined},{NOT atype=undefined independent=true modes=[] flags=NONE mustBeTask=true order=ANY topActivity=null launchCookie=null customAnim=true windowingMode=undefined}]} RemoteTransition { remoteTransition = android.window.IRemoteTransition$Stub$Proxy@a58170e, appThread = android.app.IApplicationThread$Stub$Proxy@15c452f, debugName = QuickstepLaunchHome }}
04-14 11:32:15.917  3327  3425 V WindowManagerShell:  Checking filter Pair{{types=[] flags=0x0] notFlags=0x100 checks=[{atype=home independent=true modes=[OPEN,TO_FRONT,CHANGE] flags=NONE mustBeTask=false order=TOP topActivity=ComponentInfo{com.nothing.launcher/com.android.searchlauncher.SearchLauncher} launchCookie=null windowingMode=undefined},{atype=standard independent=true modes=[CLOSE,TO_BACK] flags=TRANSLUCENT mustBeTask=false order=ANY topActivity=null launchCookie=null windowingMode=undefined}]} RemoteTransition { remoteTransition = android.window.IRemoteTransition$Stub$Proxy@e1e7969, appThread = android.app.IApplicationThread$Stub$Proxy@c2ddfee, debugName = QuickstepLaunchHome_OpenTransluent }}
04-14 11:32:15.917  3327  3425 V WindowManagerShell:  Delegate animation for (#35) to null
04-14 11:32:15.917  3327  3425 V WindowManagerShell: start default transition animation, info = {id=35 t=OPEN f=0x0 trk=0 isSameTaskSwitch=false r=[0@Point(0, 0)] c=[{m=OPEN f=NONE leash=Surface(name=Task=3560)/@0x9ee3e33 sb=Rect(0, 0 - 1080, 2412) eb=Rect(0, 0 - 1080, 2412) epz=Point(1080, 2412) d=0 taskParent=-1 ntPopUpView={mIsTryEnterWindowingMode=false mIsEnterWindowingModeLandscape=false mIsChangingWindowformBounds=false mStartPos=Point(0, 0) mEndPos=Point(0, 0) mStartScale=0.0 mEndScale=0.0 mStartCornerRadius=0.0 mEndCornerRadius=0.0 mAppBounds=Rect(0, 0 - 0, 0) mWindowCrop=Rect(0, 0 - 0, 0) mStartDragOrChangingBounds=Rect(0, 0 - 0, 0) mEndDragOrChangingBounds=Rect(0, 0 - 0, 0) mBottomLeftCornerLeash=null mBottomRightCornerLeash=null mDragBarLeash=null mCornerHintSize=60x60 mDragBarSize=189x42}},{m=TO_BACK f=NONE leash=Surface(name=Task=3558)/@0xfd635f0 sb=Rect(0, 0 - 1080, 2412) eb=Rect(0, 0 - 1080, 2412) epz=Point(1080, 2412) d=0 taskParent=-1 ntPopUpView={mIsTryEnterWindowingMode=false mIsEnterWindowingModeLandscape=false mIsChangingWindowformBounds=false mStartPos=Point(0, 0) mEndPos=Point(0, 0) mStartScale=0.0 mEndScale=0.0 mStartCornerRadius=0.0 mEndCornerRadius=0.0 mAppBounds=Rect(0, 0 - 0, 0) mWindowCrop=Rect(0, 0 - 0, 0) mStartDragOrChangingBounds=Rect(0, 0 - 0, 0) mEndDragOrChangingBounds=Rect(0, 0 - 0, 0) mBottomLeftCornerLeash=null mBottomRightCornerLeash=null mDragBarLeash=null mCornerHintSize=60x60 mDragBarSize=189x42}}]}
04-14 11:32:15.918 26236 26269 E cdonaldsinfoapp: hiddenapi: Accessing hidden method Landroid/net/ConnectivityManager;->getProxyForNetwork(Landroid/net/Network;)Landroid/net/ProxyInfo; (runtime_flags=0, domain=platform, api=max-target-o) from Lcom/forter/mobile/fortersdk/z4; (domain=app, TargetSdkVersion=35) using reflection: denied
04-14 11:32:15.919  3327  3425 V WindowManagerShell: loadAnimation: anim=android.view.animation.AnimationSet@c00c11c animAttr=0x9 type=OPEN isEntrance=false
04-14 11:32:15.920  3327  3425 I ndroid.systemui: AssetManager2(0xb4000076b0b43798) locale list changing from [] to [de-DE]
04-14 11:32:15.922  2603  2638 V WindowManager: Sent Transition (#35) createdAt=04-14 11:32:15.829 via request=TransitionRequestInfo { type = OPEN, triggerTask = TaskInfo{userId=0 taskId=3560 effectiveUid=10608 displayId=0 isRunning=true baseIntent=Intent { act=android.intent.action.MAIN cat=[android.intent.category.LAUNCHER] flg=0x10000000 pkg=com.benschwank.blop cmp=com.benschwank.blop/org.qtproject.qt.android.bindings.QtActivity } baseActivity=ComponentInfo{com.benschwank.blop/org.qtproject.qt.android.bindings.QtActivity} topActivity=ComponentInfo{com.benschwank.blop/org.qtproject.qt.android.bindings.QtActivity} origActivity=null realActivity=ComponentInfo{com.benschwank.blop/org.qtproject.qt.android.bindings.QtActivity} numActivities=1 lastActiveTime=197275 supportsMultiWindow=true resizeMode=1 isResizeable=true minWidth=-1 minHeight=-1 defaultMinSize=220 token=WCT{RemoteToken{d2c0e7f Task{11ca454 #3560 type=standard A=10608:com.benschwank.blop}}} topActivityType=1 pictureInPictureParams=null shouldDockBigOverlays=false launchIntoPipHostTaskId=-1 lastParentTaskIdBeforePip=-1 displayCutoutSafeInsets=Rect(0, 126 - 0, 0) topActivityInfo=ActivityInfo{d670e4c org.qtproject.qt.android.bindings.QtActivity} launchCookies=[] positionInParent=Point(0, 0) parentTaskId=-1 isFocused=false isVisible=false isVisibleRequested=false isTopActivityNoDisplay=false isSleeping=false locusId=null displayAreaFeatureId=1 isTopActivityTransparent=false isActivityStackTransparent=false lastNonFullscreenBounds=Rect(279, 701 - 802, 1781) capturedLink=null capturedLinkTimestamp=0 requestedVisibleTypes=-9 topActivityRequestOpenInBrowserEducationTimestamp=0 appCompatTaskInfo=AppCompatTaskInfo { topActivityInSizeCompat=false eligibleForLetterboxEducation= false isLetterboxEducationEnabled= false isLetterboxDoubleTapEnabled= false eligibleForUserAspectRatioButton= false topActivityBoundsLetterboxed= false isFromLetterboxDoubleTap= false topActivityLetterboxVerticalPosition= -1 topActivityLetterboxHorizontalPosition= -1 topActivityLetterboxWidth=-1 topActivityLetterboxHeight=-1 topActivityAppBounds=Rect(0, 0 - 1080, 2412) isUserFullscreenOverrideEnabled=false isSystemFullscreenOverrideEnabled=false hasMinAspectRatioOverride=false topActivityLetterboxBounds=null cameraCompatTaskInfo=CameraCompatTaskInfo { freeformCameraCompatMode=inactive}} topActivityMainWindowFrame=null}, pipChange = null, remoteTransition = null, displayChange = null, flags = 0, debugId = 35 }
04-14 11:32:15.922  2603  2638 V WindowManager:     startWCT=WindowContainerTransaction { changes= {} hops= [] errorCallbackToken=null taskFragmentOrganizer=null }
04-14 11:32:15.922  2603  2638 V WindowManager:     info={id=35 t=OPEN f=0x0 trk=0 isSameTaskSwitch=false r=[0@Point(0, 0)] c=[
04-14 11:32:15.922  2603  2638 V WindowManager:         {WCT{RemoteToken{d2c0e7f Task{11ca454 #3560 type=standard A=10608:com.benschwank.blop}}} m=OPEN f=NONE leash=Surface(name=Task=3560)/@0x388dcb4 sb=Rect(0, 0 - 1080, 2412) eb=Rect(0, 0 - 1080, 2412) epz=Point(1080, 2412) d=0 taskParent=-1 ntPopUpView={mIsTryEnterWindowingMode=false mIsEnterWindowingModeLandscape=false mIsChangingWindowformBounds=false mStartPos=Point(0, 0) mEndPos=Point(0, 0) mStartScale=0.0 mEndScale=0.0 mStartCornerRadius=0.0 mEndCornerRadius=0.0 mAppBounds=Rect(0, 0 - 0, 0) mWindowCrop=Rect(0, 0 - 0, 0) mStartDragOrChangingBounds=Rect(0, 0 - 0, 0) mEndDragOrChangingBounds=Rect(0, 0 - 0, 0) mBottomLeftCornerLeash=null mBottomRightCornerLeash=null mDragBarLeash=null mCornerHintSize=60x60 mDragBarSize=189x42}},
