04-14 17:26:15.295  1390  1390 I sensors-hal: set_config:61, sample_period_ns is adjusted to 1000000000 based on min/max delay_ns
04-14 17:26:15.295  1390  1390 I sensors-hal: get_qmi_debug_flag:239, support_qmi_debug : false
04-14 17:26:15.296  1357  1549 E minksocket: MinkIPC_QRTR_Service: client with node 1 port 7a98 went down
04-14 17:26:15.297  1390 17005 I sensors-hal: handle_indication_realtime:467,  SCHED_FIFO(10) for qmi_cbk
04-14 17:26:15.298  3954 15687 I SemanticLocation: (REDACTED) [OdlhCache] flushing %d segments
04-14 17:26:15.299  1357  1549 E minksocket: MinkIPC_QRTR_Service: client with node 1 port 7a99 went down
04-14 17:26:15.299  1357  1549 E minksocket: MinkIPC_QRTR_Service: client with node 1 port 7a9a went down
04-14 17:26:15.299  3954  4001 I .gms.persistent: Waiting for a blocking GC ProfileSaver
04-14 17:26:15.300  1377  2843 E LocSvc_ApiV02: reportLocEvent:3882] Loc event report: 0 KlobucharIonoMode_valid:0: leapSec_valid:0: tauC_valid:0 featureStatusReport_valid: 1 featureStatusReport: 58
04-14 17:26:15.300  2603  3429 D GnssCallbackJni: gnssSetCapabilitiesCb: 8704u
04-14 17:26:15.300  2603  3370 D GnssCallbackJni: gnssSetCapabilitesCb: 867u
04-14 17:26:15.301  2603  3370 D GnssCallbackJni: gnssSetSystemInfoCb: yearOfHw=2019
04-14 17:26:15.301  1390  1390 I sensors-hal: send_sync_sensor_request:344, send sync request
04-14 17:26:15.301  1390  1390 I sensors-hal: send_sync_sensor_request:370, wait for notification of response
04-14 17:26:15.302  9483  9483 D BoundBrokerSvc: onBind: Intent { act=com.google.android.gms.semanticlocationhistory.zeroparty.service.START dat=chimera-action:/... xflg=0x4 cmp=com.google.android.gms/.chimera.GmsApiService }
04-14 17:26:15.302  9483  9483 D BoundBrokerSvc: Loading bound service for intent: Intent { act=com.google.android.gms.semanticlocationhistory.zeroparty.service.START dat=chimera-action:/... xflg=0x4 cmp=com.google.android.gms/.chimera.GmsApiService }
04-14 17:26:15.302  1357  1549 E minksocket: MinkIPC_QRTR_Service: client with node 1 port 7a9b went down
04-14 17:26:15.305  1390 17008 I sensors-hal: ssc_conn_resp_cb:649, resp_value = 0
04-14 17:26:15.305  1390  1390 I sensors-hal: send_sync_sensor_request:376, takes 4 ms to receive the response with 0
04-14 17:26:15.306  1390  1390 I sensors-hal: get_qmi_debug_flag:239, support_qmi_debug : false
04-14 17:26:15.306  1357  1549 E minksocket: MinkIPC_QRTR_Service: client with node 1 port 7a9d went down
04-14 17:26:15.308  1390 17008 I sensors-hal: handle_indication_realtime:467,  SCHED_FIFO(10) for qmi_cbk
04-14 17:26:15.308  1357  1549 E minksocket: MinkIPC_QRTR_Service: client with node 1 port 7a9e went down
04-14 17:26:15.309  1390  1390 I sensors-hal: send_sensor_config_request:398, resampler is used, set resampler config
04-14 17:26:15.309  1357  1549 E minksocket: MinkIPC_QRTR_Service: client with node 1 port 7a9f went down
04-14 17:26:15.309  1357  1549 E minksocket: MinkIPC_QRTR_Service: client with node 1 port 7aa0 went down
04-14 17:26:15.309  1390  1390 I sensors-hal: send_sync_sensor_request:344, send sync request
04-14 17:26:15.309  1390  1390 I sensors-hal: send_sync_sensor_request:370, wait for notification of response
04-14 17:26:15.311  1390 17010 I sensors-hal: ssc_conn_resp_cb:649, resp_value = 0
04-14 17:26:15.311  1390  1390 I sensors-hal: send_sync_sensor_request:376, takes 1 ms to receive the response with 0
04-14 17:26:15.311  1390  1390 I sensors-hal: activate:183, android.sensor.gyroscope_uncalibrated/161 en=1 completed
04-14 17:26:15.313  9483 13377 I LocationHistory: (REDACTED) [API0] saving %d segments
04-14 17:26:15.314  1390  1390 I sensors-hal: batch:205, android.sensor.gyroscope_uncalibrated/161, period=10000000, max_latency=0
04-14 17:26:15.314  1390  1390 I sensors-hal: set_config:61, sample_period_ns is adjusted to 10000000 based on min/max delay_ns
04-14 17:26:15.314  1390  1390 I sensors-hal: send_sensor_config_request:398, resampler is used, set resampler config
04-14 17:26:15.314  1390  1390 I sensors-hal: send_sync_sensor_request:344, send sync request
04-14 17:26:15.314  1390  1390 I sensors-hal: send_sync_sensor_request:370, wait for notification of response
04-14 17:26:15.316  2603  4317 I SensorService: [NothSensor] com.google.android.gms Calling batch handle 11 flags 0 rate 20000000 timeout 2147483647000
04-14 17:26:15.316  1390 17010 I sensors-hal: ssc_conn_resp_cb:649, resp_value = 0
04-14 17:26:15.316  1390  1390 I sensors-hal: send_sync_sensor_request:376, takes 2 ms to receive the response with 0
04-14 17:26:15.316  1390  1390 I sensors-hal: batch:214, android.sensor.gyroscope_uncalibrated/161, period=10000000, max_latency=0 request completed
04-14 17:26:15.317  1390  1390 I sensors-hal: flush:234, android.sensor.accelerometer/11
04-14 17:26:15.317  1390  1390 I sensors-hal: send_sync_sensor_request:344, send sync request
04-14 17:26:15.317  1390  1390 I sensors-hal: send_sync_sensor_request:370, wait for notification of response
04-14 17:26:15.317  2603  2975 I SensorService: [NothSensor] com.android.accelerometergraph Calling batch handle 21 flags 0 rate 200000000 timeout 0
04-14 17:26:15.318  1390 28330 I sensors-hal: ssc_conn_resp_cb:649, resp_value = 0
04-14 17:26:15.320  1390  1390 I sensors-hal: send_sync_sensor_request:376, takes 2 ms to receive the response with 0
04-14 17:26:15.320  1390  1390 I sensors-hal: flush:240, android.sensor.accelerometer/11 completed
04-14 17:26:15.321  1390  1390 I sensors-hal: batch:205, android.sensor.magnetic_field/21, period=200000000, max_latency=0
04-14 17:26:15.322  1390  1390 I sensors-hal: set_config:61, sample_period_ns is adjusted to 200000000 based on min/max delay_ns
04-14 17:26:15.322  1390  1390 I sensors-hal: batch:214, android.sensor.magnetic_field/21, period=200000000, max_latency=0 request completed
04-14 17:26:15.322  1390 17010 I sensors-hal: handle_indication_realtime:467,  SCHED_FIFO(10) for qmi_cbk
04-14 17:26:15.322  1390  1390 I sensors-hal: activate:172, android.sensor.magnetic_field/21 en=1
04-14 17:26:15.322  1390  1390 I sensors-hal: get_qmi_debug_flag:239, support_qmi_debug : false
04-14 17:26:15.323  1357  1549 E minksocket: MinkIPC_QRTR_Service: client with node 1 port 7aa2 went down
04-14 17:26:15.324  1357  1549 E minksocket: MinkIPC_QRTR_Service: client with node 1 port 7aa3 went down
04-14 17:26:15.325  1357  1549 E minksocket: MinkIPC_QRTR_Service: client with node 1 port 7aa4 went down
04-14 17:26:15.325  1357  1549 E minksocket: MinkIPC_QRTR_Service: client with node 1 port 7aa5 went down
04-14 17:26:15.325  1390  1390 I sensors-hal: get_qmi_debug_flag:239, support_qmi_debug : false
04-14 17:26:15.326  1357  1549 E minksocket: MinkIPC_QRTR_Service: client with node 1 port 7aa7 went down
04-14 17:26:15.326  1390 16996 I sensors-hal: magcal_conn_event_cb:409, magcal bias=(429.078308, 1.826397, -283.205536) status=1
04-14 17:26:15.327  1390 17013 I sensors-hal: handle_indication_realtime:467,  SCHED_FIFO(10) for qmi_cbk
04-14 17:26:15.327  1390 17013 I sensors-hal: magcal_conn_event_cb:409, magcal bias=(429.078308, 1.826397, -283.205536) status=1
04-14 17:26:15.328  1357  1549 E minksocket: MinkIPC_QRTR_Service: client with node 1 port 7aa8 went down
04-14 17:26:15.328  1357  1549 E minksocket: MinkIPC_QRTR_Service: client with node 1 port 7aa9 went down
04-14 17:26:15.329  1357  1549 E minksocket: MinkIPC_QRTR_Service: client with node 1 port 7aaa went down
04-14 17:26:15.329  1390  1390 I sensors-hal: send_sensor_config_request:398, resampler is used, set resampler config
04-14 17:26:15.329  1390  1390 I sensors-hal: send_sync_sensor_request:344, send sync request
04-14 17:26:15.329  1390  1390 I sensors-hal: send_sync_sensor_request:370, wait for notification of response
04-14 17:26:15.330  1390 17016 I sensors-hal: ssc_conn_resp_cb:649, resp_value = 0
04-14 17:26:15.330  1390  1390 I sensors-hal: send_sync_sensor_request:376, takes 1 ms to receive the response with 0
04-14 17:26:15.330  1390  1390 I sensors-hal: activate:294, mag_filter is enabled
04-14 17:26:15.330  1390  1390 I sensors-hal: activate:183, android.sensor.magnetic_field/21 en=1 completed
04-14 17:26:15.331  9483 13377 I LocationHistory: [DataProvider] Opening SQLite [CONTEXT service_id=314 ]
04-14 17:26:15.332  1390  1390 I sensors-hal: batch:205, android.sensor.magnetic_field/21, period=20000000, max_latency=0
04-14 17:26:15.332  1390  1390 I sensors-hal: set_config:61, sample_period_ns is adjusted to 20000000 based on min/max delay_ns
04-14 17:26:15.332  1390  1390 I sensors-hal: send_sensor_config_request:398, resampler is used, set resampler config
04-14 17:26:15.332  1390  1390 I sensors-hal: send_sync_sensor_request:344, send sync request
04-14 17:26:15.332  1390  1390 I sensors-hal: send_sync_sensor_request:370, wait for notification of response
04-14 17:26:15.332  1390 17016 I sensors-hal: handle_indication_realtime:467,  SCHED_FIFO(10) for qmi_cbk
04-14 17:26:15.333  1390 17016 I sensors-hal: ssc_conn_resp_cb:649, resp_value = 0
04-14 17:26:15.333  1390  1390 I sensors-hal: send_sync_sensor_request:376, takes 0 ms to receive the response with 0
04-14 17:26:15.333  1390  1390 I sensors-hal: batch:214, android.sensor.magnetic_field/21, period=20000000, max_latency=0 request completed
04-14 17:26:15.336  2603  4317 I SensorService: [NothSensor] com.google.android.gms Calling batch handle 11 flags 0 rate 20000000 timeout 0
04-14 17:26:15.336  1390  1390 I sensors-hal: flush:234, android.sensor.accelerometer/11
04-14 17:26:15.336  1390  1390 I sensors-hal: send_sync_sensor_request:344, send sync request
04-14 17:26:15.337  1390  1390 I sensors-hal: send_sync_sensor_request:370, wait for notification of response
04-14 17:26:15.339  1390 28330 I sensors-hal: ssc_conn_resp_cb:649, resp_value = 0
04-14 17:26:15.339  1390  1390 I sensors-hal: send_sync_sensor_request:376, takes 2 ms to receive the response with 0
04-14 17:26:15.339  1390  1390 I sensors-hal: flush:240, android.sensor.accelerometer/11 completed
04-14 17:26:15.339  2603  4317 I SensorService: [NothSensor] com.google.android.gms Calling batch handle 51 flags 0 rate 200000000 timeout 0
04-14 17:26:15.339  2603  4317 I SensorService: [NothLight] populate last ignore light sensor
04-14 17:26:15.125  3273  3273 I [schedu][0x5fd9d1666f][15:26:15.349540] qca6490: [3273:I:OSIF] scan start scan id 41219
04-14 17:26:15.357  3954  4001 I .gms.persistent: WaitForGcToComplete blocked ProfileSaver on Background for 58.209ms
04-14 17:26:15.364  3954  3974 W System  : A resource failed to call AbstractCursor.close. 
04-14 17:26:15.364  3954  3974 W System  : A resource failed to call AbstractCursor.close. 
04-14 17:26:15.366  3954  3974 W System  : A resource failed to call AbstractCursor.close. 
04-14 17:26:15.368  3954  3974 W System  : A resource failed to call AbstractCursor.close. 
04-14 17:26:15.368  3954  3974 W System  : A resource failed to call AbstractCursor.close. 
04-14 17:26:15.697  1368  4202 I vendor.qti.bluetooth@1.0-ibs_handler: ProcessIbsCmd: Received IBS_WAKE_IND: 0xFD
04-14 17:26:15.698  1368  4202 I vendor.qti.bluetooth@1.0-ibs_handler: ProcessIbsCmd: Writing IBS_WAKE_ACK
04-14 17:26:15.700  3524  3962 I bt_btm_pm: system/stack/acl/btm_pm.cc:700 btm_pm_proc_mode_change: Power mode switched from immediate:pending[5] to immediate:active[0]
04-14 17:26:15.742  1368  4202 I vendor.qti.bluetooth@1.0-ibs_handler: ProcessIbsCmd: Received IBS_SLEEP_IND: 0xFE
04-14 17:26:15.772  1368  4202 I vendor.qti.bluetooth@1.0-ibs_handler: ProcessIbsCmd: Received IBS_WAKE_IND: 0xFD
04-14 17:26:15.773  1368  4202 I vendor.qti.bluetooth@1.0-ibs_handler: ProcessIbsCmd: Writing IBS_WAKE_ACK
04-14 17:26:15.814  1368  4202 I vendor.qti.bluetooth@1.0-ibs_handler: ProcessIbsCmd: Received IBS_SLEEP_IND: 0xFE
04-14 17:26:16.061 21057  8158 D BluetoothGatt: cancelOpen() - device: XX:XX:XX:XX:D9:1D
04-14 17:26:16.063 21057  8190 D BluetoothGatt: cancelOpen() - device: XX:XX:XX:XX:FD:72
04-14 17:26:16.066 21057  8158 D BluetoothGatt: close()
04-14 17:26:16.066  3524  4210 I bt_btif_gattc: system/btif/src/btif_gatt_client.cc:426 btif_gattc_close_impl: client_if=11, conn_id=0, address=xx:xx:xx:xx:d9:1d
04-14 17:26:16.066 21057  8158 D BluetoothGatt: unregisterApp() - mClientIf=11
04-14 17:26:16.067  3524  3962 I gatt_api: system/stack/gatt/gatt_api.cc:1533 GATT_CancelConnect: gatt_if:11, address: xx:xx:xx:xx:d9:1d, direct:true
04-14 17:26:16.067  3524  3962 I gatt_utils: system/stack/gatt/gatt_utils.cc:1533 gatt_cancel_open: 11 was doing direct connect to xx:xx:xx:xx:d9:1d, canceled
04-14 17:26:16.067  3524  3962 W bluetooth: system/stack/connection_manager/connection_manager.cc:359 background_connect_remove: address xx:xx:xx:xx:d9:1d is not found
04-14 17:26:16.067  3524  3962 I gatt_utils: system/stack/gatt/gatt_utils.cc:1749 gatt_cleanup_upon_disc: Connection timeout bd_addr:xx:xx:xx:xx:d9:1d reason:GATT_CONN_TERMINATE_LOCAL_HOST transport:BT_TRANSPORT_LE
04-14 17:26:16.067  3524  3962 I bt_bta_gattc: system/bta/gatt/bta_gattc_act.cc:1408 bta_gattc_conn_cback: Disconnected att_id:46 addr:xx:xx:xx:xx:d9:1d, transport:BT_TRANSPORT_LE reason:GATT_CONN_TERMINATE_LOCAL_HOST
04-14 17:26:16.067  3524  3962 I bt_bta_gattc: system/bta/gatt/bta_gattc_act.cc:1408 bta_gattc_conn_cback: Disconnected att_id:12 addr:xx:xx:xx:xx:d9:1d, transport:BT_TRANSPORT_LE reason:GATT_CONN_TERMINATE_LOCAL_HOST
04-14 17:26:16.067  3524  3962 I bt_bta_gattc: system/bta/gatt/bta_gattc_act.cc:1408 bta_gattc_conn_cback: Disconnected att_id:45 addr:xx:xx:xx:xx:d9:1d, transport:BT_TRANSPORT_LE reason:GATT_CONN_TERMINATE_LOCAL_HOST
04-14 17:26:16.067  3524  3969 I bluetooth: system/gd/hci/acl_manager/le_impl.h:1027 disarm_connectability: Disarming LE connection state machine with create connection cancel
04-14 17:26:16.068  3524  3962 I bt_bta_gattc: system/bta/gatt/bta_gattc_act.cc:1408 bta_gattc_conn_cback: Disconnected att_id:11 addr:xx:xx:xx:xx:d9:1d, transport:BT_TRANSPORT_LE reason:GATT_CONN_TERMINATE_LOCAL_HOST
04-14 17:26:16.068  3524  3962 I bt_bta_gattc: system/bta/gatt/bta_gattc_act.cc:1408 bta_gattc_conn_cback: Disconnected att_id:44 addr:xx:xx:xx:xx:d9:1d, transport:BT_TRANSPORT_LE reason:GATT_CONN_TERMINATE_LOCAL_HOST
04-14 17:26:16.068  3524  3962 I bluetooth: system/stack/gap/gap_ble.cc:494 client_connect_cback: No active GAP service found for peer:xx:xx:xx:xx:d9:1d callback:Disconnected
04-14 17:26:16.068  3524  3962 I bluetooth: system/stack/gatt/gatt_attr.cc:388 gatt_connect_cback: remove untrusted client status, bda=xx:xx:xx:xx:d9:1d
04-14 17:26:16.068 21057  8190 D BluetoothGatt: close()
04-14 17:26:16.068 21057  8190 D BluetoothGatt: unregisterApp() - mClientIf=12
04-14 17:26:16.068  3524  3962 E bt_bta_gattc: system/bta/gatt/bta_gattc_utils.cc:583 bta_gattc_mark_bg_conn: unable to find the bg connection mask for bd_addr=xx:xx:xx:xx:d9:1d
04-14 17:26:16.068  3524  3962 E bta_gattc_main: system/bta/gatt/bta_gattc_main.cc:330 bta_gattc_hdl_event: Ignore unknown conn ID: 65535
04-14 17:26:16.068  3524  3962 E bta_gattc_main: system/bta/gatt/bta_gattc_main.cc:330 bta_gattc_hdl_event: Ignore unknown conn ID: 65535
04-14 17:26:16.068  3524  3962 E bta_gattc_main: system/bta/gatt/bta_gattc_main.cc:330 bta_gattc_hdl_event: Ignore unknown conn ID: 65535
04-14 17:26:16.068  3524  3962 E bta_gattc_main: system/bta/gatt/bta_gattc_main.cc:330 bta_gattc_hdl_event: Ignore unknown conn ID: 65535
04-14 17:26:16.068  3524  3962 E bta_gattc_main: system/bta/gatt/bta_gattc_main.cc:330 bta_gattc_hdl_event: Ignore unknown conn ID: 65535
04-14 17:26:16.069  3524  4210 I bt_btif_gattc: system/btif/src/btif_gatt_client.cc:426 btif_gattc_close_impl: client_if=12, conn_id=0, address=xx:xx:xx:xx:fd:72
04-14 17:26:16.069  3524  3962 I gatt_api: system/stack/gatt/gatt_api.cc:1533 GATT_CancelConnect: gatt_if:12, address: xx:xx:xx:xx:fd:72, direct:true
04-14 17:26:16.069  3524  3962 I gatt_utils: system/stack/gatt/gatt_utils.cc:1533 gatt_cancel_open: 12 was doing direct connect to xx:xx:xx:xx:fd:72, canceled
04-14 17:26:16.069  3524  3962 W bluetooth: system/stack/connection_manager/connection_manager.cc:359 background_connect_remove: address xx:xx:xx:xx:fd:72 is not found
04-14 17:26:16.069  3524  3962 I gatt_utils: system/stack/gatt/gatt_utils.cc:1749 gatt_cleanup_upon_disc: Connection timeout bd_addr:xx:xx:xx:xx:fd:72 reason:GATT_CONN_TERMINATE_LOCAL_HOST transport:BT_TRANSPORT_LE
04-14 17:26:16.069  3524  3962 I bt_bta_gattc: system/bta/gatt/bta_gattc_act.cc:1408 bta_gattc_conn_cback: Disconnected att_id:46 addr:xx:xx:xx:xx:fd:72, transport:BT_TRANSPORT_LE reason:GATT_CONN_TERMINATE_LOCAL_HOST
04-14 17:26:16.070  3524  3962 I bt_bta_gattc: system/bta/gatt/bta_gattc_act.cc:1408 bta_gattc_conn_cback: Disconnected att_id:12 addr:xx:xx:xx:xx:fd:72, transport:BT_TRANSPORT_LE reason:GATT_CONN_TERMINATE_LOCAL_HOST
04-14 17:26:16.070  3524  3962 I bt_bta_gattc: system/bta/gatt/bta_gattc_act.cc:1408 bta_gattc_conn_cback: Disconnected att_id:45 addr:xx:xx:xx:xx:fd:72, transport:BT_TRANSPORT_LE reason:GATT_CONN_TERMINATE_LOCAL_HOST
04-14 17:26:16.070  3524  3962 I bt_bta_gattc: system/bta/gatt/bta_gattc_act.cc:1408 bta_gattc_conn_cback: Disconnected att_id:11 addr:xx:xx:xx:xx:fd:72, transport:BT_TRANSPORT_LE reason:GATT_CONN_TERMINATE_LOCAL_HOST
04-14 17:26:16.070  3524  3962 I bt_bta_gattc: system/bta/gatt/bta_gattc_act.cc:1408 bta_gattc_conn_cback: Disconnected att_id:44 addr:xx:xx:xx:xx:fd:72, transport:BT_TRANSPORT_LE reason:GATT_CONN_TERMINATE_LOCAL_HOST
04-14 17:26:16.070  3524  3962 I bluetooth: system/stack/gap/gap_ble.cc:494 client_connect_cback: No active GAP service found for peer:xx:xx:xx:xx:fd:72 callback:Disconnected
04-14 17:26:16.070  3524  3962 E bta_gattc_main: system/bta/gatt/bta_gattc_main.cc:330 bta_gattc_hdl_event: Ignore unknown conn ID: 65535
04-14 17:26:16.070  3524  3962 E bta_gattc_main: system/bta/gatt/bta_gattc_main.cc:330 bta_gattc_hdl_event: Ignore unknown conn ID: 65535
04-14 17:26:16.070  3524  3962 E bta_gattc_main: system/bta/gatt/bta_gattc_main.cc:330 bta_gattc_hdl_event: Ignore unknown conn ID: 65535
04-14 17:26:16.070  3524  3962 E bta_gattc_main: system/bta/gatt/bta_gattc_main.cc:330 bta_gattc_hdl_event: Ignore unknown conn ID: 65535
04-14 17:26:16.070  3524  3962 E bta_gattc_main: system/bta/gatt/bta_gattc_main.cc:330 bta_gattc_hdl_event: Ignore unknown conn ID: 65535
04-14 17:26:16.070  3524  3962 E bt_bta_gattc: system/bta/gatt/bta_gattc_utils.cc:583 bta_gattc_mark_bg_conn: unable to find the bg connection mask for bd_addr=xx:xx:xx:xx:fd:72
04-14 17:26:16.071  3524  3962 I gatt_api: system/stack/gatt/gatt_api.cc:1313 GATT_Deregister: gatt_if=12
04-14 17:26:16.071  3524  3962 I gatt_api: system/stack/gatt/gatt_api.cc:1313 GATT_Deregister: gatt_if=11
04-14 17:26:16.071  1368  4202 I vendor.qti.bluetooth@1.0-ibs_handler: ProcessIbsCmd: Received IBS_WAKE_IND: 0xFD
04-14 17:26:16.071  1368  4202 I vendor.qti.bluetooth@1.0-ibs_handler: ProcessIbsCmd: Writing IBS_WAKE_ACK
04-14 17:26:16.071 22883 20369 D BluetoothGattServer: onServerConnectionState() - status=0 serverIf=47 connected=false device=XX:XX:XX:XX:D9:1D
04-14 17:26:16.075 21057 17021 D BluetoothGatt: connect() - device: XX:XX:XX:XX:FD:72, auto: false, eattSupport: false
04-14 17:26:16.075 21057 17021 D BluetoothGatt: registerApp()
04-14 17:26:16.075 21057 17021 D BluetoothGatt: registerApp() - UUID=3555a77f-38bf-4be1-953e-6dfce8e59342
04-14 17:26:16.075 21057 17020 D BluetoothGatt: connect() - device: XX:XX:XX:XX:D9:1D, auto: false, eattSupport: false
04-14 17:26:16.075 21057 17020 D BluetoothGatt: registerApp()
04-14 17:26:16.075 21057 17020 D BluetoothGatt: registerApp() - UUID=85523e90-8fd6-4a5b-afdc-a2c7aa2368f5
04-14 17:26:16.076 22883 20369 D BluetoothGattServer: onServerConnectionState() - status=0 serverIf=47 connected=false device=XX:XX:XX:XX:FD:72
04-14 17:26:16.077  3524  3962 I gatt_api: system/stack/gatt/gatt_api.cc:1279 GATT_Register: Allocated name:com.life360.android.safetymapd uuid:b7152e34-6dda-9246-0341-fc850ef6bb4f gatt_if:13 eatt_support:false
04-14 17:26:16.077  3524  3962 I gatt_api: system/stack/gatt/gatt_api.cc:1279 GATT_Register: Allocated name:com.life360.android.safetymapd uuid:f334ceee-72f5-cc32-1c3c-ef945ad9fcb8 gatt_if:14 eatt_support:false
04-14 17:26:16.078 21057  9803 D BluetoothGatt: onClientRegistered() - status=0 clientIf=14
04-14 17:26:16.078  3524  3969 W BluetoothMetrics: system/gd/os/android/metrics.cc:488 LogMetricBluetoothEvent: Failed BluetoothEvent Upload - Address is Empty
04-14 17:26:16.078 21057 32281 D BluetoothGatt: onClientRegistered() - status=0 clientIf=13
04-14 17:26:16.079  3524  3969 I bluetooth: system/gd/hci/le_address_manager.cc:779 OnCommandComplete: Received command complete with op_code LE_REMOVE_DEVICE_FROM_FILTER_ACCEPT_LIST(0x2012)
04-14 17:26:16.080  3524  3969 I bluetooth: system/gd/hci/le_address_manager.cc:394 resume_registered_clients: Resuming registered clients
04-14 17:26:16.080  3524  3969 I bluetooth: system/gd/hci/le_scanning_manager.cc:650 stop_scan: Scanning already stopped, return!
04-14 17:26:16.080  3524  3969 I bluetooth: system/gd/hci/acl_manager/le_impl.h:837 arm_connectability: Ignored request to re-arm le connection state machine when filter accept list is empty
04-14 17:26:16.080  3524  4210 I bt_btif_gattc: system/btif/src/btif_gatt_client.cc:407 btif_gattc_open_impl: Transport=BT_TRANSPORT_LE, device type=DUAL, address=xx:xx:xx:xx:d9:1d, address type=1, phy=1
04-14 17:26:16.080  3524  3969 I bluetooth: system/gd/hci/le_address_manager.cc:779 OnCommandComplete: Received command complete with op_code LE_REMOVE_DEVICE_FROM_FILTER_ACCEPT_LIST(0x2012)
04-14 17:26:16.081  3524  3969 I bluetooth: system/gd/hci/le_address_manager.cc:394 resume_registered_clients: Resuming registered clients
04-14 17:26:16.081  3524  3969 W bluetooth: system/gd/hci/le_address_manager.cc:397 resume_registered_clients: client is not paused ClientState::RESUMED(0x3)
04-14 17:26:16.081  3524  3969 W bluetooth: system/gd/hci/le_address_manager.cc:397 resume_registered_clients: client is not paused ClientState::RESUMED(0x3)
04-14 17:26:16.081  3524  3969 W bluetooth: system/gd/hci/le_address_manager.cc:397 resume_registered_clients: client is not paused ClientState::RESUMED(0x3)
04-14 17:26:16.081  3524  3969 I bluetooth: system/gd/hci/acl_manager/le_impl.h:1036 disarm_connectability: Queueing cancel connect until after connection state machine is armed
04-14 17:26:16.081  3524  4210 I bt_btif_gattc: system/btif/src/btif_gatt_client.cc:407 btif_gattc_open_impl: Transport=BT_TRANSPORT_LE, device type=DUAL, address=xx:xx:xx:xx:fd:72, address type=0, phy=1
04-14 17:26:16.081  3524  3969 W bluetooth: system/gd/hci/le_address_manager.cc:375 ack_pause: Trigger OnPause for client ClientState::RESUMED(0x3)
04-14 17:26:16.081  3524  3969 I bluetooth: system/gd/hci/le_scanning_manager.cc:650 stop_scan: Scanning already stopped, return!
04-14 17:26:16.081  3524  3969 W bluetooth: system/gd/hci/le_address_manager.cc:375 ack_pause: Trigger OnPause for client ClientState::RESUMED(0x3)
04-14 17:26:16.081  3524  3969 I bluetooth: system/gd/hci/acl_manager/le_impl.h:1036 disarm_connectability: Queueing cancel connect until after connection state machine is armed
04-14 17:26:16.081  3524  3969 W bluetooth: system/gd/hci/le_address_manager.cc:375 ack_pause: Trigger OnPause for client ClientState::RESUMED(0x3)
04-14 17:26:16.081  3524  3969 I bluetooth: system/gd/hci/acl_manager/le_impl.h:1036 disarm_connectability: Queueing cancel connect until after connection state machine is armed
04-14 17:26:16.081  3524  3969 I bluetooth: system/gd/hci/acl_manager/le_impl.h:1036 disarm_connectability: Queueing cancel connect until after connection state machine is armed
04-14 17:26:16.089  3524  3969 I bluetooth: system/gd/hci/acl_manager/le_impl.h:806 update_connectability_state_after_armed: Le connection state machine armed state:ConnectabilityState::ARMED status:SUCCESS(0x00)
04-14 17:26:16.089  3524  3969 I bluetooth: system/gd/hci/acl_manager/le_impl.h:1027 disarm_connectability: Disarming LE connection state machine with create connection cancel
04-14 17:26:16.105  3524  3969 W BluetoothMetrics: system/gd/os/android/metrics.cc:488 LogMetricBluetoothEvent: Failed BluetoothEvent Upload - Address is Empty
04-14 17:26:16.107  3524  3969 I bluetooth: system/gd/hci/le_address_manager.cc:779 OnCommandComplete: Received command complete with op_code LE_ADD_DEVICE_TO_FILTER_ACCEPT_LIST(0x2011)
04-14 17:26:16.108  3524  3969 I bluetooth: system/gd/hci/le_address_manager.cc:394 resume_registered_clients: Resuming registered clients
04-14 17:26:16.109  3524  3969 I bluetooth: system/gd/hci/le_address_manager.cc:779 OnCommandComplete: Received command complete with op_code LE_ADD_DEVICE_TO_FILTER_ACCEPT_LIST(0x2011)
04-14 17:26:16.109  3524  3969 I bluetooth: system/gd/hci/le_address_manager.cc:394 resume_registered_clients: Resuming registered clients
04-14 17:26:16.109  3524  3969 W bluetooth: system/gd/hci/le_address_manager.cc:397 resume_registered_clients: client is not paused ClientState::RESUMED(0x3)
04-14 17:26:16.109  3524  3969 W bluetooth: system/gd/hci/le_address_manager.cc:397 resume_registered_clients: client is not paused ClientState::RESUMED(0x3)
04-14 17:26:16.109  3524  3969 W bluetooth: system/gd/hci/le_address_manager.cc:397 resume_registered_clients: client is not paused ClientState::RESUMED(0x3)
04-14 17:26:16.115  3524  3969 I bluetooth: system/gd/hci/acl_manager/le_impl.h:806 update_connectability_state_after_armed: Le connection state machine armed state:ConnectabilityState::ARMED status:SUCCESS(0x00)
04-14 17:26:16.155  1368  4202 I vendor.qti.bluetooth@1.0-ibs_handler: ProcessIbsCmd: Received IBS_SLEEP_IND: 0xFE
04-14 17:26:16.221  2603  3429 D OomAdjuster: process : com.lemon.lvoverseas, pid = 30431, isTop = false, uid = 10332, hasActivity = false
04-14 17:26:16.222  2603  3429 D OomAdjuster: process : com.lemon.lvoverseas is not top!
04-14 17:26:16.222  2603  3218 D BackgroundInstallControlService: Package event received: 0
04-14 17:26:16.222  2603  3429 D OomAdjuster: process : com.lemon.lvoverseas:push, pid = 30793, isTop = false, uid = 10332, hasActivity = false
04-14 17:26:16.222  2603  3429 D OomAdjuster: process : com.lemon.lvoverseas:push is not top!
04-14 17:26:16.223  2603  3218 D BackgroundInstallControlService: Package event received: 0
04-14 17:26:16.223  2603  3218 D BackgroundInstallControlService: Package event received: 0
04-14 17:26:16.241  3954  3954 D BoundBrokerSvc: onRebind: Intent { act=com.google.android.gms.libs.gmscorelogger.service.START dat=chimera-action:/... xflg=0x4 cmp=com.google.android.gms/.chimera.PersistentDirectBootAwareApiService }
04-14 17:26:16.763  1378  1378 W healthd : time_last:10, soc_current_time=16296, soc_pre_time=16286,charging_status:1,soc_temp:49
04-14 17:26:16.763  1378  1378 W healthd : soc_b:100, soc:49, soc_c:49, Vol:4065, Cur:1239,chg_s:1,t_l:10,b_s:2,OffTlast:0,lcd_off:0,Vu:4876,Vw:-4,pid:1378,brightness:1.394833,rmCap:1493
04-14 17:26:16.763  1378  1378 W healthd : battery l=49 v=4065 t=24.0 h=2 st=2 c=1239000 fc=3092000 cc=692 chg=a
04-14 17:26:16.780  1378  1378 W healthd : time_last:10, soc_current_time=16296, soc_pre_time=16286,charging_status:1,soc_temp:49
04-14 17:26:16.780  1378  1378 W healthd : soc_b:100, soc:49, soc_c:49, Vol:4065, Cur:1239,chg_s:1,t_l:10,b_s:2,OffTlast:0,lcd_off:0,Vu:4879,Vw:-5,pid:1378,brightness:1.394833,rmCap:1493
04-14 17:26:17.007  1422  1422 E NtChgAidl: NtChgAidl: mBattTempRegion _aidl_return:0
04-14 17:26:16.787  1378  1378 W HealthLoop: debug.nt.screen_brightness:1.394833
04-14 17:26:17.072  2603  2975 D WifiNl80211Manager: Scan result ready event
04-14 17:26:17.072  2603  2975 D WifiNative: Scan result ready event
04-14 17:26:16.847  3273  3273 I [schedu][0x5fdbc9d5ce][15:26:17.071345] qca6490: [3273:I:OSIF] vdev 0, scan id 41219 type COMPLETED(1) reason COMPLETED(1) scan found 4 bss
04-14 17:26:17.073  2920  2360 I LOWI-9.0.1.69: [LOWI-Scan] lowi_close_record:Scan done in 21423882ms, 10 APs in scan results
04-14 17:26:17.075  2603  3140 D WificondScannerImpl: Filtering out 6 scan results.
04-14 17:26:17.078  3954  4336 I WifiScanner: onFullResults
04-14 17:26:17.078  3954  7077 I WifiScanner: onFullResults
04-14 17:26:17.078  3954  7479 I WifiScanner: onFullResults
04-14 17:26:17.079  2603  3132 D PasspointManager: ANQP entry not found for: 8c:83:94:73:ae:ae:<MagentaWLAN-ARK5>
04-14 17:26:17.093  3954 16994 I FrewleTileCacheManagerV: (REDACTED) Fetched %d AP models from cache
04-14 17:26:17.115  1368  4205 I vendor.qti.bluetooth@1.0-ibs_handler: DeviceSleep: TX Awake, Sending SLEEP_IND
04-14 17:26:17.115  2603  3132 D WifiStaIfaceHidlImpl: getCachedScanData is not implemented by HIDL
04-14 17:26:17.121  2603  2647 W ProcessStats: Tracking association SourceState{42e0b8c de.payback.client.android/10377 Receivr #156236} whose proc state 10 is better than process ProcessState{1667332 com.google.android.webview:sandboxed_process0:org.chromium.content.app.SandboxedProcessService0:0/10377 pkg=de.payback.client.android} proc state 15 (19 skipped)
04-14 17:26:17.121  3954  5671 I FusedLocation: (REDACTED) location delivery to %s blocked - too close
04-14 17:26:17.123  3954  5671 I FusedLocation: (REDACTED) location delivery to %s blocked - too close
04-14 17:26:17.123  3954  5671 I FusedLocation: (REDACTED) location delivery to %s blocked - too close
04-14 17:26:17.124  3954  5671 I FusedLocation: (REDACTED) location delivery to %s blocked - too fast
04-14 17:26:17.124  3954  5671 I FusedLocation: (REDACTED) location delivery to %s blocked - too close
04-14 17:26:17.125  3954  5671 I FusedLocation: (REDACTED) location delivery to %s blocked - too fast
04-14 17:26:17.125  3954  5671 I FusedLocation: (REDACTED) location delivery to %s blocked - too fast
04-14 17:26:17.125  3954  5671 I FusedLocation: (REDACTED) location delivery to %s blocked - too fast
04-14 17:26:17.125  3954  5671 I FusedLocation: (REDACTED) location delivery to %s blocked - too fast
04-14 17:26:17.129  3954 16984 I Geofencer: (REDACTED) geofence trigger to %s blocked - already in state %s
04-14 17:26:17.129  3954 16984 I Geofencer: (REDACTED) geofence trigger to %s blocked - already in state %s
04-14 17:26:17.135  3954 15899 I FusedLocation: (REDACTED) stationary throttling engaged @%s
04-14 17:26:17.137  3327  3327 D LightBarController: updateStatus= numStacks: 1, size: 0, appearance: 0
04-14 17:26:17.139  1390  1390 I sensors-hal: batch:205, android.sensor.accelerometer/11, period=10000000, max_latency=0
04-14 17:26:17.139  1390  1390 I sensors-hal: set_config:61, sample_period_ns is adjusted to 10000000 based on min/max delay_ns
04-14 17:26:17.139  1390  1390 I sensors-hal: batch:214, android.sensor.accelerometer/11, period=10000000, max_latency=0 request completed
04-14 17:26:17.139  2603  2975 I SensorService: [NothSensor] disable handle 11 deactive(0)
04-14 17:26:17.139  2603  2638 D NtLocationInfoTrackerImpl: stopNavigating!!  ttff: 0
04-14 17:26:17.140  2603  2638 W AlarmManager: Unrecognized alarm listener com.android.server.location.gnss.GnssLocationProvider$$ExternalSyntheticLambda25@dc10140
04-14 17:26:17.141  2603  2638 W AlarmManager: Unrecognized alarm listener com.android.server.location.gnss.GnssLocationProvider$$ExternalSyntheticLambda24@10f3879
04-14 17:26:17.143  3954 16987 I FusedOrientationManager: Unregistering orientation client. [CONTEXT service_id=6 ]
04-14 17:26:17.145  9483 15725 W ConsentManagerApiServic: Consent Manager API is not enabled. [CONTEXT service_id=460 ]
04-14 17:26:17.145  3295  6250 D SceneManager: NAVIGATION scene: 0
04-14 17:26:17.149  3954  5671 I gqvn    : Received empty WiFi-RTT scan. [CONTEXT service_id=6 ]
04-14 17:26:17.150  1390  1390 I sensors-hal: batch:205, android.sensor.accelerometer/11, period=20000000, max_latency=0
04-14 17:26:17.150  1390  1390 I sensors-hal: set_config:61, sample_period_ns is adjusted to 20000000 based on min/max delay_ns
04-14 17:26:17.150  1390  1390 I sensors-hal: send_sensor_config_request:398, resampler is used, set resampler config
04-14 17:26:17.150  1390  1390 I sensors-hal: send_sync_sensor_request:344, send sync request
04-14 17:26:17.150  1390  1390 I sensors-hal: send_sync_sensor_request:370, wait for notification of response
04-14 17:26:17.151  1390 28330 I sensors-hal: ssc_conn_resp_cb:649, resp_value = 0
04-14 17:26:17.151  1390  1390 I sensors-hal: send_sync_sensor_request:376, takes 0 ms to receive the response with 0
04-14 17:26:17.151  1390  1390 I sensors-hal: batch:214, android.sensor.accelerometer/11, period=20000000, max_latency=0 request completed
04-14 17:26:17.151  2603  3516 I SensorService: [NothSensor] disable handle 11 deactive(0)
04-14 17:26:17.151  1390  1390 I sensors-hal: activate:172, android.sensor.magnetic_field_uncalibrated/141 en=0
04-14 17:26:17.152  1357  1549 E minksocket: MinkIPC_QRTR_Service: client with node 1 port 7a92 went down
04-14 17:26:17.152  1390  1390 I sensors-hal: activate:183, android.sensor.magnetic_field_uncalibrated/141 en=0 completed
04-14 17:26:17.153  2603  3516 I SensorService: [NothSensor] disable handle 141 deactive(0)
04-14 17:26:17.153  1357  1549 E minksocket: MinkIPC_QRTR_Service: client with node 1 port 7a8d went down
04-14 17:26:17.153  1390  1390 I sensors-hal: activate:172, android.sensor.gyroscope_uncalibrated/161 en=0
04-14 17:26:17.153  1357  1549 E minksocket: MinkIPC_QRTR_Service: client with node 1 port 7aa1 went down
04-14 17:26:17.154  1357  1549 E minksocket: MinkIPC_QRTR_Service: client with node 1 port 7a9c went down
04-14 17:26:17.154  1390  1390 I sensors-hal: activate:183, android.sensor.gyroscope_uncalibrated/161 en=0 completed
04-14 17:26:17.154  2603  3516 I SensorService: [NothSensor] disable handle 161 deactive(0)
04-14 17:26:17.155  1357  1549 E minksocket: MinkIPC_QRTR_Service: client with node 1 port 7a97 went down
04-14 17:26:17.155  1390  1390 I sensors-hal: activate:172, android.sensor.magnetic_field/21 en=0
04-14 17:26:17.156  1357  1549 E minksocket: MinkIPC_QRTR_Service: client with node 1 port 7aab went down
04-14 17:26:17.157  1390  1390 I sensors-hal: activate:183, android.sensor.magnetic_field/21 en=0 completed
04-14 17:26:17.157  2603  3516 I SensorService: [NothSensor] disable handle 21 deactive(0)
04-14 17:26:17.158  1357  1549 E minksocket: MinkIPC_QRTR_Service: client with node 1 port 7aa6 went down
04-14 17:26:17.163  1377  2843 E LocSvc_ApiV02: reportLocEvent:3882] Loc event report: 0 KlobucharIonoMode_valid:0: leapSec_valid:0: tauC_valid:0 featureStatusReport_valid: 1 featureStatusReport: 58
04-14 17:26:17.163  2603  3455 D GnssCallbackJni: gnssSetCapabilitiesCb: 8704u
04-14 17:26:17.164  2603  3370 D GnssCallbackJni: gnssSetCapabilitesCb: 867u
04-14 17:26:17.164  2603  3370 D GnssCallbackJni: gnssSetSystemInfoCb: yearOfHw=2019
04-14 17:26:17.253 30947 30947 W HeapTaskDaemon: type=1400 audit(0.0:26749): avc:  denied  { getattr } for  path="/proc/kallsyms" dev="proc" ino=4026532063 scontext=u:r:untrusted_app:s0:c121,c257,c512,c768 tcontext=u:object_r:proc_kallsyms:s0 tclass=file permissive=0 app=de.payback.client.android
04-14 17:26:17.253 30947 30947 W HeapTaskDaemon: type=1400 audit(0.0:26750): avc:  denied  { getattr } for  path="/proc/keys" dev="proc" ino=4026532072 scontext=u:r:untrusted_app:s0:c121,c257,c512,c768 tcontext=u:object_r:proc_keys:s0 tclass=file permissive=0 app=de.payback.client.android
04-14 17:26:17.253 30947 30947 W HeapTaskDaemon: type=1400 audit(0.0:26751): avc:  denied  { getattr } for  path="/proc/bootconfig" dev="proc" ino=4026532022 scontext=u:r:untrusted_app:s0:c121,c257,c512,c768 tcontext=u:object_r:proc_bootconfig:s0 tclass=file permissive=0 app=de.payback.client.android
04-14 17:26:17.253 30947 30947 W HeapTaskDaemon: type=1400 audit(0.0:26752): avc:  denied  { getattr } for  path="/proc/modules" dev="proc" ino=4026532062 scontext=u:r:untrusted_app:s0:c121,c257,c512,c768 tcontext=u:object_r:proc_modules:s0 tclass=file permissive=0 app=de.payback.client.android
04-14 17:26:17.253 30947 30947 W HeapTaskDaemon: type=1400 audit(0.0:26753): avc:  denied  { read } for  name="enforce" dev="selinuxfs" ino=4 scontext=u:r:untrusted_app:s0:c121,c257,c512,c768 tcontext=u:object_r:selinuxfs:s0 tclass=file permissive=0 app=de.payback.client.android
04-14 17:26:17.463  2603  3132 D WifiStaIfaceHidlImpl: getCachedScanData is not implemented by HIDL
04-14 17:26:17.369  4638  4638 E simulated_ntc: proc_shell_write write invalid para
04-14 17:26:17.746  2603  3218 D BackgroundInstallControlService: Package event received: 0
04-14 17:26:17.747  2603  3455 D OomAdjuster: process : com.lemon.lvoverseas, pid = 30431, isTop = false, uid = 10332, hasActivity = false
04-14 17:26:17.747  2603  3455 D OomAdjuster: process : com.lemon.lvoverseas is not top!
04-14 17:26:17.748  2603  3218 D BackgroundInstallControlService: Package event received: 0
04-14 17:26:17.748  2603  3455 D OomAdjuster: process : com.lemon.lvoverseas:push, pid = 30793, isTop = false, uid = 10332, hasActivity = false
04-14 17:26:17.748  2603  3455 D OomAdjuster: process : com.lemon.lvoverseas:push is not top!
04-14 17:26:17.749  2603  3218 D BackgroundInstallControlService: Package event received: 0
04-14 17:26:17.887 28760 28760 I [kworke][0x5fdcfaa1aa][15:26:18.111716] qca6490: [28760:I:PMO] pmo_core_enable_wow_in_fw: drv wow is enabled
04-14 17:26:17.923 28760 28760 I [kworke][0x5fdd053287][15:26:18.147781] qca6490: [28760:I:HIF] hif_try_complete_tasks: waiting for tasklets 1 grp tasklets 0 work 0
04-14 17:26:18.663  1390  1390 I sensors-hal: batch:205, android.sensor.accelerometer/11, period=20000000, max_latency=200000000
04-14 17:26:18.663  1390  1390 I sensors-hal: set_config:61, sample_period_ns is adjusted to 20000000 based on min/max delay_ns
04-14 17:26:18.663  1390  1390 I sensors-hal: send_sensor_config_request:398, resampler is used, set resampler config
04-14 17:26:18.663  1390  1390 I sensors-hal: send_sync_sensor_request:344, send sync request
04-14 17:26:18.664  1390  1390 I sensors-hal: send_sync_sensor_request:370, wait for notification of response
04-14 17:26:18.667  1390 28330 I sensors-hal: ssc_conn_resp_cb:649, resp_value = 0
04-14 17:26:18.668  1390  1390 I sensors-hal: send_sync_sensor_request:376, takes 4 ms to receive the response with 0
04-14 17:26:18.668  1390  1390 I sensors-hal: batch:214, android.sensor.accelerometer/11, period=20000000, max_latency=200000000 request completed
04-14 17:26:18.668  2603  3455 I SensorService: [NothSensor] disable handle 11 deactive(0)
04-14 17:26:18.670  1390  1390 I sensors-hal: batch:205, android.sensor.light/51, period=200000000, max_latency=0
04-14 17:26:18.670  1390  1390 I sensors-hal: set_config:65, no need to adjust sample_period_ns due to reporting_mode = 2
04-14 17:26:18.670  1390  1390 I sensors-hal: batch:214, android.sensor.light/51, period=200000000, max_latency=0 request completed
04-14 17:26:18.670  2603  3455 I SensorService: [NothSensor] disable handle 51 deactive(0)
04-14 17:26:18.670  2603  3455 I SensorService: [NothLight] disable size#1
04-14 17:26:18.670  2603  3455 I SensorService: checkAndReportAmbientLightSensorStateChangeLocked new 1 old 1 force 0
04-14 17:26:18.680  2603  3455 I SensorService: [NothSensor] com.google.android.gms Calling batch handle 222 flags 0 rate 0 timeout 0
04-14 17:26:18.680  1390  1390 I sensors-hal: batch:205, android.sensor.tilt_detector/222, period=1000000, max_latency=0
04-14 17:26:18.680  1390  1390 I sensors-hal: set_config:61, sample_period_ns is adjusted to 0 based on min/max delay_ns
04-14 17:26:18.680  1390  1390 I sensors-hal: batch:214, android.sensor.tilt_detector/222, period=1000000, max_latency=0 request completed
04-14 17:26:18.681  1390  1390 I sensors-hal: activate:172, android.sensor.tilt_detector/222 en=1
04-14 17:26:18.682  1390  1390 I sensors-hal: get_qmi_debug_flag:239, support_qmi_debug : false
04-14 17:26:18.683  1357  1549 E minksocket: MinkIPC_QRTR_Service: client with node 1 port 7aac went down
04-14 17:26:18.684  1357  1549 E minksocket: MinkIPC_QRTR_Service: client with node 1 port 7aad went down
04-14 17:26:18.686  1357  1549 E minksocket: MinkIPC_QRTR_Service: client with node 1 port 7aae went down
04-14 17:26:18.686  1357  1549 E minksocket: MinkIPC_QRTR_Service: client with node 1 port 7aaf went down
04-14 17:26:18.686  1390  1390 I sensors-hal: send_sync_sensor_request:344, send sync request
04-14 17:26:18.686  1390  1390 I sensors-hal: send_sync_sensor_request:370, wait for notification of response
04-14 17:26:18.689  1390 17026 I sensors-hal: ssc_conn_resp_cb:649, resp_value = 0
04-14 17:26:18.689  1390  1390 I sensors-hal: send_sync_sensor_request:376, takes 3 ms to receive the response with 0
04-14 17:26:18.690  1390  1390 I sensors-hal: activate:183, android.sensor.tilt_detector/222 en=1 completed
