04-14 11:32:13.967   780   780 I lowmemorykiller: nr_free_pages: 42834 nr_inactive_file: 784191 nr_active_file: 296586 workingset_refault: 3764629 pgrefill: 7572040 pgscan_kswapd: 33663373 pgscan_direct: 964528 pgscan_direct_throttle: 0 init_pgscan_direct: 963397 init_pgscan_kswapd: 33655338 base_file_lru: 1077373 init_ws_refault: 3764569 free_swap: 384497 total_swap: 1048575 swap_free_percentage: 36%
04-14 11:32:13.967   780   780 D lowmemorykiller: thrashing: 0% thrashing_limit: 30%
04-14 11:32:13.967   780   780 D lowmemorykiller: Not killing for medium pressure event trigger
04-14 11:32:13.972  7117  8832 I android.vending: AssetManager2(0xb4000076b0bcb9b8) locale list changing from [] to [de-DE]
04-14 11:32:13.978  7117  8832 I android.vending: AssetManager2(0xb4000076b0bc5f18) locale list changing from [] to [de-DE]
04-14 11:32:14.009  1378  1378 W healthd : time_last:186, soc_current_time=195, soc_pre_time=9,charging_status:1,soc_temp:100
04-14 11:32:14.009  1378  1378 W healthd : soc_b:100, soc:100, soc_c:100, Vol:4378, Cur:290,chg_s:1,t_l:186,b_s:2,OffTlast:0,lcd_off:0,Vu:4761,Vw:-10,pid:1378,brightness:6.425166,rmCap:3335
04-14 11:32:14.009  1378  1378 W healthd : battery l=100 v=4378 t=40.0 h=2 st=2 c=290000 fc=3335000 cc=691 chg=a
04-14 11:32:13.991  7117  8832 I android.vending: AssetManager2(0xb4000076b0bc7818) locale list changing from [] to [de-DE]
04-14 11:32:13.997  7117  8832 I android.vending: AssetManager2(0xb4000076b0bcd5d8) locale list changing from [] to [de-DE]
04-14 11:32:13.999  2603  3143 D InetDiagMessage: Destroyed 0 sockets, proto=IPPROTO_TCP, family=AF_INET, states=14
04-14 11:32:14.003  2603  3143 D InetDiagMessage: Destroyed 0 sockets, proto=IPPROTO_TCP, family=AF_INET6, states=14
04-14 11:32:14.003  2603  3143 D InetDiagMessage: Destroyed live tcp sockets for uids={10450} in 7ms
04-14 11:32:14.030  1378  1378 W healthd : time_last:186, soc_current_time=195, soc_pre_time=9,charging_status:1,soc_temp:100
04-14 11:32:14.030  1378  1378 W healthd : soc_b:100, soc:100, soc_c:100, Vol:4378, Cur:290,chg_s:1,t_l:186,b_s:2,OffTlast:0,lcd_off:0,Vu:4761,Vw:-9,pid:1378,brightness:6.425166,rmCap:3335
04-14 11:32:14.004  2603  3143 D InetDiagMessage: Destroyed 0 sockets, proto=IPPROTO_TCP, family=AF_INET, states=14
04-14 11:32:14.005  2603  3143 D InetDiagMessage: Destroyed 0 sockets, proto=IPPROTO_TCP, family=AF_INET6, states=14
04-14 11:32:14.005  2603  3143 D InetDiagMessage: Destroyed live tcp sockets for uids={20450} in 3ms
04-14 11:32:14.009  7117  8832 I android.vending: AssetManager2(0xb4000076b0bc9118) locale list changing from [] to [de-DE]
04-14 11:32:14.012  7117  8832 I android.vending: AssetManager2(0xb4000076b0bc6eb8) locale list changing from [] to [de-DE]
04-14 11:32:14.012  3327  8492 D PowerUI : can't show warning due to - plugged: true status unknown: false
04-14 11:32:14.013  3295  3295 D BatteryHealthController: plugType=1
04-14 11:32:14.014  7117  8832 I android.vending: AssetManager2(0xb4000076b0bccc78) locale list changing from [] to [de-DE]
04-14 11:32:14.014  1422  1422 E NtChgAidl: NtChgAidl: mBattTempRegion _aidl_return:0
04-14 11:32:14.014  2603  2603 V UiModeManager: updateLocked: null action, mDockState=0, category=null
04-14 11:32:14.014  2603  2603 E UiModeManager: mComputedNightMode:true, mNightMode.get():2, mOverrideNightModeOn:false, mOverrideNightModeOff:falsemTwilightManager.getLastTwilightState():null
04-14 11:32:14.015  2603  2603 D UiModeManager: updateConfigurationLocked: mDockState=0; mCarMode=false; mNightMode=com.android.server.UiModeManagerService$1@122d458; mNightModeCustomType=-1; uiMode=33
04-14 11:32:14.015  2603  2603 D NtThemeManager: setExtraDark, currentUser:0, enableOverlay:true, mCurrentExtraDarkMode:true
04-14 11:32:14.016  3327  3475 D ChargeStateMonitor: syncNtChgData() adaptorPowerRate = 0 phoneMaxPowerRate = 45
04-14 11:32:14.041  1378  1378 W HealthLoop: debug.nt.screen_brightness:6.425166
04-14 11:32:14.016  3327  3327 D BatteryController: onBatteryStateChange
04-14 11:32:14.017  7117  8832 I android.vending: AssetManager2(0xb4000076b0bc8df8) locale list changing from [] to [de-DE]
04-14 11:32:14.017  3582  3582 D QtiCarrierConfigHelper: WARNING, no carrier configs on phone Id: 1
04-14 11:32:14.018  3555  3555 D DeviceStatisticsService: onReceive: action= android.intent.action.BATTERY_CHANGED
04-14 11:32:14.019  3555  3555 V DeviceStatisticsService: chargerType=1 batteryLevel=100 totalBatteryCapacity=3335000
04-14 11:32:14.019  3555  3555 D DeviceInfoHidlClient: isRadioOn()=true
04-14 11:32:14.019  3555  3555 I DeviceInfoHidlClient: isPowerInfoNeverSent=false batteryLevel=100 batteryLevelIndex=6 chargingMode=1 totalCapacity=3335000 powerSaveMode=false
04-14 11:32:14.020  7117  8832 I android.vending: AssetManager2(0xb4000076b0bc71d8) locale list changing from [] to [de-DE]
04-14 11:32:14.023  7117  8832 I android.vending: AssetManager2(0xb4000076b0bcb058) locale list changing from [] to [de-DE]
04-14 11:32:14.026  7117  8832 I android.vending: AssetManager2(0xb4000076b0bcd2b8) locale list changing from [] to [de-DE]
04-14 11:32:14.028  7117  8832 I android.vending: AssetManager2(0xb4000076b0bcb698) locale list changing from [] to [de-DE]
04-14 11:32:14.031  7117  8832 I android.vending: AssetManager2(0xb4000076b0bcbff8) locale list changing from [] to [de-DE]
04-14 11:32:14.033  7117  8832 I android.vending: AssetManager2(0xb4000076b0bc6558) locale list changing from [] to [de-DE]
04-14 11:32:14.036  7117  8832 I android.vending: AssetManager2(0xb4000076b0bcbcd8) locale list changing from [] to [de-DE]
04-14 11:32:14.038  7117  8832 I android.vending: AssetManager2(0xb4000076b0bc9d98) locale list changing from [] to [de-DE]
04-14 11:32:14.041  7117  8832 I android.vending: AssetManager2(0xb4000076b0bc6b98) locale list changing from [] to [de-DE]
04-14 11:32:14.044  7117  8832 I android.vending: AssetManager2(0xb4000076b0bcb378) locale list changing from [] to [de-DE]
04-14 11:32:14.047  7117  8832 I android.vending: AssetManager2(0xb4000076b0bc9a78) locale list changing from [] to [de-DE]
04-14 11:32:14.050 26236 26263 E ashmem  : Pinning is deprecated since Android Q. Please use trim or other methods.
04-14 11:32:14.050 26236 26262 W cdonaldsinfoapp: ClassLoaderContext classpath size mismatch. expected=1, found=0 (DLC[];PCL[base.apk*3395480911]{PCL[/system/framework/org.apache.http.legacy.jar*4247870504]#PCL[/system/framework/com.android.location.provider.jar*1570284764]#PCL[/system/framework/com.android.media.remotedisplay.jar*487574312]#PCL[/system_ext/framework/com.android.extensions.appfunctions.jar*2880224042]#PCL[/system_ext/framework/androidx.window.extensions.jar*2649168746]#PCL[/system_ext/framework/androidx.window.sidecar.jar*2491547954]} | DLC[];PCL[])
04-14 11:32:14.051  7117  8832 I android.vending: AssetManager2(0xb4000076b0bcebb8) locale list changing from [] to [de-DE]
04-14 11:32:14.054  2603  5468 D ConnectivityService: Returning BLOCKED NetworkInfo to uid=10260
04-14 11:32:14.058  7117  8832 I android.vending: AssetManager2(0xb4000076b0bce258) locale list changing from [] to [de-DE]
04-14 11:32:14.060 26236 26262 W System  : ClassLoader referenced unknown path: 
04-14 11:32:14.060 26236 26262 D nativeloader: Configuring clns-10 for other apk . target_sdk_version=37, uses_libraries=, library_path=/data/app/~~J1WDk1c19nEuijaahpGQDA==/com.google.android.gms-2A6F6vUXgYzn0s6hs02VYA==/lib/arm64:/data/app/~~J1WDk1c19nEuijaahpGQDA==/com.google.android.gms-2A6F6vUXgYzn0s6hs02VYA==/base.apk!/lib/arm64-v8a, permitted_path=/data:/mnt/expand:/data/user/0/com.google.android.gms
04-14 11:32:14.060  2603  5468 D CompatChangeReporter: Compat change id reported: 319212206; UID 10260; state: ENABLED
04-14 11:32:14.064 26236 26262 I cdonaldsinfoapp: AssetManager2(0xb4000076b0ad8d58) locale list changing from [] to [de-DE]
04-14 11:32:14.064  2603  3143 D ConnectivityService: NetReassign [no changes] [c 1] [a 1] [i 2]
04-14 11:32:14.068   780   780 D lowmemorykiller: medium pressure event polling check
04-14 11:32:14.068   780   780 I lowmemorykiller: nr_free_pages: 49433 nr_inactive_file: 781898 nr_active_file: 292148 workingset_refault: 3765498 pgrefill: 7582814 pgscan_kswapd: 33702572 pgscan_direct: 964528 pgscan_direct_throttle: 0 init_pgscan_direct: 963397 init_pgscan_kswapd: 33663373 base_file_lru: 1077373 init_ws_refault: 3764569 free_swap: 381514 total_swap: 1048575 swap_free_percentage: 36%
04-14 11:32:14.068   780   780 D lowmemorykiller: thrashing: 0% thrashing_limit: 30%
04-14 11:32:14.069   780   780 D lowmemorykiller: Not killing for medium pressure event polling check
04-14 11:32:14.069  7117  8832 I android.vending: AssetManager2(0xb4000076b0bce578) locale list changing from [] to [de-DE]
04-14 11:32:14.070 26236 26262 W cdonaldsinfoapp: ClassLoaderContext classpath element checksum mismatch. expected=3395480911, found=3372404343 (DLC[];PCL[base.apk*3395480911]{PCL[/system/framework/org.apache.http.legacy.jar*4247870504]#PCL[/system/framework/com.android.location.provider.jar*1570284764]#PCL[/system/framework/com.android.media.remotedisplay.jar*487574312]#PCL[/system_ext/framework/com.android.extensions.appfunctions.jar*2880224042]#PCL[/system_ext/framework/androidx.window.extensions.jar*2649168746]#PCL[/system_ext/framework/androidx.window.sidecar.jar*2491547954]} | DLC[];PCL[/data/app/~~JGiHUeSQv6sCXmQqoeMZTw==/de.mcdonalds.mcdonaldsinfoapp-JZJa4Kl3YNvY4jaziuSL2w==/base.apk*3372404343]{PCL[/system/framework/org.apache.http.legacy.jar*4247870504]#PCL[/system_ext/framework/androidx.window.extensions.jar*2649168746]#PCL[/system_ext/framework/androidx.window.sidecar.jar*2491547954]})
04-14 11:32:14.075 26236 26262 I cdonaldsinfoapp: AssetManager2(0xb4000076b0ad6af8) locale list changing from [] to [de-DE]
04-14 11:32:14.076 26236 26262 I cdonaldsinfoapp: AssetManager2(0xb4000076b0ad99d8) locale list changing from [] to [de-DE]
04-14 11:32:14.081  7117  8832 I android.vending: AssetManager2(0xb4000076b0bd3cf8) locale list changing from [] to [de-DE]
04-14 11:32:14.087  7117  8832 I android.vending: AssetManager2(0xb4000076b0bd07d8) locale list changing from [] to [de-DE]
04-14 11:32:14.097  7117  8832 I android.vending: AssetManager2(0xb4000076b0bd4c98) locale list changing from [] to [de-DE]
04-14 11:32:14.098  3954 24977 I PhenotypeResourceReader: unable to find any Phenotype resource metadata for de.mcdonalds.mcdonaldsinfoapp
04-14 11:32:14.105  7117  8832 I android.vending: AssetManager2(0xb4000076b0bd39d8) locale list changing from [] to [de-DE]
04-14 11:32:14.108 26236 26276 E cdonaldsinfoapp: No package ID 6a found for resource ID 0x6a0b0013.
04-14 11:32:14.109 26236 26276 I FA      : App measurement initialized, version: 161007
04-14 11:32:14.109 26236 26276 I FA      : To enable debug logging run: adb shell setprop log.tag.FA VERBOSE
04-14 11:32:14.109 26236 26276 I FA      : To enable faster debug mode event logging run:
04-14 11:32:14.109 26236 26276 I FA      :   adb shell setprop debug.firebase.analytics.app de.mcdonalds.mcdonaldsinfoapp
04-14 11:32:14.115  7117  8832 I android.vending: AssetManager2(0xb4000076b0bcfb58) locale list changing from [] to [de-DE]
04-14 11:32:14.123 26236 26236 D nativeloader: Load /data/app/~~JGiHUeSQv6sCXmQqoeMZTw==/de.mcdonalds.mcdonaldsinfoapp-JZJa4Kl3YNvY4jaziuSL2w==/split_config.arm64_v8a.apk!/lib/arm64-v8a/librealmc.so using class loader ns clns-9 (caller=/data/app/~~JGiHUeSQv6sCXmQqoeMZTw==/de.mcdonalds.mcdonaldsinfoapp-JZJa4Kl3YNvY4jaziuSL2w==/base.apk!classes18.dex): ok
04-14 11:32:14.124  7117  8832 I android.vending: AssetManager2(0xb4000076b0bcf838) locale list changing from [] to [de-DE]
04-14 11:32:14.125 26236 26236 D CompatChangeReporter: Compat change id reported: 279646685; UID 10260; state: ENABLED
04-14 11:32:14.131  7117  8832 I android.vending: AssetManager2(0xb4000076b0bd1778) locale list changing from [] to [de-DE]
04-14 11:32:14.138  2603  5468 D OomAdjuster: Not killing cached processes
04-14 11:32:14.138  2603  5468 D OomAdjuster: process : com.facebook.katana, pid = 7351, isTop = false, uid = 10450, hasActivity = false
04-14 11:32:14.138  2603  5468 D OomAdjuster: process : com.facebook.katana is not top!
04-14 11:32:14.139  7117  8832 I android.vending: AssetManager2(0xb4000076b0bd2a38) locale list changing from [] to [de-DE]
04-14 11:32:14.139  7117  8832 I Finsky  : [62] Installer package name of package com.android.settings is 
04-14 11:32:14.139  7117  8832 I Finsky  : [62] Installer package name of package com.nothing.camera is 
04-14 11:32:14.139  7117  8832 I Finsky  : [62] Installer package name of package com.nothing.soundrecorder is 
04-14 11:32:14.140  7117  8832 I Finsky  : [62] Installer package name of package com.nothing.weather is 
04-14 11:32:14.143  7117  8832 I Finsky  : [62] Installer package name of package com.pavelrekun.rekado is com.google.android.packageinstaller
04-14 11:32:14.144  7117  8832 I Finsky  : [62] Installer package name of package com.uptodown is com.google.android.packageinstaller
04-14 11:32:14.145  7117  8832 I Finsky  : [62] Installer package name of package org.chromium.webapk.a00ef166df23a1e24_v2 is com.android.chrome
04-14 11:32:14.146  7117  8832 I Finsky  : [62] Installer package name of package org.chromium.webapk.a0305e285ef8a7eaf_v2 is com.android.chrome
04-14 11:32:14.146  7117  8832 I Finsky  : [62] Installer package name of package org.chromium.webapk.a0b965eb0d1fda916_v2 is com.android.chrome
04-14 11:32:14.146  7117  8832 I Finsky  : [62] Installer package name of package org.chromium.webapk.a29056a2b0eb4a3a1_v2 is com.android.chrome
04-14 11:32:14.146  7117  8832 I Finsky  : [62] Installer package name of package org.chromium.webapk.a3caeead6c28435c4_v2 is com.android.chrome
04-14 11:32:14.146  7117  8832 I Finsky  : [62] Installer package name of package org.chromium.webapk.a3d1a37177ba36cee_v2 is com.android.chrome
04-14 11:32:14.146  7117  8832 I Finsky  : [62] Installer package name of package org.chromium.webapk.a737bbe62aa28f81b_v2 is com.android.chrome
04-14 11:32:14.146  7117  8832 I Finsky  : [62] Installer package name of package org.chromium.webapk.a8877e31720cd5510_v2 is com.android.chrome
04-14 11:32:14.146  7117  8832 I Finsky  : [62] Installer package name of package org.chromium.webapk.a8d88b971035d0386_v2 is com.android.chrome
04-14 11:32:14.146  7117  8832 I Finsky  : [62] Installer package name of package org.chromium.webapk.aa92e54ba3656699e_v2 is com.android.chrome
04-14 11:32:14.146  7117  8832 I Finsky  : [62] Installer package name of package org.chromium.webapk.aaba31e08dab64727_v2 is com.android.chrome
04-14 11:32:14.146  7117  8832 I Finsky  : [62] Installer package name of package org.chromium.webapk.ab95e3fe957c0c713_v2 is com.android.chrome
04-14 11:32:14.146  7117  8832 I Finsky  : [62] Installer package name of package org.chromium.webapk.abef66f78c5d14ca1_v2 is com.android.chrome
04-14 11:32:14.146  7117  8832 I Finsky  : [62] Installer package name of package org.chromium.webapk.ad78eb10e7ecd2a8b_v2 is com.android.chrome
04-14 11:32:14.146  7117  8832 I Finsky  : [62] Installer package name of package org.chromium.webapk.ae7c05878fbeca1ad_v2 is com.android.chrome
04-14 11:32:14.166   780   780 D lowmemorykiller: medium pressure event polling check
04-14 11:32:14.167   780   780 I lowmemorykiller: nr_free_pages: 34072 nr_inactive_file: 794180 nr_active_file: 291208 workingset_refault: 3765690 pgrefill: 7584955 pgscan_kswapd: 33706149 pgscan_direct: 964528 pgscan_direct_throttle: 0 init_pgscan_direct: 963397 init_pgscan_kswapd: 33702572 base_file_lru: 1077373 init_ws_refault: 3764569 free_swap: 381476 total_swap: 1048575 swap_free_percentage: 36%
04-14 11:32:14.167   780   780 D lowmemorykiller: thrashing: 0% thrashing_limit: 30%
04-14 11:32:14.167   780   780 D lowmemorykiller: Not killing for medium pressure event polling check
04-14 11:32:14.205 25004 25126 E Forest_null: could not get any valid access key from remote settings
04-14 11:32:14.208 25004 25126 I Forest_GeckoFetcher: [KeyInfo:fetchAsync] msg = offline resource exist:true extraRuntimeInfo = {support_directory=false, gecko_config_from=client_config, gecko_channel=tiktok_webview_hook, wait_low_storage_update=false, check_gecko_file_available=true, gecko_access_key=365b20e8f6c343df1eff65214a0e3e74, disable_gecko_update=false, gecko_sync_update=false, gecko_bundle=hook.js}
04-14 11:32:14.228 25004 26309 I Forest_GeckoXAdapter: onCheckServerVersionSuccess:requestMap:null responseMap:null
04-14 11:32:14.233 25004 26309 E Forest_GeckoFetcher: download failed with waitGeckoUpdate=false ,channel = tiktok_webview_hook,bundle = hook.js
04-14 11:32:14.233 25004 26309 E Forest_GeckoFetcher: java.lang.Throwable: invalid channel
04-14 11:32:14.233 25004 26309 E Forest_GeckoFetcher: 	at X.0gjc.LJIIIIZZ(SourceFile:33554554)
04-14 11:32:14.233 25004 26309 E Forest_GeckoFetcher: 	at X.0gen.LIZ(SourceFile:376)
04-14 11:32:14.233 25004 26309 E Forest_GeckoFetcher: 	at X.0gen.run(SourceFile:5)
04-14 11:32:14.233 25004 26309 E Forest_GeckoFetcher: 	at Y.AObjectS384S0100000_4.invoke$3(SourceFile:16777222)
04-14 11:32:14.233 25004 26309 E Forest_GeckoFetcher: 	at Y.AObjectS384S0100000_4.invoke(Unknown Source:32)
04-14 11:32:14.233 25004 26309 E Forest_GeckoFetcher: 	at X.0CeB.invoke(SourceFile:4)
04-14 11:32:14.233 25004 26309 E Forest_GeckoFetcher: 	at X.08O5.LIZ(SourceFile:50331890)
04-14 11:32:14.233 25004 26309 E Forest_GeckoFetcher: 	at X.0Ce8.LIZJ(SourceFile:86)
04-14 11:32:14.233 25004 26309 E Forest_GeckoFetcher: 	at X.0Ce8.run(SourceFile:0)
04-14 11:32:14.233 25004 26309 E Forest_GeckoFetcher: 	at X.0CaV.run(SourceFile:13)
04-14 11:32:14.233 25004 26309 E Forest_GeckoFetcher: 	at X.0CaR.run(SourceFile:2)
04-14 11:32:14.233 25004 26309 E Forest_GeckoFetcher: 	at java.util.concurrent.ThreadPoolExecutor.runWorker(ThreadPoolExecutor.java:1154)
04-14 11:32:14.233 25004 26309 E Forest_GeckoFetcher: 	at java.util.concurrent.ThreadPoolExecutor$Worker.run(ThreadPoolExecutor.java:652)
04-14 11:32:14.233 25004 26309 E Forest_GeckoFetcher: 	at X.0CWs.run(SourceFile:9)
04-14 11:32:14.233 25004 26309 E Forest_GeckoFetcher: 	at java.lang.Thread.run(Thread.java:1564)
04-14 11:32:14.233 25004 26309 E Forest_GeckoFetcher: 	at com.bytedance.bpea.transmit.delegate.BPEAThread.com_bytedance_bpea_transmit_delegate_BPEAThread__run$___twin___(SourceFile:9)
04-14 11:32:14.233 25004 26309 E Forest_GeckoFetcher: 	at com.bytedance.bpea.transmit.delegate.BPEAThread.com_bytedance_bpea_transmit_delegate_BPEAThread_com_ss_android_ugc_aweme_lancet_RunnableGuardLancet_run(SourceFile:16777216)
04-14 11:32:14.233 25004 26309 E Forest_GeckoFetcher: 	at com.bytedance.bpea.transmit.delegate.BPEAThread.run(Unknown Source:0)
04-14 11:32:14.238 26236 26236 I KVA/Tracker: Tracker: Kochava Diagnostic - Host called API: Set LAT Disabled
04-14 11:32:14.239 26236 26236 I KVA/Tracker: Tracker: Kochava Diagnostic - Host called API: Start With App GUID kogma-de-android-rvevht
04-14 11:32:14.241 26236 26236 I KVA/Tracker: Tracker: Kochava Diagnostic - Started SDK AndroidTracker 5.4.0 published 2024-05-01T15:30:27.957Z
04-14 11:32:14.241 26236 26236 I KVA/Tracker: Tracker: Kochava Diagnostic - The log level is set to Info
04-14 11:32:14.251 26236 26236 I KVA/Tracker: Tracker: Kochava Diagnostic - Host called API: Get Attribution Results
04-14 11:32:14.266   780   780 D lowmemorykiller: medium pressure event polling check
04-14 11:32:14.267   780   780 I lowmemorykiller: nr_free_pages: 40501 nr_inactive_file: 789391 nr_active_file: 289388 workingset_refault: 3767862 pgrefill: 7589948 pgscan_kswapd: 33728302 pgscan_direct: 964528 pgscan_direct_throttle: 0 init_pgscan_direct: 963397 init_pgscan_kswapd: 33706149 base_file_lru: 1077373 init_ws_refault: 3764569 free_swap: 379758 total_swap: 1048575 swap_free_percentage: 36%
04-14 11:32:14.267   780   780 D lowmemorykiller: thrashing: 0% thrashing_limit: 30%
04-14 11:32:14.267   780   780 D lowmemorykiller: Not killing for medium pressure event polling check
04-14 11:32:14.272 26236 26310 I KVA/Tracker: Controller: Kochava Diagnostic - The kochava device id is KA1719500257T500V0a36c498cc3944d8b3329ed2d809637a
04-14 11:32:14.285 26236 26236 I Apptentive: [Main Queue] [SYSTEM] Registering Apptentive Android SDK 6.10.0
04-14 11:32:14.286  7117  7117 E Finsky  : [2] Failed to load an Item com.android.vending, missing shared fields: [4], missing type-specific fields: [0, 0, 0, 0, 0, 0, 0, 0, 64]
04-14 11:32:14.286  7117  7117 E Finsky  : [2] Failed to load an Item com.bjoernbartels.mylove, no data available.
04-14 11:32:14.286  7117  7117 E Finsky  : [2] Failed to load an Item com.blackbull.trade, no data available.
04-14 11:32:14.286  7117  7117 E Finsky  : [2] Failed to load an Item com.swapface.androidapp, no data available.
04-14 11:32:14.286  7117  7117 E Finsky  : [2] Failed to load an Item de.bkm.kulturpass, no data available.
04-14 11:32:14.287  7117  7117 E Finsky  : [2] Required items [com.android.vending, com.bjoernbartels.mylove, com.blackbull.trade, com.swapface.androidapp, de.bkm.kulturpass]
04-14 11:32:14.287  7117  7117 E Finsky  : [2] Requested items [[de.bkm.kulturpass, com.bjoernbartels.mylove, com.android.vending, com.blackbull.trade, com.swapface.androidapp]]
04-14 11:32:14.287  7117  7117 E Finsky  : [2] Retrieved items []
04-14 11:32:14.307  1368  4202 I vendor.qti.bluetooth@1.0-ibs_handler: ProcessIbsCmd: Received IBS_WAKE_IND: 0xFD
04-14 11:32:14.307  1368  4202 I vendor.qti.bluetooth@1.0-ibs_handler: ProcessIbsCmd: Writing IBS_WAKE_ACK
04-14 11:32:14.313 26236 26312 I Apptentive: [SDK Queue] [CONVERSATION] Loaded an existing conversation
04-14 11:32:14.314  2603  3143 D InetDiagMessage: Destroyed 0 sockets, proto=IPPROTO_TCP, family=AF_INET, states=14
04-14 11:32:14.315  2603  3143 D InetDiagMessage: Destroyed 0 sockets, proto=IPPROTO_TCP, family=AF_INET6, states=14
04-14 11:32:14.315  2603  3143 D InetDiagMessage: Destroyed live tcp sockets for uids={10519} in 3ms
04-14 11:32:14.316  2603  3143 D InetDiagMessage: Destroyed 0 sockets, proto=IPPROTO_TCP, family=AF_INET, states=14
04-14 11:32:14.317  2603  3143 D InetDiagMessage: Destroyed 0 sockets, proto=IPPROTO_TCP, family=AF_INET6, states=14
04-14 11:32:14.317  2603  3143 D InetDiagMessage: Destroyed live tcp sockets for uids={20519} in 2ms
04-14 11:32:14.319 26236 26312 I Apptentive: [SDK Queue] [CONVERSATION] Checking for SDK & AppRelease updates
04-14 11:32:14.320 26236 26312 I Apptentive: [SDK Queue] [CONVERSATION] Checking for device updates
04-14 11:32:14.322  2603  5468 D CompatChangeReporter: Compat change id reported: 297989574; UID 10260; state: ENABLED
04-14 11:32:14.332 26236 26312 W Apptentive: [SDK Queue] [PAYLOADS] Unable to send payload: PayloadService is null
04-14 11:32:14.335 26236 26312 I Apptentive: [SDK Queue] [INTERACTIONS] Criteria evaluated => true
04-14 11:32:14.335 26236 26312 I Apptentive: [SDK Queue] [EVENT] Engaged event: com.apptentive#app#launch
04-14 11:32:14.336 26236 26312 I Apptentive: [SDK Queue] [INTERACTIONS] Criteria evaluated => true
04-14 11:32:14.348  1368  4202 I vendor.qti.bluetooth@1.0-ibs_handler: ProcessIbsCmd: Received IBS_SLEEP_IND: 0xFE
04-14 11:32:14.367   780   780 D lowmemorykiller: medium pressure event polling check
04-14 11:32:14.367   780   780 I lowmemorykiller: nr_free_pages: 44940 nr_inactive_file: 784542 nr_active_file: 287815 workingset_refault: 3769158 pgrefill: 7595124 pgscan_kswapd: 33751222 pgscan_direct: 964528 pgscan_direct_throttle: 0 init_pgscan_direct: 963397 init_pgscan_kswapd: 33728302 base_file_lru: 1077373 init_ws_refault: 3764569 free_swap: 377841 total_swap: 1048575 swap_free_percentage: 36%
04-14 11:32:14.367   780   780 D lowmemorykiller: thrashing: 0% thrashing_limit: 30%
04-14 11:32:14.368   780   780 D lowmemorykiller: Not killing for medium pressure event polling check
04-14 11:32:14.368 26236 26324 D CompatChangeReporter: Compat change id reported: 311402873; UID 10260; state: ENABLED
04-14 11:32:14.369 26236 26324 D CompatChangeReporter: Compat change id reported: 323349338; UID 10260; state: ENABLED
04-14 11:32:14.369  2603  5468 D CompatChangeReporter: Compat change id reported: 311402873; UID 10260; state: ENABLED
04-14 11:32:14.369  2603  5468 D CompatChangeReporter: Compat change id reported: 323349338; UID 10260; state: ENABLED
04-14 11:32:14.372  2603  2603 I RemoteContentProtectionService: Connection status for: ComponentInfo{com.google.android.odad/com.google.android.apps.miphone.odad.contentprotection.ContentProtectionService} changed to: disconnected
04-14 11:32:14.386  1368  4202 I vendor.qti.bluetooth@1.0-ibs_handler: ProcessIbsCmd: Received IBS_WAKE_IND: 0xFD
04-14 11:32:14.386  1368  4202 I vendor.qti.bluetooth@1.0-ibs_handler: ProcessIbsCmd: Writing IBS_WAKE_ACK
04-14 11:32:14.390  3954  9026 I NearbyDiscovery: (REDACTED) BloomFilterAdvManager: Detected bloom filter but too far away, ignoring. %sm, %s
04-14 11:32:14.400 26236 26236 D nativeloader: Load /data/app/~~JGiHUeSQv6sCXmQqoeMZTw==/de.mcdonalds.mcdonaldsinfoapp-JZJa4Kl3YNvY4jaziuSL2w==/split_config.arm64_v8a.apk!/lib/arm64-v8a/libakamaibmp.so using class loader ns clns-9 (caller=/data/app/~~JGiHUeSQv6sCXmQqoeMZTw==/de.mcdonalds.mcdonaldsinfoapp-JZJa4Kl3YNvY4jaziuSL2w==/base.apk!classes4.dex): ok
04-14 11:32:14.401 26236 26236 I BMP:CYFMonitor: Registering activity lifecycle callbacks
04-14 11:32:14.401 26236 26348 I BMP:SensorDataCache: Initializing cache
04-14 11:32:14.401 26236 26349 I BMP:CYFSystemInfoManager: DeviceInfo- started
04-14 11:32:14.401 26236 26349 I BMP:SystemInfoListener: Getting system information
04-14 11:32:14.401 26236 26236 I BMP:MotionManager: Initializing motion manager
04-14 11:32:14.403 26236 26236 I BMP:OrientationManager: Initializing orientation manager
04-14 11:32:14.403 26236 26236 I BMP:CYFMonitor: Initialize-Time: 3ms
04-14 11:32:14.398 26236 26236 W Thread-31: type=1400 audit(0.0:453): avc:  denied  { read } for  name="cache" dev="dm-8" ino=98 scontext=u:r:untrusted_app:s0:c4,c257,c512,c768 tcontext=u:object_r:cache_file:s0 tclass=lnk_file permissive=0 app=de.mcdonalds.mcdonaldsinfoapp
04-14 11:32:14.410 26236 26349 I BMP:SystemInfoListener: appVersion 26.12.4 4609
04-14 11:32:14.421  2603  3437 W ParceledListSlice: Element #340 is 17808 bytes.
04-14 11:32:14.427  1368  4202 I vendor.qti.bluetooth@1.0-ibs_handler: ProcessIbsCmd: Received IBS_SLEEP_IND: 0xFE
04-14 11:32:14.432  2603  3437 D BiometricService: canAuthenticate: User=0, Caller=0, Authenticators=255
04-14 11:32:14.432  2603  3437 D BiometricService/PreAuthInfo: Package: de.mcdonalds.mcdonaldsinfoapp Sensor ID: 0 Modality: 2 User id: 0 Status: 1
04-14 11:32:14.432  2603  3437 D BiometricService/PreAuthInfo: Package: de.mcdonalds.mcdonaldsinfoapp Sensor ID: 4 Modality: 8 User id: 0 Status: 4
04-14 11:32:14.433  2603  3437 D BiometricService/PreAuthInfo: getCanAuthenticateInternal Modality: 2 AuthenticatorStatus: 1
04-14 11:32:14.433  2603  3437 D AuthService: canAuthenticate, userId: 0, callingUserId: 0, authenticators: 255, result: 0
04-14 11:32:14.436 26236 26350 I cdonaldsinfoapp: AssetManager2(0xb4000076b0ae48d8) locale list changing from [] to [de-DE]
04-14 11:32:14.437 26236 26350 I WebViewFactory: Loading com.google.android.webview version 146.0.7680.177 (code 768017703)
04-14 11:32:14.437 26236 26349 I BMP:CYFSystemInfoManager: DeviceInfo-Time: 29ms
04-14 11:32:14.437 26236 26350 I cdonaldsinfoapp: AssetManager2(0xb4000076b0ae0418) locale list changing from [] to [de-DE]
04-14 11:32:14.438 26236 26350 I cdonaldsinfoapp: AssetManager2(0xb4000076b0ae32f8) locale list changing from [] to [de-DE]
04-14 11:32:14.438  1368  4205 I vendor.qti.bluetooth@1.0-ibs_handler: DeviceSleep: TX Awake, Sending SLEEP_IND
04-14 11:32:14.438 26236 26350 I cdonaldsinfoapp: AssetManager2(0xb4000076b0ae16d8) locale list changing from [] to [de-DE]
04-14 11:32:14.439 26236 26350 I cdonaldsinfoapp: AssetManager2(0xb4000076b0ae0d78) locale list changing from [] to [de-DE]
04-14 11:32:14.440 26236 26350 I cdonaldsinfoapp: AssetManager2(0xb4000076b0ae2fd8) locale list changing from [] to [de-DE]
04-14 11:32:14.440 26236 26350 V ResourcesManager: The following library key has been added: ResourcesKey{ mHash=d0de6c1b mResDir=null mSplitDirs=[] mOverlayDirs=[] mLibDirs=[/data/app/~~AieSmTAE7uuCYWjv6xuEMg==/com.google.android.webview-9l2tehElLi3eKgviw1JDZQ==/base.apk,/system/framework/android.test.base.jar] mDisplayId=0 mOverrideConfig=v36 mCompatInfo={420dpi always-compat} mLoaders=[]}
04-14 11:32:14.441 26236 26350 D ApplicationLoaders: Returning zygote-cached class loader: /system/framework/android.test.base.jar
04-14 11:32:14.441 26236 26350 D ApplicationLoaders: Returning zygote-cached class loader: /system_ext/framework/androidx.window.extensions.jar
04-14 11:32:14.444 26236 26350 D nativeloader: Configuring clns-11 for other apk /data/app/~~AieSmTAE7uuCYWjv6xuEMg==/com.google.android.webview-9l2tehElLi3eKgviw1JDZQ==/base.apk. target_sdk_version=36, uses_libraries=, library_path=/data/app/~~AieSmTAE7uuCYWjv6xuEMg==/com.google.android.webview-9l2tehElLi3eKgviw1JDZQ==/lib/arm64:/data/app/~~AieSmTAE7uuCYWjv6xuEMg==/com.google.android.webview-9l2tehElLi3eKgviw1JDZQ==/base.apk!/lib/arm64-v8a, permitted_path=/data:/mnt/expand
04-14 11:32:14.459 26236 26350 I cr_WVCFactoryProvider: version=146.0.7680.177 (768017703) minSdkVersion=29 multiprocess=true packageId=2 splits=config.arm64_v8a,config.de,config.xxhdpi
04-14 11:32:14.462 26236 26350 D nativeloader: Load /data/app/~~AieSmTAE7uuCYWjv6xuEMg==/com.google.android.webview-9l2tehElLi3eKgviw1JDZQ==/base.apk!/lib/arm64-v8a/libwebviewchromium.so using class loader ns clns-11 (caller=/data/app/~~AieSmTAE7uuCYWjv6xuEMg==/com.google.android.webview-9l2tehElLi3eKgviw1JDZQ==/base.apk): ok
04-14 11:32:14.463 26236 26350 D nativeloader: Load /system/lib64/libwebviewchromium_plat_support.so using class loader ns clns-11 (caller=/data/app/~~AieSmTAE7uuCYWjv6xuEMg==/com.google.android.webview-9l2tehElLi3eKgviw1JDZQ==/base.apk): ok
04-14 11:32:14.466   780   780 D lowmemorykiller: medium pressure event polling check
04-14 11:32:14.467   780   780 I lowmemorykiller: nr_free_pages: 37511 nr_inactive_file: 784236 nr_active_file: 288714 workingset_refault: 3769973 pgrefill: 7596260 pgscan_kswapd: 33755264 pgscan_direct: 964528 pgscan_direct_throttle: 0 init_pgscan_direct: 963397 init_pgscan_kswapd: 33751222 base_file_lru: 1077373 init_ws_refault: 3764569 free_swap: 377649 total_swap: 1048575 swap_free_percentage: 36%
04-14 11:32:14.467   780   780 D lowmemorykiller: thrashing: 0% thrashing_limit: 30%
04-14 11:32:14.467   780   780 D lowmemorykiller: Not killing for medium pressure event polling check
04-14 11:32:14.467  1368  4202 I vendor.qti.bluetooth@1.0-ibs_handler: ProcessIbsCmd: Received IBS_WAKE_IND: 0xFD
04-14 11:32:14.467  1368  4202 I vendor.qti.bluetooth@1.0-ibs_handler: ProcessIbsCmd: Writing IBS_WAKE_ACK
04-14 11:32:14.490 26236 26236 E cdonaldsinfoapp: hiddenapi: Accessing hidden method Ljava/lang/StackTraceElement;-><init>()V (runtime_flags=0, domain=core-platform, api=blocked) from Lcom/google/gson/internal/ConstructorConstructor; (domain=app, TargetSdkVersion=35) using reflection: denied
04-14 11:32:14.503 26236 26299 I Phrase OTA: Initializing Phrase SDK 3.10.3
04-14 11:32:14.509  1368  4202 I vendor.qti.bluetooth@1.0-ibs_handler: ProcessIbsCmd: Received IBS_SLEEP_IND: 0xFE
04-14 11:32:14.531  2603  2639 I SensorService: checkAndReportAmbientLightSensorStateChangeLocked new 1 old 1 force 0
04-14 11:32:14.534  2603  2647 V GrammaticalInflectionUtils: AttributionSource: android.content.AttributionSource@5ed1ed4e does not have READ_SYSTEM_GRAMMATICAL_GENDER permission.
04-14 11:32:14.541 26236 26236 I Choreographer: Skipped 53 frames!  The application may be doing too much work on its main thread.
04-14 11:32:14.548  1302  1302 D Zygote  : Forked child process 26374
04-14 11:32:14.549  2603  2648 I ActivityManager: Start proc 26374:de.metro.alex.customer.digitalcard.metro/u0a331 for broadcast {de.metro.alex.customer.digitalcard.metro/org.altbeacon.beacon.startup.StartupBroadcastReceiver}
04-14 11:32:14.549  2603  2648 I ActivityManager: ProcessObserver broadcast disabled
04-14 11:32:14.558 26236 26236 I Apptentive: [Main Queue] [LIFE CYCLE OBSERVER] Observing App lifecycle
04-14 11:32:14.559 26236 26375 I Phrase OTA: Fetching Translations: https://ota.phraseapp.com/895d6e999712b063819a9a5ba71a0497/g-tpIZnw3KfwgYahFddXsKPeRUcaLeAGZRjMyGleyN4/de_DE/xml?client=android&unique_identifier=a9579790-b867-4317-9a78-4112558cb4df&sdk_version=3.10.3&last_update=1775858660&current_version=178&app_version=26.12.4
04-14 11:32:14.563 26374 26374 I gitalcard.metro: Using CollectorTypeCMC GC.
04-14 11:32:14.568   780   780 D lowmemorykiller: medium pressure event polling check
04-14 11:32:14.569   780   780 I lowmemorykiller: nr_free_pages: 49000 nr_inactive_file: 774224 nr_active_file: 284633 workingset_refault: 3771702 pgrefill: 7605551 pgscan_kswapd: 33784520 pgscan_direct: 964528 pgscan_direct_throttle: 0 init_pgscan_direct: 963397 init_pgscan_kswapd: 33755264 base_file_lru: 1077373 init_ws_refault: 3764569 free_swap: 375670 total_swap: 1048575 swap_free_percentage: 35%
04-14 11:32:14.569   780   780 D lowmemorykiller: thrashing: 0% thrashing_limit: 30%
04-14 11:32:14.569   780   780 D lowmemorykiller: Not killing for medium pressure event polling check
04-14 11:32:14.569  2603  3143 D ConnectivityService: NetReassign [no changes] [c 1] [a 1] [i 1]
04-14 11:32:14.569 26374 26374 D nativeloader: Load libframework-connectivity-tiramisu-jni.so using APEX ns com_android_tethering for caller /apex/com.android.tethering/javalib/framework-connectivity-t.jar: ok
04-14 11:32:14.569  2247  2397 I adbd    : jdwp connection from 26374
04-14 11:32:14.576  2603  3437 D CompatibilityInfo: mCompatibilityFlags - 0
04-14 11:32:14.576  2603  3437 D CompatibilityInfo: applicationDensity - 375
04-14 11:32:14.576  2603  3437 D CompatibilityInfo: applicationScale - 1.0
04-14 11:32:14.578  2603  3437 D OomAdjuster: process : de.metro.alex.customer.digitalcard.metro, pid = 26374, isTop = false, uid = 10331, hasActivity = false
04-14 11:32:14.578  2603  3437 D OomAdjuster: process : de.metro.alex.customer.digitalcard.metro is not top!
04-14 11:32:14.580  4746  4829 V OsAgent : broadcastSystemEvent - 7
04-14 11:32:14.588 26374 26374 D ApplicationLoaders: Returning zygote-cached class loader: /system/framework/org.apache.http.legacy.jar
04-14 11:32:14.590  2603  4317 D ConnectivityService: Returning UNBLOCKED NetworkInfo to uid=10260
04-14 11:32:14.592 26374 26374 D nativeloader: Configuring clns-9 for other apk /system_ext/framework/androidx.camera.extensions.impl.advanced.jar. target_sdk_version=36, uses_libraries=ALL, library_path=/data/app/~~yhMtrgLyUowMxIACmJqWkA==/de.metro.alex.customer.digitalcard.metro-ydZH_JtcKYgUar7ntwH6Kg==/lib/arm64:/data/app/~~yhMtrgLyUowMxIACmJqWkA==/de.metro.alex.customer.digitalcard.metro-ydZH_JtcKYgUar7ntwH6Kg==/base.apk!/lib/arm64-v8a:/data/app/~~yhMtrgLyUowMxIACmJqWkA==/de.metro.alex.customer.digitalcard.metro-ydZH_JtcKYgUar7ntwH6Kg==/split_config.arm64_v8a.apk!/lib/arm64-v8a:/data/app/~~yhMtrgLyUowMxIACmJqWkA==/de.metro.alex.customer.digitalcard.metro-ydZH_JtcKYgUar7ntwH6Kg==/split_config.xxhdpi.apk!/lib/arm64-v8a, permitted_path=/data:/mnt/expand:/data/user/0/de.metro.alex.customer.digitalcard.metro
04-14 11:32:14.592 26374 26374 D nativeloader: Extending system_exposed_libraries: libbinauralrenderer_wrapper.qti.so:libhoaeffects.qti.so:libupdateprof.qti.so:libthermalclient.qti.so:libdiag_system.qti.so:libqape.qti.so:libqesdk_ndk_platform.qti.so:liblistenjni.qti.so
04-14 11:32:14.592 22548 22685 I MemRelief#Pressure: name:global Java init isJavaHeap:true freezeSize:5 config:(period=5000, windowSize=5, alpha=0.2, ewmaRate=0.5, lowValue=0.5, extremeValue=0.9)
04-14 11:32:14.593 26374 26374 D ApplicationLoaders: Returning zygote-cached class loader: /system_ext/framework/androidx.window.extensions.jar
04-14 11:32:14.593 26374 26374 D ApplicationLoaders: Returning zygote-cached class loader: /system_ext/framework/androidx.window.sidecar.jar
04-14 11:32:14.595 26236 26236 I cr_LibraryLoader: Successfully loaded native library
04-14 11:32:14.598 26236 26236 I cr_CachingUmaRecorder: Flushed 20 samples from 20 histograms, 0 samples were dropped.
04-14 11:32:14.599  2603  2649 D ActivityManager: uid = 10331, pid = 26374, processName = de.metro.alex.customer.digitalcard.metro is not top app, set nt foreground
04-14 11:32:14.609 26236 26236 I cr_ChildProcLH: ScopedServiceBindingBatch.tryActivate: false
04-14 11:32:14.610  2603  3143 D InetDiagMessage: Destroyed 0 sockets, proto=IPPROTO_TCP, family=AF_INET, states=14
04-14 11:32:14.611  2603  3143 D InetDiagMessage: Destroyed 0 sockets, proto=IPPROTO_TCP, family=AF_INET6, states=14
04-14 11:32:14.611  2603  3143 D InetDiagMessage: Destroyed live tcp sockets for uids={10371} in 4ms
04-14 11:32:14.613  2603  3143 D InetDiagMessage: Destroyed 0 sockets, proto=IPPROTO_TCP, family=AF_INET, states=14
04-14 11:32:14.613  4740  4740 D BoundBrokerSvc: onUnbind: Intent { act=com.google.android.gms.appset.service.START dat=chimera-action:/... xflg=0x4 cmp=com.google.android.gms/.chimera.GmsApiService }
04-14 11:32:14.615  2603  3143 D InetDiagMessage: Destroyed 0 sockets, proto=IPPROTO_TCP, family=AF_INET6, states=14
04-14 11:32:14.615  2603  3143 D InetDiagMessage: Destroyed live tcp sockets for uids={20371} in 4ms
04-14 11:32:14.615 26236 26236 I cr_CombinedPProvider: #registerProvider() provider:WV.qk@7e2a9f2 isPolicyCacheEnabled:false policyProvidersSize:0
04-14 11:32:14.624 26236 26236 I cr_PolicyProvider: #setManagerAndSource() 0
04-14 11:32:14.625 22548 22685 I MemRelief#Pressure: name:global Java thresholds low:0.5, med:0.63, high:0.77, extreme:0.9
04-14 11:32:14.625 22548 22685 I MemRelief#Pressure: name:global Native init isJavaHeap:false freezeSize:5 config:(period=5000, windowSize=5, alpha=0.2, ewmaRate=0.5, lowValue=500.0, extremeValue=1024.0)
04-14 11:32:14.648    38    38 I sd 0    : 0:0:4: [sde] Synchronizing SCSI cache
04-14 11:32:14.625 22548 22685 I MemRelief#Pressure: name:global Native thresholds low:500.0, med:674.67, high:849.33, extreme:1024.0
04-14 11:32:14.626 22548 22685 I MemRelief#Pressure: name:global Java start period calculate
04-14 11:32:14.638  2603  5468 V GrammaticalInflectionUtils: AttributionSource: android.content.AttributionSource@748898cb does not have READ_SYSTEM_GRAMMATICAL_GENDER permission.
04-14 11:32:14.642 26374 26374 W gitalcard.metro: Failed to find entry 'classes.dex': Entry not found
04-14 11:32:14.642 26236 26236 I cr_DisplayManager: Is Display Topology available: false
04-14 11:32:14.642 26374 26374 W gitalcard.metro: Failed to find entry 'classes.dex': Entry not found
04-14 11:32:14.642 26374 26374 D nativeloader: Configuring clns-10 for other apk /data/app/~~yhMtrgLyUowMxIACmJqWkA==/de.metro.alex.customer.digitalcard.metro-ydZH_JtcKYgUar7ntwH6Kg==/base.apk:/data/app/~~yhMtrgLyUowMxIACmJqWkA==/de.metro.alex.customer.digitalcard.metro-ydZH_JtcKYgUar7ntwH6Kg==/split_config.arm64_v8a.apk:/data/app/~~yhMtrgLyUowMxIACmJqWkA==/de.metro.alex.customer.digitalcard.metro-ydZH_JtcKYgUar7ntwH6Kg==/split_config.xxhdpi.apk. target_sdk_version=36, uses_libraries=, library_path=/data/app/~~yhMtrgLyUowMxIACmJqWkA==/de.metro.alex.customer.digitalcard.metro-ydZH_JtcKYgUar7ntwH6Kg==/lib/arm64:/data/app/~~yhMtrgLyUowMxIACmJqWkA==/de.metro.alex.customer.digitalcard.metro-ydZH_JtcKYgUar7ntwH6Kg==/base.apk!/lib/arm64-v8a:/data/app/~~yhMtrgLyUowMxIACmJqWkA==/de.metro.alex.customer.digitalcard.metro-ydZH_JtcKYgUar7ntwH6Kg==/split_config.arm64_v8a.apk!/lib/arm64-v8a:/data/app/~~yhMtrgLyUowMxIACmJqWkA==/de.metro.alex.customer.digitalcard.metro-ydZH_JtcKYgUar7ntwH6Kg==/split_config.xxhdpi.apk!/lib/arm64-v8a, permitted_path=/data:/mnt/expand:/data
04-14 11:32:14.644 26236 26236 I cdonaldsinfoapp: AssetManager2(0xb4000076b0af26b8) locale list changing from [] to [de-DE]
04-14 11:32:14.651 26374 26374 I gitalcard.metro: AssetManager2(0xb4000076b0ad4ed8) locale list changing from [] to [de-DE]
04-14 11:32:14.652  3415  3415 D Zygote  : Forked child process 26397
04-14 11:32:14.653 26374 26374 I Perf    : Connecting to perf service.
04-14 11:32:14.654  2603  2648 I ActivityManager: Start proc 26397:com.google.android.webview:sandboxed_process0:org.chromium.content.app.SandboxedProcessService0:0/u0i6 for  {de.mcdonalds.mcdonaldsinfoapp/org.chromium.content.app.SandboxedProcessService0:0}
04-14 11:32:14.655  2603  2648 I ActivityManager: ProcessObserver broadcast disabled
04-14 11:32:14.656 26374 26374 V GraphicsEnvironment: Currently set values for:
04-14 11:32:14.656 26374 26374 V GraphicsEnvironment:   angle_gl_driver_selection_pkgs=[com.android.angle, com.linecorp.b612.android, com.campmobile.snow, com.google.android.apps.tachyon]
04-14 11:32:14.656 26374 26374 V GraphicsEnvironment:   angle_gl_driver_selection_values=[angle, native, native, native]
04-14 11:32:14.656 26374 26374 V GraphicsEnvironment: de.metro.alex.customer.digitalcard.metro is not listed in per-application setting
04-14 11:32:14.656 26374 26374 V GraphicsEnvironment: ANGLE allowlist from config: 
04-14 11:32:14.656 26374 26374 V GraphicsEnvironment: de.metro.alex.customer.digitalcard.metro is not listed in ANGLE allowlist or settings, returning default
04-14 11:32:14.656 26374 26374 V GraphicsEnvironment: Updatable production driver is not supported on the device.
04-14 11:32:14.657 26397 26397 E libc    : SetHeapTaggingLevel: re-enabling tagging after it was disabled is not supported
04-14 11:32:14.660 22548 22685 I MemRelief#Pressure: name:global Native start period calculate
04-14 11:32:14.662 26397 26397 I ocessService0:0: Using CollectorTypeCMC GC.
04-14 11:32:14.666 26236 26236 I cdonaldsinfoapp: AssetManager2(0xb4000076b0af1718) locale list changing from [] to [de-DE]
04-14 11:32:14.667   780   780 D lowmemorykiller: medium pressure event polling check
04-14 11:32:14.667   780   780 I lowmemorykiller: nr_free_pages: 39990 nr_inactive_file: 776118 nr_active_file: 285951 workingset_refault: 3775028 pgrefill: 7608733 pgscan_kswapd: 33796053 pgscan_direct: 964528 pgscan_direct_throttle: 0 init_pgscan_direct: 963397 init_pgscan_kswapd: 33784520 base_file_lru: 1077373 init_ws_refault: 3764569 free_swap: 374845 total_swap: 1048575 swap_free_percentage: 35%
04-14 11:32:14.667   780   780 D lowmemorykiller: thrashing: 0% thrashing_limit: 30%
04-14 11:32:14.667   780   780 D lowmemorykiller: Not killing for medium pressure event polling check
04-14 11:32:14.667 26397 26397 D nativeloader: Load libframework-connectivity-tiramisu-jni.so using APEX ns com_android_tethering for caller /apex/com.android.tethering/javalib/framework-connectivity-t.jar: ok
04-14 11:32:14.675  2603  5468 D CompatibilityInfo: mCompatibilityFlags - 0
04-14 11:32:14.675  2603  5468 D CompatibilityInfo: applicationDensity - 375
04-14 11:32:14.675  2603  5468 D CompatibilityInfo: applicationScale - 1.0
04-14 11:32:14.676  2603  5468 D OomAdjuster: process : com.google.android.webview:sandboxed_process0:org.chromium.content.app.SandboxedProcessService0:0, pid = 26397, isTop = false, uid = 99006, hasActivity = false
04-14 11:32:14.676  2603  5468 D OomAdjuster: process : com.google.android.webview:sandboxed_process0:org.chromium.content.app.SandboxedProcessService0:0 is not top!
04-14 11:32:14.678  4746  4829 V OsAgent : broadcastSystemEvent - 7
04-14 11:32:14.711   786   786 W servicemanager: Isolated app with UID 99006 requested 'network_management', but the service is not allowed for isolated apps.
04-14 11:32:14.714   786   786 W servicemanager: Isolated app with UID 99006 requested 'connectivity', but the service is not allowed for isolated apps.
04-14 11:32:14.683 23371 23377 W .openai.chatgpt: userfaultfd: MOVE ioctl seems unsupported: Connection timed out
04-14 11:32:14.683 26236 26236 D DesktopModeFlags: Toggle override initialized to: OVERRIDE_UNSET
04-14 11:32:14.685 26397 26397 D ApplicationLoaders: Returning zygote-cached class loader: /system/framework/android.test.base.jar
04-14 11:32:14.685 26397 26397 D ApplicationLoaders: Returning zygote-cached class loader: /system_ext/framework/androidx.window.extensions.jar
04-14 11:32:14.685 26236 26236 I DisplayManager: Implicitly registering for refresh rate
04-14 11:32:14.687 26397 26397 I ocessService0:0: AssetManager2(0x76b0a9da78) locale list changing from [] to [de-DE]
04-14 11:32:14.688 21245 21245 I ContentProtectionServic: CP service destroyed
04-14 11:32:14.689  2603  2603 I RemoteContentProtectionService: Connection status for: ComponentInfo{com.google.android.odad/com.google.android.apps.miphone.odad.contentprotection.ContentProtectionService} changed to: disconnected
04-14 11:32:14.689 26397 26397 I cr_WebViewApkApp: version=146.0.7680.177 (768017703) minSdkVersion=29 processName=com.google.android.webview:sandboxed_process0:org.chromium.content.app.SandboxedProcessService0:0 splits=<none>
04-14 11:32:14.720   786   786 W servicemanager: Isolated app with UID 99006 requested 'content_capture', but the service is not allowed for isolated apps.
04-14 11:32:14.696 26397 26397 I cr_ChildProcessService: Creating new ChildProcessService pid=26397
04-14 11:32:14.717 26374 26374 V Resources: Updating configuration, with default locale en-US and selected locales [de-DE, en-GB]
04-14 11:32:14.717 26374 26374 I gitalcard.metro: AssetManager2(0xb4000076b0ad4ed8) locale list changing from [de-DE] to [de-DE,en-GB]
04-14 11:32:14.718 26374 26374 I gitalcard.metro: AssetManager2(0xb4000076b0ad4ed8) default locale changing from '' to 'en-US'
04-14 11:32:14.733 26374 26374 D FirebaseSessions: Dependency to CRASHLYTICS added.
04-14 11:32:14.733 23248 23254 W com.ownfin: userfaultfd: MOVE ioctl seems unsupported: Connection timed out
04-14 11:32:14.734 26374 26374 I FirebaseApp: Device unlocked: initializing all Firebase APIs for app [DEFAULT]
04-14 11:32:14.735 26374 26374 I FirebaseCrashlytics: Initializing Firebase Crashlytics 20.0.4 for de.metro.alex.customer.digitalcard.metro
04-14 11:32:14.746 26374 26374 D FirebaseSessions: Subscriber CRASHLYTICS registered.
04-14 11:32:14.752 25841 26410 D ProfileInstaller: Installing profile for de.bkm.kulturpass
04-14 11:32:14.755 26374 26412 W gitalcard.metro: ClassLoaderContext classpath size mismatch. expected=1, found=0 (DLC[];PCL[base.apk*3395480911]{PCL[/system/framework/org.apache.http.legacy.jar*4247870504]#PCL[/system/framework/com.android.location.provider.jar*1570284764]#PCL[/system/framework/com.android.media.remotedisplay.jar*487574312]#PCL[/system_ext/framework/com.android.extensions.appfunctions.jar*2880224042]#PCL[/system_ext/framework/androidx.window.extensions.jar*2649168746]#PCL[/system_ext/framework/androidx.window.sidecar.jar*2491547954]} | DLC[];PCL[])
04-14 11:32:14.756 26374 26412 I DynamiteModule: Considering local module com.google.android.gms.measurement.dynamite:185 and remote module com.google.android.gms.measurement.dynamite:185
04-14 11:32:14.756 26374 26412 I DynamiteModule: Selected local version of com.google.android.gms.measurement.dynamite
04-14 11:32:14.759  2603  5468 D FileUtils: Rounded bytes from 11807469568 to 16000000000
04-14 11:32:14.760 26374 26417 E ashmem  : Pinning is deprecated since Android Q. Please use trim or other methods.
04-14 11:32:14.761 26374 26374 D nativeloader: Load /data/app/~~yhMtrgLyUowMxIACmJqWkA==/de.metro.alex.customer.digitalcard.metro-ydZH_JtcKYgUar7ntwH6Kg==/split_config.arm64_v8a.apk!/lib/arm64-v8a/libdatastore_shared_counter.so using class loader ns clns-10 (caller=/data/app/~~yhMtrgLyUowMxIACmJqWkA==/de.metro.alex.customer.digitalcard.metro-ydZH_JtcKYgUar7ntwH6Kg==/base.apk!classes4.dex): ok
04-14 11:32:14.763 26374 26414 E FirebaseCrashlytics: Settings request failed.
04-14 11:32:14.765 26374 26374 D FirebaseSessions: Initializing Firebase Sessions 3.0.4.
04-14 11:32:14.766   780   780 D lowmemorykiller: medium pressure event polling check
04-14 11:32:14.766 26374 26374 I FirebaseInitProvider: FirebaseApp initialization successful
04-14 11:32:14.767   780   780 I lowmemorykiller: nr_free_pages: 36321 nr_inactive_file: 782805 nr_active_file: 286877 workingset_refault: 3778707 pgrefill: 7611559 pgscan_kswapd: 33806293 pgscan_direct: 964528 pgscan_direct_throttle: 0 init_pgscan_direct: 963397 init_pgscan_kswapd: 33796053 base_file_lru: 1077373 init_ws_refault: 3764569 free_swap: 374784 total_swap: 1048575 swap_free_percentage: 35%
04-14 11:32:14.767   780   780 D lowmemorykiller: thrashing: 1% thrashing_limit: 30%
04-14 11:32:14.767   780   780 D lowmemorykiller: Not killing for medium pressure event polling check
04-14 11:32:14.770 26374 26374 I CDInitProvider: CortexDecoderLibrary initialized successfully
04-14 11:32:14.772 26374 26415 I FirebaseCrashlytics: Saved version control info
04-14 11:32:14.776  2603  3218 D BackgroundInstallControlService: Package event received: 0
04-14 11:32:14.778 26374 26413 D FirebaseSessions: Notified CRASHLYTICS of new session 5e61bde6e1e643e9b4c7ae3bc1d08fcc
04-14 11:32:14.784 26374 26423 I FA      : App measurement initialized, version: 161000
04-14 11:32:14.784 26374 26423 I FA      : To enable debug logging run: adb shell setprop log.tag.FA VERBOSE
04-14 11:32:14.784 26374 26423 I FA      : To enable faster debug mode event logging run:
04-14 11:32:14.784 26374 26423 I FA      :   adb shell setprop debug.firebase.analytics.app de.metro.alex.customer.digitalcard.metro
04-14 11:32:14.793 26374 26374 I com.metronom.app.companion.MainApplication: [main] Application start
04-14 11:32:14.794 26236 26236 I cr_CombinedPProvider: #linkNativeInternal() 1
04-14 11:32:14.795 26236 26236 I cr_AppResProvider: #getApplicationRestrictionsFromUserManager() Bundle[EMPTY_PARCEL]
04-14 11:32:14.795 26236 26236 I cr_PolicyProvider: #notifySettingsAvailable() 0
