04-14 10:48:11.729  7696 20241 I NearbyMediums: Found Fast Ble Advertisements :
04-14 10:48:11.729  7696 20241 I NearbyMediums: BleAdvertisement { version=2, socketVersion=2, isFast=true, serviceIdHash=null, data=[ 0x23 0x55 0x4f 0x5a 0x56 0x11 0x32 0xff 0x90 0x50 0xf2 0x70 0xce 0x7a 0x44 0x0c 0x09 0x2c 0x5a 0xc0 0x1c 0x97 0x37 ], deviceToken=[ 0x71 0x08 ], rxAdvertisement=[ 0xa0 0x17 0xe4 0x15 0x9c 0xd0 0x2f 0x7d 0x2f 0x2f 0x78 0x39 0x1f 0xf4 0xcc 0xf0 0x66 0x69 0xa8 0x0d 0x37 0x4e 0x57 0x6f 0x9a 0x24 0xc3 0x96 0xfd 0xd8 0x28 0xc7 0xa0 0x65 0x84 0x15 0x05 0x7f 0x00 0x00 0x84 0x15 0x06 0x60 0x00 0x00 0x84 0x15 0x04 0x7f 0x00 0x00 0x83 0x15 0x01 0x14 0x3c ] } : 4 times.
04-14 10:48:11.729  7696 20241 I NearbyMediums: Total 4 fast advertisements from 1 unique advertisers.
04-14 10:48:11.729  7696 20241 I NearbyMediums: Current Tracked Scanning Clients are : {NearbyConnections.EnvironmentMonitor, NearbySharing}
04-14 10:48:11.732  7696 17686 I NearbyConnections: Processing lost BlePeripheral BlePeripheral{advertisement=BleAdvertisement { version=2, socketVersion=2, isFast=true, serviceIdHash=null, data=[ 0x23 0x4a 0x4b 0x49 0x4a 0x11 0x32 0x26 0x5d 0x3a 0x72 0x48 0x9b 0x60 0xb8 0x88 0x9b 0xc3 0x96 0x31 0x28 0xd6 0xbd ], deviceToken=[ 0xc1 0x38 ], rxAdvertisement=null }, dctAdvertisement=null, address=null, psm=0, deviceToken=<ByteString@f5cb8c2 size=2 contents="\3018">, isSecondProfile=false, rxInstantConnectionAdv=null}.
04-14 10:48:11.732  7696 17686 I NearbyConnections: Lost BleEndpoint for BlePeripheral BlePeripheral{advertisement=BleAdvertisement { version=2, socketVersion=2, isFast=true, serviceIdHash=null, data=[ 0x23 0x4a 0x4b 0x49 0x4a 0x11 0x32 0x26 0x5d 0x3a 0x72 0x48 0x9b 0x60 0xb8 0x88 0x9b 0xc3 0x96 0x31 0x28 0xd6 0xbd ], deviceToken=[ 0xc1 0x38 ], rxAdvertisement=null }, dctAdvertisement=null, address=null, psm=0, deviceToken=<ByteString@f5cb8c2 size=2 contents="\3018">, isSecondProfile=false, rxInstantConnectionAdv=null} (with EndpointId JKIJ and EndpointInfo [ 0x32 0x26 0x5d 0x3a 0x72 0x48 0x9b 0x60 0xb8 0x88 0x9b 0xc3 0x96 0x31 0x28 0xd6 0xbd ]).
04-14 10:48:11.732  7696 17686 I NearbyConnections: ClientProxy(176123171) reporting onEndpointLost(JKIJ)
04-14 10:48:11.733  7696 17686 I NearbySharing: NearbySharing Internal event EndpointLost(endpointId=JKIJ)
04-14 10:48:11.923  2635  3172 D WifiStaIfaceHidlImpl: getCachedScanData is not implemented by HIDL
04-14 10:48:12.083  2059  2059 I CNSS    : /sys/wifi/dump_in_progress file read permission doesn't exist
04-14 10:48:12.084  2059  2059 I CNSS    : /sys/wifi/max_chipset_log_size doesn't exist
04-14 10:48:08.802 11999 11999 I [kworke][0x400093c01ff][08:48:12.083158] qca6490: [11999:I:PMO] pmo_core_psoc_send_host_wakeup_ind_to_fw: Host wakeup indication sent to fw
04-14 10:48:09.442 11999 11999 I [kworke][0x40009f79762][08:48:12.723443] qca6490: [11999:I:PMO] pmo_core_enable_wow_in_fw: drv wow is enabled
04-14 10:48:09.521     0     0 I [    C5] [irq][0x4000a0ee57e][08: 48:12.802991] qca6490: [0:I:HIF] hif_wake_interrupt_handler: wake interrupt received on irq 335
04-14 10:48:09.522     0     0 I [    C5] [irq][0x4000a0ee84e][08: 48:12.803028] qca6490: [0:I:HIF] hif_pm_runtime_request_resume: request runtime PM resume, rtpm_dbgid(15,RTPM_ID_WAKE_INTR_HANDLER)
04-14 10:48:09.525  8400  8400 I [kworke][0x4000a0fd291][08:48:12.806152] qca6490: [8400:I:PMO] pmo_core_psoc_send_host_wakeup_ind_to_fw: Host wakeup indication sent to fw
04-14 10:48:09.547     0     0 I [    C5] [soft_i][0x4000a167bb3][08: 48:12.828888] qca6490: [0:I:WMA] WLAN triggered wakeup: BPF_ALLOW (39), vdev: 0 (STA)
04-14 10:48:09.548     0     0 I [    C5] [soft_i][0x4000a16923d][08: 48:12.829188] qca6490: [0:I:WMA] wma_wake_event_packet: Wake event packet:
04-14 10:48:09.548     0     0 I [    C5] [soft_i][0x4000a169336][08: 48:12.829201] qca6490: [0:I:WMA] 00000000: 01 00 5e 00 00 fb 5c b2 6d 7c f7 36 08 00 45 00
04-14 10:48:09.548     0     0 I [    C5] [soft_i][0x4000a1693fe][08: 48:12.829211] qca6490: [0:I:WMA] 00000010: 00 60 3f 8a 00 00 01 11 d2 ea c0 a8 05 75 e0 00
04-14 10:48:09.548     0     0 I [    C5] [soft_i][0x4000a1694b0][08: 48:12.829220] qca6490: [0:I:WMA] 00000020: 00 fb 14 e9 14 e9 00 4c 47 86 00 00 00 00 00 02
04-14 10:48:09.548     0     0 I [    C5] [soft_i][0x4000a16956a][08: 48:12.829230] qca6490: [0:I:WMA] 00000030: 00 00 00 00 00 00 10 41 6e 64 72 6f 69 64 5f 31
04-14 10:48:09.548     0     0 I [    C5] [soft_i][0x4000a16961d][08: 48:12.829239] qca6490: [0:I:WMA] 00000040: 41 52 53 36 33 5a 35 05 6c 6f 63 61 6c 00 00 1c
04-14 10:48:09.548     0     0 I [    C5] [soft_i][0x4000a1696d5][08: 48:12.829249] qca6490: [0:I:WMA] 00000050: 00 ff 10 41 6e 64 72 6f 69 64 5f 31 41 52 53 36
04-14 10:48:09.548     0     0 I [    C5] [soft_i][0x4000a16978b][08: 48:12.829258] qca6490: [0:I:WMA] 00000060: 33 5a 35 05 6c 6f 63 61 6c 00 00 01 00 ff
04-14 10:48:09.548     0     0 I [    C5] [soft_i][0x4000a169d55][08: 48:12.829335] qca6490: [0:I:WMA] wma_log_pkt_ipv4: Pkt_len: 96, src_port: 5353, dst_port: 5353
04-14 10:48:09.847 20247 20247 I sd 0    : 0:0:0: [sda] Synchronizing SCSI cache
04-14 10:48:10.297  8400  8400 I [kworke][0x4000af21a08][08:48:13.578518] qca6490: [8400:I:PMO] pmo_core_enable_wow_in_fw: drv wow is enabled
04-14 10:48:10.320  8400  8400 I [kworke][0x4000af8dfc2][08:48:13.601634] qca6490: [8400:I:HIF] hif_try_complete_tasks: waiting for tasklets 0 grp tasklets 0 work 2
04-14 10:48:10.761  4549  4549 E simulated_ntc: proc_shell_write write invalid para
04-14 10:48:10.764     0     0 I [    C5] [irq][0x4000b7af1bf][08: 48:14.045609] qca6490: [0:I:HIF] hif_wake_interrupt_handler: wake interrupt received on irq 335
04-14 10:48:10.764     0     0 I [    C5] [irq][0x4000b7af52d][08: 48:14.045653] qca6490: [0:I:HIF] hif_pm_runtime_request_resume: request runtime PM resume, rtpm_dbgid(15,RTPM_ID_WAKE_INTR_HANDLER)
04-14 10:48:10.766  8400  8400 I [kworke][0x4000b7ba276][08:48:14.047964] qca6490: [8400:I:PMO] pmo_core_psoc_send_host_wakeup_ind_to_fw: Host wakeup indication sent to fw
04-14 10:48:10.777     0     0 I [    C5] [soft_i][0x4000b7ec770][08: 48:14.058697] qca6490: [0:I:WMA] WLAN triggered wakeup: BPF_ALLOW (39), vdev: 0 (STA)
04-14 10:48:10.778     0     0 I [    C5] [soft_i][0x4000b7edeaa][08: 48:14.059007] qca6490: [0:I:WMA] wma_wake_event_packet: Wake event packet:
04-14 10:48:10.778     0     0 I [    C5] [soft_i][0x4000b7ee1c7][08: 48:14.059048] qca6490: [0:I:WMA] 00000000: 06 3b a7 97 54 c9 f2 14 fb 58 57 08 08 00 45 00
04-14 10:48:10.778     0     0 I [    C5] [soft_i][0x4000b7ee269][08: 48:14.059057] qca6490: [0:I:WMA] 00000010: 00 90 e3 6b 40 00 40 06 2f 7e 14 d7 4a c8 c0 a8
04-14 10:48:10.778     0     0 I [    C5] [soft_i][0x4000b7ee306][08: 48:14.059065] qca6490: [0:I:WMA] 00000020: 07 37 01 bb af e6 b9 04 20 d3 41 7a b6 6e 50 18
04-14 10:48:10.778     0     0 I [    C5] [soft_i][0x4000b7ee38b][08: 48:14.059072] qca6490: [0:I:WMA] 00000030: 05 de a9 21 00 00 17 03 03 00 63 dd f4 4a 83 d7
04-14 10:48:10.778     0     0 I [    C5] [soft_i][0x4000b7ee40f][08: 48:14.059078] qca6490: [0:I:WMA] 00000040: 16 21 ea 9f 65 5a d1 c1 f0 5a df 90 5d d6 57 79
04-14 10:48:10.778     0     0 I [    C5] [soft_i][0x4000b7ee49b][08: 48:14.059086] qca6490: [0:I:WMA] 00000050: a8 f3 14 51 b6 56 88 0b 1f 2d ad 48 f6 01 62 1e
04-14 10:48:10.778     0     0 I [    C5] [soft_i][0x4000b7ee515][08: 48:14.059092] qca6490: [0:I:WMA] 00000060: e4 b2 f8 01 37 38 f3 b0 8b 04 a0 cd 8c 65 c0 b6
04-14 10:48:10.778     0     0 I [    C5] [soft_i][0x4000b7ee59e][08: 48:14.059099] qca6490: [0:I:WMA] 00000070: 49 6d 02 79 42 81 b3 93 af c0 6d 91 95 ee 7f c3
04-14 10:48:10.778     0     0 I [    C5] [soft_i][0x4000b7ee617][08: 48:14.059106] qca6490: [0:I:WMA] 00000080: 90 7b f9 85 8c d7 df 2a 34 c5 57 c5 36 d8 6f ce
04-14 10:48:10.778     0     0 I [    C5] [soft_i][0x4000b7ee6a5][08: 48:14.059113] qca6490: [0:I:WMA] 00000090: 5e 33 e8 c9
04-14 10:48:10.778     0     0 I [    C5] [soft_i][0x4000b7ef16b][08: 48:14.059257] qca6490: [0:I:WMA] wma_log_pkt_ipv4: Pkt_len: 144, src_port: 443, dst_port: 45030
04-14 10:48:14.468  3572  4307 I bt_shim_scanner: system/main/shim/le_scanning_manager.cc:376 BatchscanReadReports: in shim layer
04-14 10:48:14.471  1399  1399 I vendor.qti.bluetooth@1.0-ibs_handler: DeviceWakeUp: Writing IBS_WAKE_IND
04-14 10:48:14.472  1399  4269 I vendor.qti.bluetooth@1.0-ibs_handler: ProcessIbsCmd: Received IBS_WAKE_ACK: 0xFC
04-14 10:48:14.472  1399  4269 I vendor.qti.bluetooth@1.0-ibs_handler: ProcessIbsCmd: Signal wack_cond_
04-14 10:48:14.473  1399  4269 I vendor.qti.bluetooth@1.0-ibs_handler: ProcessIbsCmd: Received IBS_WAKE_IND: 0xFD
04-14 10:48:14.473  1399  4269 I vendor.qti.bluetooth@1.0-ibs_handler: ProcessIbsCmd: Writing IBS_WAKE_ACK
04-14 10:48:14.483  3572  5075 I AdapterProperties: getBondedDevices: length=29
04-14 10:48:14.484  3572  5104 I bt_btif_dm: system/btif/src/btif_dm.cc:955 btif_dm_get_connection_state: Acl is not connected to peer:xx:xx:xx:xx:00:6c
04-14 10:48:14.485  3572  5104 I bt_btif_dm: system/btif/src/btif_dm.cc:955 btif_dm_get_connection_state: Acl is not connected to peer:xx:xx:xx:xx:ef:0c
04-14 10:48:14.485  3572  5104 I bt_btif_dm: system/btif/src/btif_dm.cc:955 btif_dm_get_connection_state: Acl is not connected to peer:xx:xx:xx:xx:11:97
04-14 10:48:14.486  3572  5104 I bt_btif_dm: system/btif/src/btif_dm.cc:955 btif_dm_get_connection_state: Acl is not connected to peer:xx:xx:xx:xx:76:68
04-14 10:48:14.487  3572  5104 I bt_btif_dm: system/btif/src/btif_dm.cc:955 btif_dm_get_connection_state: Acl is not connected to peer:xx:xx:xx:xx:c6:0d
04-14 10:48:14.487  3572  5104 I bt_btif_dm: system/btif/src/btif_dm.cc:955 btif_dm_get_connection_state: Acl is not connected to peer:xx:xx:xx:xx:6d:d5
04-14 10:48:14.488  3572  5104 I bt_btif_dm: system/btif/src/btif_dm.cc:955 btif_dm_get_connection_state: Acl is not connected to peer:xx:xx:xx:xx:8a:44
04-14 10:48:14.488  3572  5104 I bt_btif_dm: system/btif/src/btif_dm.cc:955 btif_dm_get_connection_state: Acl is not connected to peer:xx:xx:xx:xx:d4:b8
04-14 10:48:14.489  3572  5104 I bt_btif_dm: system/btif/src/btif_dm.cc:955 btif_dm_get_connection_state: Acl is not connected to peer:xx:xx:xx:xx:db:0d
04-14 10:48:14.489  3572  5104 I bt_btif_dm: system/btif/src/btif_dm.cc:955 btif_dm_get_connection_state: Acl is not connected to peer:xx:xx:xx:xx:00:be
04-14 10:48:14.490  3572  5104 I bt_btif_dm: system/btif/src/btif_dm.cc:955 btif_dm_get_connection_state: Acl is not connected to peer:xx:xx:xx:xx:ac:0f
04-14 10:48:14.490  3572  5104 I bt_btif_dm: system/btif/src/btif_dm.cc:955 btif_dm_get_connection_state: Acl is not connected to peer:xx:xx:xx:xx:f7:3a
04-14 10:48:14.491  3572  5104 I bt_btif_dm: system/btif/src/btif_dm.cc:955 btif_dm_get_connection_state: Acl is not connected to peer:xx:xx:xx:xx:49:ea
04-14 10:48:14.491  3572  5104 I bt_btif_dm: system/btif/src/btif_dm.cc:955 btif_dm_get_connection_state: Acl is not connected to peer:xx:xx:xx:xx:c9:66
04-14 10:48:14.492  3572  5104 I bt_btif_dm: system/btif/src/btif_dm.cc:955 btif_dm_get_connection_state: Acl is not connected to peer:xx:xx:xx:xx:98:2d
04-14 10:48:14.492  3572  5104 I bt_btif_dm: system/btif/src/btif_dm.cc:955 btif_dm_get_connection_state: Acl is not connected to peer:xx:xx:xx:xx:fc:45
04-14 10:48:14.493  3572  5104 I bt_btif_dm: system/btif/src/btif_dm.cc:955 btif_dm_get_connection_state: Acl is not connected to peer:xx:xx:xx:xx:18:69
04-14 10:48:14.493  3572  5104 I bt_btif_dm: system/btif/src/btif_dm.cc:955 btif_dm_get_connection_state: Acl is not connected to peer:xx:xx:xx:xx:1d:d9
04-14 10:48:14.494  3572  5104 I bt_btif_dm: system/btif/src/btif_dm.cc:955 btif_dm_get_connection_state: Acl is not connected to peer:xx:xx:xx:xx:6a:51
04-14 10:48:14.494  3572  5104 I bt_btif_dm: system/btif/src/btif_dm.cc:955 btif_dm_get_connection_state: Acl is not connected to peer:xx:xx:xx:xx:1d:84
04-14 10:48:14.495  3572  5104 I bt_btif_dm: system/btif/src/btif_dm.cc:955 btif_dm_get_connection_state: Acl is not connected to peer:xx:xx:xx:xx:fd:72
04-14 10:48:14.495  3572  5104 I bt_btif_dm: system/btif/src/btif_dm.cc:955 btif_dm_get_connection_state: Acl is not connected to peer:xx:xx:xx:xx:a6:bf
04-14 10:48:14.496  3572  5075 I bt_btif_dm: system/btif/src/btif_dm.cc:955 btif_dm_get_connection_state: Acl is not connected to peer:xx:xx:xx:xx:30:01
04-14 10:48:14.497  3572  5075 I bt_btif_dm: system/btif/src/btif_dm.cc:955 btif_dm_get_connection_state: Acl is not connected to peer:xx:xx:xx:xx:00:a8
04-14 10:48:14.497  3572  5075 I bt_btif_dm: system/btif/src/btif_dm.cc:955 btif_dm_get_connection_state: Acl is not connected to peer:xx:xx:xx:xx:25:71
04-14 10:48:14.497  3572  5075 I bt_btif_dm: system/btif/src/btif_dm.cc:955 btif_dm_get_connection_state: Acl is not connected to peer:xx:xx:xx:xx:e9:eb
04-14 10:48:14.498  3572  5075 I bt_btif_dm: system/btif/src/btif_dm.cc:955 btif_dm_get_connection_state: Acl is not connected to peer:xx:xx:xx:xx:ad:b4
04-14 10:48:14.498  3572  5075 I bt_btif_dm: system/btif/src/btif_dm.cc:955 btif_dm_get_connection_state: Acl is not connected to peer:xx:xx:xx:xx:87:8d
04-14 10:48:14.499  3572  5075 I AdapterProperties: getBondedDevices: length=29
04-14 10:48:14.499  3572  5075 I bt_btif_dm: system/btif/src/btif_dm.cc:955 btif_dm_get_connection_state: Acl is not connected to peer:xx:xx:xx:xx:00:6c
04-14 10:48:14.500  3572  5104 I bt_btif_dm: system/btif/src/btif_dm.cc:955 btif_dm_get_connection_state: Acl is not connected to peer:xx:xx:xx:xx:ef:0c
04-14 10:48:14.501  3572  5104 I bt_btif_dm: system/btif/src/btif_dm.cc:955 btif_dm_get_connection_state: Acl is not connected to peer:xx:xx:xx:xx:11:97
04-14 10:48:14.501  3572  5104 I bt_btif_dm: system/btif/src/btif_dm.cc:955 btif_dm_get_connection_state: Acl is not connected to peer:xx:xx:xx:xx:76:68
04-14 10:48:14.502  3572  5104 I bt_btif_dm: system/btif/src/btif_dm.cc:955 btif_dm_get_connection_state: Acl is not connected to peer:xx:xx:xx:xx:c6:0d
04-14 10:48:14.502  3572  5104 I bt_btif_dm: system/btif/src/btif_dm.cc:955 btif_dm_get_connection_state: Acl is not connected to peer:xx:xx:xx:xx:6d:d5
04-14 10:48:14.502  3572  5104 I bt_btif_dm: system/btif/src/btif_dm.cc:955 btif_dm_get_connection_state: Acl is not connected to peer:xx:xx:xx:xx:8a:44
04-14 10:48:14.503  3572  5104 I bt_btif_dm: system/btif/src/btif_dm.cc:955 btif_dm_get_connection_state: Acl is not connected to peer:xx:xx:xx:xx:d4:b8
04-14 10:48:14.503  3572  5104 I bt_btif_dm: system/btif/src/btif_dm.cc:955 btif_dm_get_connection_state: Acl is not connected to peer:xx:xx:xx:xx:db:0d
04-14 10:48:14.504  3572  5104 I bt_btif_dm: system/btif/src/btif_dm.cc:955 btif_dm_get_connection_state: Acl is not connected to peer:xx:xx:xx:xx:00:be
04-14 10:48:14.504  3572  5104 I bt_btif_dm: system/btif/src/btif_dm.cc:955 btif_dm_get_connection_state: Acl is not connected to peer:xx:xx:xx:xx:ac:0f
04-14 10:48:14.504  3572  5104 I bt_btif_dm: system/btif/src/btif_dm.cc:955 btif_dm_get_connection_state: Acl is not connected to peer:xx:xx:xx:xx:f7:3a
04-14 10:48:14.505  3572  5104 I bt_btif_dm: system/btif/src/btif_dm.cc:955 btif_dm_get_connection_state: Acl is not connected to peer:xx:xx:xx:xx:49:ea
04-14 10:48:14.505  3572  5104 I bt_btif_dm: system/btif/src/btif_dm.cc:955 btif_dm_get_connection_state: Acl is not connected to peer:xx:xx:xx:xx:c9:66
04-14 10:48:14.506  3572  5104 I bt_btif_dm: system/btif/src/btif_dm.cc:955 btif_dm_get_connection_state: Acl is not connected to peer:xx:xx:xx:xx:98:2d
04-14 10:48:14.506  3572  5104 I bt_btif_dm: system/btif/src/btif_dm.cc:955 btif_dm_get_connection_state: Acl is not connected to peer:xx:xx:xx:xx:fc:45
04-14 10:48:14.507  3572  5104 I bt_btif_dm: system/btif/src/btif_dm.cc:955 btif_dm_get_connection_state: Acl is not connected to peer:xx:xx:xx:xx:18:69
04-14 10:48:14.507  3572  5104 I bt_btif_dm: system/btif/src/btif_dm.cc:955 btif_dm_get_connection_state: Acl is not connected to peer:xx:xx:xx:xx:1d:d9
04-14 10:48:14.507  3572  5104 I bt_btif_dm: system/btif/src/btif_dm.cc:955 btif_dm_get_connection_state: Acl is not connected to peer:xx:xx:xx:xx:6a:51
04-14 10:48:14.508  3572  5104 I bt_btif_dm: system/btif/src/btif_dm.cc:955 btif_dm_get_connection_state: Acl is not connected to peer:xx:xx:xx:xx:1d:84
04-14 10:48:14.508  3572  5104 I bt_btif_dm: system/btif/src/btif_dm.cc:955 btif_dm_get_connection_state: Acl is not connected to peer:xx:xx:xx:xx:fd:72
04-14 10:48:14.509  3572  5104 I bt_btif_dm: system/btif/src/btif_dm.cc:955 btif_dm_get_connection_state: Acl is not connected to peer:xx:xx:xx:xx:a6:bf
04-14 10:48:14.509  3572  5104 I bt_btif_dm: system/btif/src/btif_dm.cc:955 btif_dm_get_connection_state: Acl is not connected to peer:xx:xx:xx:xx:30:01
04-14 10:48:14.510  3572  5104 I bt_btif_dm: system/btif/src/btif_dm.cc:955 btif_dm_get_connection_state: Acl is not connected to peer:xx:xx:xx:xx:00:a8
04-14 10:48:14.510  3572  5104 I bt_btif_dm: system/btif/src/btif_dm.cc:955 btif_dm_get_connection_state: Acl is not connected to peer:xx:xx:xx:xx:25:71
04-14 10:48:14.510  3572  5104 I bt_btif_dm: system/btif/src/btif_dm.cc:955 btif_dm_get_connection_state: Acl is not connected to peer:xx:xx:xx:xx:e9:eb
04-14 10:48:14.511  3572  5104 I bt_btif_dm: system/btif/src/btif_dm.cc:955 btif_dm_get_connection_state: Acl is not connected to peer:xx:xx:xx:xx:ad:b4
04-14 10:48:14.511  3572  5104 I bt_btif_dm: system/btif/src/btif_dm.cc:955 btif_dm_get_connection_state: Acl is not connected to peer:xx:xx:xx:xx:87:8d
04-14 10:48:14.537  1399  4269 I vendor.qti.bluetooth@1.0-ibs_handler: ProcessIbsCmd: Received IBS_SLEEP_IND: 0xFE
04-14 10:48:14.549  3563 27854 D IpClient/wlan1: interfaceLinkStateChanged: ifindex 42 up
04-14 10:48:14.943  2635  3172 D WifiStaIfaceHidlImpl: getCachedScanData is not implemented by HIDL
04-14 10:48:15.068  7696  7930 I cn_CronetUrlRequestContext: destroyNativeStreamLocked org.chromium.net.impl.CronetBidirectionalStream@8606f6c
04-14 10:48:15.071  7696  7855 E CloudNode: aborted sync loop in NetworkEventHandler: type3, Error reading gRPC response.
04-14 10:48:15.071  7696  7855 E CloudNode: Cause: jpkd: INTERNAL: Internal error encountered.
04-14 10:48:15.357  1444  1458 E NtChgAidl: NtChgAidl: InGameStatus: 0
04-14 10:48:15.357  1444  1458 E NtChg   : NtChg:handle_batt_temp_cool triggered
04-14 10:48:15.357  1444  1458 E NtChg   : NtChg:set temp_region=2
04-14 10:48:15.357  1444  1458 E NtChg   : NtChg:set ibatmax=3000 and set vbatmax=4500
04-14 10:48:12.076  1458  1458 I NtChg   : T0-6:[50,100,350,370,390,410,500],chg_series:8,is_changed:1,TeBoT0-6:[50,80,350,370,390,410,500],TRegion:2,Temp:317,tzname:shell_front,Ibat:3000,onlineI:-400,param_type:6,AbnormalStatus:32768,tzn:92,g_cp_mode:5,vbat:0,pr_id:1,OnGameStatus:0
04-14 10:48:12.076  1458  1458 W nt_vote : FCC_MAIN: FCC_NT_CHG_VOTER,0 same vote on of val=3000
04-14 10:48:12.076  1458  1458 W nt_vote : FCC_MAIN: FCC_NT_CHG_VOTER,0 Ignoring similar vote on of val=3000
04-14 10:48:15.478  1399  4273 I vendor.qti.bluetooth@1.0-ibs_handler: DeviceSleep: TX Awake, Sending SLEEP_IND
04-14 10:48:15.512  1654  1927 E hirmsg  : received error: [errno:103]Software caused connection abort
04-14 10:48:15.512  2635  3185 D InetDiagMessage: Destroyed 1 sockets, proto=IPPROTO_TCP, family=AF_INET, states=14
04-14 10:48:15.512  1654  1927 I hirmsg  : tranpsort {tcp:binary:192.168.7.55:47388} closed.
04-14 10:48:15.517  2635  3185 D InetDiagMessage: Destroyed 1 sockets, proto=IPPROTO_TCP, family=AF_INET6, states=14
04-14 10:48:15.517  2635  3185 D InetDiagMessage: Destroyed live tcp sockets for uids={10352} in 14ms
04-14 10:48:15.520  2635  3185 D InetDiagMessage: Destroyed 0 sockets, proto=IPPROTO_TCP, family=AF_INET, states=14
04-14 10:48:15.522  1654 20265 D AlarmPingSender: Unregister alarmreceiver to MqttService100000981211
04-14 10:48:15.522  2635  3185 D InetDiagMessage: Destroyed 0 sockets, proto=IPPROTO_TCP, family=AF_INET6, states=14
04-14 10:48:15.522  2635  3185 D InetDiagMessage: Destroyed live tcp sockets for uids={20352} in 5ms
04-14 10:48:15.529  1654  1654 I PPMqttService: connectionLost
04-14 10:48:15.811  1399  4269 I vendor.qti.bluetooth@1.0-ibs_handler: ProcessIbsCmd: Received IBS_WAKE_IND: 0xFD
04-14 10:48:15.811  1399  4269 I vendor.qti.bluetooth@1.0-ibs_handler: ProcessIbsCmd: Writing IBS_WAKE_ACK
04-14 10:48:15.853  1399  4269 I vendor.qti.bluetooth@1.0-ibs_handler: ProcessIbsCmd: Received IBS_SLEEP_IND: 0xFE
04-14 10:48:12.750  8400  8400 I [kworke][0x4000dc0aee7][08:48:16.031276] qca6490: [8400:I:PMO] pmo_core_enable_wow_in_fw: drv wow is enabled
04-14 10:48:12.783  8400  8400 I [kworke][0x4000dca5969][08:48:16.064270] qca6490: [8400:I:HIF] hif_try_complete_tasks: waiting for tasklets 0 grp tasklets 0 work 2
04-14 10:48:16.499 12979 22774 I egip    : (REDACTED) appOpsListener %s %s
04-14 10:48:16.500 12979 22774 I egip    : (REDACTED) Ignoring irrelevant audio permission changes for package %s
04-14 10:48:16.880  7696  7696 D BoundBrokerSvc: onUnbind: Intent { act=com.google.android.gms.auth.aang.events.services.START dat=chimera-action:/... xflg=0x4 cmp=com.google.android.gms/.chimera.PersistentApiService }
