04-14 10:48:02.300 20331 20366 I AdrenoGLES-0: Remote Branch                    : refs/tags/AU_LINUX_ANDROID_LA.VENDOR.1.0.R1.11.00.00.816.269
04-14 10:48:02.300 20331 20366 I AdrenoGLES-0: Remote Branch                    : NONE
04-14 10:48:02.300 20331 20366 I AdrenoGLES-0: Reconstruct Branch               : NOTHING
04-14 10:48:02.300 20331 20366 I AdrenoGLES-0: Build Config                     : S P 12.1.1 AArch64
04-14 10:48:02.300 20331 20366 I AdrenoGLES-0: Driver Path                      : /vendor/lib64/egl/libGLESv2_adreno.so
04-14 10:48:02.300 20331 20366 I AdrenoGLES-0: Driver Version                   : 0615.98
04-14 10:48:02.300 20331 20331 I benschwank.blop: AssetManager2(0xb40000701c447698) locale list changing from [] to [de-DE]
04-14 10:48:02.303 20331 20331 E ashmem  : Pinning is deprecated since Android Q. Please use trim or other methods.
04-14 10:48:02.304 20331 20366 I AdrenoGLES-0: PFP: 0x01730181, ME: 0x00000000
04-14 10:48:02.304  3328  5945 D TopAppSceneDetector: currentFocusApp=com.benschwank.blop
04-14 10:48:02.306  3328  5945 D NearbyDetector: onTopActivityChanged: top class name: org.qtproject.qt.android.bindings.QtActivity
04-14 10:48:02.306  3328  5945 D NearbyDetector: onTopActivityChanged: top class name: com.android.searchlauncher.SearchLauncher
04-14 10:48:02.307 23549 23549 I bvhy    : onPause
04-14 10:48:02.307 20331 20331 E benschwank.blop: Invalid resource ID 0x00000000.
04-14 10:48:02.307 20331 20331 E Qt      : Can't create main activity
04-14 10:48:02.307 20331 20331 E Qt      : android.content.res.Resources$NotFoundException: String resource ID #0x0
04-14 10:48:02.307 20331 20331 E Qt      : 	at android.content.res.Resources.getText(Resources.java:470)
04-14 10:48:02.307 20331 20331 E Qt      : 	at android.content.res.Resources.getString(Resources.java:563)
04-14 10:48:02.307 20331 20331 E Qt      : 	at org.qtproject.qt.android.bindings.QtLoader.startApp(QtLoader.java:308)
04-14 10:48:02.307 20331 20331 E Qt      : 	at org.qtproject.qt.android.bindings.QtActivityLoader.onCreate(QtActivityLoader.java:114)
04-14 10:48:02.307 20331 20331 E Qt      : 	at org.qtproject.qt.android.bindings.QtActivity.onCreateHook(QtActivity.java:238)
04-14 10:48:02.307 20331 20331 E Qt      : 	at org.qtproject.qt.android.bindings.QtActivity.onCreate(QtActivity.java:266)
04-14 10:48:02.307 20331 20331 E Qt      : 	at android.app.Activity.performCreate(Activity.java:9216)
04-14 10:48:02.307 20331 20331 E Qt      : 	at android.app.Activity.performCreate(Activity.java:9194)
04-14 10:48:02.307 20331 20331 E Qt      : 	at android.app.Instrumentation.callActivityOnCreate(Instrumentation.java:1543)
04-14 10:48:02.307 20331 20331 E Qt      : 	at android.app.ActivityThread.performLaunchActivity(ActivityThread.java:4319)
04-14 10:48:02.307 20331 20331 E Qt      : 	at android.app.ActivityThread.handleLaunchActivity(ActivityThread.java:4524)
04-14 10:48:02.307 20331 20331 E Qt      : 	at android.app.servertransaction.LaunchActivityItem.execute(LaunchActivityItem.java:222)
04-14 10:48:02.307 20331 20331 E Qt      : 	at android.app.servertransaction.TransactionExecutor.executeNonLifecycleItem(TransactionExecutor.java:133)
04-14 10:48:02.307 20331 20331 E Qt      : 	at android.app.servertransaction.TransactionExecutor.executeTransactionItems(TransactionExecutor.java:103)
04-14 10:48:02.307 20331 20331 E Qt      : 	at android.app.servertransaction.TransactionExecutor.execute(TransactionExecutor.java:80)
04-14 10:48:02.307 20331 20331 E Qt      : 	at android.app.ActivityThread$H.handleMessage(ActivityThread.java:2860)
04-14 10:48:02.307 20331 20331 E Qt      : 	at android.os.Handler.dispatchMessage(Handler.java:110)
04-14 10:48:02.307 20331 20331 E Qt      : 	at android.os.Looper.loopOnce(Looper.java:283)
04-14 10:48:02.307 20331 20331 E Qt      : 	at android.os.Looper.loop(Looper.java:392)
04-14 10:48:02.307 20331 20331 E Qt      : 	at android.app.ActivityThread.main(ActivityThread.java:9236)
04-14 10:48:02.307 20331 20331 E Qt      : 	at java.lang.reflect.Method.invoke(Native Method)
04-14 10:48:02.307 20331 20331 E Qt      : 	at com.android.internal.os.RuntimeInit$MethodAndArgsCaller.run(RuntimeInit.java:611)
04-14 10:48:02.307 20331 20331 E Qt      : 	at com.android.internal.os.ZygoteInit.main(ZygoteInit.java:944)
04-14 10:48:02.307  3328  5945 D GameSceneDetector: Failed to call isBoostTypeGame: java.lang.NoSuchMethodException: android.util.BoostFramework.perfGetFeedback []
04-14 10:48:02.307  3328  5945 D GameSceneDetector: onTopChanged=com.benschwank.blop, isBoostTypeGame=false, isCategoryGame=false, isTopGame=false
04-14 10:48:02.307  3328  5945 D SceneManager: TopAPP=com.benschwank.blop
04-14 10:48:02.310 20331 20331 D CompatChangeReporter: Compat change id reported: 309578419; UID 10608; state: ENABLED
04-14 10:48:02.311 20331 20331 D DesktopModeFlags: Toggle override initialized to: OVERRIDE_UNSET
04-14 10:48:02.313 20331 20331 W HWUI    : Image decoding logging dropped!
04-14 10:48:02.313 20331 20331 W HWUI    : Image decoding logging dropped!
04-14 10:48:02.315 20331 20331 W HWUI    : Image decoding logging dropped!
04-14 10:48:02.316 20331 20331 D CompatChangeReporter: Compat change id reported: 63938206; UID 10608; state: ENABLED
04-14 10:48:02.319  2059  2059 I CNSS    : /sys/wifi/dump_in_progress file read permission doesn't exist
04-14 10:48:02.319  2059  2059 I CNSS    : /sys/wifi/max_chipset_log_size doesn't exist
04-14 10:48:02.320 20331 20331 D CompatChangeReporter: Compat change id reported: 352594277; UID 10608; state: ENABLED
04-14 10:48:02.324 20331 20331 D CompatChangeReporter: Compat change id reported: 349153669; UID 10608; state: ENABLED
04-14 10:48:02.324 20331 20371 E HWUI    : attachRenderThreadToJvm
04-14 10:48:02.324 20331 20371 E HWUI    : AM IS NOT NULL!
04-14 10:48:02.324 20331 20372 E HWUI    : attachRenderThreadToJvm
04-14 10:48:02.324 20331 20372 E HWUI    : AM IS NOT NULL!
04-14 10:47:59.044   533   533 I servicemanager: Caller(pid=20331,uid=10608,sid=u:r:untrusted_app:s0:c96,c258,c512,c768) Could not find android.hardware.graphics.allocator.IAllocator/default in the VINTF manifest. No alternative instances declared in VINTF.
04-14 10:47:59.048   533   533 I servicemanager: Caller(pid=20331,uid=10608,sid=u:r:untrusted_app:s0:c96,c258,c512,c768) Could not find android.hardware.graphics.allocator.IAllocator/default in the VINTF manifest. No alternative instances declared in VINTF.
04-14 10:48:02.332 20331 20331 D LicenseClient: Connecting to the licensing service...
04-14 10:48:02.333  2635  2674 D OomAdjuster: process : com.android.vending, pid = 21131, isTop = false, uid = 10139, hasActivity = true
04-14 10:48:02.333  2635  2674 D OomAdjuster: process : com.android.vending is not top!
04-14 10:48:02.334  4824  4882 V OsAgent : broadcastSystemEvent - 7
04-14 10:48:02.335  2635  3804 D CoreBackPreview: Window{3c65583 u0 com.benschwank.blop/org.qtproject.qt.android.bindings.QtActivity}: Setting back callback OnBackInvokedCallbackInfo{mCallback=android.window.IOnBackInvokedCallback$Stub$Proxy@45ccf2c, mPriority=0, mIsAnimationCallback=false, mOverrideBehavior=0}
04-14 10:48:02.336  2635  3253 D BackgroundInstallControlService: Package event received: 0
04-14 10:48:02.336 12979 22774 I egip    : (REDACTED) appOpsListener %s %s
04-14 10:48:02.336 12979 22774 I egip    : (REDACTED) Ignoring irrelevant audio permission changes for package %s
04-14 10:48:02.338  2635  3804 D ActivityCustomizationUtil: uid = 10608
04-14 10:48:02.343 20331 20331 D NtViewRootImpl: mPopUpViewOffsets: offset=(0.0, 0.0), scale=(1.0, 1.0)
04-14 10:48:02.351 20331 20331 D LicenseClient: Connected to the licensing service.
04-14 10:48:02.353 20331 20375 D LicenseClient: Sending request to license reporting service...
04-14 10:48:02.355  2635  2681 D NtMemoryManager: set com.whatsapp adj to 801
04-14 10:48:02.355  2635  2681 D NtMemoryManager: not set com.instagram.android adj to -1
04-14 10:48:02.357  2635  2678 I ActivityTaskManager: Displayed com.benschwank.blop/org.qtproject.qt.android.bindings.QtActivity for user 0: +173ms
04-14 10:48:02.362 20331 20375 D LicenseClient: Request to licensing reporting service sent.
04-14 10:48:02.368  2635  2681 D NtPerfTraceManagerImpl: packageName = com.benschwank.blop, taskId = 3528
04-14 10:48:02.370 20331 20331 D NtViewRootImpl: mPopUpViewOffsets: offset=(0.0, 0.0), scale=(1.0, 1.0)
04-14 10:48:02.370  2635  3157 I ImeTracker: com.benschwank.blop:ba835773: onRequestHide at ORIGIN_SERVER reason HIDE_UNSPECIFIED_WINDOW fromUser false
04-14 10:48:02.372 20331 20331 D InsetsController: hide(ime(), fromIme=false)
04-14 10:48:02.372 20331 20331 I ImeTracker: com.benschwank.blop:ba835773: onCancelled at PHASE_CLIENT_ALREADY_HIDDEN
04-14 10:48:02.374  5331  5331 I GoogleInputMethodService: GoogleInputMethodService.onFinishInput():2159 
04-14 10:48:02.374  5331  5331 I Module  : DeviceLockedStatusModuleProvider$Module.updateDeviceLockedStatus():103 repeatCheckTimes = 0, locked = false
04-14 10:48:02.375  5331  5331 I GoogleInputMethodService: GoogleInputMethodService.onStartInput():1434 onStartInput(EditorInfo{EditorInfo{packageName=com.benschwank.blop, inputType=0, inputTypeString=NULL, enableLearning=false, autoCorrection=false, autoComplete=false, imeOptions=0, privateImeOptions=null, actionName=UNSPECIFIED, actionLabel=null, initialSelStart=-1, initialSelEnd=-1, initialCapsMode=0, label=null, fieldId=0, fieldName=null, extras=null, hintText=null, hintLocales=[]}}, false)
04-14 10:48:02.375  5331  5331 I AndroidIME: LatinIMEBase.updateInputViewCoverNavigation():312 Update input view padding, isNavbarOverInputWindow=true, bottom inset=113
04-14 10:48:02.375  5331  5331 I Module  : DeviceLockedStatusModuleProvider$Module.updateDeviceLockedStatus():103 repeatCheckTimes = 1, locked = false
04-14 10:48:02.376  2635  3804 I ImeTracker: system_server:a0d2a20c: onRequestHide at ORIGIN_SERVER reason IME_REQUESTED_CHANGED_LISTENER fromUser false
04-14 10:48:02.376  2635  2681 I ImeTracker: system_server:a0d2a20c: onCancelled at PHASE_SERVER_SHOULD_HIDE
04-14 10:48:02.377  2635  3558 W PackageConfigPersister: App-specific configuration not found for packageName: com.benschwank.blop and userId: 0
04-14 10:48:02.483  2635  3558 W ParceledListSlice: Element #258 is 18204 bytes.
04-14 10:48:02.639  1399  4273 I vendor.qti.bluetooth@1.0-ibs_handler: DeviceSleep: TX Awake, Sending SLEEP_IND
04-14 10:48:02.685 17801 17831 W SQLiteLog: (28) double-quoted string literal: "com.benschwank.blop"
04-14 10:48:02.710  2635  4020 D OomAdjuster: process : com.android.systemui, pid = 3364, isTop = false, uid = 10195, hasActivity = false
04-14 10:48:02.710  2635  4020 D OomAdjuster: system app not need limit!
04-14 10:48:02.710  2635  2695 D OomAdjuster: set group = -1
04-14 10:48:02.710  2635  2695 D OomAdjuster: set cpuset: -1
04-14 10:48:02.713  3364  3489 W WindowOnBackDispatcher: sendCancelIfRunning: isInProgress=false callback=android.view.ViewRootImpl$$ExternalSyntheticLambda13@ff527de
04-14 10:48:02.714  2635  2674 D CoreBackPreview: Window{f8c75ee u0 Splash Screen com.benschwank.blop EXITING}: Setting back callback null
04-14 10:48:02.726  4960  4960 I AIWidgetAIWidgetController: setWidgetsTouchable last=false, new=true, reason=NTDragLayer FloatingView isAdd=false, force=false
04-14 10:48:02.727  4960  4960 I NT-NTQuickstepTransitionManager: Open anim intercept, taskId = 3528, put data = Rect(0, 0 - 1080, 2412), 103.5, 1.0
04-14 10:48:02.727  2635  3804 D Dragonite: release 86
04-14 10:48:02.760  4960  4979 I NT-TransitionSmoothHelper: clear
04-14 10:48:02.760  3364  3454 D PopUpViewTransitionObserver: onTransitionFinished: transition=android.os.BinderProxy@a0b1c39, taskInfo=[]
04-14 10:48:02.760  3364  3454 V WindowManagerShell: Transition animation finished (aborted=false), notifying core (#3321) android.os.BinderProxy@a0b1c39@0
04-14 10:48:02.762  2635  2678 V WindowManager: Finish Transition (#3321): created at 04-14 10:48:02.189 collect-started=0.081ms request-sent=13.62ms started=15.576ms ready=50.936ms sent=54.728ms commit=19.233ms finished=572.513ms
04-14 10:48:02.762  2635  2681 D OomAdjuster: process : com.nothing.launcher, pid = 4960, isTop = false, uid = 10182, hasActivity = true
04-14 10:48:02.762  2635  2681 D OomAdjuster: previous schedule group is top, not need limit!
04-14 10:48:02.762  2635  2681 D OomAdjuster: process : com.google.android.googlequicksearchbox:googleapp, pid = 23549, isTop = false, uid = 10138, hasActivity = false
04-14 10:48:02.762  2635  2681 D OomAdjuster: process : com.google.android.googlequicksearchbox:googleapp is not top!
04-14 10:48:02.762  2635  2695 D OomAdjuster: set group = -1
04-14 10:48:02.762  2635  2695 D OomAdjuster: set cpuset: -1
04-14 10:48:02.762 23549 23549 D VRI[SearchLauncher]: visibilityChanged oldVisibility=true newVisibility=false
04-14 10:48:02.763  4960  4960 D VRI[SearchLauncher]: visibilityChanged oldVisibility=true newVisibility=false
04-14 10:48:02.764  3364  3454 V WindowManagerShell: Track 0 became idle
04-14 10:48:02.764  3364  3454 V WindowManagerShell: All active transition animations finished
04-14 10:48:02.765  2635  2681 D OomAdjuster: process : com.google.android.adservices.api, pid = 28485, isTop = false, uid = 10215, hasActivity = false
04-14 10:48:02.765  2635  2681 D OomAdjuster: process : com.google.android.adservices.api is not top!
04-14 10:48:02.767  4824  4882 V OsAgent : broadcastSystemEvent - 7
04-14 10:48:02.768  4824  4882 V OsAgent : broadcastSystemEvent - 7
04-14 10:48:02.769  4824  4882 V OsAgent : broadcastSystemEvent - 7
04-14 10:48:02.769  4824  4882 V OsAgent : broadcastSystemEvent - 7
04-14 10:48:02.769  4824  4882 V OsAgent : broadcastSystemEvent - 7
04-14 10:48:02.769  4824  4882 V OsAgent : broadcastSystemEvent - 7
04-14 10:48:02.769  4824  4882 V OsAgent : broadcastSystemEvent - 7
04-14 10:48:02.769  4824  4882 V OsAgent : broadcastSystemEvent - 7
04-14 10:48:02.769  4824  4882 V OsAgent : broadcastSystemEvent - 7
04-14 10:48:02.777  4960  4960 I NT-AIWidgetAIWidgetInputMonitor: Lifecycle onStateChanged event=ON_STOP
04-14 10:48:02.777  4960  4960 I NT-AIWidgetAIWidgetController: Lifecycle onStateChanged event=ON_STOP
04-14 10:48:02.777  4960  4960 I NT-AsyncServiceBinder: Release service for = com.nothing.search.searchui current binder = m6.d@d0286aa
04-14 10:48:02.778  4960  4960 D BaseDepthController: setSurface:
04-14 10:48:02.778  4960  4960 D BaseDepthController: 	mWaitingOnSurfaceValidity: false
04-14 10:48:02.778  4960  4960 D BaseDepthController: 	mBaseSurface: null
04-14 10:48:02.779  4960  4960 I AutofillManager: onInvisibleForAutofill(): expiringResponse
04-14 10:48:02.779  4960  4960 W NT-NTLauncher: onTrimMemory: level = 20
04-14 10:48:02.783  4960  4960 I NT-LifecycleHelper: onActivitySaveInstanceState set Lifecycle.State.CREATED
04-14 10:48:02.783 23549 23549 I bvhy    : onStop
04-14 10:48:02.786  2635  3253 D BackgroundInstallControlService: Package event received: 0
04-14 10:48:02.789  2635  3804 D NtMemoryManager: set com.whatsapp adj to 801
04-14 10:48:02.789  2635  3804 D NtMemoryManager: not set com.instagram.android adj to -1
04-14 10:48:02.823  2635  3172 D WifiStaIfaceHidlImpl: getCachedScanData is not implemented by HIDL
04-14 10:48:02.826  4824  4882 V OsAgent : broadcastSystemEvent - 7
04-14 10:48:02.826  4824  4882 V OsAgent : broadcastSystemEvent - 7
04-14 10:48:02.827  7696  8432 I FontLog : (REDACTED) Received query %s, URI %s
04-14 10:48:02.827  7696  8432 I FontLog : (REDACTED) Query [%s] resolved to %s
04-14 10:48:02.829  7696  8432 I FontLog : (REDACTED) Fetch %s end status %s
04-14 10:48:02.831  7696  8432 I FontLog : (REDACTED) Pulling font file for id = %d, cache size = %d
04-14 10:48:02.833  7696  8432 I FontLog : (REDACTED) Pulling font file for id = %d, cache size = %d
04-14 10:48:02.848  2635  3009 W AppOps  : Noting op not finished: uid 10124 pkg com.google.android.gms code 113 startTime of in progress event=1776156180586
04-14 10:48:02.905  3364  3373 W System  : A resource failed to call release. 
04-14 10:48:02.905  3364  3373 W System  : A resource failed to call release. 
04-14 10:48:02.905  3364  3373 W System  : A resource failed to call release. 
04-14 10:48:02.905  3364  3373 W System  : A resource failed to call release. 
04-14 10:48:02.907  3364  3373 W System  : A resource failed to call release. 
04-14 10:48:02.907  3364  3373 W System  : A resource failed to call release. 
04-14 10:48:02.907  3364  3373 W System  : A resource failed to call release. 
04-14 10:48:03.212  1501  5110 E ANDR-PERF-LM: VmRssMeter:: start() 358: Could not find pid, can not collect vmrss data
04-14 10:48:03.212  1501  5110 E ANDR-PERF-LM: AdaptiveLaunch: writeToDataBase() 64: Meter aborted or could not get meter data for this run
04-14 10:48:03.213  1501  5109 E ANDR-PERF-LM: VmRssMeter:: start() 358: Could not find pid, can not collect vmrss data
04-14 10:48:03.340  1444  1458 E NtChgAidl: NtChgAidl: InGameStatus: 0
04-14 10:48:03.340  1444  1458 E NtChg   : NtChg:handle_batt_temp_cool triggered
04-14 10:48:03.340  1444  1458 E NtChg   : NtChg:set temp_region=2
04-14 10:48:03.340  1444  1458 E NtChg   : NtChg:set ibatmax=3000 and set vbatmax=4500
04-14 10:48:00.059  1458  1458 I NtChg   : T0-6:[50,100,350,370,390,410,500],chg_series:8,is_changed:1,TeBoT0-6:[50,80,350,370,390,410,500],TRegion:2,Temp:315,tzname:shell_front,Ibat:3000,onlineI:-400,param_type:6,AbnormalStatus:32768,tzn:92,g_cp_mode:5,vbat:0,pr_id:1,OnGameStatus:0
04-14 10:48:00.059  1458  1458 W nt_vote : FCC_MAIN: FCC_NT_CHG_VOTER,0 same vote on of val=3000
04-14 10:48:00.059  1458  1458 W nt_vote : FCC_MAIN: FCC_NT_CHG_VOTER,0 Ignoring similar vote on of val=3000
04-14 10:48:03.420  3572  4307 I bt_shim_scanner: system/main/shim/le_scanning_manager.cc:376 BatchscanReadReports: in shim layer
04-14 10:48:03.420  1399  1399 I vendor.qti.bluetooth@1.0-ibs_handler: DeviceWakeUp: Writing IBS_WAKE_IND
04-14 10:48:03.426  1399  4269 I vendor.qti.bluetooth@1.0-ibs_handler: ProcessIbsCmd: Received IBS_WAKE_ACK: 0xFC
04-14 10:48:03.426  1399  4269 I vendor.qti.bluetooth@1.0-ibs_handler: ProcessIbsCmd: Signal wack_cond_
04-14 10:48:03.426  1399  4269 I vendor.qti.bluetooth@1.0-ibs_handler: ProcessIbsCmd: Received IBS_WAKE_IND: 0xFD
04-14 10:48:03.426  1399  4269 I vendor.qti.bluetooth@1.0-ibs_handler: ProcessIbsCmd: Writing IBS_WAKE_ACK
04-14 10:48:03.430  3572  5118 I AdapterProperties: getBondedDevices: length=29
04-14 10:48:03.431  3572  5098 I bt_btif_dm: system/btif/src/btif_dm.cc:955 btif_dm_get_connection_state: Acl is not connected to peer:xx:xx:xx:xx:00:6c
04-14 10:48:03.431  3572  5098 I bt_btif_dm: system/btif/src/btif_dm.cc:955 btif_dm_get_connection_state: Acl is not connected to peer:xx:xx:xx:xx:ef:0c
04-14 10:48:03.431  3572  5098 I bt_btif_dm: system/btif/src/btif_dm.cc:955 btif_dm_get_connection_state: Acl is not connected to peer:xx:xx:xx:xx:11:97
04-14 10:48:03.432  3572  5098 I bt_btif_dm: system/btif/src/btif_dm.cc:955 btif_dm_get_connection_state: Acl is not connected to peer:xx:xx:xx:xx:76:68
04-14 10:48:03.432  3572  5098 I bt_btif_dm: system/btif/src/btif_dm.cc:955 btif_dm_get_connection_state: Acl is not connected to peer:xx:xx:xx:xx:c6:0d
04-14 10:48:03.433  3572  5098 I bt_btif_dm: system/btif/src/btif_dm.cc:955 btif_dm_get_connection_state: Acl is not connected to peer:xx:xx:xx:xx:6d:d5
04-14 10:48:03.433  3572  5098 I bt_btif_dm: system/btif/src/btif_dm.cc:955 btif_dm_get_connection_state: Acl is not connected to peer:xx:xx:xx:xx:8a:44
04-14 10:48:03.433  3572  5098 I bt_btif_dm: system/btif/src/btif_dm.cc:955 btif_dm_get_connection_state: Acl is not connected to peer:xx:xx:xx:xx:d4:b8
04-14 10:48:03.434  3572  5118 I bt_btif_dm: system/btif/src/btif_dm.cc:955 btif_dm_get_connection_state: Acl is not connected to peer:xx:xx:xx:xx:db:0d
04-14 10:48:03.434  3572  5118 I bt_btif_dm: system/btif/src/btif_dm.cc:955 btif_dm_get_connection_state: Acl is not connected to peer:xx:xx:xx:xx:00:be
04-14 10:48:03.435  3572  5118 I bt_btif_dm: system/btif/src/btif_dm.cc:955 btif_dm_get_connection_state: Acl is not connected to peer:xx:xx:xx:xx:ac:0f
04-14 10:48:03.435  3572  5118 I bt_btif_dm: system/btif/src/btif_dm.cc:955 btif_dm_get_connection_state: Acl is not connected to peer:xx:xx:xx:xx:f7:3a
04-14 10:48:03.436  3572  5118 I bt_btif_dm: system/btif/src/btif_dm.cc:955 btif_dm_get_connection_state: Acl is not connected to peer:xx:xx:xx:xx:49:ea
04-14 10:48:03.436  3572  5118 I bt_btif_dm: system/btif/src/btif_dm.cc:955 btif_dm_get_connection_state: Acl is not connected to peer:xx:xx:xx:xx:c9:66
04-14 10:48:03.436  3572  5118 I bt_btif_dm: system/btif/src/btif_dm.cc:955 btif_dm_get_connection_state: Acl is not connected to peer:xx:xx:xx:xx:98:2d
04-14 10:48:03.437  3572  5118 I bt_btif_dm: system/btif/src/btif_dm.cc:955 btif_dm_get_connection_state: Acl is not connected to peer:xx:xx:xx:xx:fc:45
04-14 10:48:03.437  3572  5118 I bt_btif_dm: system/btif/src/btif_dm.cc:955 btif_dm_get_connection_state: Acl is not connected to peer:xx:xx:xx:xx:18:69
04-14 10:48:03.438  3572  5118 I bt_btif_dm: system/btif/src/btif_dm.cc:955 btif_dm_get_connection_state: Acl is not connected to peer:xx:xx:xx:xx:1d:d9
04-14 10:48:03.438  3572  5118 I bt_btif_dm: system/btif/src/btif_dm.cc:955 btif_dm_get_connection_state: Acl is not connected to peer:xx:xx:xx:xx:6a:51
04-14 10:48:03.439  3572  5118 I bt_btif_dm: system/btif/src/btif_dm.cc:955 btif_dm_get_connection_state: Acl is not connected to peer:xx:xx:xx:xx:1d:84
04-14 10:48:03.439  3572  5118 I bt_btif_dm: system/btif/src/btif_dm.cc:955 btif_dm_get_connection_state: Acl is not connected to peer:xx:xx:xx:xx:fd:72
04-14 10:48:03.440  3572  5118 I bt_btif_dm: system/btif/src/btif_dm.cc:955 btif_dm_get_connection_state: Acl is not connected to peer:xx:xx:xx:xx:a6:bf
04-14 10:48:03.440  3572  5118 I bt_btif_dm: system/btif/src/btif_dm.cc:955 btif_dm_get_connection_state: Acl is not connected to peer:xx:xx:xx:xx:30:01
04-14 10:48:03.441  3572  5118 I bt_btif_dm: system/btif/src/btif_dm.cc:955 btif_dm_get_connection_state: Acl is not connected to peer:xx:xx:xx:xx:00:a8
04-14 10:48:03.441  3572  5118 I bt_btif_dm: system/btif/src/btif_dm.cc:955 btif_dm_get_connection_state: Acl is not connected to peer:xx:xx:xx:xx:25:71
04-14 10:48:03.442  3572  5118 I bt_btif_dm: system/btif/src/btif_dm.cc:955 btif_dm_get_connection_state: Acl is not connected to peer:xx:xx:xx:xx:e9:eb
04-14 10:48:03.442  3572  5118 I bt_btif_dm: system/btif/src/btif_dm.cc:955 btif_dm_get_connection_state: Acl is not connected to peer:xx:xx:xx:xx:ad:b4
04-14 10:48:03.443  3572  5118 I bt_btif_dm: system/btif/src/btif_dm.cc:955 btif_dm_get_connection_state: Acl is not connected to peer:xx:xx:xx:xx:87:8d
04-14 10:48:03.443  3572  5118 I AdapterProperties: getBondedDevices: length=29
04-14 10:48:03.443  3572  5075 I bt_btif_dm: system/btif/src/btif_dm.cc:955 btif_dm_get_connection_state: Acl is not connected to peer:xx:xx:xx:xx:00:6c
04-14 10:48:03.444  3572  5075 I bt_btif_dm: system/btif/src/btif_dm.cc:955 btif_dm_get_connection_state: Acl is not connected to peer:xx:xx:xx:xx:ef:0c
04-14 10:48:03.444  3572  5075 I bt_btif_dm: system/btif/src/btif_dm.cc:955 btif_dm_get_connection_state: Acl is not connected to peer:xx:xx:xx:xx:11:97
04-14 10:48:03.444  3572  5104 I bt_btif_dm: system/btif/src/btif_dm.cc:955 btif_dm_get_connection_state: Acl is not connected to peer:xx:xx:xx:xx:76:68
04-14 10:48:03.445  3572  5104 I bt_btif_dm: system/btif/src/btif_dm.cc:955 btif_dm_get_connection_state: Acl is not connected to peer:xx:xx:xx:xx:c6:0d
04-14 10:48:03.445  3572  5104 I bt_btif_dm: system/btif/src/btif_dm.cc:955 btif_dm_get_connection_state: Acl is not connected to peer:xx:xx:xx:xx:6d:d5
04-14 10:48:03.446  3572  5118 I bt_btif_dm: system/btif/src/btif_dm.cc:955 btif_dm_get_connection_state: Acl is not connected to peer:xx:xx:xx:xx:8a:44
04-14 10:48:03.446  3572  5098 I bt_btif_dm: system/btif/src/btif_dm.cc:955 btif_dm_get_connection_state: Acl is not connected to peer:xx:xx:xx:xx:d4:b8
04-14 10:48:03.447  3572  5118 I bt_btif_dm: system/btif/src/btif_dm.cc:955 btif_dm_get_connection_state: Acl is not connected to peer:xx:xx:xx:xx:db:0d
04-14 10:48:03.447  3572  5104 I bt_btif_dm: system/btif/src/btif_dm.cc:955 btif_dm_get_connection_state: Acl is not connected to peer:xx:xx:xx:xx:00:be
04-14 10:48:03.447  3572  5075 I bt_btif_dm: system/btif/src/btif_dm.cc:955 btif_dm_get_connection_state: Acl is not connected to peer:xx:xx:xx:xx:ac:0f
04-14 10:48:03.448  3572  5075 I bt_btif_dm: system/btif/src/btif_dm.cc:955 btif_dm_get_connection_state: Acl is not connected to peer:xx:xx:xx:xx:f7:3a
04-14 10:48:03.448  3572  5075 I bt_btif_dm: system/btif/src/btif_dm.cc:955 btif_dm_get_connection_state: Acl is not connected to peer:xx:xx:xx:xx:49:ea
04-14 10:48:03.449  3572  5075 I bt_btif_dm: system/btif/src/btif_dm.cc:955 btif_dm_get_connection_state: Acl is not connected to peer:xx:xx:xx:xx:c9:66
04-14 10:48:03.449  3572  5075 I bt_btif_dm: system/btif/src/btif_dm.cc:955 btif_dm_get_connection_state: Acl is not connected to peer:xx:xx:xx:xx:98:2d
04-14 10:48:03.450  3572  5075 I bt_btif_dm: system/btif/src/btif_dm.cc:955 btif_dm_get_connection_state: Acl is not connected to peer:xx:xx:xx:xx:fc:45
04-14 10:48:03.450  3572  5075 I bt_btif_dm: system/btif/src/btif_dm.cc:955 btif_dm_get_connection_state: Acl is not connected to peer:xx:xx:xx:xx:18:69
04-14 10:48:03.450  3572  5075 I bt_btif_dm: system/btif/src/btif_dm.cc:955 btif_dm_get_connection_state: Acl is not connected to peer:xx:xx:xx:xx:1d:d9
04-14 10:48:03.451  3572  5075 I bt_btif_dm: system/btif/src/btif_dm.cc:955 btif_dm_get_connection_state: Acl is not connected to peer:xx:xx:xx:xx:6a:51
04-14 10:48:03.451  3572  5075 I bt_btif_dm: system/btif/src/btif_dm.cc:955 btif_dm_get_connection_state: Acl is not connected to peer:xx:xx:xx:xx:1d:84
04-14 10:48:03.452  3572  5075 I bt_btif_dm: system/btif/src/btif_dm.cc:955 btif_dm_get_connection_state: Acl is not connected to peer:xx:xx:xx:xx:fd:72
04-14 10:48:03.452  3572  5075 I bt_btif_dm: system/btif/src/btif_dm.cc:955 btif_dm_get_connection_state: Acl is not connected to peer:xx:xx:xx:xx:a6:bf
04-14 10:48:03.453  3572  5075 I bt_btif_dm: system/btif/src/btif_dm.cc:955 btif_dm_get_connection_state: Acl is not connected to peer:xx:xx:xx:xx:30:01
04-14 10:48:03.453  3572  5075 I bt_btif_dm: system/btif/src/btif_dm.cc:955 btif_dm_get_connection_state: Acl is not connected to peer:xx:xx:xx:xx:00:a8
04-14 10:48:03.454  3572  5075 I bt_btif_dm: system/btif/src/btif_dm.cc:955 btif_dm_get_connection_state: Acl is not connected to peer:xx:xx:xx:xx:25:71
04-14 10:48:03.454  3572  5075 I bt_btif_dm: system/btif/src/btif_dm.cc:955 btif_dm_get_connection_state: Acl is not connected to peer:xx:xx:xx:xx:e9:eb
04-14 10:48:03.454  3572  5075 I bt_btif_dm: system/btif/src/btif_dm.cc:955 btif_dm_get_connection_state: Acl is not connected to peer:xx:xx:xx:xx:ad:b4
04-14 10:48:03.455  3572  5075 I bt_btif_dm: system/btif/src/btif_dm.cc:955 btif_dm_get_connection_state: Acl is not connected to peer:xx:xx:xx:xx:87:8d
04-14 10:48:03.468  1399  4269 I vendor.qti.bluetooth@1.0-ibs_handler: ProcessIbsCmd: Received IBS_SLEEP_IND: 0xFE
04-14 10:48:00.736  4549  4549 E simulated_ntc: proc_shell_write write invalid para
04-14 10:48:04.428  1399  4273 I vendor.qti.bluetooth@1.0-ibs_handler: DeviceSleep: TX Awake, Sending SLEEP_IND
04-14 10:48:04.807  7696  7696 D BoundBrokerSvc: onUnbind: Intent { act=com.google.android.gms.presencemanager.service.START dat=chimera-action:/... xflg=0x4 cmp=com.google.android.gms/.chimera.PersistentApiService }
04-14 10:48:04.810  7696  7696 D BoundBrokerSvc: onUnbind: Intent { act=com.google.android.gms.presencemanager.service.INTERNAL_IDENTITY dat=chimera-action:/... xflg=0x4 cmp=com.google.android.gms/.chimera.PersistentApiService }
04-14 10:48:05.844  2635  3172 D WifiStaIfaceHidlImpl: getCachedScanData is not implemented by HIDL
04-14 10:48:06.095  1399  4269 I vendor.qti.bluetooth@1.0-ibs_handler: ProcessIbsCmd: Received IBS_WAKE_IND: 0xFD
04-14 10:48:06.095  1399  4269 I vendor.qti.bluetooth@1.0-ibs_handler: ProcessIbsCmd: Writing IBS_WAKE_ACK
04-14 10:48:06.136  1399  4269 I vendor.qti.bluetooth@1.0-ibs_handler: ProcessIbsCmd: Received IBS_SLEEP_IND: 0xFE
04-14 10:48:03.104 16166 16166 I [kworke][0x40002b6bdeb][08:48:06.385397] qca6490: [16166:I:PMO] pmo_core_enable_wow_in_fw: drv wow is enabled
04-14 10:48:03.128 16166 16166 I [kworke][0x40002bda81f][08:48:06.408999] qca6490: [16166:I:HIF] hif_try_complete_tasks: waiting for tasklets 1 grp tasklets 0 work 0
04-14 10:48:06.641  1654  1769 I hirsdk  : {099e8618f6896acc} publish event: appevent.
04-14 10:48:03.365 17865 17865 I [kworke][0x400030339fa][08:48:06.646464] qca6490: [17865:I:PMO] pmo_core_psoc_send_host_wakeup_ind_to_fw: Host wakeup indication sent to fw
04-14 10:48:06.851  7696  7696 D BoundBrokerSvc: onUnbind: Intent { act=com.google.android.gms.common.telemetry.service.START dat=chimera-action:/... xflg=0x4 cmp=com.google.android.gms/.chimera.PersistentApiService }
04-14 10:48:03.999 17865 17865 I [kworke][0x40003bd0a33][08:48:07.280707] qca6490: [17865:I:PMO] pmo_core_enable_wow_in_fw: drv wow is enabled
04-14 10:48:04.018 17865 17865 I [kworke][0x40003c29c7b][08:48:07.299724] qca6490: [17865:I:HIF] hif_try_complete_tasks: waiting for tasklets 0 grp tasklets 0 work 2
04-14 10:48:07.311  3328  5945 D ThermalMitigationStrategy: reEvaluate:  mPendingScenesInfo: scenes: [charger] app: com.benschwank.blop appCat: -1 level: 2 temp: 31 uid: 10608 pid: 20331 mScenesInfo: scenes: [charger] app: com.benschwank.blop appCat: -1 level: 2 temp: 31 uid: 10608 pid: 20197 sceneChange: false appChange: false levelChange: false
04-14 10:48:07.311  3328  5945 D ThermalMitigationStrategy: notifyBufferRateLocked: com.benschwank.blop 20331 10608 -1 com.benschwank.blop|charger -1
04-14 10:48:07.518  1399  4269 I vendor.qti.bluetooth@1.0-ibs_handler: ProcessIbsCmd: Received IBS_WAKE_IND: 0xFD
04-14 10:48:07.518  1399  4269 I vendor.qti.bluetooth@1.0-ibs_handler: ProcessIbsCmd: Writing IBS_WAKE_ACK
04-14 10:48:07.580  1399  4269 I vendor.qti.bluetooth@1.0-ibs_handler: ProcessIbsCmd: Received IBS_SLEEP_IND: 0xFE
04-14 10:48:07.803  2635  3185 D InetDiagMessage: Destroyed 0 sockets, proto=IPPROTO_TCP, family=AF_INET, states=14
04-14 10:48:07.805  2635  3185 D InetDiagMessage: Destroyed 0 sockets, proto=IPPROTO_TCP, family=AF_INET6, states=14
04-14 10:48:07.805  2635  3185 D InetDiagMessage: Destroyed live tcp sockets for uids={10215} in 6ms
04-14 10:48:07.808  2635  3185 D InetDiagMessage: Destroyed 0 sockets, proto=IPPROTO_TCP, family=AF_INET, states=14
04-14 10:48:07.810  2635  3185 D InetDiagMessage: Destroyed 0 sockets, proto=IPPROTO_TCP, family=AF_INET6, states=14
04-14 10:48:07.811  2635  3185 D InetDiagMessage: Destroyed live tcp sockets for uids={20215} in 6ms
04-14 10:48:04.816     0     0 I [    C5] [irq][0x40004ac52ba][08: 48:08.097462] qca6490: [0:I:HIF] hif_wake_interrupt_handler: wake interrupt received on irq 335
04-14 10:48:04.816     0     0 I [    C5] [irq][0x40004ac574d][08: 48:08.097522] qca6490: [0:I:HIF] hif_pm_runtime_request_resume: request runtime PM resume, rtpm_dbgid(15,RTPM_ID_WAKE_INTR_HANDLER)
04-14 10:48:04.819  8400  8400 I [kworke][0x40004ad25a2][08:48:08.100273] qca6490: [8400:I:PMO] pmo_core_psoc_send_host_wakeup_ind_to_fw: Host wakeup indication sent to fw
04-14 10:48:04.829     0     0 I [    C5] [soft_i][0x40004b04867][08: 48:08.110977] qca6490: [0:I:WMA] WLAN triggered wakeup: BPF_ALLOW (39), vdev: 0 (STA)
04-14 10:48:04.830     0     0 I [    C5] [soft_i][0x40004b05aad][08: 48:08.111220] qca6490: [0:I:WMA] wma_wake_event_packet: Wake event packet:
04-14 10:48:04.830     0     0 I [    C5] [soft_i][0x40004b05b8b][08: 48:08.111232] qca6490: [0:I:WMA] 00000000: 01 00 5e 7f ff fa ee 8e 3a bf 3c 8b 08 00 45 00
04-14 10:48:04.830     0     0 I [    C5] [soft_i][0x40004b05c27][08: 48:08.111240] qca6490: [0:I:WMA] 00000010: 00 99 38 e8 40 00 01 11 8a 27 c0 a8 05 a2 ef ff
04-14 10:48:04.830     0     0 I [    C5] [soft_i][0x40004b05cca][08: 48:08.111248] qca6490: [0:I:WMA] 00000020: ff fa 8b f4 07 6c 00 85 87 b5 4d 2d 53 45 41 52
04-14 10:48:04.830     0     0 I [    C5] [soft_i][0x40004b05d65][08: 48:08.111256] qca6490: [0:I:WMA] 00000030: 43 48 20 2a 20 48 54 54 50 2f 31 2e 31 0d 0a 48
04-14 10:48:04.830     0     0 I [    C5] [soft_i][0x40004b05e07][08: 48:08.111265] qca6490: [0:I:WMA] 00000040: 4f 53 54 3a 20 32 33 39 2e 32 35 35 2e 32 35 35
04-14 10:48:04.830     0     0 I [    C5] [soft_i][0x40004b05e99][08: 48:08.111272] qca6490: [0:I:WMA] 00000050: 2e 32 35 30 3a 31 39 30 30 0d 0a 4d 41 4e 3a 20
04-14 10:48:04.830     0     0 I [    C5] [soft_i][0x40004b05ff9][08: 48:08.111291] qca6490: [0:I:WMA] 00000060: 22 73 73 64 70 3a 64 69 73 63 6f 76 65 72 22 0d
04-14 10:48:04.830     0     0 I [    C5] [soft_i][0x40004b0607f][08: 48:08.111298] qca6490: [0:I:WMA] 00000070: 0a 4d 58 3a 20 31 0d 0a 53 54 3a 20 75 72 6e 3a
04-14 10:48:04.830     0     0 I [    C5] [soft_i][0x40004b06101][08: 48:08.111304] qca6490: [0:I:WMA] 00000080: 64 69 61 6c 2d 6d 75 6c 74 69 73 63 72 65 65 6e
04-14 10:48:04.830     0     0 I [    C5] [soft_i][0x40004b0617a][08: 48:08.111311] qca6490: [0:I:WMA] 00000090: 2d 6f 72 67
04-14 10:48:04.830     0     0 I [    C5] [soft_i][0x40004b064fd][08: 48:08.111358] qca6490: [0:I:WMA] wma_log_pkt_ipv4: Pkt_len: 153, src_port: 35828, dst_port: 1900
04-14 10:48:08.689  1399  4269 I vendor.qti.bluetooth@1.0-ibs_handler: ProcessIbsCmd: Received IBS_WAKE_IND: 0xFD
04-14 10:48:08.689  1399  4269 I vendor.qti.bluetooth@1.0-ibs_handler: ProcessIbsCmd: Writing IBS_WAKE_ACK
04-14 10:48:08.732  1399  4269 I vendor.qti.bluetooth@1.0-ibs_handler: ProcessIbsCmd: Received IBS_SLEEP_IND: 0xFE
04-14 10:48:08.845  4824  4882 V OsAgent : broadcastSystemEvent - 7
04-14 10:48:05.566  8400  8400 I [kworke][0x40005882928][08:48:08.847840] qca6490: [8400:I:PMO] pmo_core_enable_wow_in_fw: drv wow is enabled
04-14 10:48:05.588  8400  8400 I [kworke][0x400058e7f05][08:48:08.869465] qca6490: [8400:I:PMO] pmo_core_psoc_send_host_wakeup_ind_to_fw: Host wakeup indication sent to fw
04-14 10:48:08.891  2635  3172 D WifiStaIfaceHidlImpl: getCachedScanData is not implemented by HIDL
04-14 10:48:08.935  3572  4307 I bt_shim_scanner: system/main/shim/le_scanning_manager.cc:376 BatchscanReadReports: in shim layer
04-14 10:48:08.937  1399  1399 I vendor.qti.bluetooth@1.0-ibs_handler: DeviceWakeUp: Writing IBS_WAKE_IND
04-14 10:48:08.944  1399  4269 I vendor.qti.bluetooth@1.0-ibs_handler: ProcessIbsCmd: Received IBS_WAKE_ACK: 0xFC
04-14 10:48:08.944  1399  4269 I vendor.qti.bluetooth@1.0-ibs_handler: ProcessIbsCmd: Signal wack_cond_
04-14 10:48:08.946  1399  4269 I vendor.qti.bluetooth@1.0-ibs_handler: ProcessIbsCmd: Received IBS_WAKE_IND: 0xFD
04-14 10:48:08.946  1399  4269 I vendor.qti.bluetooth@1.0-ibs_handler: ProcessIbsCmd: Writing IBS_WAKE_ACK
04-14 10:48:08.958  3572  5104 I AdapterProperties: getBondedDevices: length=29
04-14 10:48:08.960  3572  5104 I bt_btif_dm: system/btif/src/btif_dm.cc:955 btif_dm_get_connection_state: Acl is not connected to peer:xx:xx:xx:xx:00:6c
04-14 10:48:08.962  3572  5104 I bt_btif_dm: system/btif/src/btif_dm.cc:955 btif_dm_get_connection_state: Acl is not connected to peer:xx:xx:xx:xx:ef:0c
04-14 10:48:08.964  3572  5104 I bt_btif_dm: system/btif/src/btif_dm.cc:955 btif_dm_get_connection_state: Acl is not connected to peer:xx:xx:xx:xx:11:97
04-14 10:48:08.965  3572  5104 I bt_btif_dm: system/btif/src/btif_dm.cc:955 btif_dm_get_connection_state: Acl is not connected to peer:xx:xx:xx:xx:76:68
04-14 10:48:08.966  3572  5104 I bt_btif_dm: system/btif/src/btif_dm.cc:955 btif_dm_get_connection_state: Acl is not connected to peer:xx:xx:xx:xx:c6:0d
04-14 10:48:08.967  3572  5075 I bt_btif_dm: system/btif/src/btif_dm.cc:955 btif_dm_get_connection_state: Acl is not connected to peer:xx:xx:xx:xx:6d:d5
04-14 10:48:08.968  3572  5075 I bt_btif_dm: system/btif/src/btif_dm.cc:955 btif_dm_get_connection_state: Acl is not connected to peer:xx:xx:xx:xx:8a:44
04-14 10:48:08.969  3572  5075 I bt_btif_dm: system/btif/src/btif_dm.cc:955 btif_dm_get_connection_state: Acl is not connected to peer:xx:xx:xx:xx:d4:b8
04-14 10:48:08.970  3572  5075 I bt_btif_dm: system/btif/src/btif_dm.cc:955 btif_dm_get_connection_state: Acl is not connected to peer:xx:xx:xx:xx:db:0d
04-14 10:48:08.971  3572  5075 I bt_btif_dm: system/btif/src/btif_dm.cc:955 btif_dm_get_connection_state: Acl is not connected to peer:xx:xx:xx:xx:00:be
04-14 10:48:08.972  3572  5075 I bt_btif_dm: system/btif/src/btif_dm.cc:955 btif_dm_get_connection_state: Acl is not connected to peer:xx:xx:xx:xx:ac:0f
04-14 10:48:08.972  3572  5075 I bt_btif_dm: system/btif/src/btif_dm.cc:955 btif_dm_get_connection_state: Acl is not connected to peer:xx:xx:xx:xx:f7:3a
04-14 10:48:08.973  3572  5075 I bt_btif_dm: system/btif/src/btif_dm.cc:955 btif_dm_get_connection_state: Acl is not connected to peer:xx:xx:xx:xx:49:ea
04-14 10:48:08.974  3572  5075 I bt_btif_dm: system/btif/src/btif_dm.cc:955 btif_dm_get_connection_state: Acl is not connected to peer:xx:xx:xx:xx:c9:66
04-14 10:48:08.974  3572  5075 I bt_btif_dm: system/btif/src/btif_dm.cc:955 btif_dm_get_connection_state: Acl is not connected to peer:xx:xx:xx:xx:98:2d
04-14 10:48:05.691  1408  1408 W healthd : time_last:3652, soc_current_time=198586, soc_pre_time=194934,charging_status:1,soc_temp:100
04-14 10:48:05.691  1408  1408 W healthd : soc_b:38, soc:100, soc_c:100, Vol:4399, Cur:0,chg_s:1,t_l:3652,b_s:5,OffTlast:0,lcd_off:0,Vu:4953,Vw:-5,pid:1408,brightness:8.583639,rmCap:3218
04-14 10:48:05.691  1408  1408 W healthd : battery l=100 v=4399 t=30.0 h=2 st=5 c=0 fc=3218000 cc=691 chg=a
04-14 10:48:08.975  3572  5075 I bt_btif_dm: system/btif/src/btif_dm.cc:955 btif_dm_get_connection_state: Acl is not connected to peer:xx:xx:xx:xx:fc:45
04-14 10:48:08.976  3572  5075 I bt_btif_dm: system/btif/src/btif_dm.cc:955 btif_dm_get_connection_state: Acl is not connected to peer:xx:xx:xx:xx:18:69
04-14 10:48:08.976  3572  5075 I bt_btif_dm: system/btif/src/btif_dm.cc:955 btif_dm_get_connection_state: Acl is not connected to peer:xx:xx:xx:xx:1d:d9
04-14 10:48:08.977  3572  5075 I bt_btif_dm: system/btif/src/btif_dm.cc:955 btif_dm_get_connection_state: Acl is not connected to peer:xx:xx:xx:xx:6a:51
04-14 10:48:08.978  3572  5075 I bt_btif_dm: system/btif/src/btif_dm.cc:955 btif_dm_get_connection_state: Acl is not connected to peer:xx:xx:xx:xx:1d:84
04-14 10:48:08.979  3572  5075 I bt_btif_dm: system/btif/src/btif_dm.cc:955 btif_dm_get_connection_state: Acl is not connected to peer:xx:xx:xx:xx:fd:72
04-14 10:48:08.980  3572  5098 I bt_btif_dm: system/btif/src/btif_dm.cc:955 btif_dm_get_connection_state: Acl is not connected to peer:xx:xx:xx:xx:a6:bf
04-14 10:48:08.980  3572  5098 I bt_btif_dm: system/btif/src/btif_dm.cc:955 btif_dm_get_connection_state: Acl is not connected to peer:xx:xx:xx:xx:30:01
04-14 10:48:08.981  3572  5098 I bt_btif_dm: system/btif/src/btif_dm.cc:955 btif_dm_get_connection_state: Acl is not connected to peer:xx:xx:xx:xx:00:a8
04-14 10:48:08.982  3572  5098 I bt_btif_dm: system/btif/src/btif_dm.cc:955 btif_dm_get_connection_state: Acl is not connected to peer:xx:xx:xx:xx:25:71
04-14 10:48:08.982  3572  5098 I bt_btif_dm: system/btif/src/btif_dm.cc:955 btif_dm_get_connection_state: Acl is not connected to peer:xx:xx:xx:xx:e9:eb
04-14 10:48:08.983  3572  5098 I bt_btif_dm: system/btif/src/btif_dm.cc:955 btif_dm_get_connection_state: Acl is not connected to peer:xx:xx:xx:xx:ad:b4
04-14 10:48:08.984  3572  5098 I bt_btif_dm: system/btif/src/btif_dm.cc:955 btif_dm_get_connection_state: Acl is not connected to peer:xx:xx:xx:xx:87:8d
04-14 10:48:08.984  3572  5098 I AdapterProperties: getBondedDevices: length=29
04-14 10:48:08.985  3572  5118 I bt_btif_dm: system/btif/src/btif_dm.cc:955 btif_dm_get_connection_state: Acl is not connected to peer:xx:xx:xx:xx:00:6c
04-14 10:48:08.985  3572  5118 I bt_btif_dm: system/btif/src/btif_dm.cc:955 btif_dm_get_connection_state: Acl is not connected to peer:xx:xx:xx:xx:ef:0c
04-14 10:48:08.986  3572  5118 I bt_btif_dm: system/btif/src/btif_dm.cc:955 btif_dm_get_connection_state: Acl is not connected to peer:xx:xx:xx:xx:11:97
04-14 10:48:08.987  3572  5118 I bt_btif_dm: system/btif/src/btif_dm.cc:955 btif_dm_get_connection_state: Acl is not connected to peer:xx:xx:xx:xx:76:68
04-14 10:48:08.987  3572  5118 I bt_btif_dm: system/btif/src/btif_dm.cc:955 btif_dm_get_connection_state: Acl is not connected to peer:xx:xx:xx:xx:c6:0d
04-14 10:48:08.988  3572  5075 I bt_btif_dm: system/btif/src/btif_dm.cc:955 btif_dm_get_connection_state: Acl is not connected to peer:xx:xx:xx:xx:6d:d5
04-14 10:48:08.989  3572  5075 I bt_btif_dm: system/btif/src/btif_dm.cc:955 btif_dm_get_connection_state: Acl is not connected to peer:xx:xx:xx:xx:8a:44
04-14 10:48:08.989  3572  5075 I bt_btif_dm: system/btif/src/btif_dm.cc:955 btif_dm_get_connection_state: Acl is not connected to peer:xx:xx:xx:xx:d4:b8
04-14 10:48:08.990  3572  5104 I bt_btif_dm: system/btif/src/btif_dm.cc:955 btif_dm_get_connection_state: Acl is not connected to peer:xx:xx:xx:xx:db:0d
04-14 10:48:08.990  3572  5104 I bt_btif_dm: system/btif/src/btif_dm.cc:955 btif_dm_get_connection_state: Acl is not connected to peer:xx:xx:xx:xx:00:be
04-14 10:48:08.990  1444  1444 E NtChgAidl: NtChgAidl: mBattTempRegion _aidl_return:0
04-14 10:48:08.990  3572  5104 I bt_btif_dm: system/btif/src/btif_dm.cc:955 btif_dm_get_connection_state: Acl is not connected to peer:xx:xx:xx:xx:ac:0f
04-14 10:48:05.707  1408  1408 W healthd : time_last:3652, soc_current_time=198586, soc_pre_time=194934,charging_status:1,soc_temp:100
04-14 10:48:08.990  1399  4269 I vendor.qti.bluetooth@1.0-ibs_handler: ProcessIbsCmd: Received IBS_SLEEP_IND: 0xFE
04-14 10:48:08.991  3572  5104 I bt_btif_dm: system/btif/src/btif_dm.cc:955 btif_dm_get_connection_state: Acl is not connected to peer:xx:xx:xx:xx:f7:3a
04-14 10:48:05.707  1408  1408 W healthd : soc_b:38, soc:100, soc_c:100, Vol:4399, Cur:0,chg_s:1,t_l:3652,b_s:5,OffTlast:0,lcd_off:0,Vu:5007,Vw:-5,pid:1408,brightness:8.583639,rmCap:3218
04-14 10:48:08.991  3572  5104 I bt_btif_dm: system/btif/src/btif_dm.cc:955 btif_dm_get_connection_state: Acl is not connected to peer:xx:xx:xx:xx:49:ea
04-14 10:48:08.992  3572  5104 I bt_btif_dm: system/btif/src/btif_dm.cc:955 btif_dm_get_connection_state: Acl is not connected to peer:xx:xx:xx:xx:c9:66
04-14 10:48:08.992  3572  5104 I bt_btif_dm: system/btif/src/btif_dm.cc:955 btif_dm_get_connection_state: Acl is not connected to peer:xx:xx:xx:xx:98:2d
04-14 10:48:08.992  3572  5104 I bt_btif_dm: system/btif/src/btif_dm.cc:955 btif_dm_get_connection_state: Acl is not connected to peer:xx:xx:xx:xx:fc:45
04-14 10:48:08.993  3572  5104 I bt_btif_dm: system/btif/src/btif_dm.cc:955 btif_dm_get_connection_state: Acl is not connected to peer:xx:xx:xx:xx:18:69
04-14 10:48:08.993  3572  5104 I bt_btif_dm: system/btif/src/btif_dm.cc:955 btif_dm_get_connection_state: Acl is not connected to peer:xx:xx:xx:xx:1d:d9
04-14 10:48:08.994  3572  5104 I bt_btif_dm: system/btif/src/btif_dm.cc:955 btif_dm_get_connection_state: Acl is not connected to peer:xx:xx:xx:xx:6a:51
04-14 10:48:08.994  3572  5104 I bt_btif_dm: system/btif/src/btif_dm.cc:955 btif_dm_get_connection_state: Acl is not connected to peer:xx:xx:xx:xx:1d:84
04-14 10:48:05.712  1408  1408 W HealthLoop: debug.nt.screen_brightness:8.583639
04-14 10:48:08.995  3572  5104 I bt_btif_dm: system/btif/src/btif_dm.cc:955 btif_dm_get_connection_state: Acl is not connected to peer:xx:xx:xx:xx:fd:72
04-14 10:48:08.995  3572  5104 I bt_btif_dm: system/btif/src/btif_dm.cc:955 btif_dm_get_connection_state: Acl is not connected to peer:xx:xx:xx:xx:a6:bf
04-14 10:48:08.996  3572  5104 I bt_btif_dm: system/btif/src/btif_dm.cc:955 btif_dm_get_connection_state: Acl is not connected to peer:xx:xx:xx:xx:30:01
04-14 10:48:08.996  3572  5104 I bt_btif_dm: system/btif/src/btif_dm.cc:955 btif_dm_get_connection_state: Acl is not connected to peer:xx:xx:xx:xx:00:a8
04-14 10:48:08.997  3572  5104 I bt_btif_dm: system/btif/src/btif_dm.cc:955 btif_dm_get_connection_state: Acl is not connected to peer:xx:xx:xx:xx:25:71
04-14 10:48:08.997  3572  5104 I bt_btif_dm: system/btif/src/btif_dm.cc:955 btif_dm_get_connection_state: Acl is not connected to peer:xx:xx:xx:xx:e9:eb
04-14 10:48:08.997  3572  5104 I bt_btif_dm: system/btif/src/btif_dm.cc:955 btif_dm_get_connection_state: Acl is not connected to peer:xx:xx:xx:xx:ad:b4
04-14 10:48:08.998  3572  5104 I bt_btif_dm: system/btif/src/btif_dm.cc:955 btif_dm_get_connection_state: Acl is not connected to peer:xx:xx:xx:xx:87:8d
04-14 10:48:05.749  4549  4549 E simulated_ntc: proc_shell_write write invalid para
04-14 10:48:09.304  1429  3348 E WifiHAL : Received Data Stall event, sending alert 8
04-14 10:48:09.315  1429  3348 E WifiHAL : Received fatal event, sending alert
04-14 10:48:09.326  2635  3232 W WifiVendorHal: onDebugErrorAlert 264
04-14 10:48:09.348  2635  3176 W WifiVendorHal: onDebugErrorAlert 4102
04-14 10:48:09.349  1444  1458 E NtChgAidl: NtChgAidl: InGameStatus: 0
04-14 10:48:09.349  1444  1458 E NtChg   : NtChg:handle_batt_temp_cool triggered
04-14 10:48:09.349  1444  1458 E NtChg   : NtChg:set temp_region=2
04-14 10:48:09.349  1444  1458 E NtChg   : NtChg:set ibatmax=3000 and set vbatmax=4500
04-14 10:48:06.068  1458  1458 I NtChg   : T0-6:[50,100,350,370,390,410,500],chg_series:8,is_changed:1,TeBoT0-6:[50,80,350,370,390,410,500],TRegion:2,Temp:315,tzname:shell_front,Ibat:3000,onlineI:-400,param_type:6,AbnormalStatus:32768,tzn:92,g_cp_mode:5,vbat:0,pr_id:1,OnGameStatus:0
04-14 10:48:06.068  1458  1458 W nt_vote : FCC_MAIN: FCC_NT_CHG_VOTER,0 same vote on of val=3000
04-14 10:48:06.068  1458  1458 W nt_vote : FCC_MAIN: FCC_NT_CHG_VOTER,0 Ignoring similar vote on of val=3000
04-14 10:48:09.362  1429  1429 E WifiHAL : set_fw_log_use_magic_ring_name: power_events_rb
04-14 10:48:09.362  1429  1429 E WifiHAL : set_fw_log_use_magic_ring_name: unable write null /dev/wlan
04-14 10:48:09.366  1429  1429 E WifiHAL : set_fw_log_use_magic_ring_name: connectivity_events_rb
04-14 10:48:09.366  1429  1429 E WifiHAL : set_fw_log_use_magic_ring_name: unable write null /dev/wlan
04-14 10:48:09.367  1429  1429 E WifiHAL : set_fw_log_use_magic_ring_name: pkt_stats_rb
04-14 10:48:09.367  1429  1429 E WifiHAL : set_fw_log_use_magic_ring_name: unable write null /dev/wlan
04-14 10:48:09.369  1429  1429 E WifiHAL : set_fw_log_use_magic_ring_name: driver_prints_rb
04-14 10:48:09.369  1429  1429 E WifiHAL : set_fw_log_use_magic_ring_name: unable write null /dev/wlan
04-14 10:48:09.375  1429  1429 E WifiHAL : set_fw_log_use_magic_ring_name: firmware_prints_rb
04-14 10:48:09.375  1429  1429 E WifiHAL : set_fw_log_use_magic_ring_name: unable write null /dev/wlan
04-14 10:48:06.113   799   799 I logd    : logdr: UID=1000 GID=1000 PID=20387 n tail=127 logMask=19 pid=0 start=0ns deadline=0ns
04-14 10:48:06.232   799   799 I logd    : logdr: UID=1000 GID=1000 PID=20390 n tail=127 logMask=80 pid=0 start=0ns deadline=0ns
04-14 10:48:09.609  1429  1429 E WifiHAL : set_fw_log_use_magic_ring_name: power_events_rb
04-14 10:48:09.609  1429  1429 E WifiHAL : set_fw_log_use_magic_ring_name: unable write null /dev/wlan
04-14 10:48:09.611  1429  1429 E WifiHAL : set_fw_log_use_magic_ring_name: connectivity_events_rb
04-14 10:48:09.611  1429  1429 E WifiHAL : set_fw_log_use_magic_ring_name: unable write null /dev/wlan
04-14 10:48:09.613  1429  1429 E WifiHAL : set_fw_log_use_magic_ring_name: pkt_stats_rb
04-14 10:48:09.613  1429  1429 E WifiHAL : set_fw_log_use_magic_ring_name: unable write null /dev/wlan
04-14 10:48:09.614  1429  1429 E WifiHAL : set_fw_log_use_magic_ring_name: driver_prints_rb
04-14 10:48:09.614  1429  1429 E WifiHAL : set_fw_log_use_magic_ring_name: unable write null /dev/wlan
04-14 10:48:09.618  1429  1429 E WifiHAL : set_fw_log_use_magic_ring_name: firmware_prints_rb
04-14 10:48:09.618  1429  1429 E WifiHAL : set_fw_log_use_magic_ring_name: unable write null /dev/wlan
04-14 10:48:06.359   799   799 I logd    : logdr: UID=1000 GID=1000 PID=20392 n tail=127 logMask=19 pid=0 start=0ns deadline=0ns
04-14 10:48:06.478   799   799 I logd    : logdr: UID=1000 GID=1000 PID=20394 n tail=127 logMask=80 pid=0 start=0ns deadline=0ns
04-14 10:48:09.950  1399  4273 I vendor.qti.bluetooth@1.0-ibs_handler: DeviceSleep: TX Awake, Sending SLEEP_IND
04-14 10:48:06.963  8400  8400 I [kworke][0x40007213b08][08:48:10.244131] qca6490: [8400:I:PMO] pmo_core_enable_wow_in_fw: drv wow is enabled
04-14 10:48:06.998  8400  8400 I [kworke][0x400072ba12e][08:48:10.279627] qca6490: [8400:I:HIF] hif_try_complete_tasks: waiting for tasklets 0 grp tasklets 0 work 2
04-14 10:48:07.746 20247 20247 I [kworke][0x4000806dcaf][08:48:11.027941] qca6490: [20247:I:PMO] pmo_core_psoc_send_host_wakeup_ind_to_fw: Host wakeup indication sent to fw
04-14 10:48:11.080  1654  1900 I MeariIotController: meariIot---------------------Response:
04-14 10:48:08.190   302   302 I (virq   : irq_count)- GICv3:arch_timer(11):660554712 GICv3:IPI(1):448880954 GICv3:IPI(6):68614744 GICv3:ufshcd(33):57191197 GICv3:IPI(2):26038242 GICv3:apps_rsc(24):17703409 GICv3:ipcc_0(30):10340119 GICv3:msm_drm(219):7693376 ipcc:glink-native-slpi(364):5476654 ipcc:glink-native-adsp(365):5368097
04-14 10:48:08.190   302   302 I (cpu    : irq_count)- 0:288496244 1:282463684 2:273405682 3:272408659 4:75657462 5:57734313 6:58539618 7:23972516
04-14 10:48:08.190   302   302 I (ipi    : irq_count)- 0:448880955 1:26038242 2:0 3:0 4:0 5:68614745 6:0
04-14 10:48:08.384 20247 20247 I [kworke][0x40008c1bbc3][08:48:11.665795] qca6490: [20247:I:PMO] pmo_core_enable_wow_in_fw: drv wow is enabled
04-14 10:48:08.420 20247 20247 I [kworke][0x40008cc561f][08:48:11.701986] qca6490: [20247:I:HIF] hif_try_complete_tasks: waiting for tasklets 0 grp tasklets 0 work 2
